::1 - - [19/May/2023:11:23:44 +0000] "GET /api/v1/users/me? HTTP/1.0" 401 283 "-" "Sedu/1 CFNetwork/1402.0.8 Darwin/22.2.0"
::ffff:127.0.0.1 - - [19/May/2023:11:24:35 +0000] "GET /.well-known/acme-challenge/9BUBJWAQMURZ3-_OU870CFL-3J4DYO8D HTTP/1.0" 404 198 "-" "Cpanel-HTTP-Client/1.0"
::1 - - [19/May/2023:11:24:36 +0000] "GET /api/v1/users/me? HTTP/1.0" 401 283 "-" "Sedu/1 CFNetwork/1402.0.8 Darwin/22.2.0"
::ffff:127.0.0.1 - - [19/May/2023:11:24:41 +0000] "POST /api/v1/users/login HTTP/1.0" 401 123 "-" "Sedu/1 CFNetwork/1402.0.8 Darwin/22.2.0"
::1 - - [19/May/2023:11:24:49 +0000] "GET /api/v1/users/me? HTTP/1.0" 401 283 "-" "Sedu/1 CFNetwork/1402.0.8 Darwin/22.2.0"
::ffff:127.0.0.1 - - [19/May/2023:11:24:59 +0000] "POST /api/v1/users/login HTTP/1.0" 401 123 "-" "Sedu/1 CFNetwork/1402.0.8 Darwin/22.2.0"
::1 - - [19/May/2023:11:25:07 +0000] "POST /api/v1/users/login HTTP/1.0" 401 123 "-" "Sedu/1 CFNetwork/1402.0.8 Darwin/22.2.0"
::ffff:127.0.0.1 - - [19/May/2023:11:25:17 +0000] "GET /api/v1/users/me? HTTP/1.0" 304 - "-" "Sedu/1 CFNetwork/1404.0.5 Darwin/22.3.0"
::1 - - [19/May/2023:11:25:17 +0000] "GET /api/v1/users/me? HTTP/1.0" 304 - "-" "Sedu/1 CFNetwork/1404.0.5 Darwin/22.3.0"
::1 - - [19/May/2023:11:25:17 +0000] "GET /api/v1/ads? HTTP/1.0" 304 - "-" "Sedu/1 CFNetwork/1404.0.5 Darwin/22.3.0"
::ffff:127.0.0.1 - - [19/May/2023:11:25:17 +0000] "GET /api/v1/articles? HTTP/1.0" 304 - "-" "Sedu/1 CFNetwork/1404.0.5 Darwin/22.3.0"
::1 - - [19/May/2023:11:25:21 +0000] "GET /api/v1/articles/646082bca32e8316d822e594? HTTP/1.0" 200 6579 "-" "Sedu/1 CFNetwork/1404.0.5 Darwin/22.3.0"
::ffff:127.0.0.1 - - [19/May/2023:11:25:25 +0000] "POST /api/v1/users/login HTTP/1.0" 401 123 "-" "Sedu/1 CFNetwork/1402.0.8 Darwin/22.2.0"
::1 - - [19/May/2023:11:25:28 +0000] "GET /api/v1/articles/642d789c7c1330814fb763e7? HTTP/1.0" 200 6163 "-" "Sedu/1 CFNetwork/1404.0.5 Darwin/22.3.0"
::ffff:127.0.0.1 - - [19/May/2023:11:27:00 +0000] "GET /api/v1/articles/642d789c7c1330814fb763e7? HTTP/1.0" 304 - "-" "Sedu/1 CFNetwork/1404.0.5 Darwin/22.3.0"
::1 - - [19/May/2023:11:27:00 +0000] "GET /api/v1/users/me? HTTP/1.0" 304 - "-" "Sedu/1 CFNetwork/1404.0.5 Darwin/22.3.0"
::ffff:127.0.0.1 - - [19/May/2023:11:27:00 +0000] "GET /api/v1/users/me? HTTP/1.0" 304 - "-" "Sedu/1 CFNetwork/1404.0.5 Darwin/22.3.0"
::1 - - [19/May/2023:11:27:00 +0000] "GET /api/v1/ads? HTTP/1.0" 304 - "-" "Sedu/1 CFNetwork/1404.0.5 Darwin/22.3.0"
::ffff:127.0.0.1 - - [19/May/2023:11:27:00 +0000] "GET /api/v1/articles? HTTP/1.0" 304 - "-" "Sedu/1 CFNetwork/1404.0.5 Darwin/22.3.0"
::ffff:127.0.0.1 - - [19/May/2023:11:27:31 +0000] "GET /api/v1/users/me? HTTP/1.0" 304 - "-" "okhttp/4.9.2"
::ffff:127.0.0.1 - - [19/May/2023:11:27:31 +0000] "GET /api/v1/articles/642d56517c1330814fb7635e? HTTP/1.0" 304 - "-" "okhttp/4.9.2"
::1 - - [19/May/2023:11:27:31 +0000] "GET /api/v1/ads? HTTP/1.0" 304 - "-" "okhttp/4.9.2"
::1 - - [19/May/2023:11:27:32 +0000] "GET /api/v1/articles? HTTP/1.0" 304 - "-" "okhttp/4.9.2"
::1 - - [19/May/2023:11:27:53 +0000] "GET /api/v1/users/me? HTTP/1.0" 401 283 "-" "Sedu/1 CFNetwork/1402.0.8 Darwin/22.2.0"
::1 - - [19/May/2023:11:28:29 +0000] "GET /api/v1/users/me? HTTP/1.0" 304 - "-" "Sedu/1 CFNetwork/1404.0.5 Darwin/22.3.0"
::1 - - [19/May/2023:11:28:29 +0000] "GET /api/v1/articles/642d789c7c1330814fb763e7? HTTP/1.0" 304 - "-" "Sedu/1 CFNetwork/1404.0.5 Darwin/22.3.0"
::1 - - [19/May/2023:11:28:29 +0000] "GET /api/v1/users/me? HTTP/1.0" 304 - "-" "Sedu/1 CFNetwork/1404.0.5 Darwin/22.3.0"
::ffff:127.0.0.1 - - [19/May/2023:11:28:29 +0000] "GET /api/v1/ads? HTTP/1.0" 304 - "-" "Sedu/1 CFNetwork/1404.0.5 Darwin/22.3.0"
::ffff:127.0.0.1 - - [19/May/2023:11:28:29 +0000] "GET /api/v1/articles? HTTP/1.0" 304 - "-" "Sedu/1 CFNetwork/1404.0.5 Darwin/22.3.0"
::ffff:127.0.0.1 - - [19/May/2023:11:29:38 +0000] "GET /api/v1/users/me? HTTP/1.0" 401 283 "-" "Sedu/1 CFNetwork/1406.0.4 Darwin/22.4.0"
::1 - - [19/May/2023:11:31:02 +0000] "GET /api/v1/users/me? HTTP/1.0" 401 283 "-" "Sedu/1 CFNetwork/1406.0.4 Darwin/22.4.0"
::ffff:127.0.0.1 - - [19/May/2023:11:31:20 +0000] "GET /api/v1/users/me? HTTP/1.0" 401 283 "-" "Sedu/1 CFNetwork/1406.0.4 Darwin/22.4.0"
::1 - - [19/May/2023:11:31:45 +0000] "POST /api/v1/users/register HTTP/1.0" 200 467 "-" "Sedu/1 CFNetwork/1406.0.4 Darwin/22.4.0"
::ffff:127.0.0.1 - - [19/May/2023:11:31:45 +0000] "GET /api/v1/users/me? HTTP/1.0" 200 193 "-" "Sedu/1 CFNetwork/1406.0.4 Darwin/22.4.0"
::1 - - [19/May/2023:11:31:48 +0000] "GET /api/v1/users/me? HTTP/1.0" 304 - "-" "Sedu/1 CFNetwork/1406.0.4 Darwin/22.4.0"
::ffff:127.0.0.1 - - [19/May/2023:11:31:52 +0000] "GET /api/v1/users/me? HTTP/1.0" 401 283 "-" "Sedu/1 CFNetwork/1406.0.4 Darwin/22.4.0"
::1 - - [19/May/2023:11:32:19 +0000] "GET /api/v1/users/me? HTTP/1.0" 304 - "-" "Sedu/1 CFNetwork/1406.0.4 Darwin/22.4.0"
::ffff:127.0.0.1 - - [19/May/2023:11:32:27 +0000] "POST /api/v1/users/register HTTP/1.0" 200 464 "-" "Sedu/1 CFNetwork/1406.0.4 Darwin/22.4.0"
::1 - - [19/May/2023:11:32:27 +0000] "GET /api/v1/users/me? HTTP/1.0" 200 190 "-" "Sedu/1 CFNetwork/1406.0.4 Darwin/22.4.0"
::ffff:127.0.0.1 - - [19/May/2023:11:32:27 +0000] "POST /api/v1/users/register HTTP/1.0" 500 250 "-" "Sedu/1 CFNetwork/1406.0.4 Darwin/22.4.0"
::1 - - [19/May/2023:11:32:33 +0000] "POST /api/v1/users/invoice/64675e4ba32e8316d8238eb8 HTTP/1.0" 200 50 "-" "Sedu/1 CFNetwork/1406.0.4 Darwin/22.4.0"
::ffff:127.0.0.1 - - [19/May/2023:11:32:33 +0000] "GET /api/v1/wallets/64675e51a32e8316d8238ebe? HTTP/1.0" 200 15896 "-" "Sedu/1 CFNetwork/1406.0.4 Darwin/22.4.0"
::1 - - [19/May/2023:11:32:58 +0000] "GET /api/v1/users/callbacks/64675e4ba32e8316d8238eb8/20000?qpay_payment_id=188909406352168 HTTP/1.0" 200 229 "-" "node-fetch/1.0 (+https://github.com/bitinn/node-fetch)"
::ffff:127.0.0.1 - - [19/May/2023:11:33:22 +0000] "GET /api/v1/users/me? HTTP/1.0" 200 229 "-" "Sedu/1 CFNetwork/1406.0.4 Darwin/22.4.0"
::1 - - [19/May/2023:11:33:22 +0000] "GET /api/v1/wallets/64675e51a32e8316d8238ebe? HTTP/1.0" 304 - "-" "Sedu/1 CFNetwork/1406.0.4 Darwin/22.4.0"
::ffff:127.0.0.1 - - [19/May/2023:11:33:26 +0000] "POST /api/v1/users/invoice/64675e4ba32e8316d8238eb8 HTTP/1.0" 200 50 "-" "Sedu/1 CFNetwork/1406.0.4 Darwin/22.4.0"
::1 - - [19/May/2023:11:33:26 +0000] "GET /api/v1/wallets/64675e86a32e8316d8238ed4? HTTP/1.0" 200 16328 "-" "Sedu/1 CFNetwork/1406.0.4 Darwin/22.4.0"
::ffff:127.0.0.1 - - [19/May/2023:11:33:30 +0000] "GET /api/v1/users/me? HTTP/1.0" 200 229 "-" "Sedu/1 CFNetwork/1406.0.4 Darwin/22.4.0"
::ffff:127.0.0.1 - - [19/May/2023:11:33:30 +0000] "GET /api/v1/ads? HTTP/1.0" 200 633 "-" "Sedu/1 CFNetwork/1406.0.4 Darwin/22.4.0"
::1 - - [19/May/2023:11:33:30 +0000] "GET /api/v1/articles? HTTP/1.0" 200 387223 "-" "Sedu/1 CFNetwork/1406.0.4 Darwin/22.4.0"
::1 - - [19/May/2023:11:33:35 +0000] "GET /api/v1/users/me? HTTP/1.0" 304 - "-" "Sedu/1 CFNetwork/1406.0.4 Darwin/22.4.0"
::ffff:127.0.0.1 - - [19/May/2023:11:33:41 +0000] "GET /api/v1/users/me? HTTP/1.0" 304 - "-" "okhttp/4.9.2"
::ffff:127.0.0.1 - - [19/May/2023:11:33:41 +0000] "GET /api/v1/ads? HTTP/1.0" 304 - "-" "okhttp/4.9.2"
::1 - - [19/May/2023:11:33:41 +0000] "GET /api/v1/articles/642d56517c1330814fb7635e? HTTP/1.0" 304 - "-" "okhttp/4.9.2"
::ffff:127.0.0.1 - - [19/May/2023:11:34:05 +0000] "GET /api/v1/users/me? HTTP/1.0" 304 - "-" "okhttp/4.9.2"
::1 - - [19/May/2023:11:34:05 +0000] "GET /api/v1/ads? HTTP/1.0" 304 - "-" "okhttp/4.9.2"
::1 - - [19/May/2023:11:34:05 +0000] "GET /api/v1/articles/642d56517c1330814fb7635e? HTTP/1.0" 304 - "-" "okhttp/4.9.2"
::1 - - [19/May/2023:11:34:19 +0000] "GET /api/v1/users/me? HTTP/1.0" 304 - "-" "Sedu/1 CFNetwork/1406.0.4 Darwin/22.4.0"
::ffff:127.0.0.1 - - [19/May/2023:11:34:34 +0000] "GET /api/v1/articles/642e44a97c1330814fb764fe? HTTP/1.0" 200 8047 "-" "Sedu/1 CFNetwork/1406.0.4 Darwin/22.4.0"
::1 - - [19/May/2023:11:34:48 +0000] "GET /api/v1/articles/64608634a32e8316d822e5bd? HTTP/1.0" 200 3753 "-" "Sedu/1 CFNetwork/1406.0.4 Darwin/22.4.0"
::ffff:127.0.0.1 - - [19/May/2023:11:35:06 +0000] "GET /api/v1/articles/642d4c587c1330814fb76297? HTTP/1.0" 200 22271 "-" "Sedu/1 CFNetwork/1406.0.4 Darwin/22.4.0"
::1 - - [19/May/2023:11:40:04 +0000] "GET /actuator/gateway/routes HTTP/1.0" 404 162 "-" "Mozilla/5.0 (Windows NT 10.0; Win64; x64) AppleWebKit/537.36 (KHTML, like Gecko) Chrome/78.0.3904.108 Safari/537.36"
::ffff:127.0.0.1 - - [19/May/2023:11:41:54 +0000] "POST / HTTP/1.0" 404 140 "-" "Mozilla/5.0 (X11; Linux x86_64) AppleWebKit/537.36 (KHTML, like Gecko) Chrome/81.0.4044.129 Safari/537.36"
::1 - - [19/May/2023:11:41:55 +0000] "GET /.env HTTP/1.0" 404 143 "-" "Mozilla/5.0 (X11; Linux x86_64) AppleWebKit/537.36 (KHTML, like Gecko) Chrome/81.0.4044.129 Safari/537.36"
::ffff:127.0.0.1 - - [19/May/2023:11:43:03 +0000] "GET /api/v1/users/me? HTTP/1.0" 304 - "-" "okhttp/4.9.2"
::1 - - [19/May/2023:11:43:04 +0000] "GET /api/v1/articles/642d56517c1330814fb7635e? HTTP/1.0" 304 - "-" "okhttp/4.9.2"
::ffff:127.0.0.1 - - [19/May/2023:11:43:04 +0000] "GET /api/v1/ads? HTTP/1.0" 304 - "-" "okhttp/4.9.2"
::1 - - [19/May/2023:11:44:59 +0000] "GET /api/v1/users/me? HTTP/1.0" 304 - "-" "Sedu/1 CFNetwork/1329 Darwin/21.3.0"
::1 - - [19/May/2023:11:45:00 +0000] "GET /api/v1/ads? HTTP/1.0" 304 - "-" "Sedu/1 CFNetwork/1329 Darwin/21.3.0"
::ffff:127.0.0.1 - - [19/May/2023:11:45:00 +0000] "GET /api/v1/articles? HTTP/1.0" 304 - "-" "Sedu/1 CFNetwork/1329 Darwin/21.3.0"
::1 - - [19/May/2023:11:45:04 +0000] "GET /api/v1/users/me? HTTP/1.0" 304 - "-" "Sedu/1 CFNetwork/1329 Darwin/21.3.0"
::ffff:127.0.0.1 - - [19/May/2023:11:45:32 +0000] "GET /api/v1/articles/64607a73a32e8316d822e51b? HTTP/1.0" 200 8468 "-" "Sedu/1 CFNetwork/1329 Darwin/21.3.0"
::1 - - [19/May/2023:11:47:04 +0000] "GET /api/v1/articles/642e3f507c1330814fb764ef? HTTP/1.0" 200 1467 "-" "Sedu/1 CFNetwork/1329 Darwin/21.3.0"
::ffff:127.0.0.1 - - [19/May/2023:11:47:44 +0000] "GET /api/v1/articles/642e36c67c1330814fb764a6? HTTP/1.0" 200 6465 "-" "Sedu/1 CFNetwork/1329 Darwin/21.3.0"
::1 - - [19/May/2023:11:48:34 +0000] "GET /api/v1/articles/642d789c7c1330814fb763e7? HTTP/1.0" 304 - "-" "Sedu/1 CFNetwork/1329 Darwin/21.3.0"
::ffff:127.0.0.1 - - [19/May/2023:11:49:20 +0000] "GET /api/v1/users/me? HTTP/1.0" 401 283 "-" "Sedu/1 CFNetwork/1406.0.4 Darwin/22.4.0"
::1 - - [19/May/2023:11:49:41 +0000] "GET /api/v1/users/me? HTTP/1.0" 401 283 "-" "Sedu/1 CFNetwork/1399 Darwin/22.1.0"
::ffff:127.0.0.1 - - [19/May/2023:11:49:54 +0000] "POST /api/v1/users/login HTTP/1.0" 401 123 "-" "Sedu/1 CFNetwork/1399 Darwin/22.1.0"
::1 - - [19/May/2023:11:50:15 +0000] "POST /api/v1/users/register HTTP/1.0" 500 249 "-" "Sedu/1 CFNetwork/1406.0.4 Darwin/22.4.0"
::ffff:127.0.0.1 - - [19/May/2023:11:50:38 +0000] "GET /api/v1/users/me? HTTP/1.0" 401 283 "-" "Sedu/1 CFNetwork/1399 Darwin/22.1.0"
::1 - - [19/May/2023:11:50:40 +0000] "POST /api/v1/users/login HTTP/1.0" 401 123 "-" "Sedu/1 CFNetwork/1406.0.4 Darwin/22.4.0"
::ffff:127.0.0.1 - - [19/May/2023:11:50:42 +0000] "POST /api/v1/users/login HTTP/1.0" 401 123 "-" "Sedu/1 CFNetwork/1406.0.4 Darwin/22.4.0"
::1 - - [19/May/2023:11:50:48 +0000] "POST /api/v1/users/login HTTP/1.0" 401 123 "-" "Sedu/1 CFNetwork/1399 Darwin/22.1.0"
::ffff:127.0.0.1 - - [19/May/2023:11:51:00 +0000] "POST /api/v1/users/login HTTP/1.0" 401 123 "-" "Sedu/1 CFNetwork/1399 Darwin/22.1.0"
::1 - - [19/May/2023:11:51:02 +0000] "POST /api/v1/users/register HTTP/1.0" 200 463 "-" "Sedu/1 CFNetwork/1406.0.4 Darwin/22.4.0"
::ffff:127.0.0.1 - - [19/May/2023:11:51:03 +0000] "GET /api/v1/users/me? HTTP/1.0" 200 189 "-" "Sedu/1 CFNetwork/1406.0.4 Darwin/22.4.0"
::1 - - [19/May/2023:11:51:15 +0000] "GET /api/v1/users/me? HTTP/1.0" 304 - "-" "Sedu/1 CFNetwork/1406.0.4 Darwin/22.4.0"
::ffff:127.0.0.1 - - [19/May/2023:11:51:38 +0000] "GET /api/v1/users/me? HTTP/1.0" 304 - "-" "Sedu/1 CFNetwork/1335.0.3.1 Darwin/21.6.0"
::ffff:127.0.0.1 - - [19/May/2023:11:51:39 +0000] "GET /api/v1/ads? HTTP/1.0" 304 - "-" "Sedu/1 CFNetwork/1335.0.3.1 Darwin/21.6.0"
::1 - - [19/May/2023:11:51:39 +0000] "GET /api/v1/articles? HTTP/1.0" 304 - "-" "Sedu/1 CFNetwork/1335.0.3.1 Darwin/21.6.0"
::1 - - [19/May/2023:11:51:50 +0000] "GET /api/v1/users/me? HTTP/1.0" 304 - "-" "Sedu/1 CFNetwork/1406.0.4 Darwin/22.4.0"
::ffff:127.0.0.1 - - [19/May/2023:11:52:04 +0000] "GET /api/v1/articles/642d581c7c1330814fb76387? HTTP/1.0" 200 7596 "-" "Sedu/1 CFNetwork/1335.0.3.1 Darwin/21.6.0"
::1 - - [19/May/2023:11:52:06 +0000] "GET /api/v1/users/me? HTTP/1.0" 304 - "-" "Sedu/1 CFNetwork/1406.0.4 Darwin/22.4.0"
::ffff:127.0.0.1 - - [19/May/2023:11:52:08 +0000] "GET /api/v1/users/me? HTTP/1.0" 304 - "-" "Sedu/1 CFNetwork/1399 Darwin/22.1.0"
::1 - - [19/May/2023:11:52:56 +0000] "GET /api/v1/users/me? HTTP/1.0" 304 - "-" "Sedu/1 CFNetwork/1399 Darwin/22.1.0"
::ffff:127.0.0.1 - - [19/May/2023:11:52:58 +0000] "GET /api/v1/users/me? HTTP/1.0" 304 - "-" "okhttp/4.9.2"
::ffff:127.0.0.1 - - [19/May/2023:11:52:58 +0000] "GET /api/v1/ads? HTTP/1.0" 304 - "-" "okhttp/4.9.2"
::1 - - [19/May/2023:11:52:58 +0000] "GET /api/v1/articles/642d56517c1330814fb7635e? HTTP/1.0" 304 - "-" "okhttp/4.9.2"
::1 - - [19/May/2023:11:52:58 +0000] "GET /api/v1/articles? HTTP/1.0" 304 - "-" "okhttp/4.9.2"
::ffff:127.0.0.1 - - [19/May/2023:11:52:59 +0000] "GET /api/v1/users/logout? HTTP/1.0" 304 - "-" "Sedu/1 CFNetwork/1399 Darwin/22.1.0"
::1 - - [19/May/2023:11:53:00 +0000] "GET /api/v1/users/me? HTTP/1.0" 401 283 "-" "Sedu/1 CFNetwork/1399 Darwin/22.1.0"
::ffff:127.0.0.1 - - [19/May/2023:11:53:21 +0000] "GET /api/v1/users/me? HTTP/1.0" 401 283 "-" "Sedu/1 CFNetwork/1331.0.7 Darwin/21.4.0"
::1 - - [19/May/2023:11:54:52 +0000] "GET /api/v1/users/me? HTTP/1.0" 401 283 "-" "Sedu/1 CFNetwork/1406.0.4 Darwin/22.4.0"
::ffff:127.0.0.1 - - [19/May/2023:11:55:11 +0000] "POST /api/v1/users/register HTTP/1.0" 500 248 "-" "Sedu/1 CFNetwork/1406.0.4 Darwin/22.4.0"
::1 - - [19/May/2023:11:55:35 +0000] "POST /api/v1/users/login HTTP/1.0" 401 123 "-" "Sedu/1 CFNetwork/1406.0.4 Darwin/22.4.0"
::ffff:127.0.0.1 - - [19/May/2023:11:55:40 +0000] "GET /api/v1/users/me? HTTP/1.0" 401 283 "-" "Sedu/1 CFNetwork/1406.0.4 Darwin/22.4.0"
::1 - - [19/May/2023:11:55:42 +0000] "GET /api/v1/articles/642d59727c1330814fb76396? HTTP/1.0" 200 10524 "-" "okhttp/4.9.2"
::ffff:127.0.0.1 - - [19/May/2023:11:56:45 +0000] "GET /api/v1/users/me? HTTP/1.0" 401 283 "-" "Sedu/1 CFNetwork/1404.0.5 Darwin/22.3.0"
::1 - - [19/May/2023:11:57:07 +0000] "POST /api/v1/users/register HTTP/1.0" 200 460 "-" "Sedu/1 CFNetwork/1404.0.5 Darwin/22.3.0"
::ffff:127.0.0.1 - - [19/May/2023:11:57:08 +0000] "GET /api/v1/users/me? HTTP/1.0" 200 186 "-" "Sedu/1 CFNetwork/1404.0.5 Darwin/22.3.0"
::1 - - [19/May/2023:11:57:15 +0000] "GET /api/v1/users/logout? HTTP/1.0" 200 39 "-" "Sedu/1 CFNetwork/1404.0.5 Darwin/22.3.0"
::ffff:127.0.0.1 - - [19/May/2023:11:57:15 +0000] "GET /api/v1/users/me? HTTP/1.0" 401 283 "-" "Sedu/1 CFNetwork/1404.0.5 Darwin/22.3.0"
::1 - - [19/May/2023:11:57:57 +0000] "GET /api/v1/users/me? HTTP/1.0" 304 - "-" "Sedu/1 CFNetwork/1329 Darwin/21.3.0"
::ffff:127.0.0.1 - - [19/May/2023:11:57:57 +0000] "GET /api/v1/users/me? HTTP/1.0" 304 - "-" "Sedu/1 CFNetwork/1329 Darwin/21.3.0"
::ffff:127.0.0.1 - - [19/May/2023:11:57:57 +0000] "GET /api/v1/ads? HTTP/1.0" 304 - "-" "Sedu/1 CFNetwork/1329 Darwin/21.3.0"
::1 - - [19/May/2023:11:57:57 +0000] "GET /api/v1/articles? HTTP/1.0" 304 - "-" "Sedu/1 CFNetwork/1329 Darwin/21.3.0"
::1 - - [19/May/2023:11:58:25 +0000] "GET /api/v1/articles/642d56517c1330814fb7635e? HTTP/1.0" 200 16235 "-" "Sedu/1 CFNetwork/1329 Darwin/21.3.0"
::ffff:127.0.0.1 - - [19/May/2023:11:58:57 +0000] "GET /api/v1/articles/642d789c7c1330814fb763e7? HTTP/1.0" 304 - "-" "Sedu/1 CFNetwork/1329 Darwin/21.3.0"
::ffff:127.0.0.1 - - [19/May/2023:12:00:04 +0000] "GET /api/v1/users/me? HTTP/1.0" 304 - "-" "Sedu/1 CFNetwork/1329 Darwin/21.3.0"
::1 - - [19/May/2023:12:00:04 +0000] "GET /api/v1/users/me? HTTP/1.0" 304 - "-" "Sedu/1 CFNetwork/1329 Darwin/21.3.0"
::ffff:127.0.0.1 - - [19/May/2023:12:00:04 +0000] "GET /api/v1/ads? HTTP/1.0" 304 - "-" "Sedu/1 CFNetwork/1329 Darwin/21.3.0"
::1 - - [19/May/2023:12:00:04 +0000] "GET /api/v1/articles? HTTP/1.0" 304 - "-" "Sedu/1 CFNetwork/1329 Darwin/21.3.0"
::ffff:127.0.0.1 - - [19/May/2023:12:00:24 +0000] "GET /api/v1/users/me? HTTP/1.0" 304 - "-" "okhttp/4.9.2"
::ffff:127.0.0.1 - - [19/May/2023:12:00:25 +0000] "GET /api/v1/users/me? HTTP/1.0" 304 - "-" "okhttp/4.9.2"
::1 - - [19/May/2023:12:00:25 +0000] "GET /api/v1/ads? HTTP/1.0" 304 - "-" "okhttp/4.9.2"
::1 - - [19/May/2023:12:00:25 +0000] "GET /api/v1/articles? HTTP/1.0" 304 - "-" "okhttp/4.9.2"
::1 - - [19/May/2023:12:00:40 +0000] "GET /api/v1/articles/642d581c7c1330814fb76387? HTTP/1.0" 200 7596 "-" "Sedu/1 CFNetwork/1329 Darwin/21.3.0"
::ffff:127.0.0.1 - - [19/May/2023:12:01:40 +0000] "GET /api/v1/articles/642e2e6d7c1330814fb7646b? HTTP/1.0" 200 1619 "-" "okhttp/4.9.2"
::1 - - [19/May/2023:12:02:26 +0000] "GET /api/v1/articles/642e31187c1330814fb76474? HTTP/1.0" 200 3038 "-" "okhttp/4.9.2"
::ffff:127.0.0.1 - - [19/May/2023:12:02:38 +0000] "GET /api/v1/articles/6460657ba32e8316d822e39d? HTTP/1.0" 200 5291 "-" "Sedu/1 CFNetwork/1329 Darwin/21.3.0"
::1 - - [19/May/2023:12:03:34 +0000] "GET /api/v1/articles/645fcb61a32e8316d822ddc6? HTTP/1.0" 200 9167 "-" "Sedu/1 CFNetwork/1329 Darwin/21.3.0"
::1 - - [19/May/2023:12:03:46 +0000] "GET /api/v1/users/me? HTTP/1.0" 304 - "-" "okhttp/4.9.2"
::ffff:127.0.0.1 - - [19/May/2023:12:03:46 +0000] "GET /api/v1/articles/642e31187c1330814fb76474? HTTP/1.0" 304 - "-" "okhttp/4.9.2"
::ffff:127.0.0.1 - - [19/May/2023:12:03:46 +0000] "GET /api/v1/ads? HTTP/1.0" 304 - "-" "okhttp/4.9.2"
::ffff:127.0.0.1 - - [19/May/2023:12:03:46 +0000] "GET /api/v1/articles? HTTP/1.0" 304 - "-" "okhttp/4.9.2"
::1 - - [19/May/2023:12:03:55 +0000] "GET /api/v1/articles/6459d34ca32e8316d8228b17? HTTP/1.0" 200 9114 "-" "Sedu/1 CFNetwork/1329 Darwin/21.3.0"
::ffff:127.0.0.1 - - [19/May/2023:12:04:22 +0000] "GET /api/v1/users/me? HTTP/1.0" 304 - "-" "Sedu/1 CFNetwork/1404.0.5 Darwin/22.3.0"
::ffff:127.0.0.1 - - [19/May/2023:12:04:22 +0000] "GET /api/v1/ads? HTTP/1.0" 304 - "-" "Sedu/1 CFNetwork/1404.0.5 Darwin/22.3.0"
::1 - - [19/May/2023:12:04:23 +0000] "GET /api/v1/articles? HTTP/1.0" 304 - "-" "Sedu/1 CFNetwork/1404.0.5 Darwin/22.3.0"
::ffff:127.0.0.1 - - [19/May/2023:12:04:47 +0000] "GET /api/v1/articles/642e38807c1330814fb764b7? HTTP/1.0" 200 2547 "-" "Sedu/1 CFNetwork/1329 Darwin/21.3.0"
::1 - - [19/May/2023:12:05:01 +0000] "GET /api/v1/articles/642e35cf7c1330814fb7649d? HTTP/1.0" 200 6713 "-" "Sedu/1 CFNetwork/1329 Darwin/21.3.0"
::ffff:127.0.0.1 - - [19/May/2023:12:05:20 +0000] "GET /api/v1/articles/642e321a7c1330814fb7648b? HTTP/1.0" 200 2221 "-" "Sedu/1 CFNetwork/1329 Darwin/21.3.0"
::1 - - [19/May/2023:12:06:04 +0000] "GET /api/v1/articles/642e2e6d7c1330814fb7646b? HTTP/1.0" 304 - "-" "Sedu/1 CFNetwork/1329 Darwin/21.3.0"
::ffff:127.0.0.1 - - [19/May/2023:12:06:09 +0000] "GET /api/v1/users/me? HTTP/1.0" 401 283 "-" "Sedu/1 CFNetwork/1399 Darwin/22.1.0"
::1 - - [19/May/2023:12:06:48 +0000] "GET /api/v1/users/me? HTTP/1.0" 401 283 "-" "Sedu/1 CFNetwork/1399 Darwin/22.1.0"
::ffff:127.0.0.1 - - [19/May/2023:12:06:48 +0000] "GET /api/v1/articles/642d7b217c1330814fb76434? HTTP/1.0" 200 4133 "-" "Sedu/1 CFNetwork/1329 Darwin/21.3.0"
::1 - - [19/May/2023:12:07:06 +0000] "GET /api/v1/articles/642d789c7c1330814fb763e7? HTTP/1.0" 304 - "-" "Sedu/1 CFNetwork/1329 Darwin/21.3.0"
::ffff:127.0.0.1 - - [19/May/2023:12:07:16 +0000] "GET /api/v1/articles/642d771f7c1330814fb763cd? HTTP/1.0" 200 3044 "-" "Sedu/1 CFNetwork/1329 Darwin/21.3.0"
::1 - - [19/May/2023:12:07:17 +0000] "GET /api/v1/users/me? HTTP/1.0" 401 283 "-" "Sedu/1 CFNetwork/1399 Darwin/22.1.0"
::ffff:127.0.0.1 - - [19/May/2023:12:07:18 +0000] "POST /api/v1/users/register HTTP/1.0" 500 250 "-" "Sedu/1 CFNetwork/1399 Darwin/22.1.0"
::1 - - [19/May/2023:12:07:22 +0000] "GET /api/v1/articles/642d4c587c1330814fb76297? HTTP/1.0" 304 - "-" "Sedu/1 CFNetwork/1329 Darwin/21.3.0"
::ffff:127.0.0.1 - - [19/May/2023:12:07:30 +0000] "POST /api/v1/users/register HTTP/1.0" 500 247 "-" "Sedu/1 CFNetwork/1399 Darwin/22.1.0"
::1 - - [19/May/2023:12:07:30 +0000] "POST /api/v1/users/register HTTP/1.0" 200 463 "-" "Sedu/1 CFNetwork/1399 Darwin/22.1.0"
::ffff:127.0.0.1 - - [19/May/2023:12:07:30 +0000] "GET /api/v1/users/me? HTTP/1.0" 200 189 "-" "Sedu/1 CFNetwork/1399 Darwin/22.1.0"
::1 - - [19/May/2023:12:07:38 +0000] "GET /api/v1/users/logout? HTTP/1.0" 200 39 "-" "Sedu/1 CFNetwork/1399 Darwin/22.1.0"
::ffff:127.0.0.1 - - [19/May/2023:12:07:38 +0000] "GET /api/v1/users/me? HTTP/1.0" 401 283 "-" "Sedu/1 CFNetwork/1399 Darwin/22.1.0"
::1 - - [19/May/2023:12:07:48 +0000] "POST /api/v1/users/register HTTP/1.0" 200 464 "-" "Sedu/1 CFNetwork/1399 Darwin/22.1.0"
::ffff:127.0.0.1 - - [19/May/2023:12:07:48 +0000] "GET /api/v1/users/me? HTTP/1.0" 200 190 "-" "Sedu/1 CFNetwork/1399 Darwin/22.1.0"
::1 - - [19/May/2023:12:07:51 +0000] "GET /api/v1/articles/642d55507c1330814fb76325? HTTP/1.0" 200 3410 "-" "Sedu/1 CFNetwork/1329 Darwin/21.3.0"
::ffff:127.0.0.1 - - [19/May/2023:12:08:02 +0000] "GET /api/v1/users/me? HTTP/1.0" 304 - "-" "Sedu/1 CFNetwork/1399 Darwin/22.1.0"
::1 - - [19/May/2023:12:08:06 +0000] "GET /api/v1/articles/642d55bf7c1330814fb76345? HTTP/1.0" 200 17955 "-" "Sedu/1 CFNetwork/1329 Darwin/21.3.0"
::ffff:127.0.0.1 - - [19/May/2023:12:08:10 +0000] "POST /api/v1/users/invoice/64676694a32e8316d8238f5b HTTP/1.0" 200 50 "-" "Sedu/1 CFNetwork/1399 Darwin/22.1.0"
::1 - - [19/May/2023:12:08:10 +0000] "GET /api/v1/wallets/646766aaa32e8316d8238f62? HTTP/1.0" 200 15912 "-" "Sedu/1 CFNetwork/1399 Darwin/22.1.0"
::ffff:127.0.0.1 - - [19/May/2023:12:08:34 +0000] "GET /api/v1/users/me? HTTP/1.0" 304 - "-" "Sedu/1 CFNetwork/1404.0.5 Darwin/22.3.0"
::ffff:127.0.0.1 - - [19/May/2023:12:08:34 +0000] "GET /api/v1/ads? HTTP/1.0" 304 - "-" "Sedu/1 CFNetwork/1404.0.5 Darwin/22.3.0"
::1 - - [19/May/2023:12:08:34 +0000] "GET /api/v1/articles? HTTP/1.0" 304 - "-" "Sedu/1 CFNetwork/1404.0.5 Darwin/22.3.0"
::1 - - [19/May/2023:12:08:36 +0000] "GET /api/v1/users/me? HTTP/1.0" 401 283 "-" "Sedu/1 CFNetwork/1399 Darwin/22.1.0"
::1 - - [19/May/2023:12:09:17 +0000] "GET /api/v1/users/callbacks/64676694a32e8316d8238f5b/20000?qpay_payment_id=565464420427985 HTTP/1.0" 200 229 "-" "node-fetch/1.0 (+https://github.com/bitinn/node-fetch)"
::ffff:127.0.0.1 - - [19/May/2023:12:09:20 +0000] "GET /api/v1/users/me? HTTP/1.0" 200 229 "-" "Sedu/1 CFNetwork/1399 Darwin/22.1.0"
::1 - - [19/May/2023:12:09:20 +0000] "GET /api/v1/wallets/646766aaa32e8316d8238f62? HTTP/1.0" 304 - "-" "Sedu/1 CFNetwork/1399 Darwin/22.1.0"
::ffff:127.0.0.1 - - [19/May/2023:12:09:24 +0000] "POST /api/v1/users/invoice/64676694a32e8316d8238f5b HTTP/1.0" 200 50 "-" "Sedu/1 CFNetwork/1399 Darwin/22.1.0"
::1 - - [19/May/2023:12:09:24 +0000] "GET /api/v1/wallets/646766f4a32e8316d8238f7d? HTTP/1.0" 200 16203 "-" "Sedu/1 CFNetwork/1399 Darwin/22.1.0"
::ffff:127.0.0.1 - - [19/May/2023:12:09:39 +0000] "POST /api/v1/users/register HTTP/1.0" 200 466 "-" "Sedu/1 CFNetwork/1399 Darwin/22.1.0"
::1 - - [19/May/2023:12:09:39 +0000] "POST /api/v1/users/register HTTP/1.0" 500 252 "-" "Sedu/1 CFNetwork/1399 Darwin/22.1.0"
::ffff:127.0.0.1 - - [19/May/2023:12:09:39 +0000] "POST /api/v1/users/register HTTP/1.0" 500 252 "-" "Sedu/1 CFNetwork/1399 Darwin/22.1.0"
::1 - - [19/May/2023:12:09:39 +0000] "POST /api/v1/users/register HTTP/1.0" 500 252 "-" "Sedu/1 CFNetwork/1399 Darwin/22.1.0"
::ffff:127.0.0.1 - - [19/May/2023:12:09:39 +0000] "POST /api/v1/users/register HTTP/1.0" 500 252 "-" "Sedu/1 CFNetwork/1399 Darwin/22.1.0"
::ffff:127.0.0.1 - - [19/May/2023:12:09:39 +0000] "POST /api/v1/users/register HTTP/1.0" 500 252 "-" "Sedu/1 CFNetwork/1399 Darwin/22.1.0"
::1 - - [19/May/2023:12:09:39 +0000] "POST /api/v1/users/register HTTP/1.0" 500 252 "-" "Sedu/1 CFNetwork/1399 Darwin/22.1.0"
::1 - - [19/May/2023:12:09:39 +0000] "POST /api/v1/users/register HTTP/1.0" 500 252 "-" "Sedu/1 CFNetwork/1399 Darwin/22.1.0"
::ffff:127.0.0.1 - - [19/May/2023:12:09:39 +0000] "POST /api/v1/users/register HTTP/1.0" 500 252 "-" "Sedu/1 CFNetwork/1399 Darwin/22.1.0"
::ffff:127.0.0.1 - - [19/May/2023:12:09:39 +0000] "POST /api/v1/users/register HTTP/1.0" 500 252 "-" "Sedu/1 CFNetwork/1399 Darwin/22.1.0"
::1 - - [19/May/2023:12:09:39 +0000] "POST /api/v1/users/register HTTP/1.0" 200 476 "-" "Sedu/1 CFNetwork/1399 Darwin/22.1.0"
::ffff:127.0.0.1 - - [19/May/2023:12:09:39 +0000] "POST /api/v1/users/register HTTP/1.0" 500 262 "-" "Sedu/1 CFNetwork/1399 Darwin/22.1.0"
::1 - - [19/May/2023:12:09:40 +0000] "POST /api/v1/users/register HTTP/1.0" 500 262 "-" "Sedu/1 CFNetwork/1399 Darwin/22.1.0"
::ffff:127.0.0.1 - - [19/May/2023:12:09:40 +0000] "POST /api/v1/users/register HTTP/1.0" 500 262 "-" "Sedu/1 CFNetwork/1399 Darwin/22.1.0"
::1 - - [19/May/2023:12:09:40 +0000] "POST /api/v1/users/register HTTP/1.0" 500 262 "-" "Sedu/1 CFNetwork/1399 Darwin/22.1.0"
::ffff:127.0.0.1 - - [19/May/2023:12:09:40 +0000] "POST /api/v1/users/register HTTP/1.0" 500 262 "-" "Sedu/1 CFNetwork/1399 Darwin/22.1.0"
::1 - - [19/May/2023:12:09:40 +0000] "POST /api/v1/users/register HTTP/1.0" 500 262 "-" "Sedu/1 CFNetwork/1399 Darwin/22.1.0"
::ffff:127.0.0.1 - - [19/May/2023:12:09:40 +0000] "POST /api/v1/users/register HTTP/1.0" 500 262 "-" "Sedu/1 CFNetwork/1399 Darwin/22.1.0"
::1 - - [19/May/2023:12:09:40 +0000] "POST /api/v1/users/register HTTP/1.0" 500 262 "-" "Sedu/1 CFNetwork/1399 Darwin/22.1.0"
::ffff:127.0.0.1 - - [19/May/2023:12:09:40 +0000] "POST /api/v1/users/register HTTP/1.0" 500 262 "-" "Sedu/1 CFNetwork/1399 Darwin/22.1.0"
::1 - - [19/May/2023:12:09:40 +0000] "POST /api/v1/users/register HTTP/1.0" 500 262 "-" "Sedu/1 CFNetwork/1399 Darwin/22.1.0"
::1 - - [19/May/2023:12:09:40 +0000] "POST /api/v1/users/register HTTP/1.0" 500 262 "-" "Sedu/1 CFNetwork/1399 Darwin/22.1.0"
::ffff:127.0.0.1 - - [19/May/2023:12:09:40 +0000] "POST /api/v1/users/register HTTP/1.0" 500 262 "-" "Sedu/1 CFNetwork/1399 Darwin/22.1.0"
::1 - - [19/May/2023:12:09:40 +0000] "POST /api/v1/users/register HTTP/1.0" 500 262 "-" "Sedu/1 CFNetwork/1399 Darwin/22.1.0"
::ffff:127.0.0.1 - - [19/May/2023:12:09:40 +0000] "POST /api/v1/users/register HTTP/1.0" 500 262 "-" "Sedu/1 CFNetwork/1399 Darwin/22.1.0"
::ffff:127.0.0.1 - - [19/May/2023:12:09:40 +0000] "POST /api/v1/users/register HTTP/1.0" 500 262 "-" "Sedu/1 CFNetwork/1399 Darwin/22.1.0"
::1 - - [19/May/2023:12:09:40 +0000] "POST /api/v1/users/register HTTP/1.0" 500 262 "-" "Sedu/1 CFNetwork/1399 Darwin/22.1.0"
::ffff:127.0.0.1 - - [19/May/2023:12:09:41 +0000] "POST /api/v1/users/register HTTP/1.0" 500 262 "-" "Sedu/1 CFNetwork/1399 Darwin/22.1.0"
::ffff:127.0.0.1 - - [19/May/2023:12:09:41 +0000] "GET /api/v1/users/me? HTTP/1.0" 401 283 "-" "Sedu/1 CFNetwork/1399 Darwin/22.1.0"
::1 - - [19/May/2023:12:09:41 +0000] "POST /api/v1/users/register HTTP/1.0" 500 262 "-" "Sedu/1 CFNetwork/1399 Darwin/22.1.0"
::1 - - [19/May/2023:12:09:41 +0000] "POST /api/v1/users/register HTTP/1.0" 500 262 "-" "Sedu/1 CFNetwork/1399 Darwin/22.1.0"
::ffff:127.0.0.1 - - [19/May/2023:12:09:41 +0000] "POST /api/v1/users/register HTTP/1.0" 500 262 "-" "Sedu/1 CFNetwork/1399 Darwin/22.1.0"
::ffff:127.0.0.1 - - [19/May/2023:12:09:41 +0000] "POST /api/v1/users/register HTTP/1.0" 500 262 "-" "Sedu/1 CFNetwork/1399 Darwin/22.1.0"
::1 - - [19/May/2023:12:09:41 +0000] "POST /api/v1/users/register HTTP/1.0" 500 262 "-" "Sedu/1 CFNetwork/1399 Darwin/22.1.0"
::1 - - [19/May/2023:12:09:41 +0000] "POST /api/v1/users/register HTTP/1.0" 500 262 "-" "Sedu/1 CFNetwork/1399 Darwin/22.1.0"
::1 - - [19/May/2023:12:09:41 +0000] "GET /api/v1/users/me? HTTP/1.0" 200 229 "-" "Sedu/1 CFNetwork/1399 Darwin/22.1.0"
::ffff:127.0.0.1 - - [19/May/2023:12:09:41 +0000] "POST /api/v1/users/register HTTP/1.0" 500 262 "-" "Sedu/1 CFNetwork/1399 Darwin/22.1.0"
::1 - - [19/May/2023:12:09:41 +0000] "GET /api/v1/users/me? HTTP/1.0" 200 192 "-" "Sedu/1 CFNetwork/1399 Darwin/22.1.0"
::1 - - [19/May/2023:12:09:41 +0000] "POST /api/v1/users/register HTTP/1.0" 500 262 "-" "Sedu/1 CFNetwork/1399 Darwin/22.1.0"
::ffff:127.0.0.1 - - [19/May/2023:12:09:41 +0000] "GET /api/v1/users/me? HTTP/1.0" 200 202 "-" "Sedu/1 CFNetwork/1399 Darwin/22.1.0"
::ffff:127.0.0.1 - - [19/May/2023:12:09:41 +0000] "POST /api/v1/users/register HTTP/1.0" 500 262 "-" "Sedu/1 CFNetwork/1399 Darwin/22.1.0"
::ffff:127.0.0.1 - - [19/May/2023:12:09:41 +0000] "POST /api/v1/users/register HTTP/1.0" 500 262 "-" "Sedu/1 CFNetwork/1399 Darwin/22.1.0"
::1 - - [19/May/2023:12:09:41 +0000] "GET /api/v1/articles? HTTP/1.0" 200 387223 "-" "Sedu/1 CFNetwork/1399 Darwin/22.1.0"
::ffff:127.0.0.1 - - [19/May/2023:12:09:41 +0000] "GET /api/v1/ads? HTTP/1.0" 200 633 "-" "Sedu/1 CFNetwork/1399 Darwin/22.1.0"
::1 - - [19/May/2023:12:09:50 +0000] "GET /api/v1/articles/642d4c587c1330814fb76297? HTTP/1.0" 200 22271 "-" "Sedu/1 CFNetwork/1399 Darwin/22.1.0"
::ffff:127.0.0.1 - - [19/May/2023:12:09:53 +0000] "GET /api/v1/articles/642d55f77c1330814fb7634f? HTTP/1.0" 200 7052 "-" "Sedu/1 CFNetwork/1329 Darwin/21.3.0"
::1 - - [19/May/2023:12:09:57 +0000] "POST /api/v1/users/register HTTP/1.0" 200 465 "-" "Sedu/1 CFNetwork/1399 Darwin/22.1.0"
::ffff:127.0.0.1 - - [19/May/2023:12:09:57 +0000] "GET /api/v1/users/me? HTTP/1.0" 200 191 "-" "Sedu/1 CFNetwork/1399 Darwin/22.1.0"
::1 - - [19/May/2023:12:10:07 +0000] "GET /api/v1/users/me? HTTP/1.0" 304 - "-" "Sedu/1 CFNetwork/1399 Darwin/22.1.0"
::ffff:127.0.0.1 - - [19/May/2023:12:10:09 +0000] "GET /api/v1/users/me? HTTP/1.0" 304 - "-" "Sedu/1 CFNetwork/1399 Darwin/22.1.0"
::1 - - [19/May/2023:12:10:16 +0000] "GET /api/v1/users/me? HTTP/1.0" 304 - "-" "Sedu/1 CFNetwork/1197 Darwin/20.0.0"
::ffff:127.0.0.1 - - [19/May/2023:12:10:16 +0000] "GET /api/v1/articles? HTTP/1.0" 304 - "-" "Sedu/1 CFNetwork/1197 Darwin/20.0.0"
::1 - - [19/May/2023:12:10:16 +0000] "GET /api/v1/ads? HTTP/1.0" 304 - "-" "Sedu/1 CFNetwork/1197 Darwin/20.0.0"
::1 - - [19/May/2023:12:10:18 +0000] "GET /api/v1/articles/642d56517c1330814fb7635e? HTTP/1.0" 304 - "-" "Sedu/1 CFNetwork/1329 Darwin/21.3.0"
::ffff:127.0.0.1 - - [19/May/2023:12:10:29 +0000] "GET /api/v1/articles/642d581c7c1330814fb76387? HTTP/1.0" 304 - "-" "Sedu/1 CFNetwork/1329 Darwin/21.3.0"
::1 - - [19/May/2023:12:10:36 +0000] "GET /api/v1/articles/64607e9ca32e8316d822e549? HTTP/1.0" 200 5808 "-" "Sedu/1 CFNetwork/1197 Darwin/20.0.0"
::ffff:127.0.0.1 - - [19/May/2023:12:10:40 +0000] "GET /api/v1/articles/642d59727c1330814fb76396? HTTP/1.0" 304 - "-" "Sedu/1 CFNetwork/1329 Darwin/21.3.0"
::ffff:127.0.0.1 - - [19/May/2023:12:11:03 +0000] "GET /api/v1/users/me? HTTP/1.0" 304 - "-" "Sedu/1 CFNetwork/1399 Darwin/22.1.0"
::1 - - [19/May/2023:12:11:04 +0000] "POST /api/v1/users/invoice/64676715a32e8316d8238fe5 HTTP/1.0" 200 50 "-" "Sedu/1 CFNetwork/1399 Darwin/22.1.0"
::ffff:127.0.0.1 - - [19/May/2023:12:11:05 +0000] "GET /api/v1/wallets/64676758a32e8316d8238ff5? HTTP/1.0" 200 16297 "-" "Sedu/1 CFNetwork/1399 Darwin/22.1.0"
::1 - - [19/May/2023:12:11:30 +0000] "GET /api/v1/users/me? HTTP/1.0" 304 - "-" "Sedu/1 CFNetwork/1406.0.4 Darwin/22.4.0"
::ffff:127.0.0.1 - - [19/May/2023:12:11:30 +0000] "GET /api/v1/articles? HTTP/1.0" 304 - "-" "Sedu/1 CFNetwork/1406.0.4 Darwin/22.4.0"
::1 - - [19/May/2023:12:11:30 +0000] "GET /api/v1/ads? HTTP/1.0" 304 - "-" "Sedu/1 CFNetwork/1406.0.4 Darwin/22.4.0"
::1 - - [19/May/2023:12:11:31 +0000] "GET /api/v1/users/callbacks/64676715a32e8316d8238fe5/20000?qpay_payment_id=636665030498987 HTTP/1.0" 200 230 "-" "node-fetch/1.0 (+https://github.com/bitinn/node-fetch)"
::ffff:127.0.0.1 - - [19/May/2023:12:11:35 +0000] "GET /api/v1/users/me? HTTP/1.0" 304 - "-" "Sedu/1 CFNetwork/1406.0.4 Darwin/22.4.0"
::1 - - [19/May/2023:12:11:36 +0000] "GET /api/v1/users/me? HTTP/1.0" 200 230 "-" "Sedu/1 CFNetwork/1399 Darwin/22.1.0"
::ffff:127.0.0.1 - - [19/May/2023:12:11:36 +0000] "GET /api/v1/wallets/64676758a32e8316d8238ff5? HTTP/1.0" 304 - "-" "Sedu/1 CFNetwork/1399 Darwin/22.1.0"
::ffff:127.0.0.1 - - [19/May/2023:12:11:41 +0000] "POST /api/v1/users/invoice/64676715a32e8316d8238fe5 HTTP/1.0" 200 50 "-" "Sedu/1 CFNetwork/1399 Darwin/22.1.0"
::1 - - [19/May/2023:12:11:41 +0000] "GET /api/v1/wallets/6467677da32e8316d8239011? HTTP/1.0" 200 16289 "-" "Sedu/1 CFNetwork/1399 Darwin/22.1.0"
::1 - - [19/May/2023:12:11:48 +0000] "GET /api/v1/users/logout? HTTP/1.0" 200 39 "-" "Sedu/1 CFNetwork/1399 Darwin/22.1.0"
::ffff:127.0.0.1 - - [19/May/2023:12:11:48 +0000] "GET /api/v1/users/me? HTTP/1.0" 401 283 "-" "Sedu/1 CFNetwork/1399 Darwin/22.1.0"
::ffff:127.0.0.1 - - [19/May/2023:12:11:52 +0000] "GET /api/v1/articles/64608634a32e8316d822e5bd? HTTP/1.0" 200 3753 "-" "Sedu/1 CFNetwork/1406.0.4 Darwin/22.4.0"
::ffff:127.0.0.1 - - [19/May/2023:12:11:56 +0000] "POST /api/v1/users/login HTTP/1.0" 200 504 "-" "Sedu/1 CFNetwork/1399 Darwin/22.1.0"
::1 - - [19/May/2023:12:11:56 +0000] "GET /api/v1/users/me? HTTP/1.0" 200 230 "-" "Sedu/1 CFNetwork/1399 Darwin/22.1.0"
::1 - - [19/May/2023:12:11:57 +0000] "GET /api/v1/articles? HTTP/1.0" 200 387223 "-" "Sedu/1 CFNetwork/1399 Darwin/22.1.0"
::ffff:127.0.0.1 - - [19/May/2023:12:11:57 +0000] "GET /api/v1/ads? HTTP/1.0" 200 633 "-" "Sedu/1 CFNetwork/1399 Darwin/22.1.0"
::1 - - [19/May/2023:12:12:05 +0000] "GET /api/v1/users/me? HTTP/1.0" 304 - "-" "Sedu/1 CFNetwork/1399 Darwin/22.1.0"
::1 - - [19/May/2023:12:12:14 +0000] "GET /api/v1/articles/642d581c7c1330814fb76387? HTTP/1.0" 200 7596 "-" "Sedu/1 CFNetwork/1399 Darwin/22.1.0"
::1 - - [19/May/2023:12:12:33 +0000] "GET /api/v1/articles/642d76ab7c1330814fb763c4? HTTP/1.0" 200 12395 "-" "Sedu/1 CFNetwork/1399 Darwin/22.1.0"
::ffff:127.0.0.1 - - [19/May/2023:12:12:53 +0000] "GET /api/v1/articles/642d7ac57c1330814fb76424? HTTP/1.0" 200 9288 "-" "Sedu/1 CFNetwork/1399 Darwin/22.1.0"
::1 - - [19/May/2023:12:13:07 +0000] "GET /api/v1/articles/646082bca32e8316d822e594? HTTP/1.0" 200 6579 "-" "Sedu/1 CFNetwork/1399 Darwin/22.1.0"
::ffff:127.0.0.1 - - [19/May/2023:12:13:11 +0000] "GET /api/v1/articles/642d59727c1330814fb76396? HTTP/1.0" 304 - "-" "Sedu/1 CFNetwork/1329 Darwin/21.3.0"
::1 - - [19/May/2023:12:13:16 +0000] "GET /api/v1/articles/642d4c587c1330814fb76297? HTTP/1.0" 200 22271 "-" "Sedu/1 CFNetwork/1399 Darwin/22.1.0"
::ffff:127.0.0.1 - - [19/May/2023:12:13:31 +0000] "GET /api/v1/articles/642d5b327c1330814fb763a4? HTTP/1.0" 200 9617 "-" "Sedu/1 CFNetwork/1329 Darwin/21.3.0"
::1 - - [19/May/2023:12:13:31 +0000] "GET /api/v1/articles/642e2e6d7c1330814fb7646b? HTTP/1.0" 200 1619 "-" "Sedu/1 CFNetwork/1399 Darwin/22.1.0"
::ffff:127.0.0.1 - - [19/May/2023:12:13:33 +0000] "GET /api/v1/articles/642d55bf7c1330814fb76345? HTTP/1.0" 200 17955 "-" "Sedu/1 CFNetwork/1399 Darwin/22.1.0"
::1 - - [19/May/2023:12:13:41 +0000] "GET /api/v1/articles/64607a73a32e8316d822e51b? HTTP/1.0" 200 8468 "-" "Sedu/1 CFNetwork/1197 Darwin/20.0.0"
::ffff:127.0.0.1 - - [19/May/2023:12:13:49 +0000] "GET /api/v1/articles/642d581c7c1330814fb76387? HTTP/1.0" 200 7596 "-" "Sedu/1 CFNetwork/1399 Darwin/22.1.0"
::1 - - [19/May/2023:12:14:36 +0000] "GET /api/v1/users/me? HTTP/1.0" 401 283 "-" "Sedu/1 CFNetwork/1406.0.4 Darwin/22.4.0"
::ffff:127.0.0.1 - - [19/May/2023:12:14:37 +0000] "GET /api/v1/users/me? HTTP/1.0" 304 - "-" "Sedu/1 CFNetwork/1399 Darwin/22.1.0"
::1 - - [19/May/2023:12:14:38 +0000] "GET /api/v1/articles? HTTP/1.0" 304 - "-" "Sedu/1 CFNetwork/1399 Darwin/22.1.0"
::ffff:127.0.0.1 - - [19/May/2023:12:14:38 +0000] "GET /api/v1/ads? HTTP/1.0" 304 - "-" "Sedu/1 CFNetwork/1399 Darwin/22.1.0"
::ffff:127.0.0.1 - - [19/May/2023:12:14:59 +0000] "POST /api/v1/users/register HTTP/1.0" 200 461 "-" "Sedu/1 CFNetwork/1406.0.4 Darwin/22.4.0"
::1 - - [19/May/2023:12:14:59 +0000] "GET /api/v1/users/me? HTTP/1.0" 200 187 "-" "Sedu/1 CFNetwork/1406.0.4 Darwin/22.4.0"
::ffff:127.0.0.1 - - [19/May/2023:12:15:09 +0000] "GET /api/v1/users/me? HTTP/1.0" 304 - "-" "Sedu/1 CFNetwork/1406.0.4 Darwin/22.4.0"
::1 - - [19/May/2023:12:15:16 +0000] "GET /api/v1/users/logout? HTTP/1.0" 200 39 "-" "Sedu/1 CFNetwork/1406.0.4 Darwin/22.4.0"
::ffff:127.0.0.1 - - [19/May/2023:12:15:17 +0000] "GET /api/v1/users/me? HTTP/1.0" 401 283 "-" "Sedu/1 CFNetwork/1406.0.4 Darwin/22.4.0"
::1 - - [19/May/2023:12:15:41 +0000] "GET /api/v1/users/me? HTTP/1.0" 401 283 "-" "Sedu/1 CFNetwork/1399 Darwin/22.1.0"
::ffff:127.0.0.1 - - [19/May/2023:12:16:31 +0000] "GET /api/v1/users/me? HTTP/1.0" 304 - "-" "Sedu/1 CFNetwork/1406.0.4 Darwin/22.4.0"
::ffff:127.0.0.1 - - [19/May/2023:12:16:32 +0000] "GET /api/v1/ads? HTTP/1.0" 304 - "-" "Sedu/1 CFNetwork/1406.0.4 Darwin/22.4.0"
::1 - - [19/May/2023:12:16:32 +0000] "GET /api/v1/articles? HTTP/1.0" 304 - "-" "Sedu/1 CFNetwork/1406.0.4 Darwin/22.4.0"
::ffff:127.0.0.1 - - [19/May/2023:12:16:37 +0000] "GET /api/v1/articles/642d4efb7c1330814fb762cf? HTTP/1.0" 200 10100 "-" "Sedu/1 CFNetwork/1406.0.4 Darwin/22.4.0"
::1 - - [19/May/2023:12:16:41 +0000] "GET /api/v1/articles/6460657ba32e8316d822e39d? HTTP/1.0" 304 - "-" "Sedu/1 CFNetwork/1197 Darwin/20.0.0"
::ffff:127.0.0.1 - - [19/May/2023:12:16:51 +0000] "GET /api/v1/articles/645fcb61a32e8316d822ddc6? HTTP/1.0" 200 9167 "-" "Sedu/1 CFNetwork/1197 Darwin/20.0.0"
::1 - - [19/May/2023:12:16:59 +0000] "GET /api/v1/users/me? HTTP/1.0" 401 283 "-" "Sedu/1 CFNetwork/1404.0.5 Darwin/22.3.0"
::ffff:127.0.0.1 - - [19/May/2023:12:17:13 +0000] "GET /api/v1/articles/642d56517c1330814fb7635e? HTTP/1.0" 200 16235 "-" "Sedu/1 CFNetwork/1406.0.4 Darwin/22.4.0"
::1 - - [19/May/2023:12:17:18 +0000] "POST /api/v1/users/register HTTP/1.0" 200 462 "-" "Sedu/1 CFNetwork/1404.0.5 Darwin/22.3.0"
::ffff:127.0.0.1 - - [19/May/2023:12:17:18 +0000] "GET /api/v1/users/me? HTTP/1.0" 200 188 "-" "Sedu/1 CFNetwork/1404.0.5 Darwin/22.3.0"
::1 - - [19/May/2023:12:17:27 +0000] "GET /api/v1/users/logout? HTTP/1.0" 200 39 "-" "Sedu/1 CFNetwork/1404.0.5 Darwin/22.3.0"
::ffff:127.0.0.1 - - [19/May/2023:12:17:27 +0000] "GET /api/v1/users/me? HTTP/1.0" 401 283 "-" "Sedu/1 CFNetwork/1404.0.5 Darwin/22.3.0"
::1 - - [19/May/2023:12:18:03 +0000] "GET /portal/redlion HTTP/1.0" 404 153 "-" "Mozilla/5.0 zgrab/0.x"
::ffff:127.0.0.1 - - [19/May/2023:12:18:05 +0000] "GET /api/v1/users/me? HTTP/1.0" 401 283 "-" "Sedu/1 CFNetwork/1402.0.8 Darwin/22.2.0"
::1 - - [19/May/2023:12:18:25 +0000] "POST /api/v1/users/register HTTP/1.0" 200 465 "-" "Sedu/1 CFNetwork/1402.0.8 Darwin/22.2.0"
::ffff:127.0.0.1 - - [19/May/2023:12:18:25 +0000] "GET /api/v1/users/me? HTTP/1.0" 200 191 "-" "Sedu/1 CFNetwork/1402.0.8 Darwin/22.2.0"
::1 - - [19/May/2023:12:18:35 +0000] "GET /api/v1/users/me? HTTP/1.0" 304 - "-" "Sedu/1 CFNetwork/1402.0.8 Darwin/22.2.0"
::ffff:127.0.0.1 - - [19/May/2023:12:18:38 +0000] "GET /api/v1/users/me? HTTP/1.0" 304 - "-" "Sedu/1 CFNetwork/1402.0.8 Darwin/22.2.0"
::1 - - [19/May/2023:12:18:40 +0000] "POST /api/v1/users/invoice/64676910a32e8316d823904a HTTP/1.0" 200 50 "-" "Sedu/1 CFNetwork/1402.0.8 Darwin/22.2.0"
::ffff:127.0.0.1 - - [19/May/2023:12:18:40 +0000] "GET /api/v1/wallets/64676920a32e8316d8239050? HTTP/1.0" 200 16217 "-" "Sedu/1 CFNetwork/1402.0.8 Darwin/22.2.0"
::1 - - [19/May/2023:12:18:46 +0000] "POST /api/v1/users/invoice/64676910a32e8316d823904a HTTP/1.0" 200 50 "-" "Sedu/1 CFNetwork/1402.0.8 Darwin/22.2.0"
::ffff:127.0.0.1 - - [19/May/2023:12:18:47 +0000] "GET /api/v1/wallets/64676926a32e8316d8239062? HTTP/1.0" 200 16441 "-" "Sedu/1 CFNetwork/1402.0.8 Darwin/22.2.0"
::1 - - [19/May/2023:12:18:58 +0000] "GET /api/v1/articles/6459d34ca32e8316d8228b17? HTTP/1.0" 200 9114 "-" "Sedu/1 CFNetwork/1197 Darwin/20.0.0"
::ffff:127.0.0.1 - - [19/May/2023:12:20:14 +0000] "GET /api/v1/articles/64532f9ea4c26797f426b446? HTTP/1.0" 200 5671 "-" "Sedu/1 CFNetwork/1197 Darwin/20.0.0"
::1 - - [19/May/2023:12:21:20 +0000] "GET /api/v1/articles/645328aba4c26797f426b363? HTTP/1.0" 200 5768 "-" "Sedu/1 CFNetwork/1197 Darwin/20.0.0"
::ffff:127.0.0.1 - - [19/May/2023:12:21:43 +0000] "GET /api/v1/users/me? HTTP/1.0" 401 283 "-" "Sedu/1 CFNetwork/1404.0.5 Darwin/22.3.0"
::1 - - [19/May/2023:12:22:06 +0000] "GET /api/v1/articles/642e3a4a7c1330814fb764db? HTTP/1.0" 200 1967 "-" "Sedu/1 CFNetwork/1197 Darwin/20.0.0"
::ffff:127.0.0.1 - - [19/May/2023:12:22:10 +0000] "GET /api/v1/users/me? HTTP/1.0" 401 283 "-" "Sedu/1 CFNetwork/1335.0.3 Darwin/21.6.0"
::1 - - [19/May/2023:12:22:24 +0000] "POST /api/v1/users/register HTTP/1.0" 200 463 "-" "Sedu/1 CFNetwork/1335.0.3 Darwin/21.6.0"
::1 - - [19/May/2023:12:22:24 +0000] "GET /api/v1/users/me? HTTP/1.0" 200 189 "-" "Sedu/1 CFNetwork/1335.0.3 Darwin/21.6.0"
::ffff:127.0.0.1 - - [19/May/2023:12:22:24 +0000] "POST /api/v1/users/register HTTP/1.0" 500 249 "-" "Sedu/1 CFNetwork/1335.0.3 Darwin/21.6.0"
::ffff:127.0.0.1 - - [19/May/2023:12:22:27 +0000] "GET /api/v1/users/me? HTTP/1.0" 304 - "-" "Sedu/1 CFNetwork/1335.0.3 Darwin/21.6.0"
::1 - - [19/May/2023:12:22:33 +0000] "POST /api/v1/users/invoice/64676a00a32e8316d8239077 HTTP/1.0" 200 50 "-" "Sedu/1 CFNetwork/1335.0.3 Darwin/21.6.0"
::ffff:127.0.0.1 - - [19/May/2023:12:22:34 +0000] "GET /api/v1/wallets/64676a09a32e8316d823907e? HTTP/1.0" 200 16075 "-" "Sedu/1 CFNetwork/1335.0.3 Darwin/21.6.0"
::1 - - [19/May/2023:12:22:42 +0000] "POST /api/v1/users/invoice/64676a00a32e8316d8239077 HTTP/1.0" 200 50 "-" "Sedu/1 CFNetwork/1335.0.3 Darwin/21.6.0"
::ffff:127.0.0.1 - - [19/May/2023:12:22:43 +0000] "GET /api/v1/wallets/64676a12a32e8316d8239090? HTTP/1.0" 200 16219 "-" "Sedu/1 CFNetwork/1335.0.3 Darwin/21.6.0"
::1 - - [19/May/2023:12:23:04 +0000] "GET /api/v1/users/me? HTTP/1.0" 200 228 "-" "Sedu/1 CFNetwork/1404.0.5 Darwin/22.3.0"
::ffff:127.0.0.1 - - [19/May/2023:12:23:04 +0000] "GET /api/v1/wallets/6466ed2da32e8316d8238389? HTTP/1.0" 304 - "-" "Sedu/1 CFNetwork/1404.0.5 Darwin/22.3.0"
::1 - - [19/May/2023:12:23:09 +0000] "GET /api/v1/articles/642e38807c1330814fb764b7? HTTP/1.0" 200 2547 "-" "Sedu/1 CFNetwork/1197 Darwin/20.0.0"
::ffff:127.0.0.1 - - [19/May/2023:12:23:11 +0000] "GET /api/v1/users/me? HTTP/1.0" 304 - "-" "Sedu/1 CFNetwork/1404.0.5 Darwin/22.3.0"
::1 - - [19/May/2023:12:23:14 +0000] "GET /api/v1/users/logout? HTTP/1.0" 304 - "-" "Sedu/1 CFNetwork/1404.0.5 Darwin/22.3.0"
::ffff:127.0.0.1 - - [19/May/2023:12:23:14 +0000] "GET /api/v1/users/me? HTTP/1.0" 401 283 "-" "Sedu/1 CFNetwork/1404.0.5 Darwin/22.3.0"
::1 - - [19/May/2023:12:23:21 +0000] "POST /api/v1/users/login HTTP/1.0" 200 502 "-" "Sedu/1 CFNetwork/1404.0.5 Darwin/22.3.0"
::ffff:127.0.0.1 - - [19/May/2023:12:23:21 +0000] "GET /api/v1/users/me? HTTP/1.0" 304 - "-" "Sedu/1 CFNetwork/1404.0.5 Darwin/22.3.0"
::1 - - [19/May/2023:12:23:25 +0000] "POST /api/v1/users/invoice/6466ed18a32e8316d8238383 HTTP/1.0" 200 50 "-" "Sedu/1 CFNetwork/1404.0.5 Darwin/22.3.0"
::ffff:127.0.0.1 - - [19/May/2023:12:23:26 +0000] "GET /api/v1/wallets/64676a3da32e8316d82390a8? HTTP/1.0" 200 16187 "-" "Sedu/1 CFNetwork/1404.0.5 Darwin/22.3.0"
::1 - - [19/May/2023:12:24:02 +0000] "GET /api/v1/articles/642e35cf7c1330814fb7649d? HTTP/1.0" 200 6713 "-" "Sedu/1 CFNetwork/1197 Darwin/20.0.0"
::ffff:127.0.0.1 - - [19/May/2023:12:24:15 +0000] "GET /api/v1/users/callbacks/6466ed18a32e8316d8238383/20000?qpay_payment_id=467424302421701 HTTP/1.0" 200 228 "-" "node-fetch/1.0 (+https://github.com/bitinn/node-fetch)"
::1 - - [19/May/2023:12:24:20 +0000] "GET /api/v1/users/me? HTTP/1.0" 200 228 "-" "Sedu/1 CFNetwork/1404.0.5 Darwin/22.3.0"
::ffff:127.0.0.1 - - [19/May/2023:12:24:21 +0000] "GET /api/v1/wallets/64676a3da32e8316d82390a8? HTTP/1.0" 304 - "-" "Sedu/1 CFNetwork/1404.0.5 Darwin/22.3.0"
::1 - - [19/May/2023:12:24:25 +0000] "POST /api/v1/users/invoice/6466ed18a32e8316d8238383 HTTP/1.0" 200 50 "-" "Sedu/1 CFNetwork/1404.0.5 Darwin/22.3.0"
::ffff:127.0.0.1 - - [19/May/2023:12:24:25 +0000] "GET /api/v1/wallets/64676a79a32e8316d82390bf? HTTP/1.0" 200 16283 "-" "Sedu/1 CFNetwork/1404.0.5 Darwin/22.3.0"
::1 - - [19/May/2023:12:24:33 +0000] "GET /api/v1/users/logout? HTTP/1.0" 304 - "-" "Sedu/1 CFNetwork/1404.0.5 Darwin/22.3.0"
::ffff:127.0.0.1 - - [19/May/2023:12:24:33 +0000] "GET /api/v1/users/me? HTTP/1.0" 401 283 "-" "Sedu/1 CFNetwork/1404.0.5 Darwin/22.3.0"
::1 - - [19/May/2023:12:24:41 +0000] "POST /api/v1/users/login HTTP/1.0" 200 502 "-" "Sedu/1 CFNetwork/1404.0.5 Darwin/22.3.0"
::ffff:127.0.0.1 - - [19/May/2023:12:24:41 +0000] "GET /api/v1/users/me? HTTP/1.0" 200 228 "-" "Sedu/1 CFNetwork/1404.0.5 Darwin/22.3.0"
::1 - - [19/May/2023:12:24:42 +0000] "GET /api/v1/articles? HTTP/1.0" 200 387223 "-" "Sedu/1 CFNetwork/1404.0.5 Darwin/22.3.0"
::ffff:127.0.0.1 - - [19/May/2023:12:24:42 +0000] "GET /api/v1/ads? HTTP/1.0" 200 633 "-" "Sedu/1 CFNetwork/1404.0.5 Darwin/22.3.0"
::1 - - [19/May/2023:12:24:52 +0000] "GET /api/v1/users/me? HTTP/1.0" 401 283 "-" "Sedu/1 CFNetwork/1399 Darwin/22.1.0"
::1 - - [19/May/2023:12:25:07 +0000] "GET /api/v1/users/me? HTTP/1.0" 304 - "-" "Sedu/1 CFNetwork/1404.0.5 Darwin/22.3.0"
::ffff:127.0.0.1 - - [19/May/2023:12:26:01 +0000] "GET /api/v1/users/me? HTTP/1.0" 401 283 "-" "Sedu/1 CFNetwork/1327.0.4 Darwin/21.2.0"
::1 - - [19/May/2023:12:26:14 +0000] "GET /api/v1/articles/642e321a7c1330814fb7648b? HTTP/1.0" 200 2221 "-" "Sedu/1 CFNetwork/1197 Darwin/20.0.0"
::ffff:127.0.0.1 - - [19/May/2023:12:26:19 +0000] "POST /api/v1/users/register HTTP/1.0" 200 466 "-" "Sedu/1 CFNetwork/1327.0.4 Darwin/21.2.0"
::1 - - [19/May/2023:12:26:19 +0000] "GET /api/v1/users/me? HTTP/1.0" 200 192 "-" "Sedu/1 CFNetwork/1327.0.4 Darwin/21.2.0"
::ffff:127.0.0.1 - - [19/May/2023:12:26:45 +0000] "POST /api/v1/users/register HTTP/1.0" 200 461 "-" "Sedu/1 CFNetwork/1399 Darwin/22.1.0"
::1 - - [19/May/2023:12:26:45 +0000] "GET /api/v1/users/me? HTTP/1.0" 200 187 "-" "Sedu/1 CFNetwork/1399 Darwin/22.1.0"
::ffff:127.0.0.1 - - [19/May/2023:12:26:56 +0000] "GET /api/v1/users/logout? HTTP/1.0" 200 39 "-" "Sedu/1 CFNetwork/1399 Darwin/22.1.0"
::1 - - [19/May/2023:12:26:56 +0000] "GET /api/v1/users/me? HTTP/1.0" 401 283 "-" "Sedu/1 CFNetwork/1399 Darwin/22.1.0"
::ffff:127.0.0.1 - - [19/May/2023:12:28:05 +0000] "GET /api/v1/articles/642d75b97c1330814fb763bb? HTTP/1.0" 200 12199 "-" "Sedu/1 CFNetwork/1197 Darwin/20.0.0"
::1 - - [19/May/2023:12:28:25 +0000] "GET /api/v1/users/me? HTTP/1.0" 304 - "-" "Sedu/1 CFNetwork/1197 Darwin/20.0.0"
::1 - - [19/May/2023:12:28:25 +0000] "GET /api/v1/ads? HTTP/1.0" 304 - "-" "Sedu/1 CFNetwork/1197 Darwin/20.0.0"
::ffff:127.0.0.1 - - [19/May/2023:12:28:25 +0000] "GET /api/v1/articles? HTTP/1.0" 304 - "-" "Sedu/1 CFNetwork/1197 Darwin/20.0.0"
::ffff:127.0.0.1 - - [19/May/2023:12:28:25 +0000] "GET /api/v1/users/me? HTTP/1.0" 304 - "-" "Sedu/1 CFNetwork/1197 Darwin/20.0.0"
::1 - - [19/May/2023:12:29:24 +0000] "GET /api/v1/users/me? HTTP/1.0" 304 - "-" "Sedu/1 CFNetwork/1240.0.4 Darwin/20.6.0"
::1 - - [19/May/2023:12:29:25 +0000] "GET /api/v1/ads? HTTP/1.0" 304 - "-" "Sedu/1 CFNetwork/1240.0.4 Darwin/20.6.0"
::ffff:127.0.0.1 - - [19/May/2023:12:29:25 +0000] "GET /api/v1/articles? HTTP/1.0" 304 - "-" "Sedu/1 CFNetwork/1240.0.4 Darwin/20.6.0"
::1 - - [19/May/2023:12:30:11 +0000] "GET /api/v1/users/me? HTTP/1.0" 401 283 "-" "Sedu/1 CFNetwork/1406.0.4 Darwin/22.4.0"
::ffff:127.0.0.1 - - [19/May/2023:12:30:22 +0000] "POST /api/v1/users/register HTTP/1.0" 500 247 "-" "Sedu/1 CFNetwork/1406.0.4 Darwin/22.4.0"
::1 - - [19/May/2023:12:30:37 +0000] "POST /api/v1/users/register HTTP/1.0" 200 467 "-" "Sedu/1 CFNetwork/1406.0.4 Darwin/22.4.0"
::ffff:127.0.0.1 - - [19/May/2023:12:30:37 +0000] "GET /api/v1/users/me? HTTP/1.0" 200 193 "-" "Sedu/1 CFNetwork/1406.0.4 Darwin/22.4.0"
::1 - - [19/May/2023:12:30:45 +0000] "GET /api/v1/users/me? HTTP/1.0" 304 - "-" "Sedu/1 CFNetwork/1406.0.4 Darwin/22.4.0"
::ffff:127.0.0.1 - - [19/May/2023:12:30:51 +0000] "POST /api/v1/users/invoice/64676beda32e8316d82390ec HTTP/1.0" 200 50 "-" "Sedu/1 CFNetwork/1406.0.4 Darwin/22.4.0"
::1 - - [19/May/2023:12:30:51 +0000] "GET /api/v1/wallets/64676bfba32e8316d82390f1? HTTP/1.0" 200 16098 "-" "Sedu/1 CFNetwork/1406.0.4 Darwin/22.4.0"
::ffff:127.0.0.1 - - [19/May/2023:12:31:46 +0000] "GET /api/v1/users/me? HTTP/1.0" 200 232 "-" "Sedu/1 CFNetwork/1406.0.4 Darwin/22.4.0"
::1 - - [19/May/2023:12:31:46 +0000] "GET /api/v1/wallets/64676bfba32e8316d82390f1? HTTP/1.0" 304 - "-" "Sedu/1 CFNetwork/1406.0.4 Darwin/22.4.0"
::ffff:127.0.0.1 - - [19/May/2023:12:32:05 +0000] "GET /api/v1/users/me? HTTP/1.0" 304 - "-" "Sedu/1 CFNetwork/1406.0.4 Darwin/22.4.0"
::1 - - [19/May/2023:12:32:05 +0000] "GET /api/v1/wallets/64676bfba32e8316d82390f1? HTTP/1.0" 304 - "-" "Sedu/1 CFNetwork/1406.0.4 Darwin/22.4.0"
::ffff:127.0.0.1 - - [19/May/2023:12:32:37 +0000] "GET /api/v1/users/logout? HTTP/1.0" 200 39 "-" "Sedu/1 CFNetwork/1406.0.4 Darwin/22.4.0"
::1 - - [19/May/2023:12:32:37 +0000] "GET /api/v1/users/me? HTTP/1.0" 401 283 "-" "Sedu/1 CFNetwork/1406.0.4 Darwin/22.4.0"
::ffff:127.0.0.1 - - [19/May/2023:12:33:14 +0000] "GET /api/v1/users/me? HTTP/1.0" 304 - "-" "Sedu/1 CFNetwork/1404.0.5 Darwin/22.3.0"
::ffff:127.0.0.1 - - [19/May/2023:12:33:14 +0000] "GET /api/v1/ads? HTTP/1.0" 304 - "-" "Sedu/1 CFNetwork/1404.0.5 Darwin/22.3.0"
::1 - - [19/May/2023:12:33:14 +0000] "GET /api/v1/articles? HTTP/1.0" 304 - "-" "Sedu/1 CFNetwork/1404.0.5 Darwin/22.3.0"
::ffff:127.0.0.1 - - [19/May/2023:12:34:22 +0000] "GET /actuator/health HTTP/1.0" 404 154 "-" "Mozilla/5.0 zgrab/0.x"
::1 - - [19/May/2023:12:34:29 +0000] "GET /api/v1/users/me? HTTP/1.0" 304 - "-" "Sedu/1 CFNetwork/1404.0.5 Darwin/22.3.0"
::ffff:127.0.0.1 - - [19/May/2023:12:34:29 +0000] "GET /api/v1/ads? HTTP/1.0" 304 - "-" "Sedu/1 CFNetwork/1404.0.5 Darwin/22.3.0"
::1 - - [19/May/2023:12:34:30 +0000] "GET /api/v1/articles? HTTP/1.0" 304 - "-" "Sedu/1 CFNetwork/1404.0.5 Darwin/22.3.0"
::ffff:127.0.0.1 - - [19/May/2023:12:34:56 +0000] "GET /api/v1/articles/642e38197c1330814fb764af? HTTP/1.0" 200 5954 "-" "Sedu/1 CFNetwork/1404.0.5 Darwin/22.3.0"
::1 - - [19/May/2023:12:35:02 +0000] "GET /api/v1/articles/642e38807c1330814fb764b7? HTTP/1.0" 200 2547 "-" "Sedu/1 CFNetwork/1404.0.5 Darwin/22.3.0"
::ffff:127.0.0.1 - - [19/May/2023:12:37:07 +0000] "GET /api/v1/users/me? HTTP/1.0" 401 283 "-" "Sedu/1 CFNetwork/1406.0.4 Darwin/22.4.0"
