::1 - - [30/May/2023:14:49:01 +0000] "GET /api/v1/articles/642e36c67c1330814fb764a6? HTTP/1.0" 304 - "-" "Sedu/1 CFNetwork/1399 Darwin/22.1.0"
::ffff:127.0.0.1 - - [30/May/2023:14:49:09 +0000] "GET /api/v1/articles/642d5b327c1330814fb763a4? HTTP/1.0" 200 9617 "-" "Sedu/1 CFNetwork/1404.0.5 Darwin/22.3.0"
::1 - - [30/May/2023:14:49:18 +0000] "GET /api/v1/articles/642e321a7c1330814fb7648b? HTTP/1.0" 304 - "-" "Sedu/1 CFNetwork/1399 Darwin/22.1.0"
::ffff:127.0.0.1 - - [30/May/2023:14:49:37 +0000] "GET /api/v1/articles/642d4efb7c1330814fb762cf? HTTP/1.0" 200 10100 "-" "Sedu/1 CFNetwork/1404.0.5 Darwin/22.3.0"
::ffff:127.0.0.1 - - [30/May/2023:14:49:38 +0000] "GET /api/v1/articles/642d5b917c1330814fb763ad? HTTP/1.0" 200 5031 "-" "Sedu/1 CFNetwork/1404.0.5 Darwin/22.3.0"
::1 - - [30/May/2023:14:49:39 +0000] "GET /api/v1/users/me? HTTP/1.0" 401 283 "-" "Sedu/1 CFNetwork/1402.0.8 Darwin/22.2.0"
::1 - - [30/May/2023:14:50:30 +0000] "GET /api/v1/articles/642d789c7c1330814fb763e7? HTTP/1.0" 200 6163 "-" "Sedu/1 CFNetwork/1404.0.5 Darwin/22.3.0"
::ffff:127.0.0.1 - - [30/May/2023:14:50:47 +0000] "GET /api/v1/articles/642e31907c1330814fb7647d? HTTP/1.0" 304 - "-" "Sedu/1 CFNetwork/1399 Darwin/22.1.0"
::ffff:127.0.0.1 - - [30/May/2023:14:51:13 +0000] "GET /api/v1/ads? HTTP/1.0" 304 - "-" "Sedu/1 CFNetwork/1404.0.5 Darwin/22.3.0"
::1 - - [30/May/2023:14:51:13 +0000] "GET /api/v1/users/me? HTTP/1.0" 304 - "-" "Sedu/1 CFNetwork/1404.0.5 Darwin/22.3.0"
::1 - - [30/May/2023:14:51:13 +0000] "GET /api/v1/articles? HTTP/1.0" 304 - "-" "Sedu/1 CFNetwork/1404.0.5 Darwin/22.3.0"
::ffff:127.0.0.1 - - [30/May/2023:14:51:15 +0000] "GET /api/v1/articles/642d7be67c1330814fb7643d? HTTP/1.0" 200 5356 "-" "Sedu/1 CFNetwork/1399 Darwin/22.1.0"
::1 - - [30/May/2023:14:51:35 +0000] "GET /api/v1/articles/642e2e6d7c1330814fb7646b? HTTP/1.0" 200 1619 "-" "Sedu/1 CFNetwork/1404.0.5 Darwin/22.3.0"
::ffff:127.0.0.1 - - [30/May/2023:14:52:24 +0000] "GET /api/v1/users/me? HTTP/1.0" 304 - "-" "Sedu/1 CFNetwork/1404.0.5 Darwin/22.3.0"
::1 - - [30/May/2023:14:52:34 +0000] "GET /api/v1/articles/642e35cf7c1330814fb7649d? HTTP/1.0" 200 6713 "-" "Sedu/1 CFNetwork/1404.0.5 Darwin/22.3.0"
::ffff:127.0.0.1 - - [30/May/2023:14:53:06 +0000] "GET /api/v1/articles/642d79f07c1330814fb76404? HTTP/1.0" 200 11855 "-" "Sedu/1 CFNetwork/1399 Darwin/22.1.0"
::1 - - [30/May/2023:14:53:54 +0000] "GET /api/v1/users/me? HTTP/1.0" 200 229 "-" "Sedu/1 CFNetwork/1408.0.4 Darwin/22.5.0"
::ffff:127.0.0.1 - - [30/May/2023:14:53:59 +0000] "GET /api/v1/articles/642e38807c1330814fb764b7? HTTP/1.0" 200 2547 "-" "Sedu/1 CFNetwork/1404.0.5 Darwin/22.3.0"
::1 - - [30/May/2023:14:54:02 +0000] "GET /api/v1/users/logout? HTTP/1.0" 200 39 "-" "Sedu/1 CFNetwork/1408.0.4 Darwin/22.5.0"
::ffff:127.0.0.1 - - [30/May/2023:14:54:02 +0000] "GET /api/v1/users/me? HTTP/1.0" 401 283 "-" "Sedu/1 CFNetwork/1408.0.4 Darwin/22.5.0"
::1 - - [30/May/2023:14:54:22 +0000] "GET /api/v1/articles/642d5b327c1330814fb763a4? HTTP/1.0" 304 - "-" "Sedu/1 CFNetwork/1399 Darwin/22.1.0"
::ffff:127.0.0.1 - - [30/May/2023:14:55:50 +0000] "GET /api/v1/users/me? HTTP/1.0" 401 283 "-" "Sedu/1 CFNetwork/1404.0.5 Darwin/22.3.0"
::1 - - [30/May/2023:14:56:20 +0000] "POST /api/v1/users/register HTTP/1.0" 500 249 "-" "Sedu/1 CFNetwork/1404.0.5 Darwin/22.3.0"
::ffff:127.0.0.1 - - [30/May/2023:14:56:28 +0000] "POST /api/v1/users/register HTTP/1.0" 500 249 "-" "Sedu/1 CFNetwork/1404.0.5 Darwin/22.3.0"
::1 - - [30/May/2023:14:56:30 +0000] "POST /api/v1/users/register HTTP/1.0" 500 249 "-" "Sedu/1 CFNetwork/1404.0.5 Darwin/22.3.0"
::ffff:127.0.0.1 - - [30/May/2023:14:56:31 +0000] "POST /api/v1/users/register HTTP/1.0" 500 249 "-" "Sedu/1 CFNetwork/1404.0.5 Darwin/22.3.0"
::1 - - [30/May/2023:14:56:32 +0000] "POST /api/v1/users/register HTTP/1.0" 500 249 "-" "Sedu/1 CFNetwork/1404.0.5 Darwin/22.3.0"
::ffff:127.0.0.1 - - [30/May/2023:14:56:57 +0000] "POST /api/v1/users/register HTTP/1.0" 500 248 "-" "Sedu/1 CFNetwork/1404.0.5 Darwin/22.3.0"
::1 - - [30/May/2023:14:56:58 +0000] "POST /api/v1/users/register HTTP/1.0" 500 248 "-" "Sedu/1 CFNetwork/1404.0.5 Darwin/22.3.0"
::ffff:127.0.0.1 - - [30/May/2023:14:57:08 +0000] "GET /api/v1/users/me? HTTP/1.0" 401 283 "-" "Sedu/1 CFNetwork/1408.0.4 Darwin/22.5.0"
::1 - - [30/May/2023:14:57:39 +0000] "GET /api/v1/users/me? HTTP/1.0" 500 117 "-" "Sedu/1 CFNetwork/1408.0.4 Darwin/22.5.0"
::ffff:127.0.0.1 - - [30/May/2023:14:57:40 +0000] "GET /api/v1/articles? HTTP/1.0" 500 117 "-" "Sedu/1 CFNetwork/1408.0.4 Darwin/22.5.0"
::1 - - [30/May/2023:14:57:41 +0000] "GET /api/v1/ads? HTTP/1.0" 200 633 "-" "Sedu/1 CFNetwork/1408.0.4 Darwin/22.5.0"
::1 - - [30/May/2023:14:57:48 +0000] "POST /api/v1/users/login HTTP/1.0" 401 123 "-" "Sedu/1 CFNetwork/1404.0.5 Darwin/22.3.0"
::ffff:127.0.0.1 - - [30/May/2023:14:58:19 +0000] "GET /api/v1/users/me? HTTP/1.0" 500 117 "-" "Sedu/1 CFNetwork/1408.0.4 Darwin/22.5.0"
::1 - - [30/May/2023:14:58:27 +0000] "GET /api/v1/users/me? HTTP/1.0" 401 283 "-" "Sedu/1 CFNetwork/1335.0.3 Darwin/21.6.0"
::ffff:127.0.0.1 - - [30/May/2023:14:58:27 +0000] "GET /api/v1/users/me? HTTP/1.0" 500 117 "-" "Sedu/1 CFNetwork/1408.0.4 Darwin/22.5.0"
::1 - - [30/May/2023:14:58:28 +0000] "GET /api/v1/articles? HTTP/1.0" 500 117 "-" "Sedu/1 CFNetwork/1408.0.4 Darwin/22.5.0"
::ffff:127.0.0.1 - - [30/May/2023:14:58:29 +0000] "GET /api/v1/ads? HTTP/1.0" 304 - "-" "Sedu/1 CFNetwork/1408.0.4 Darwin/22.5.0"
::ffff:127.0.0.1 - - [30/May/2023:14:58:42 +0000] "GET /api/v1/users/me? HTTP/1.0" 200 230 "-" "Sedu/1 CFNetwork/1406.0.4 Darwin/22.4.0"
::1 - - [30/May/2023:14:58:50 +0000] "POST /api/v1/users/register HTTP/1.0" 500 248 "-" "Sedu/1 CFNetwork/1335.0.3 Darwin/21.6.0"
::1 - - [30/May/2023:14:59:03 +0000] "GET /api/v1/users/logout? HTTP/1.0" 304 - "-" "Sedu/1 CFNetwork/1406.0.4 Darwin/22.4.0"
::ffff:127.0.0.1 - - [30/May/2023:14:59:03 +0000] "POST /api/v1/users/login HTTP/1.0" 401 123 "-" "Sedu/1 CFNetwork/1335.0.3 Darwin/21.6.0"
::ffff:127.0.0.1 - - [30/May/2023:14:59:03 +0000] "GET /api/v1/users/me? HTTP/1.0" 401 283 "-" "Sedu/1 CFNetwork/1406.0.4 Darwin/22.4.0"
::1 - - [30/May/2023:14:59:18 +0000] "POST /api/v1/users/login HTTP/1.0" 200 504 "-" "Sedu/1 CFNetwork/1406.0.4 Darwin/22.4.0"
::ffff:127.0.0.1 - - [30/May/2023:14:59:18 +0000] "GET /api/v1/users/me? HTTP/1.0" 304 - "-" "Sedu/1 CFNetwork/1406.0.4 Darwin/22.4.0"
::1 - - [30/May/2023:14:59:19 +0000] "POST /api/v1/users/register HTTP/1.0" 200 464 "-" "Sedu/1 CFNetwork/1335.0.3 Darwin/21.6.0"
::ffff:127.0.0.1 - - [30/May/2023:14:59:19 +0000] "GET /api/v1/users/me? HTTP/1.0" 200 190 "-" "Sedu/1 CFNetwork/1335.0.3 Darwin/21.6.0"
::1 - - [30/May/2023:14:59:21 +0000] "GET /api/v1/users/logout? HTTP/1.0" 304 - "-" "Sedu/1 CFNetwork/1406.0.4 Darwin/22.4.0"
::ffff:127.0.0.1 - - [30/May/2023:14:59:21 +0000] "GET /api/v1/users/me? HTTP/1.0" 401 283 "-" "Sedu/1 CFNetwork/1406.0.4 Darwin/22.4.0"
::1 - - [30/May/2023:14:59:25 +0000] "GET /api/v1/users/me? HTTP/1.0" 304 - "-" "Sedu/1 CFNetwork/1335.0.3 Darwin/21.6.0"
::ffff:127.0.0.1 - - [30/May/2023:14:59:30 +0000] "POST /api/v1/users/login HTTP/1.0" 401 123 "-" "Sedu/1 CFNetwork/1406.0.4 Darwin/22.4.0"
::1 - - [30/May/2023:15:01:18 +0000] "GET /api/v1/users/me? HTTP/1.0" 304 - "-" "Sedu/1 CFNetwork/1404.0.5 Darwin/22.3.0"
::1 - - [30/May/2023:15:01:18 +0000] "GET /api/v1/ads? HTTP/1.0" 304 - "-" "Sedu/1 CFNetwork/1404.0.5 Darwin/22.3.0"
::ffff:127.0.0.1 - - [30/May/2023:15:01:18 +0000] "GET /api/v1/articles? HTTP/1.0" 304 - "-" "Sedu/1 CFNetwork/1404.0.5 Darwin/22.3.0"
::1 - - [30/May/2023:15:01:22 +0000] "GET /api/v1/articles/642d55bf7c1330814fb76345? HTTP/1.0" 304 - "-" "Sedu/1 CFNetwork/1399 Darwin/22.1.0"
::ffff:127.0.0.1 - - [30/May/2023:15:01:27 +0000] "GET /api/v1/articles/642d4c587c1330814fb76297? HTTP/1.0" 200 22271 "-" "Sedu/1 CFNetwork/1404.0.5 Darwin/22.3.0"
::1 - - [30/May/2023:15:01:55 +0000] "GET /api/v1/articles/642d4ce07c1330814fb762a6? HTTP/1.0" 304 - "-" "Sedu/1 CFNetwork/1399 Darwin/22.1.0"
::ffff:127.0.0.1 - - [30/May/2023:15:01:59 +0000] "GET /api/v1/users/me? HTTP/1.0" 401 283 "-" "Sedu/1 CFNetwork/1404.0.5 Darwin/22.3.0"
::1 - - [30/May/2023:15:02:07 +0000] "GET /api/v1/articles/64756f97a32e8316d824bcea? HTTP/1.0" 200 3610 "-" "Sedu/1 CFNetwork/1399 Darwin/22.1.0"
::ffff:127.0.0.1 - - [30/May/2023:15:02:20 +0000] "POST /api/v1/users/register HTTP/1.0" 500 248 "-" "Sedu/1 CFNetwork/1404.0.5 Darwin/22.3.0"
::1 - - [30/May/2023:15:02:35 +0000] "GET /api/v1/users/me? HTTP/1.0" 401 283 "-" "Sedu/1 CFNetwork/1406.0.4 Darwin/22.4.0"
::ffff:127.0.0.1 - - [30/May/2023:15:02:42 +0000] "POST /api/v1/users/register HTTP/1.0" 500 249 "-" "Sedu/1 CFNetwork/1404.0.5 Darwin/22.3.0"
::1 - - [30/May/2023:15:02:43 +0000] "POST / HTTP/1.0" 404 140 "-" "Mozilla/5.0 (X11; Linux x86_64) AppleWebKit/537.36 (KHTML, like Gecko) Chrome/81.0.4044.129 Safari/537.36"
::ffff:127.0.0.1 - - [30/May/2023:15:02:43 +0000] "GET /.env HTTP/1.0" 404 143 "-" "Mozilla/5.0 (X11; Linux x86_64) AppleWebKit/537.36 (KHTML, like Gecko) Chrome/81.0.4044.129 Safari/537.36"
::1 - - [30/May/2023:15:02:44 +0000] "POST /api/v1/users/register HTTP/1.0" 500 249 "-" "Sedu/1 CFNetwork/1404.0.5 Darwin/22.3.0"
::ffff:127.0.0.1 - - [30/May/2023:15:02:44 +0000] "POST /api/v1/users/register HTTP/1.0" 500 249 "-" "Sedu/1 CFNetwork/1404.0.5 Darwin/22.3.0"
::1 - - [30/May/2023:15:02:44 +0000] "POST /api/v1/users/register HTTP/1.0" 500 249 "-" "Sedu/1 CFNetwork/1404.0.5 Darwin/22.3.0"
::ffff:127.0.0.1 - - [30/May/2023:15:02:44 +0000] "POST /api/v1/users/register HTTP/1.0" 500 249 "-" "Sedu/1 CFNetwork/1404.0.5 Darwin/22.3.0"
::1 - - [30/May/2023:15:02:45 +0000] "POST /api/v1/users/register HTTP/1.0" 500 249 "-" "Sedu/1 CFNetwork/1404.0.5 Darwin/22.3.0"
::ffff:127.0.0.1 - - [30/May/2023:15:02:52 +0000] "POST /api/v1/users/register HTTP/1.0" 200 464 "-" "Sedu/1 CFNetwork/1404.0.5 Darwin/22.3.0"
::1 - - [30/May/2023:15:02:52 +0000] "GET /api/v1/users/me? HTTP/1.0" 200 190 "-" "Sedu/1 CFNetwork/1404.0.5 Darwin/22.3.0"
::ffff:127.0.0.1 - - [30/May/2023:15:02:53 +0000] "POST /api/v1/users/register HTTP/1.0" 200 474 "-" "Sedu/1 CFNetwork/1406.0.4 Darwin/22.4.0"
::1 - - [30/May/2023:15:02:54 +0000] "GET /api/v1/users/me? HTTP/1.0" 200 200 "-" "Sedu/1 CFNetwork/1406.0.4 Darwin/22.4.0"
::ffff:127.0.0.1 - - [30/May/2023:15:03:01 +0000] "GET /api/v1/users/logout? HTTP/1.0" 200 39 "-" "Sedu/1 CFNetwork/1406.0.4 Darwin/22.4.0"
::1 - - [30/May/2023:15:03:01 +0000] "GET /api/v1/users/me? HTTP/1.0" 401 283 "-" "Sedu/1 CFNetwork/1406.0.4 Darwin/22.4.0"
::ffff:127.0.0.1 - - [30/May/2023:15:03:06 +0000] "GET /api/v1/users/logout? HTTP/1.0" 200 39 "-" "Sedu/1 CFNetwork/1404.0.5 Darwin/22.3.0"
::1 - - [30/May/2023:15:03:06 +0000] "GET /api/v1/users/me? HTTP/1.0" 401 283 "-" "Sedu/1 CFNetwork/1404.0.5 Darwin/22.3.0"
::ffff:127.0.0.1 - - [30/May/2023:15:03:26 +0000] "GET /api/v1/articles/64607a73a32e8316d822e51b? HTTP/1.0" 200 8468 "-" "Sedu/1 CFNetwork/1404.0.5 Darwin/22.3.0"
::1 - - [30/May/2023:15:04:01 +0000] "GET /api/v1/articles/64608634a32e8316d822e5bd? HTTP/1.0" 304 - "-" "Sedu/1 CFNetwork/1399 Darwin/22.1.0"
::ffff:127.0.0.1 - - [30/May/2023:15:04:36 +0000] "GET /api/v1/users/me? HTTP/1.0" 304 - "-" "Sedu/1 CFNetwork/1404.0.5 Darwin/22.3.0"
::ffff:127.0.0.1 - - [30/May/2023:15:04:36 +0000] "GET /api/v1/ads? HTTP/1.0" 304 - "-" "Sedu/1 CFNetwork/1404.0.5 Darwin/22.3.0"
::1 - - [30/May/2023:15:04:36 +0000] "GET /api/v1/articles? HTTP/1.0" 304 - "-" "Sedu/1 CFNetwork/1404.0.5 Darwin/22.3.0"
::1 - - [30/May/2023:15:04:39 +0000] "GET /api/v1/users/me? HTTP/1.0" 304 - "-" "Sedu/1 CFNetwork/1404.0.5 Darwin/22.3.0"
::ffff:127.0.0.1 - - [30/May/2023:15:04:43 +0000] "GET /api/v1/users/logout? HTTP/1.0" 304 - "-" "Sedu/1 CFNetwork/1404.0.5 Darwin/22.3.0"
::1 - - [30/May/2023:15:04:43 +0000] "GET /api/v1/articles? HTTP/1.0" 401 283 "-" "Sedu/1 CFNetwork/1404.0.5 Darwin/22.3.0"
::ffff:127.0.0.1 - - [30/May/2023:15:04:43 +0000] "GET /api/v1/users/me? HTTP/1.0" 401 283 "-" "Sedu/1 CFNetwork/1404.0.5 Darwin/22.3.0"
::ffff:127.0.0.1 - - [30/May/2023:15:04:43 +0000] "GET /api/v1/users/me? HTTP/1.0" 401 283 "-" "Sedu/1 CFNetwork/1404.0.5 Darwin/22.3.0"
::1 - - [30/May/2023:15:04:43 +0000] "GET /api/v1/ads? HTTP/1.0" 304 - "-" "Sedu/1 CFNetwork/1404.0.5 Darwin/22.3.0"
::ffff:127.0.0.1 - - [30/May/2023:15:05:16 +0000] "GET /api/v1/users/me? HTTP/1.0" 304 - "-" "Sedu/1 CFNetwork/1390 Darwin/22.0.0"
::1 - - [30/May/2023:15:05:16 +0000] "GET /api/v1/articles? HTTP/1.0" 200 395554 "-" "Sedu/1 CFNetwork/1390 Darwin/22.0.0"
::ffff:127.0.0.1 - - [30/May/2023:15:05:16 +0000] "GET /api/v1/ads? HTTP/1.0" 304 - "-" "Sedu/1 CFNetwork/1390 Darwin/22.0.0"
::ffff:127.0.0.1 - - [30/May/2023:15:05:20 +0000] "GET /api/v1/users/me? HTTP/1.0" 304 - "-" "Sedu/1 CFNetwork/1390 Darwin/22.0.0"
::1 - - [30/May/2023:15:05:40 +0000] "GET /api/v1/users/me? HTTP/1.0" 401 283 "-" "Sedu/1 CFNetwork/1408.0.4 Darwin/22.5.0"
::ffff:127.0.0.1 - - [30/May/2023:15:05:58 +0000] "GET /api/v1/articles/646082bca32e8316d822e594? HTTP/1.0" 304 - "-" "Sedu/1 CFNetwork/1399 Darwin/22.1.0"
::1 - - [30/May/2023:15:06:00 +0000] "POST /api/v1/users/register HTTP/1.0" 200 463 "-" "Sedu/1 CFNetwork/1408.0.4 Darwin/22.5.0"
::ffff:127.0.0.1 - - [30/May/2023:15:06:00 +0000] "GET /api/v1/users/me? HTTP/1.0" 200 189 "-" "Sedu/1 CFNetwork/1408.0.4 Darwin/22.5.0"
::1 - - [30/May/2023:15:06:12 +0000] "GET /api/v1/users/logout? HTTP/1.0" 200 39 "-" "Sedu/1 CFNetwork/1408.0.4 Darwin/22.5.0"
::ffff:127.0.0.1 - - [30/May/2023:15:06:12 +0000] "GET /api/v1/users/me? HTTP/1.0" 401 283 "-" "Sedu/1 CFNetwork/1408.0.4 Darwin/22.5.0"
::1 - - [30/May/2023:15:06:16 +0000] "GET /api/v1/users/me? HTTP/1.0" 304 - "-" "Sedu/1 CFNetwork/1399 Darwin/22.1.0"
::1 - - [30/May/2023:15:06:16 +0000] "GET /api/v1/ads? HTTP/1.0" 304 - "-" "Sedu/1 CFNetwork/1399 Darwin/22.1.0"
::ffff:127.0.0.1 - - [30/May/2023:15:06:17 +0000] "GET /api/v1/articles? HTTP/1.0" 200 395554 "-" "Sedu/1 CFNetwork/1399 Darwin/22.1.0"
::1 - - [30/May/2023:15:06:19 +0000] "GET /api/v1/users/me? HTTP/1.0" 401 283 "-" "Sedu/1 CFNetwork/1408.0.4 Darwin/22.5.0"
::ffff:127.0.0.1 - - [30/May/2023:15:07:03 +0000] "GET /api/v1/users/me? HTTP/1.0" 304 - "-" "Sedu/1 CFNetwork/1399 Darwin/22.1.0"
::1 - - [30/May/2023:15:07:22 +0000] "POST /api/v1/users/register HTTP/1.0" 200 464 "-" "Sedu/1 CFNetwork/1408.0.4 Darwin/22.5.0"
::ffff:127.0.0.1 - - [30/May/2023:15:07:22 +0000] "GET /api/v1/users/me? HTTP/1.0" 200 190 "-" "Sedu/1 CFNetwork/1408.0.4 Darwin/22.5.0"
::1 - - [30/May/2023:15:07:31 +0000] "GET /api/v1/users/me? HTTP/1.0" 304 - "-" "Sedu/1 CFNetwork/1408.0.4 Darwin/22.5.0"
::ffff:127.0.0.1 - - [30/May/2023:15:07:41 +0000] "POST /api/v1/users/invoice/6476112aa32e8316d824cf24 HTTP/1.0" 200 50 "-" "Sedu/1 CFNetwork/1408.0.4 Darwin/22.5.0"
::1 - - [30/May/2023:15:07:41 +0000] "GET /api/v1/wallets/6476113da32e8316d824cf29? HTTP/1.0" 200 16048 "-" "Sedu/1 CFNetwork/1408.0.4 Darwin/22.5.0"
::ffff:127.0.0.1 - - [30/May/2023:15:08:19 +0000] "GET /api/v1/users/callbacks/6476112aa32e8316d824cf24/20000?qpay_payment_id=421402124254187 HTTP/1.0" 200 229 "-" "node-fetch/1.0 (+https://github.com/bitinn/node-fetch)"
::1 - - [30/May/2023:15:08:27 +0000] "GET /api/v1/users/me? HTTP/1.0" 200 229 "-" "Sedu/1 CFNetwork/1408.0.4 Darwin/22.5.0"
::1 - - [30/May/2023:15:08:27 +0000] "GET /api/v1/wallets/6476113da32e8316d824cf29? HTTP/1.0" 304 - "-" "Sedu/1 CFNetwork/1408.0.4 Darwin/22.5.0"
::ffff:127.0.0.1 - - [30/May/2023:15:08:31 +0000] "GET /api/v1/users/logout? HTTP/1.0" 200 39 "-" "Sedu/1 CFNetwork/1408.0.4 Darwin/22.5.0"
::1 - - [30/May/2023:15:08:32 +0000] "GET /api/v1/users/me? HTTP/1.0" 401 283 "-" "Sedu/1 CFNetwork/1408.0.4 Darwin/22.5.0"
::ffff:127.0.0.1 - - [30/May/2023:15:08:46 +0000] "POST /api/v1/users/login HTTP/1.0" 200 503 "-" "Sedu/1 CFNetwork/1408.0.4 Darwin/22.5.0"
::1 - - [30/May/2023:15:08:46 +0000] "GET /api/v1/users/me? HTTP/1.0" 304 - "-" "Sedu/1 CFNetwork/1408.0.4 Darwin/22.5.0"
::ffff:127.0.0.1 - - [30/May/2023:15:08:46 +0000] "GET /api/v1/ads? HTTP/1.0" 200 633 "-" "Sedu/1 CFNetwork/1408.0.4 Darwin/22.5.0"
::ffff:127.0.0.1 - - [30/May/2023:15:08:46 +0000] "GET /api/v1/articles? HTTP/1.0" 200 395554 "-" "Sedu/1 CFNetwork/1408.0.4 Darwin/22.5.0"
::1 - - [30/May/2023:15:09:12 +0000] "GET /api/v1/articles/642d771f7c1330814fb763cd? HTTP/1.0" 200 3044 "-" "Sedu/1 CFNetwork/1408.0.4 Darwin/22.5.0"
::ffff:127.0.0.1 - - [30/May/2023:15:09:31 +0000] "GET /api/v1/users/me? HTTP/1.0" 304 - "-" "Sedu/1 CFNetwork/1406.0.4 Darwin/22.4.0"
::ffff:127.0.0.1 - - [30/May/2023:15:09:31 +0000] "GET /api/v1/ads? HTTP/1.0" 304 - "-" "Sedu/1 CFNetwork/1406.0.4 Darwin/22.4.0"
::1 - - [30/May/2023:15:09:31 +0000] "GET /api/v1/articles? HTTP/1.0" 200 395554 "-" "Sedu/1 CFNetwork/1406.0.4 Darwin/22.4.0"
::ffff:127.0.0.1 - - [30/May/2023:15:09:50 +0000] "GET /api/v1/articles/642d56517c1330814fb7635e? HTTP/1.0" 304 - "-" "Sedu/1 CFNetwork/1406.0.4 Darwin/22.4.0"
::1 - - [30/May/2023:15:10:26 +0000] "GET /api/v1/articles/642d76ab7c1330814fb763c4? HTTP/1.0" 200 12382 "-" "Sedu/1 CFNetwork/1406.0.4 Darwin/22.4.0"
::ffff:127.0.0.1 - - [30/May/2023:15:11:13 +0000] "GET /api/v1/users/me? HTTP/1.0" 401 283 "-" "Sedu/1 CFNetwork/1404.0.5 Darwin/22.3.0"
::1 - - [30/May/2023:15:11:38 +0000] "POST /api/v1/users/register HTTP/1.0" 500 248 "-" "Sedu/1 CFNetwork/1404.0.5 Darwin/22.3.0"
::ffff:127.0.0.1 - - [30/May/2023:15:11:46 +0000] "GET /api/v1/users/me? HTTP/1.0" 401 283 "-" "Sedu/1 CFNetwork/1402.0.8 Darwin/22.2.0"
::1 - - [30/May/2023:15:11:48 +0000] "GET /api/v1/articles/642d789c7c1330814fb763e7? HTTP/1.0" 200 6163 "-" "Sedu/1 CFNetwork/1408.0.4 Darwin/22.5.0"
::1 - - [30/May/2023:15:12:00 +0000] "POST /api/v1/users/register HTTP/1.0" 500 251 "-" "Sedu/1 CFNetwork/1402.0.8 Darwin/22.2.0"
::ffff:127.0.0.1 - - [30/May/2023:15:12:06 +0000] "POST /api/v1/users/login HTTP/1.0" 401 123 "-" "Sedu/1 CFNetwork/1404.0.5 Darwin/22.3.0"
::ffff:127.0.0.1 - - [30/May/2023:15:12:16 +0000] "GET /api/v1/users/me? HTTP/1.0" 304 - "-" "Sedu/1 CFNetwork/1408.0.4 Darwin/22.5.0"
::1 - - [30/May/2023:15:12:16 +0000] "GET /api/v1/ads? HTTP/1.0" 304 - "-" "Sedu/1 CFNetwork/1408.0.4 Darwin/22.5.0"
::1 - - [30/May/2023:15:12:16 +0000] "GET /api/v1/articles? HTTP/1.0" 304 - "-" "Sedu/1 CFNetwork/1408.0.4 Darwin/22.5.0"
::ffff:127.0.0.1 - - [30/May/2023:15:12:23 +0000] "POST /api/v1/users/register HTTP/1.0" 200 466 "-" "Sedu/1 CFNetwork/1402.0.8 Darwin/22.2.0"
::1 - - [30/May/2023:15:12:23 +0000] "GET /api/v1/users/me? HTTP/1.0" 200 192 "-" "Sedu/1 CFNetwork/1402.0.8 Darwin/22.2.0"
::ffff:127.0.0.1 - - [30/May/2023:15:12:28 +0000] "GET /api/v1/users/logout? HTTP/1.0" 200 39 "-" "Sedu/1 CFNetwork/1402.0.8 Darwin/22.2.0"
::1 - - [30/May/2023:15:12:29 +0000] "GET /api/v1/users/me? HTTP/1.0" 401 283 "-" "Sedu/1 CFNetwork/1402.0.8 Darwin/22.2.0"
::ffff:127.0.0.1 - - [30/May/2023:15:12:33 +0000] "POST /api/v1/users/register HTTP/1.0" 200 465 "-" "Sedu/1 CFNetwork/1404.0.5 Darwin/22.3.0"
::1 - - [30/May/2023:15:12:33 +0000] "GET /api/v1/users/me? HTTP/1.0" 200 191 "-" "Sedu/1 CFNetwork/1404.0.5 Darwin/22.3.0"
::ffff:127.0.0.1 - - [30/May/2023:15:12:45 +0000] "GET /api/v1/users/me? HTTP/1.0" 304 - "-" "Sedu/1 CFNetwork/1404.0.5 Darwin/22.3.0"
::1 - - [30/May/2023:15:12:50 +0000] "POST /api/v1/users/invoice/64761261a32e8316d824cf5a HTTP/1.0" 200 50 "-" "Sedu/1 CFNetwork/1404.0.5 Darwin/22.3.0"
::ffff:127.0.0.1 - - [30/May/2023:15:12:50 +0000] "GET /api/v1/wallets/64761272a32e8316d824cf5f? HTTP/1.0" 200 16061 "-" "Sedu/1 CFNetwork/1404.0.5 Darwin/22.3.0"
::1 - - [30/May/2023:15:12:59 +0000] "GET /api/v1/users/logout? HTTP/1.0" 200 39 "-" "Sedu/1 CFNetwork/1404.0.5 Darwin/22.3.0"
::ffff:127.0.0.1 - - [30/May/2023:15:12:59 +0000] "GET /api/v1/users/me? HTTP/1.0" 401 283 "-" "Sedu/1 CFNetwork/1404.0.5 Darwin/22.3.0"
::1 - - [30/May/2023:15:13:09 +0000] "GET /api/v1/articles/642e321a7c1330814fb7648b? HTTP/1.0" 200 2221 "-" "Sedu/1 CFNetwork/1408.0.4 Darwin/22.5.0"
::1 - - [30/May/2023:15:14:58 +0000] "GET /api/v1/users/me? HTTP/1.0" 401 283 "-" "Sedu/1 CFNetwork/1128.0.1 Darwin/19.6.0"
::ffff:127.0.0.1 - - [30/May/2023:15:15:03 +0000] "GET /api/v1/users/me? HTTP/1.0" 401 283 "-" "Sedu/1 CFNetwork/1404.0.5 Darwin/22.3.0"
::1 - - [30/May/2023:15:15:04 +0000] "GET /api/v1/articles/642d7b217c1330814fb76434? HTTP/1.0" 200 4133 "-" "Sedu/1 CFNetwork/1406.0.4 Darwin/22.4.0"
::ffff:127.0.0.1 - - [30/May/2023:15:15:06 +0000] "GET /api/v1/users/me? HTTP/1.0" 304 - "-" "Sedu/1 CFNetwork/1399 Darwin/22.1.0"
::1 - - [30/May/2023:15:15:06 +0000] "GET /api/v1/users/me? HTTP/1.0" 304 - "-" "Sedu/1 CFNetwork/1399 Darwin/22.1.0"
::1 - - [30/May/2023:15:15:06 +0000] "GET /api/v1/articles/642d4c587c1330814fb76297? HTTP/1.0" 304 - "-" "Sedu/1 CFNetwork/1399 Darwin/22.1.0"
::ffff:127.0.0.1 - - [30/May/2023:15:15:06 +0000] "GET /api/v1/ads? HTTP/1.0" 304 - "-" "Sedu/1 CFNetwork/1399 Darwin/22.1.0"
::ffff:127.0.0.1 - - [30/May/2023:15:15:07 +0000] "GET /api/v1/articles? HTTP/1.0" 304 - "-" "Sedu/1 CFNetwork/1399 Darwin/22.1.0"
::1 - - [30/May/2023:15:15:15 +0000] "GET /api/v1/users/me? HTTP/1.0" 304 - "-" "okhttp/4.9.2"
::ffff:127.0.0.1 - - [30/May/2023:15:15:15 +0000] "GET /api/v1/ads? HTTP/1.0" 304 - "-" "okhttp/4.9.2"
::1 - - [30/May/2023:15:15:16 +0000] "GET /api/v1/articles? HTTP/1.0" 200 395554 "-" "okhttp/4.9.2"
::ffff:127.0.0.1 - - [30/May/2023:15:15:22 +0000] "POST /api/v1/users/register HTTP/1.0" 500 248 "-" "Sedu/1 CFNetwork/1404.0.5 Darwin/22.3.0"
::1 - - [30/May/2023:15:15:36 +0000] "POST /api/v1/users/register HTTP/1.0" 500 249 "-" "Sedu/1 CFNetwork/1404.0.5 Darwin/22.3.0"
::ffff:127.0.0.1 - - [30/May/2023:15:15:37 +0000] "POST /api/v1/users/register HTTP/1.0" 500 249 "-" "Sedu/1 CFNetwork/1404.0.5 Darwin/22.3.0"
::1 - - [30/May/2023:15:15:38 +0000] "GET /api/v1/articles/642e38197c1330814fb764af? HTTP/1.0" 200 5954 "-" "Sedu/1 CFNetwork/1408.0.4 Darwin/22.5.0"
::ffff:127.0.0.1 - - [30/May/2023:15:15:41 +0000] "POST /api/v1/users/register HTTP/1.0" 200 464 "-" "Sedu/1 CFNetwork/1128.0.1 Darwin/19.6.0"
::1 - - [30/May/2023:15:15:41 +0000] "GET /api/v1/users/me? HTTP/1.0" 200 190 "-" "Sedu/1 CFNetwork/1128.0.1 Darwin/19.6.0"
::ffff:127.0.0.1 - - [30/May/2023:15:15:51 +0000] "POST /api/v1/users/register HTTP/1.0" 200 470 "-" "Sedu/1 CFNetwork/1404.0.5 Darwin/22.3.0"
::1 - - [30/May/2023:15:15:52 +0000] "GET /api/v1/users/me? HTTP/1.0" 200 196 "-" "Sedu/1 CFNetwork/1404.0.5 Darwin/22.3.0"
::ffff:127.0.0.1 - - [30/May/2023:15:15:52 +0000] "GET /api/v1/users/logout? HTTP/1.0" 200 39 "-" "Sedu/1 CFNetwork/1128.0.1 Darwin/19.6.0"
::1 - - [30/May/2023:15:15:52 +0000] "GET /api/v1/users/me? HTTP/1.0" 401 283 "-" "Sedu/1 CFNetwork/1128.0.1 Darwin/19.6.0"
::ffff:127.0.0.1 - - [30/May/2023:15:16:04 +0000] "GET /api/v1/users/logout? HTTP/1.0" 200 39 "-" "Sedu/1 CFNetwork/1404.0.5 Darwin/22.3.0"
::1 - - [30/May/2023:15:16:04 +0000] "GET /api/v1/users/me? HTTP/1.0" 401 283 "-" "Sedu/1 CFNetwork/1404.0.5 Darwin/22.3.0"
::ffff:127.0.0.1 - - [30/May/2023:15:16:30 +0000] "GET /api/v1/articles/642d4efb7c1330814fb762cf? HTTP/1.0" 200 10100 "-" "Sedu/1 CFNetwork/1399 Darwin/22.1.0"
::1 - - [30/May/2023:15:17:31 +0000] "GET /api/v1/users/me? HTTP/1.0" 401 283 "-" "Sedu/1 CFNetwork/1406.0.4 Darwin/22.4.0"
::ffff:127.0.0.1 - - [30/May/2023:15:17:52 +0000] "GET /api/v1/users/me? HTTP/1.0" 401 283 "-" "Sedu/1 CFNetwork/1406.0.4 Darwin/22.4.0"
::1 - - [30/May/2023:15:17:54 +0000] "POST /api/v1/users/login HTTP/1.0" 401 123 "-" "Sedu/1 CFNetwork/1406.0.4 Darwin/22.4.0"
::ffff:127.0.0.1 - - [30/May/2023:15:18:05 +0000] "POST /api/v1/users/register HTTP/1.0" 200 461 "-" "Sedu/1 CFNetwork/1406.0.4 Darwin/22.4.0"
::1 - - [30/May/2023:15:18:05 +0000] "GET /api/v1/users/me? HTTP/1.0" 200 187 "-" "Sedu/1 CFNetwork/1406.0.4 Darwin/22.4.0"
::ffff:127.0.0.1 - - [30/May/2023:15:18:08 +0000] "GET /api/v1/articles/642d7be67c1330814fb7643d? HTTP/1.0" 200 5356 "-" "Sedu/1 CFNetwork/1406.0.4 Darwin/22.4.0"
::1 - - [30/May/2023:15:18:09 +0000] "POST /api/v1/users/login HTTP/1.0" 401 123 "-" "Sedu/1 CFNetwork/1406.0.4 Darwin/22.4.0"
::ffff:127.0.0.1 - - [30/May/2023:15:18:13 +0000] "GET /api/v1/users/me? HTTP/1.0" 401 283 "-" "Sedu/1 CFNetwork/1406.0.4 Darwin/22.4.0"
::1 - - [30/May/2023:15:18:18 +0000] "GET /api/v1/users/me? HTTP/1.0" 304 - "-" "Sedu/1 CFNetwork/1408.0.4 Darwin/22.5.0"
::ffff:127.0.0.1 - - [30/May/2023:15:18:18 +0000] "GET /api/v1/ads? HTTP/1.0" 304 - "-" "Sedu/1 CFNetwork/1408.0.4 Darwin/22.5.0"
::1 - - [30/May/2023:15:18:18 +0000] "GET /api/v1/articles? HTTP/1.0" 304 - "-" "Sedu/1 CFNetwork/1408.0.4 Darwin/22.5.0"
::ffff:127.0.0.1 - - [30/May/2023:15:18:19 +0000] "GET /api/v1/users/me? HTTP/1.0" 304 - "-" "Sedu/1 CFNetwork/1408.0.4 Darwin/22.5.0"
::1 - - [30/May/2023:15:18:20 +0000] "GET /api/v1/users/logout? HTTP/1.0" 200 39 "-" "Sedu/1 CFNetwork/1406.0.4 Darwin/22.4.0"
::ffff:127.0.0.1 - - [30/May/2023:15:18:21 +0000] "GET /api/v1/users/me? HTTP/1.0" 401 283 "-" "Sedu/1 CFNetwork/1406.0.4 Darwin/22.4.0"
::1 - - [30/May/2023:15:18:25 +0000] "GET /api/v1/users/me? HTTP/1.0" 401 283 "-" "Sedu/1 CFNetwork/1406.0.4 Darwin/22.4.0"
::ffff:127.0.0.1 - - [30/May/2023:15:18:38 +0000] "POST /api/v1/users/login HTTP/1.0" 401 123 "-" "Sedu/1 CFNetwork/1406.0.4 Darwin/22.4.0"
::1 - - [30/May/2023:15:18:41 +0000] "POST /api/v1/users/login HTTP/1.0" 401 123 "-" "Sedu/1 CFNetwork/1406.0.4 Darwin/22.4.0"
::ffff:127.0.0.1 - - [30/May/2023:15:18:52 +0000] "GET /api/v1/users/me? HTTP/1.0" 401 283 "-" "Sedu/1 CFNetwork/1406.0.4 Darwin/22.4.0"
::1 - - [30/May/2023:15:18:55 +0000] "GET /api/v1/users/me? HTTP/1.0" 401 283 "-" "Sedu/1 CFNetwork/1406.0.4 Darwin/22.4.0"
::ffff:127.0.0.1 - - [30/May/2023:15:19:02 +0000] "GET /api/v1/users/me? HTTP/1.0" 401 283 "-" "Sedu/1 CFNetwork/1406.0.4 Darwin/22.4.0"
::1 - - [30/May/2023:15:19:08 +0000] "POST /api/v1/users/login HTTP/1.0" 200 465 "-" "Sedu/1 CFNetwork/1406.0.4 Darwin/22.4.0"
::ffff:127.0.0.1 - - [30/May/2023:15:19:08 +0000] "GET /api/v1/users/me? HTTP/1.0" 200 191 "-" "Sedu/1 CFNetwork/1406.0.4 Darwin/22.4.0"
::1 - - [30/May/2023:15:19:09 +0000] "GET /api/v1/articles? HTTP/1.0" 304 - "-" "Sedu/1 CFNetwork/1406.0.4 Darwin/22.4.0"
::ffff:127.0.0.1 - - [30/May/2023:15:19:09 +0000] "GET /api/v1/ads? HTTP/1.0" 304 - "-" "Sedu/1 CFNetwork/1406.0.4 Darwin/22.4.0"
::ffff:127.0.0.1 - - [30/May/2023:15:19:22 +0000] "GET /api/v1/users/me? HTTP/1.0" 401 283 "-" "Sedu/1 CFNetwork/1335.0.3.1 Darwin/21.6.0"
::1 - - [30/May/2023:15:19:47 +0000] "GET /api/v1/users/me? HTTP/1.0" 304 - "-" "Sedu/1 CFNetwork/1406.0.4 Darwin/22.4.0"
::1 - - [30/May/2023:15:19:47 +0000] "GET /api/v1/ads? HTTP/1.0" 304 - "-" "Sedu/1 CFNetwork/1406.0.4 Darwin/22.4.0"
::ffff:127.0.0.1 - - [30/May/2023:15:19:47 +0000] "GET /api/v1/articles? HTTP/1.0" 304 - "-" "Sedu/1 CFNetwork/1406.0.4 Darwin/22.4.0"
::ffff:127.0.0.1 - - [30/May/2023:15:20:07 +0000] "POST /api/v1/users/register HTTP/1.0" 500 248 "-" "Sedu/1 CFNetwork/1335.0.3.1 Darwin/21.6.0"
::1 - - [30/May/2023:15:20:11 +0000] "POST /api/v1/users/register HTTP/1.0" 500 248 "-" "Sedu/1 CFNetwork/1335.0.3.1 Darwin/21.6.0"
::1 - - [30/May/2023:15:20:13 +0000] "POST /api/v1/users/register HTTP/1.0" 500 248 "-" "Sedu/1 CFNetwork/1335.0.3.1 Darwin/21.6.0"
::ffff:127.0.0.1 - - [30/May/2023:15:20:15 +0000] "POST /api/v1/users/register HTTP/1.0" 500 248 "-" "Sedu/1 CFNetwork/1335.0.3.1 Darwin/21.6.0"
::ffff:127.0.0.1 - - [30/May/2023:15:20:23 +0000] "POST /api/v1/users/register HTTP/1.0" 500 249 "-" "Sedu/1 CFNetwork/1335.0.3.1 Darwin/21.6.0"
::1 - - [30/May/2023:15:20:25 +0000] "GET /api/v1/articles/642d56517c1330814fb7635e? HTTP/1.0" 200 16235 "-" "Sedu/1 CFNetwork/1399 Darwin/22.1.0"
::ffff:127.0.0.1 - - [30/May/2023:15:20:38 +0000] "GET /api/v1/users/me? HTTP/1.0" 401 283 "-" "Sedu/1 CFNetwork/1406.0.4 Darwin/22.4.0"
::1 - - [30/May/2023:15:20:49 +0000] "GET /api/v1/users/me? HTTP/1.0" 401 283 "-" "Sedu/1 CFNetwork/1406.0.4 Darwin/22.4.0"
::ffff:127.0.0.1 - - [30/May/2023:15:20:53 +0000] "POST /api/v1/users/register HTTP/1.0" 500 249 "-" "Sedu/1 CFNetwork/1335.0.3.1 Darwin/21.6.0"
::1 - - [30/May/2023:15:21:01 +0000] "POST /api/v1/users/register HTTP/1.0" 200 466 "-" "Sedu/1 CFNetwork/1335.0.3.1 Darwin/21.6.0"
::ffff:127.0.0.1 - - [30/May/2023:15:21:02 +0000] "GET /api/v1/users/me? HTTP/1.0" 200 192 "-" "Sedu/1 CFNetwork/1335.0.3.1 Darwin/21.6.0"
::1 - - [30/May/2023:15:21:13 +0000] "GET /api/v1/users/me? HTTP/1.0" 304 - "-" "Sedu/1 CFNetwork/1335.0.3.1 Darwin/21.6.0"
::ffff:127.0.0.1 - - [30/May/2023:15:21:20 +0000] "POST /api/v1/users/invoice/6476145da32e8316d824cfb2 HTTP/1.0" 200 50 "-" "Sedu/1 CFNetwork/1335.0.3.1 Darwin/21.6.0"
::1 - - [30/May/2023:15:21:20 +0000] "GET /api/v1/wallets/64761470a32e8316d824cfb7? HTTP/1.0" 200 16370 "-" "Sedu/1 CFNetwork/1335.0.3.1 Darwin/21.6.0"
::ffff:127.0.0.1 - - [30/May/2023:15:21:49 +0000] "GET /api/v1/articles/642e36c67c1330814fb764a6? HTTP/1.0" 200 6465 "-" "Sedu/1 CFNetwork/1406.0.4 Darwin/22.4.0"
::1 - - [30/May/2023:15:22:30 +0000] "GET /api/v1/users/me? HTTP/1.0" 401 283 "-" "Sedu/1 CFNetwork/1406.0.4 Darwin/22.4.0"
::1 - - [30/May/2023:15:23:18 +0000] "GET /api/v1/users/me? HTTP/1.0" 200 231 "-" "Sedu/1 CFNetwork/1335.0.3.1 Darwin/21.6.0"
::ffff:127.0.0.1 - - [30/May/2023:15:23:18 +0000] "GET /api/v1/wallets/64761470a32e8316d824cfb7? HTTP/1.0" 304 - "-" "Sedu/1 CFNetwork/1335.0.3.1 Darwin/21.6.0"
::1 - - [30/May/2023:15:23:24 +0000] "GET /api/v1/articles/642e38197c1330814fb764af? HTTP/1.0" 200 5954 "-" "Sedu/1 CFNetwork/1406.0.4 Darwin/22.4.0"
::ffff:127.0.0.1 - - [30/May/2023:15:23:34 +0000] "GET /api/v1/users/me? HTTP/1.0" 304 - "-" "Sedu/1 CFNetwork/1335.0.3.1 Darwin/21.6.0"
::ffff:127.0.0.1 - - [30/May/2023:15:23:34 +0000] "GET /api/v1/wallets/64761470a32e8316d824cfb7? HTTP/1.0" 304 - "-" "Sedu/1 CFNetwork/1335.0.3.1 Darwin/21.6.0"
::1 - - [30/May/2023:15:23:38 +0000] "GET /api/v1/articles/642e38d27c1330814fb764c0? HTTP/1.0" 200 2965 "-" "Sedu/1 CFNetwork/1406.0.4 Darwin/22.4.0"
::1 - - [30/May/2023:15:23:48 +0000] "GET /api/v1/users/me? HTTP/1.0" 304 - "-" "Sedu/1 CFNetwork/1335.0.3.1 Darwin/21.6.0"
::ffff:127.0.0.1 - - [30/May/2023:15:23:48 +0000] "GET /api/v1/wallets/64761470a32e8316d824cfb7? HTTP/1.0" 304 - "-" "Sedu/1 CFNetwork/1335.0.3.1 Darwin/21.6.0"
::ffff:127.0.0.1 - - [30/May/2023:15:24:08 +0000] "POST /api/v1/users/invoice/6476145da32e8316d824cfb2 HTTP/1.0" 200 50 "-" "Sedu/1 CFNetwork/1335.0.3.1 Darwin/21.6.0"
::1 - - [30/May/2023:15:24:08 +0000] "GET /api/v1/wallets/64761518a32e8316d824cfd2? HTTP/1.0" 200 16098 "-" "Sedu/1 CFNetwork/1335.0.3.1 Darwin/21.6.0"
::ffff:127.0.0.1 - - [30/May/2023:15:24:22 +0000] "GET /api/v1/articles/642e395e7c1330814fb764cf? HTTP/1.0" 200 3839 "-" "Sedu/1 CFNetwork/1406.0.4 Darwin/22.4.0"
::1 - - [30/May/2023:15:24:27 +0000] "GET /api/v1/users/me? HTTP/1.0" 401 283 "-" "Sedu/1 CFNetwork/1406.0.4 Darwin/22.4.0"
::ffff:127.0.0.1 - - [30/May/2023:15:24:59 +0000] "GET /5Nte HTTP/1.0" 404 143 "-" "Mozilla/5.0"
::1 - - [30/May/2023:15:24:59 +0000] "GET /v0Av HTTP/1.0" 404 143 "-" "Mozilla/5.0"
::ffff:127.0.0.1 - - [30/May/2023:15:25:19 +0000] "GET /api/v1/articles/645328aba4c26797f426b363? HTTP/1.0" 200 5768 "-" "Sedu/1 CFNetwork/1406.0.4 Darwin/22.4.0"
::1 - - [30/May/2023:15:26:34 +0000] "GET /api/v1/articles/6459d34ca32e8316d8228b17? HTTP/1.0" 200 9114 "-" "Sedu/1 CFNetwork/1406.0.4 Darwin/22.4.0"
::ffff:127.0.0.1 - - [30/May/2023:15:27:17 +0000] "GET /api/v1/articles/645fbd68a32e8316d822dd25? HTTP/1.0" 200 3940 "-" "Sedu/1 CFNetwork/1406.0.4 Darwin/22.4.0"
::1 - - [30/May/2023:15:27:33 +0000] "GET /api/v1/users/me? HTTP/1.0" 401 283 "-" "Sedu/1 CFNetwork/1406.0.4 Darwin/22.4.0"
::ffff:127.0.0.1 - - [30/May/2023:15:27:40 +0000] "POST /api/v1/users/register HTTP/1.0" 500 247 "-" "Sedu/1 CFNetwork/1406.0.4 Darwin/22.4.0"
::1 - - [30/May/2023:15:27:42 +0000] "POST /api/v1/users/register HTTP/1.0" 500 247 "-" "Sedu/1 CFNetwork/1406.0.4 Darwin/22.4.0"
::ffff:127.0.0.1 - - [30/May/2023:15:27:43 +0000] "POST /api/v1/users/register HTTP/1.0" 500 247 "-" "Sedu/1 CFNetwork/1406.0.4 Darwin/22.4.0"
::1 - - [30/May/2023:15:27:45 +0000] "POST /api/v1/users/register HTTP/1.0" 500 247 "-" "Sedu/1 CFNetwork/1406.0.4 Darwin/22.4.0"
::ffff:127.0.0.1 - - [30/May/2023:15:27:55 +0000] "GET /api/v1/users/callbacks/6476145da32e8316d824cfb2/20000?qpay_payment_id=681662569798251 HTTP/1.0" 200 231 "-" "node-fetch/1.0 (+https://github.com/bitinn/node-fetch)"
::1 - - [30/May/2023:15:27:59 +0000] "POST /api/v1/users/login HTTP/1.0" 200 461 "-" "Sedu/1 CFNetwork/1406.0.4 Darwin/22.4.0"
::ffff:127.0.0.1 - - [30/May/2023:15:27:59 +0000] "GET /api/v1/users/me? HTTP/1.0" 304 - "-" "Sedu/1 CFNetwork/1406.0.4 Darwin/22.4.0"
::1 - - [30/May/2023:15:28:02 +0000] "GET /api/v1/users/me? HTTP/1.0" 200 231 "-" "Sedu/1 CFNetwork/1335.0.3.1 Darwin/21.6.0"
::ffff:127.0.0.1 - - [30/May/2023:15:28:02 +0000] "GET /api/v1/wallets/64761518a32e8316d824cfd2? HTTP/1.0" 304 - "-" "Sedu/1 CFNetwork/1335.0.3.1 Darwin/21.6.0"
::1 - - [30/May/2023:15:28:10 +0000] "POST /api/v1/users/invoice/6476145da32e8316d824cfb2 HTTP/1.0" 200 50 "-" "Sedu/1 CFNetwork/1335.0.3.1 Darwin/21.6.0"
::ffff:127.0.0.1 - - [30/May/2023:15:28:10 +0000] "GET /api/v1/wallets/6476160aa32e8316d824cff6? HTTP/1.0" 200 16222 "-" "Sedu/1 CFNetwork/1335.0.3.1 Darwin/21.6.0"
::1 - - [30/May/2023:15:28:11 +0000] "GET /api/v1/users/me? HTTP/1.0" 304 - "-" "Sedu/1 CFNetwork/1406.0.4 Darwin/22.4.0"
::1 - - [30/May/2023:15:28:24 +0000] "GET /api/v1/users/logout? HTTP/1.0" 200 39 "-" "Sedu/1 CFNetwork/1335.0.3.1 Darwin/21.6.0"
::ffff:127.0.0.1 - - [30/May/2023:15:28:25 +0000] "GET /api/v1/users/me? HTTP/1.0" 401 283 "-" "Sedu/1 CFNetwork/1335.0.3.1 Darwin/21.6.0"
::ffff:127.0.0.1 - - [30/May/2023:15:28:25 +0000] "POST /api/v1/users/invoice/647613ada32e8316d824cf8d HTTP/1.0" 200 50 "-" "Sedu/1 CFNetwork/1406.0.4 Darwin/22.4.0"
::1 - - [30/May/2023:15:28:25 +0000] "GET /api/v1/wallets/64761619a32e8316d824d009? HTTP/1.0" 200 16181 "-" "Sedu/1 CFNetwork/1406.0.4 Darwin/22.4.0"
::ffff:127.0.0.1 - - [30/May/2023:15:28:35 +0000] "POST /api/v1/users/login HTTP/1.0" 200 505 "-" "Sedu/1 CFNetwork/1335.0.3.1 Darwin/21.6.0"
::1 - - [30/May/2023:15:28:36 +0000] "GET /api/v1/users/me? HTTP/1.0" 200 231 "-" "Sedu/1 CFNetwork/1335.0.3.1 Darwin/21.6.0"
::ffff:127.0.0.1 - - [30/May/2023:15:28:36 +0000] "GET /api/v1/articles? HTTP/1.0" 200 395554 "-" "Sedu/1 CFNetwork/1335.0.3.1 Darwin/21.6.0"
::1 - - [30/May/2023:15:28:37 +0000] "GET /api/v1/ads? HTTP/1.0" 200 633 "-" "Sedu/1 CFNetwork/1335.0.3.1 Darwin/21.6.0"
::1 - - [30/May/2023:15:29:48 +0000] "GET /api/v1/users/me? HTTP/1.0" 304 - "-" "Sedu/1 CFNetwork/1406.0.4 Darwin/22.4.0"
::1 - - [30/May/2023:15:29:48 +0000] "GET /api/v1/articles/645fbd68a32e8316d822dd25? HTTP/1.0" 304 - "-" "Sedu/1 CFNetwork/1406.0.4 Darwin/22.4.0"
::ffff:127.0.0.1 - - [30/May/2023:15:29:49 +0000] "GET /api/v1/ads? HTTP/1.0" 304 - "-" "Sedu/1 CFNetwork/1406.0.4 Darwin/22.4.0"
::ffff:127.0.0.1 - - [30/May/2023:15:29:49 +0000] "GET /api/v1/articles? HTTP/1.0" 304 - "-" "Sedu/1 CFNetwork/1406.0.4 Darwin/22.4.0"
::1 - - [30/May/2023:15:31:35 +0000] "GET /api/v1/articles/645fcb61a32e8316d822ddc6? HTTP/1.0" 200 9167 "-" "Sedu/1 CFNetwork/1406.0.4 Darwin/22.4.0"
::1 - - [30/May/2023:15:31:57 +0000] "GET /api/v1/users/me? HTTP/1.0" 304 - "-" "Sedu/1 CFNetwork/1335.0.3.1 Darwin/21.6.0"
::ffff:127.0.0.1 - - [30/May/2023:15:32:10 +0000] "GET /api/v1/articles/64607a73a32e8316d822e51b? HTTP/1.0" 200 8468 "-" "Sedu/1 CFNetwork/1335.0.3.1 Darwin/21.6.0"
::1 - - [30/May/2023:15:32:44 +0000] "GET /api/v1/users/me? HTTP/1.0" 304 - "-" "Sedu/1 CFNetwork/1399 Darwin/22.1.0"
::1 - - [30/May/2023:15:32:45 +0000] "GET /api/v1/ads? HTTP/1.0" 304 - "-" "Sedu/1 CFNetwork/1399 Darwin/22.1.0"
::ffff:127.0.0.1 - - [30/May/2023:15:32:45 +0000] "GET /api/v1/articles? HTTP/1.0" 304 - "-" "Sedu/1 CFNetwork/1399 Darwin/22.1.0"
::1 - - [30/May/2023:15:33:17 +0000] "GET /api/v1/users/me? HTTP/1.0" 304 - "-" "Sedu/1 CFNetwork/1399 Darwin/22.1.0"
::ffff:127.0.0.1 - - [30/May/2023:15:33:27 +0000] "GET /api/v1/users/me? HTTP/1.0" 304 - "-" "Sedu/1 CFNetwork/1406.0.4 Darwin/22.4.0"
::1 - - [30/May/2023:15:33:42 +0000] "GET /api/v1/users/me? HTTP/1.0" 401 283 "-" "Sedu/1 CFNetwork/1406.0.4 Darwin/22.4.0"
::ffff:127.0.0.1 - - [30/May/2023:15:33:59 +0000] "POST /api/v1/users/register HTTP/1.0" 200 460 "-" "Sedu/1 CFNetwork/1406.0.4 Darwin/22.4.0"
::1 - - [30/May/2023:15:33:59 +0000] "GET /api/v1/users/me? HTTP/1.0" 200 186 "-" "Sedu/1 CFNetwork/1406.0.4 Darwin/22.4.0"
::ffff:127.0.0.1 - - [30/May/2023:15:34:13 +0000] "GET /api/v1/users/me? HTTP/1.0" 304 - "-" "Sedu/1 CFNetwork/1406.0.4 Darwin/22.4.0"
::1 - - [30/May/2023:15:34:21 +0000] "GET /api/v1/users/me? HTTP/1.0" 304 - "-" "okhttp/4.9.2"
::ffff:127.0.0.1 - - [30/May/2023:15:34:22 +0000] "GET /api/v1/articles? HTTP/1.0" 200 395554 "-" "okhttp/4.9.2"
::1 - - [30/May/2023:15:34:22 +0000] "GET /api/v1/ads? HTTP/1.0" 304 - "-" "okhttp/4.9.2"
::ffff:127.0.0.1 - - [30/May/2023:15:34:24 +0000] "POST /api/v1/users/invoice/64761766a32e8316d824d030 HTTP/1.0" 200 50 "-" "Sedu/1 CFNetwork/1406.0.4 Darwin/22.4.0"
::1 - - [30/May/2023:15:34:24 +0000] "GET /api/v1/wallets/64761780a32e8316d824d03a? HTTP/1.0" 200 16147 "-" "Sedu/1 CFNetwork/1406.0.4 Darwin/22.4.0"
::ffff:127.0.0.1 - - [30/May/2023:15:34:28 +0000] "GET /api/v1/users/logout? HTTP/1.0" 200 39 "-" "Sedu/1 CFNetwork/1406.0.4 Darwin/22.4.0"
::1 - - [30/May/2023:15:34:28 +0000] "GET /api/v1/users/me? HTTP/1.0" 401 283 "-" "Sedu/1 CFNetwork/1406.0.4 Darwin/22.4.0"
::ffff:127.0.0.1 - - [30/May/2023:15:35:54 +0000] "GET /api/v1/users/me? HTTP/1.0" 304 - "-" "Sedu/1 CFNetwork/1240.0.4 Darwin/20.5.0"
::ffff:127.0.0.1 - - [30/May/2023:15:35:55 +0000] "GET /api/v1/ads? HTTP/1.0" 304 - "-" "Sedu/1 CFNetwork/1240.0.4 Darwin/20.5.0"
::1 - - [30/May/2023:15:35:55 +0000] "GET /api/v1/articles? HTTP/1.0" 200 395554 "-" "Sedu/1 CFNetwork/1240.0.4 Darwin/20.5.0"
::ffff:127.0.0.1 - - [30/May/2023:15:36:15 +0000] "GET /api/v1/articles/642d56517c1330814fb7635e? HTTP/1.0" 200 16235 "-" "Sedu/1 CFNetwork/1240.0.4 Darwin/20.5.0"
::ffff:127.0.0.1 - - [30/May/2023:15:36:22 +0000] "GET /api/v1/users/me? HTTP/1.0" 304 - "-" "Sedu/1 CFNetwork/1240.0.4 Darwin/20.5.0"
::1 - - [30/May/2023:15:36:22 +0000] "GET /api/v1/articles/642d56517c1330814fb7635e? HTTP/1.0" 304 - "-" "Sedu/1 CFNetwork/1240.0.4 Darwin/20.5.0"
::1 - - [30/May/2023:15:36:22 +0000] "GET /api/v1/ads? HTTP/1.0" 304 - "-" "Sedu/1 CFNetwork/1240.0.4 Darwin/20.5.0"
::ffff:127.0.0.1 - - [30/May/2023:15:36:22 +0000] "GET /api/v1/articles? HTTP/1.0" 304 - "-" "Sedu/1 CFNetwork/1240.0.4 Darwin/20.5.0"
::1 - - [30/May/2023:15:37:03 +0000] "GET /api/v1/users/me? HTTP/1.0" 200 226 "-" "Sedu/1 CFNetwork/1406.0.4 Darwin/22.4.0"
::ffff:127.0.0.1 - - [30/May/2023:15:37:03 +0000] "GET /api/v1/wallets/64761619a32e8316d824d009? HTTP/1.0" 304 - "-" "Sedu/1 CFNetwork/1406.0.4 Darwin/22.4.0"
::1 - - [30/May/2023:15:37:27 +0000] "GET /api/v1/users/me? HTTP/1.0" 304 - "-" "Sedu/1 CFNetwork/1335.0.3.1 Darwin/21.6.0"
::1 - - [30/May/2023:15:37:27 +0000] "GET /api/v1/ads? HTTP/1.0" 304 - "-" "Sedu/1 CFNetwork/1335.0.3.1 Darwin/21.6.0"
::ffff:127.0.0.1 - - [30/May/2023:15:37:27 +0000] "GET /api/v1/articles? HTTP/1.0" 304 - "-" "Sedu/1 CFNetwork/1335.0.3.1 Darwin/21.6.0"
::1 - - [30/May/2023:15:37:38 +0000] "GET /api/v1/users/callbacks/647613ada32e8316d824cf8d/20000?qpay_payment_id=307668548489441 HTTP/1.0" 200 226 "-" "node-fetch/1.0 (+https://github.com/bitinn/node-fetch)"
::ffff:127.0.0.1 - - [30/May/2023:15:37:38 +0000] "GET /api/v1/articles/642d4c587c1330814fb76297? HTTP/1.0" 200 22271 "-" "Sedu/1 CFNetwork/1335.0.3.1 Darwin/21.6.0"
::1 - - [30/May/2023:15:37:44 +0000] "GET /api/v1/users/me? HTTP/1.0" 200 226 "-" "Sedu/1 CFNetwork/1406.0.4 Darwin/22.4.0"
::ffff:127.0.0.1 - - [30/May/2023:15:37:44 +0000] "GET /api/v1/wallets/64761619a32e8316d824d009? HTTP/1.0" 304 - "-" "Sedu/1 CFNetwork/1406.0.4 Darwin/22.4.0"
::1 - - [30/May/2023:15:37:49 +0000] "POST /api/v1/users/invoice/647613ada32e8316d824cf8d HTTP/1.0" 200 50 "-" "Sedu/1 CFNetwork/1406.0.4 Darwin/22.4.0"
::ffff:127.0.0.1 - - [30/May/2023:15:37:49 +0000] "GET /api/v1/wallets/6476184da32e8316d824d064? HTTP/1.0" 200 16077 "-" "Sedu/1 CFNetwork/1406.0.4 Darwin/22.4.0"
::1 - - [30/May/2023:15:37:55 +0000] "GET /api/v1/users/me? HTTP/1.0" 401 283 "-" "Sedu/1 CFNetwork/1406.0.4 Darwin/22.4.0"
::ffff:127.0.0.1 - - [30/May/2023:15:38:04 +0000] "GET /api/v1/users/me? HTTP/1.0" 200 226 "-" "Sedu/1 CFNetwork/1406.0.4 Darwin/22.4.0"
::ffff:127.0.0.1 - - [30/May/2023:15:38:04 +0000] "GET /api/v1/ads? HTTP/1.0" 200 633 "-" "Sedu/1 CFNetwork/1406.0.4 Darwin/22.4.0"
::1 - - [30/May/2023:15:38:04 +0000] "GET /api/v1/articles? HTTP/1.0" 200 395554 "-" "Sedu/1 CFNetwork/1406.0.4 Darwin/22.4.0"
::ffff:127.0.0.1 - - [30/May/2023:15:38:09 +0000] "GET /api/v1/users/me? HTTP/1.0" 304 - "-" "Sedu/1 CFNetwork/1406.0.4 Darwin/22.4.0"
::1 - - [30/May/2023:15:38:10 +0000] "GET /api/v1/users/me? HTTP/1.0" 304 - "-" "okhttp/4.9.2"
::1 - - [30/May/2023:15:38:10 +0000] "GET /api/v1/ads? HTTP/1.0" 304 - "-" "okhttp/4.9.2"
::ffff:127.0.0.1 - - [30/May/2023:15:38:10 +0000] "GET /api/v1/articles? HTTP/1.0" 304 - "-" "okhttp/4.9.2"
::1 - - [30/May/2023:15:38:11 +0000] "GET /api/v1/users/me? HTTP/1.0" 304 - "-" "okhttp/4.9.2"
::ffff:127.0.0.1 - - [30/May/2023:15:38:19 +0000] "GET /api/v1/articles/642d4c587c1330814fb76297? HTTP/1.0" 200 22271 "-" "Sedu/1 CFNetwork/1406.0.4 Darwin/22.4.0"
::1 - - [30/May/2023:15:38:32 +0000] "POST /api/v1/users/register HTTP/1.0" 500 249 "-" "Sedu/1 CFNetwork/1406.0.4 Darwin/22.4.0"
::1 - - [30/May/2023:15:38:42 +0000] "GET /api/v1/articles/642d4ce07c1330814fb762a6? HTTP/1.0" 200 10683 "-" "Sedu/1 CFNetwork/1406.0.4 Darwin/22.4.0"
::ffff:127.0.0.1 - - [30/May/2023:15:38:52 +0000] "GET /api/v1/articles/642d4efb7c1330814fb762cf? HTTP/1.0" 200 10100 "-" "Sedu/1 CFNetwork/1406.0.4 Darwin/22.4.0"
::1 - - [30/May/2023:15:39:10 +0000] "GET /api/v1/articles/642d55507c1330814fb76325? HTTP/1.0" 200 3410 "-" "Sedu/1 CFNetwork/1406.0.4 Darwin/22.4.0"
::ffff:127.0.0.1 - - [30/May/2023:15:39:10 +0000] "GET /api/v1/users/me? HTTP/1.0" 304 - "-" "Sedu/1 CFNetwork/1406.0.4 Darwin/22.4.0"
::ffff:127.0.0.1 - - [30/May/2023:15:39:11 +0000] "GET /api/v1/ads? HTTP/1.0" 304 - "-" "Sedu/1 CFNetwork/1406.0.4 Darwin/22.4.0"
::1 - - [30/May/2023:15:39:11 +0000] "GET /api/v1/articles? HTTP/1.0" 200 395554 "-" "Sedu/1 CFNetwork/1406.0.4 Darwin/22.4.0"
::ffff:127.0.0.1 - - [30/May/2023:15:39:27 +0000] "GET /api/v1/articles/642d59727c1330814fb76396? HTTP/1.0" 200 10524 "-" "Sedu/1 CFNetwork/1406.0.4 Darwin/22.4.0"
::1 - - [30/May/2023:15:39:38 +0000] "GET /api/v1/users/me? HTTP/1.0" 304 - "-" "okhttp/4.9.2"
::ffff:127.0.0.1 - - [30/May/2023:15:39:38 +0000] "GET /api/v1/articles? HTTP/1.0" 304 - "-" "okhttp/4.9.2"
::1 - - [30/May/2023:15:39:39 +0000] "GET /api/v1/ads? HTTP/1.0" 304 - "-" "okhttp/4.9.2"
::ffff:127.0.0.1 - - [30/May/2023:15:39:45 +0000] "GET /api/v1/articles/642d4fba7c1330814fb762d8? HTTP/1.0" 200 8050 "-" "okhttp/4.9.2"
::ffff:127.0.0.1 - - [30/May/2023:15:40:32 +0000] "GET /api/v1/users/me? HTTP/1.0" 401 283 "-" "Sedu/1 CFNetwork/1406.0.4 Darwin/22.4.0"
::1 - - [30/May/2023:15:40:55 +0000] "POST /api/v1/users/register HTTP/1.0" 200 463 "-" "Sedu/1 CFNetwork/1406.0.4 Darwin/22.4.0"
::ffff:127.0.0.1 - - [30/May/2023:15:40:55 +0000] "GET /api/v1/users/me? HTTP/1.0" 200 189 "-" "Sedu/1 CFNetwork/1406.0.4 Darwin/22.4.0"
::1 - - [30/May/2023:15:41:01 +0000] "GET /api/v1/users/me? HTTP/1.0" 304 - "-" "Sedu/1 CFNetwork/1406.0.4 Darwin/22.4.0"
::ffff:127.0.0.1 - - [30/May/2023:15:41:11 +0000] "POST /api/v1/users/invoice/64761907a32e8316d824d093 HTTP/1.0" 200 50 "-" "Sedu/1 CFNetwork/1406.0.4 Darwin/22.4.0"
::1 - - [30/May/2023:15:41:11 +0000] "GET /api/v1/wallets/64761916a32e8316d824d098? HTTP/1.0" 200 15942 "-" "Sedu/1 CFNetwork/1406.0.4 Darwin/22.4.0"
::ffff:127.0.0.1 - - [30/May/2023:15:41:49 +0000] "GET /api/v1/articles/642d56517c1330814fb7635e? HTTP/1.0" 200 16235 "-" "okhttp/4.9.2"
::1 - - [30/May/2023:15:41:49 +0000] "GET /api/v1/users/callbacks/64761907a32e8316d824d093/20000?qpay_payment_id=629655255032409 HTTP/1.0" 200 228 "-" "node-fetch/1.0 (+https://github.com/bitinn/node-fetch)"
::1 - - [30/May/2023:15:42:02 +0000] "GET /api/v1/users/me? HTTP/1.0" 200 228 "-" "Sedu/1 CFNetwork/1406.0.4 Darwin/22.4.0"
::ffff:127.0.0.1 - - [30/May/2023:15:42:02 +0000] "GET /api/v1/wallets/64761916a32e8316d824d098? HTTP/1.0" 304 - "-" "Sedu/1 CFNetwork/1406.0.4 Darwin/22.4.0"
::ffff:127.0.0.1 - - [30/May/2023:15:42:07 +0000] "POST /api/v1/users/invoice/64761907a32e8316d824d093 HTTP/1.0" 200 50 "-" "Sedu/1 CFNetwork/1406.0.4 Darwin/22.4.0"
::1 - - [30/May/2023:15:42:07 +0000] "GET /api/v1/wallets/6476194fa32e8316d824d0af? HTTP/1.0" 200 16238 "-" "Sedu/1 CFNetwork/1406.0.4 Darwin/22.4.0"
::ffff:127.0.0.1 - - [30/May/2023:15:42:11 +0000] "GET /api/v1/articles/642d57947c1330814fb76374? HTTP/1.0" 200 11505 "-" "okhttp/4.9.2"
::1 - - [30/May/2023:15:42:14 +0000] "GET /api/v1/users/logout? HTTP/1.0" 200 39 "-" "Sedu/1 CFNetwork/1406.0.4 Darwin/22.4.0"
::ffff:127.0.0.1 - - [30/May/2023:15:42:14 +0000] "GET /api/v1/users/me? HTTP/1.0" 401 283 "-" "Sedu/1 CFNetwork/1406.0.4 Darwin/22.4.0"
::1 - - [30/May/2023:15:42:30 +0000] "POST /api/v1/users/login HTTP/1.0" 200 502 "-" "Sedu/1 CFNetwork/1406.0.4 Darwin/22.4.0"
::ffff:127.0.0.1 - - [30/May/2023:15:42:30 +0000] "GET /api/v1/users/me? HTTP/1.0" 200 228 "-" "Sedu/1 CFNetwork/1406.0.4 Darwin/22.4.0"
::ffff:127.0.0.1 - - [30/May/2023:15:42:31 +0000] "GET /api/v1/ads? HTTP/1.0" 200 633 "-" "Sedu/1 CFNetwork/1406.0.4 Darwin/22.4.0"
::1 - - [30/May/2023:15:42:31 +0000] "GET /api/v1/articles? HTTP/1.0" 200 395554 "-" "Sedu/1 CFNetwork/1406.0.4 Darwin/22.4.0"
::ffff:127.0.0.1 - - [30/May/2023:15:42:54 +0000] "GET /api/v1/articles/642d789c7c1330814fb763e7? HTTP/1.0" 200 6163 "-" "okhttp/4.9.2"
::1 - - [30/May/2023:15:43:11 +0000] "GET /api/v1/users/me? HTTP/1.0" 304 - "-" "Sedu/1 CFNetwork/1399 Darwin/22.1.0"
::1 - - [30/May/2023:15:43:12 +0000] "GET /api/v1/ads? HTTP/1.0" 304 - "-" "Sedu/1 CFNetwork/1399 Darwin/22.1.0"
::ffff:127.0.0.1 - - [30/May/2023:15:43:12 +0000] "GET /api/v1/articles? HTTP/1.0" 304 - "-" "Sedu/1 CFNetwork/1399 Darwin/22.1.0"
::1 - - [30/May/2023:15:43:15 +0000] "GET /api/v1/articles/642d4ce07c1330814fb762a6? HTTP/1.0" 200 10683 "-" "Sedu/1 CFNetwork/1406.0.4 Darwin/22.4.0"
::ffff:127.0.0.1 - - [30/May/2023:15:43:26 +0000] "GET /api/v1/articles/642d4c587c1330814fb76297? HTTP/1.0" 200 22271 "-" "Sedu/1 CFNetwork/1399 Darwin/22.1.0"
::1 - - [30/May/2023:15:43:47 +0000] "GET /api/v1/users/me? HTTP/1.0" 401 283 "-" "Sedu/1 CFNetwork/1335.0.3.1 Darwin/21.6.0"
::ffff:127.0.0.1 - - [30/May/2023:15:43:57 +0000] "GET /api/v1/articles/642d4ce07c1330814fb762a6? HTTP/1.0" 304 - "-" "Sedu/1 CFNetwork/1406.0.4 Darwin/22.4.0"
::ffff:127.0.0.1 - - [30/May/2023:15:43:57 +0000] "GET /api/v1/users/me? HTTP/1.0" 304 - "-" "Sedu/1 CFNetwork/1406.0.4 Darwin/22.4.0"
::1 - - [30/May/2023:15:43:58 +0000] "GET /api/v1/ads? HTTP/1.0" 304 - "-" "Sedu/1 CFNetwork/1406.0.4 Darwin/22.4.0"
::1 - - [30/May/2023:15:43:58 +0000] "GET /api/v1/articles? HTTP/1.0" 304 - "-" "Sedu/1 CFNetwork/1406.0.4 Darwin/22.4.0"
::ffff:127.0.0.1 - - [30/May/2023:15:44:04 +0000] "POST /api/v1/users/register HTTP/1.0" 200 464 "-" "Sedu/1 CFNetwork/1335.0.3.1 Darwin/21.6.0"
::1 - - [30/May/2023:15:44:04 +0000] "GET /api/v1/users/me? HTTP/1.0" 200 190 "-" "Sedu/1 CFNetwork/1335.0.3.1 Darwin/21.6.0"
::1 - - [30/May/2023:15:44:13 +0000] "GET /api/v1/users/me? HTTP/1.0" 304 - "-" "Sedu/1 CFNetwork/1335.0.3.1 Darwin/21.6.0"
::ffff:127.0.0.1 - - [30/May/2023:15:44:17 +0000] "GET /api/v1/articles/642d5b327c1330814fb763a4? HTTP/1.0" 200 9617 "-" "Sedu/1 CFNetwork/1406.0.4 Darwin/22.4.0"
::1 - - [30/May/2023:15:44:18 +0000] "GET /api/v1/articles/642d79f07c1330814fb76404? HTTP/1.0" 200 11855 "-" "okhttp/4.9.2"
::ffff:127.0.0.1 - - [30/May/2023:15:45:10 +0000] "GET /api/v1/users/me? HTTP/1.0" 304 - "-" "Sedu/1 CFNetwork/1406.0.4 Darwin/22.4.0"
::1 - - [30/May/2023:15:45:12 +0000] "GET /api/v1/users/me? HTTP/1.0" 304 - "-" "okhttp/4.9.2"
::ffff:127.0.0.1 - - [30/May/2023:15:45:12 +0000] "GET /api/v1/ads? HTTP/1.0" 304 - "-" "okhttp/4.9.2"
::1 - - [30/May/2023:15:45:12 +0000] "GET /api/v1/articles? HTTP/1.0" 304 - "-" "okhttp/4.9.2"
::ffff:127.0.0.1 - - [30/May/2023:15:45:38 +0000] "GET /api/v1/users/me? HTTP/1.0" 401 283 "-" "Sedu/1 CFNetwork/1406.0.4 Darwin/22.4.0"
::1 - - [30/May/2023:15:45:41 +0000] "GET /api/v1/users/me? HTTP/1.0" 401 283 "-" "Sedu/1 CFNetwork/1404.0.5 Darwin/22.3.0"
::ffff:127.0.0.1 - - [30/May/2023:15:45:49 +0000] "POST /api/v1/users/register HTTP/1.0" 200 459 "-" "Sedu/1 CFNetwork/1406.0.4 Darwin/22.4.0"
::1 - - [30/May/2023:15:45:49 +0000] "GET /api/v1/users/me? HTTP/1.0" 200 185 "-" "Sedu/1 CFNetwork/1406.0.4 Darwin/22.4.0"
::ffff:127.0.0.1 - - [30/May/2023:15:45:57 +0000] "GET /api/v1/users/me? HTTP/1.0" 304 - "-" "Sedu/1 CFNetwork/1240.0.4 Darwin/20.5.0"
::ffff:127.0.0.1 - - [30/May/2023:15:45:57 +0000] "GET /api/v1/ads? HTTP/1.0" 304 - "-" "Sedu/1 CFNetwork/1240.0.4 Darwin/20.5.0"
::1 - - [30/May/2023:15:45:57 +0000] "GET /api/v1/articles? HTTP/1.0" 304 - "-" "Sedu/1 CFNetwork/1240.0.4 Darwin/20.5.0"
::1 - - [30/May/2023:15:45:59 +0000] "GET /api/v1/users/logout? HTTP/1.0" 200 39 "-" "Sedu/1 CFNetwork/1406.0.4 Darwin/22.4.0"
::ffff:127.0.0.1 - - [30/May/2023:15:45:59 +0000] "GET /api/v1/users/me? HTTP/1.0" 401 283 "-" "Sedu/1 CFNetwork/1406.0.4 Darwin/22.4.0"
::1 - - [30/May/2023:15:46:26 +0000] "GET /api/v1/articles/642e321a7c1330814fb7648b? HTTP/1.0" 200 2221 "-" "Sedu/1 CFNetwork/1240.0.4 Darwin/20.5.0"
::ffff:127.0.0.1 - - [30/May/2023:15:47:25 +0000] "GET /api/v1/articles/642d4efb7c1330814fb762cf? HTTP/1.0" 200 10100 "-" "Sedu/1 CFNetwork/1399 Darwin/22.1.0"
::1 - - [30/May/2023:15:47:30 +0000] "GET /api/v1/users/me? HTTP/1.0" 500 117 "-" "Sedu/1 CFNetwork/1335.0.3 Darwin/21.6.0"
::ffff:127.0.0.1 - - [30/May/2023:15:47:30 +0000] "GET /api/v1/articles? HTTP/1.0" 500 117 "-" "Sedu/1 CFNetwork/1335.0.3 Darwin/21.6.0"
