::ffff:127.0.0.1 - - [09/May/2023:11:06:05 +0000] "POST /api/v1/users/invoice/645a2912a32e8316d8229067 HTTP/1.0" 200 50 "-" "Sedu/1 CFNetwork/1335.0.3.1 Darwin/21.6.0"
::1 - - [09/May/2023:11:06:05 +0000] "GET /api/v1/wallets/645a291da32e8316d822906c? HTTP/1.0" 200 15738 "-" "Sedu/1 CFNetwork/1335.0.3.1 Darwin/21.6.0"
::ffff:127.0.0.1 - - [09/May/2023:11:08:25 +0000] "GET /api/v1/users/me? HTTP/1.0" 401 283 "-" "okhttp/4.9.2"
::1 - - [09/May/2023:11:16:18 +0000] "GET /api/v1/users/me? HTTP/1.0" 401 283 "-" "Sedu/1 CFNetwork/1406.0.4 Darwin/22.4.0"
::ffff:127.0.0.1 - - [09/May/2023:11:16:48 +0000] "GET /api/v1/users/me? HTTP/1.0" 200 226 "-" "okhttp/4.9.2"
::1 - - [09/May/2023:11:16:59 +0000] "GET /api/v1/users/me? HTTP/1.0" 304 - "-" "okhttp/4.9.2"
::ffff:127.0.0.1 - - [09/May/2023:11:17:09 +0000] "POST /api/v1/users/invoice/644e66e4a4c26797f424d267 HTTP/1.0" 200 50 "-" "okhttp/4.9.2"
::1 - - [09/May/2023:11:17:09 +0000] "GET /api/v1/wallets/645a2bb5a32e8316d8229080? HTTP/1.0" 200 15933 "-" "okhttp/4.9.2"
::ffff:127.0.0.1 - - [09/May/2023:11:17:58 +0000] "GET /api/v1/users/me? HTTP/1.0" 401 283 "-" "Sedu/1 CFNetwork/1406.0.4 Darwin/22.4.0"
::1 - - [09/May/2023:11:18:00 +0000] "GET /api/v1/users/callbacks/644e66e4a4c26797f424d267/20000?qpay_payment_id=020896790215461 HTTP/1.0" 200 226 "-" "node-fetch/1.0 (+https://github.com/bitinn/node-fetch)"
::ffff:127.0.0.1 - - [09/May/2023:11:18:06 +0000] "GET /api/v1/users/me? HTTP/1.0" 200 226 "-" "okhttp/4.9.2"
::1 - - [09/May/2023:11:18:12 +0000] "POST /api/v1/users/invoice/644e66e4a4c26797f424d267 HTTP/1.0" 200 50 "-" "okhttp/4.9.2"
::ffff:127.0.0.1 - - [09/May/2023:11:18:13 +0000] "GET /api/v1/wallets/645a2bf4a32e8316d8229095? HTTP/1.0" 200 16117 "-" "okhttp/4.9.2"
::1 - - [09/May/2023:11:18:17 +0000] "GET /api/v1/users/me? HTTP/1.0" 200 226 "-" "okhttp/4.9.2"
::ffff:127.0.0.1 - - [09/May/2023:11:18:25 +0000] "POST /api/v1/users/invoice/644e66e4a4c26797f424d267 HTTP/1.0" 200 50 "-" "okhttp/4.9.2"
::1 - - [09/May/2023:11:18:25 +0000] "GET /api/v1/wallets/645a2c01a32e8316d82290a8? HTTP/1.0" 200 16073 "-" "okhttp/4.9.2"
::ffff:127.0.0.1 - - [09/May/2023:11:18:34 +0000] "GET /api/v1/users/me? HTTP/1.0" 200 226 "-" "okhttp/4.9.2"
::1 - - [09/May/2023:11:18:42 +0000] "GET /api/v1/users/me? HTTP/1.0" 304 - "-" "okhttp/4.9.2"
::ffff:127.0.0.1 - - [09/May/2023:11:18:43 +0000] "GET /api/v1/users/logout? HTTP/1.0" 200 39 "-" "okhttp/4.9.2"
::1 - - [09/May/2023:11:18:43 +0000] "GET /api/v1/users/me? HTTP/1.0" 401 283 "-" "okhttp/4.9.2"
::ffff:127.0.0.1 - - [09/May/2023:11:18:57 +0000] "POST /api/v1/users/register HTTP/1.0" 500 247 "-" "okhttp/4.9.2"
::1 - - [09/May/2023:11:19:05 +0000] "POST /api/v1/users/register HTTP/1.0" 500 247 "-" "okhttp/4.9.2"
::ffff:127.0.0.1 - - [09/May/2023:11:19:28 +0000] "POST /api/v1/users/login HTTP/1.0" 200 500 "-" "okhttp/4.9.2"
::1 - - [09/May/2023:11:19:29 +0000] "GET /api/v1/users/me? HTTP/1.0" 304 - "-" "okhttp/4.9.2"
::ffff:127.0.0.1 - - [09/May/2023:11:19:29 +0000] "GET /api/v1/articles? HTTP/1.0" 200 344855 "-" "okhttp/4.9.2"
::1 - - [09/May/2023:11:19:29 +0000] "GET /api/v1/ads? HTTP/1.0" 200 633 "-" "okhttp/4.9.2"
::1 - - [09/May/2023:11:19:54 +0000] "GET /api/v1/users/me? HTTP/1.0" 304 - "-" "okhttp/4.9.2"
::ffff:127.0.0.1 - - [09/May/2023:11:20:09 +0000] "GET /api/v1/articles/642d789c7c1330814fb763e7? HTTP/1.0" 200 6163 "-" "okhttp/4.9.2"
::1 - - [09/May/2023:11:21:12 +0000] "GET /api/v1/articles/642d7ac57c1330814fb76424? HTTP/1.0" 200 9288 "-" "okhttp/4.9.2"
::ffff:127.0.0.1 - - [09/May/2023:11:22:04 +0000] "GET /api/v1/articles/642e321a7c1330814fb7648b? HTTP/1.0" 200 2221 "-" "okhttp/4.9.2"
::1 - - [09/May/2023:11:23:51 +0000] "GET /api/v1/users/me? HTTP/1.0" 304 - "-" "okhttp/4.9.2"
::ffff:127.0.0.1 - - [09/May/2023:11:23:51 +0000] "GET /api/v1/users/me? HTTP/1.0" 304 - "-" "okhttp/4.9.2"
::1 - - [09/May/2023:11:23:51 +0000] "GET /api/v1/ads? HTTP/1.0" 304 - "-" "okhttp/4.9.2"
::ffff:127.0.0.1 - - [09/May/2023:11:23:52 +0000] "GET /api/v1/articles? HTTP/1.0" 304 - "-" "okhttp/4.9.2"
::ffff:127.0.0.1 - - [09/May/2023:11:23:54 +0000] "GET /api/v1/articles/642d4c587c1330814fb76297? HTTP/1.0" 200 22242 "-" "okhttp/4.9.2"
::ffff:127.0.0.1 - - [09/May/2023:11:24:21 +0000] "GET /.well-known/acme-challenge/V-ZZJ3LOQSX3FS-JNMQAAHVHH9SH9DFA HTTP/1.0" 404 198 "-" "Cpanel-HTTP-Client/1.0"
::1 - - [09/May/2023:11:24:21 +0000] "GET /api/v1/articles/642d55bf7c1330814fb76345? HTTP/1.0" 200 17955 "-" "okhttp/4.9.2"
::1 - - [09/May/2023:11:26:31 +0000] "GET /api/v1/users/me? HTTP/1.0" 401 283 "-" "okhttp/4.9.2"
::ffff:127.0.0.1 - - [09/May/2023:11:26:41 +0000] "GET /api/v1/users/me? HTTP/1.0" 401 283 "-" "okhttp/4.9.2"
::1 - - [09/May/2023:11:28:30 +0000] "GET /api/v1/users/me? HTTP/1.0" 304 - "-" "okhttp/4.9.2"
::ffff:127.0.0.1 - - [09/May/2023:11:28:30 +0000] "GET /api/v1/articles? HTTP/1.0" 200 344855 "-" "okhttp/4.9.2"
::1 - - [09/May/2023:11:28:30 +0000] "GET /api/v1/ads? HTTP/1.0" 304 - "-" "okhttp/4.9.2"
::1 - - [09/May/2023:11:28:37 +0000] "GET /api/v1/articles/642d4ce07c1330814fb762a6? HTTP/1.0" 200 10683 "-" "okhttp/4.9.2"
::ffff:127.0.0.1 - - [09/May/2023:11:33:49 +0000] "GET /api/v1/users/me? HTTP/1.0" 200 238 "-" "okhttp/4.9.2"
::1 - - [09/May/2023:11:34:12 +0000] "GET /api/v1/articles/642d4ce07c1330814fb762a6? HTTP/1.0" 304 - "-" "okhttp/4.9.2"
::ffff:127.0.0.1 - - [09/May/2023:11:34:12 +0000] "GET /api/v1/users/me? HTTP/1.0" 304 - "-" "okhttp/4.9.2"
::1 - - [09/May/2023:11:34:12 +0000] "GET /api/v1/ads? HTTP/1.0" 304 - "-" "okhttp/4.9.2"
::ffff:127.0.0.1 - - [09/May/2023:11:34:12 +0000] "GET /api/v1/articles? HTTP/1.0" 304 - "-" "okhttp/4.9.2"
::1 - - [09/May/2023:11:34:22 +0000] "GET /api/v1/users/me? HTTP/1.0" 304 - "-" "Sedu/1 CFNetwork/1404.0.5 Darwin/22.3.0"
::1 - - [09/May/2023:11:34:23 +0000] "GET /api/v1/ads? HTTP/1.0" 304 - "-" "Sedu/1 CFNetwork/1404.0.5 Darwin/22.3.0"
::ffff:127.0.0.1 - - [09/May/2023:11:34:23 +0000] "GET /api/v1/articles? HTTP/1.0" 200 344855 "-" "Sedu/1 CFNetwork/1404.0.5 Darwin/22.3.0"
::1 - - [09/May/2023:11:34:27 +0000] "GET /api/v1/users/me? HTTP/1.0" 304 - "-" "okhttp/4.9.2"
::ffff:127.0.0.1 - - [09/May/2023:11:35:19 +0000] "GET /api/v1/users/me? HTTP/1.0" 401 283 "-" "Sedu/1 CFNetwork/1404.0.5 Darwin/22.3.0"
::1 - - [09/May/2023:11:35:32 +0000] "GET /api/v1/users/me? HTTP/1.0" 401 283 "-" "Sedu/1 CFNetwork/1404.0.5 Darwin/22.3.0"
::ffff:127.0.0.1 - - [09/May/2023:11:35:34 +0000] "GET /api/v1/articles/642d4efb7c1330814fb762cf? HTTP/1.0" 200 10100 "-" "okhttp/4.9.2"
::1 - - [09/May/2023:11:35:41 +0000] "POST /api/v1/users/login HTTP/1.0" 401 123 "-" "Sedu/1 CFNetwork/1404.0.5 Darwin/22.3.0"
::ffff:127.0.0.1 - - [09/May/2023:11:35:44 +0000] "POST /api/v1/users/login HTTP/1.0" 401 123 "-" "Sedu/1 CFNetwork/1404.0.5 Darwin/22.3.0"
::1 - - [09/May/2023:11:35:55 +0000] "GET /api/v1/articles/642d4fba7c1330814fb762d8? HTTP/1.0" 200 8050 "-" "okhttp/4.9.2"
::ffff:127.0.0.1 - - [09/May/2023:11:36:50 +0000] "GET /api/v1/articles/642d55507c1330814fb76325? HTTP/1.0" 200 3410 "-" "okhttp/4.9.2"
::1 - - [09/May/2023:11:36:55 +0000] "GET /api/v1/users/me? HTTP/1.0" 304 - "-" "Sedu/1 CFNetwork/1406.0.4 Darwin/22.4.0"
::1 - - [09/May/2023:11:36:56 +0000] "GET /api/v1/ads? HTTP/1.0" 304 - "-" "Sedu/1 CFNetwork/1406.0.4 Darwin/22.4.0"
::ffff:127.0.0.1 - - [09/May/2023:11:36:56 +0000] "GET /api/v1/articles? HTTP/1.0" 304 - "-" "Sedu/1 CFNetwork/1406.0.4 Darwin/22.4.0"
::ffff:127.0.0.1 - - [09/May/2023:11:36:57 +0000] "GET /api/v1/articles/642d55bf7c1330814fb76345? HTTP/1.0" 200 17955 "-" "okhttp/4.9.2"
::1 - - [09/May/2023:11:37:26 +0000] "GET /api/v1/articles/642d4efb7c1330814fb762cf? HTTP/1.0" 304 - "-" "Sedu/1 CFNetwork/1406.0.4 Darwin/22.4.0"
::1 - - [09/May/2023:11:37:36 +0000] "GET /api/v1/ads? HTTP/1.0" 304 - "-" "okhttp/4.9.2"
::ffff:127.0.0.1 - - [09/May/2023:11:37:36 +0000] "GET /api/v1/articles? HTTP/1.0" 200 344855 "-" "okhttp/4.9.2"
::ffff:127.0.0.1 - - [09/May/2023:11:37:44 +0000] "GET /api/v1/users/me? HTTP/1.0" 304 - "-" "okhttp/4.9.2"
::1 - - [09/May/2023:11:38:01 +0000] "GET /api/v1/articles/642d55507c1330814fb76325? HTTP/1.0" 200 3410 "-" "okhttp/4.9.2"
::ffff:127.0.0.1 - - [09/May/2023:11:38:03 +0000] "GET /api/v1/users/me? HTTP/1.0" 401 283 "-" "okhttp/4.9.2"
::ffff:127.0.0.1 - - [09/May/2023:11:40:44 +0000] "GET /api/v1/users/me? HTTP/1.0" 401 283 "-" "Sedu/1 CFNetwork/1406.0.4 Darwin/22.4.0"
::1 - - [09/May/2023:11:40:53 +0000] "POST /api/v1/users/register HTTP/1.0" 500 251 "-" "Sedu/1 CFNetwork/1406.0.4 Darwin/22.4.0"
::ffff:127.0.0.1 - - [09/May/2023:11:41:04 +0000] "POST /api/v1/users/register HTTP/1.0" 200 471 "-" "Sedu/1 CFNetwork/1406.0.4 Darwin/22.4.0"
::1 - - [09/May/2023:11:41:05 +0000] "GET /api/v1/users/me? HTTP/1.0" 200 197 "-" "Sedu/1 CFNetwork/1406.0.4 Darwin/22.4.0"
::ffff:127.0.0.1 - - [09/May/2023:11:41:11 +0000] "GET /api/v1/users/logout? HTTP/1.0" 200 39 "-" "Sedu/1 CFNetwork/1406.0.4 Darwin/22.4.0"
::1 - - [09/May/2023:11:41:12 +0000] "GET /api/v1/users/me? HTTP/1.0" 401 283 "-" "Sedu/1 CFNetwork/1406.0.4 Darwin/22.4.0"
::1 - - [09/May/2023:11:41:22 +0000] "POST /api/v1/users/login HTTP/1.0" 200 471 "-" "Sedu/1 CFNetwork/1406.0.4 Darwin/22.4.0"
::ffff:127.0.0.1 - - [09/May/2023:11:41:22 +0000] "GET /api/v1/users/me? HTTP/1.0" 304 - "-" "Sedu/1 CFNetwork/1406.0.4 Darwin/22.4.0"
::1 - - [09/May/2023:11:41:24 +0000] "GET /api/v1/users/logout? HTTP/1.0" 304 - "-" "Sedu/1 CFNetwork/1406.0.4 Darwin/22.4.0"
::ffff:127.0.0.1 - - [09/May/2023:11:41:24 +0000] "GET /api/v1/users/me? HTTP/1.0" 401 283 "-" "Sedu/1 CFNetwork/1406.0.4 Darwin/22.4.0"
::1 - - [09/May/2023:11:41:34 +0000] "GET /api/v1/users/me? HTTP/1.0" 401 283 "-" "Sedu/1 CFNetwork/1406.0.4 Darwin/22.4.0"
::1 - - [09/May/2023:11:41:37 +0000] "GET /api/v1/users/me? HTTP/1.0" 401 283 "-" "Sedu/1 CFNetwork/1406.0.4 Darwin/22.4.0"
::ffff:127.0.0.1 - - [09/May/2023:11:41:53 +0000] "POST /api/v1/users/register HTTP/1.0" 500 248 "-" "Sedu/1 CFNetwork/1406.0.4 Darwin/22.4.0"
::1 - - [09/May/2023:11:42:01 +0000] "POST /api/v1/users/register HTTP/1.0" 200 466 "-" "Sedu/1 CFNetwork/1406.0.4 Darwin/22.4.0"
::ffff:127.0.0.1 - - [09/May/2023:11:42:01 +0000] "GET /api/v1/users/me? HTTP/1.0" 200 192 "-" "Sedu/1 CFNetwork/1406.0.4 Darwin/22.4.0"
::1 - - [09/May/2023:11:42:08 +0000] "GET /api/v1/articles/642e3a0a7c1330814fb764d8? HTTP/1.0" 200 2199 "-" "Sedu/1 CFNetwork/1406.0.4 Darwin/22.4.0"
::ffff:127.0.0.1 - - [09/May/2023:11:42:10 +0000] "GET /api/v1/users/logout? HTTP/1.0" 200 39 "-" "Sedu/1 CFNetwork/1406.0.4 Darwin/22.4.0"
::1 - - [09/May/2023:11:42:10 +0000] "GET /api/v1/users/me? HTTP/1.0" 401 283 "-" "Sedu/1 CFNetwork/1406.0.4 Darwin/22.4.0"
::ffff:127.0.0.1 - - [09/May/2023:11:43:27 +0000] "GET /api/v1/articles/64532c84a4c26797f426b3e2? HTTP/1.0" 200 2853 "-" "Sedu/1 CFNetwork/1406.0.4 Darwin/22.4.0"
::1 - - [09/May/2023:11:43:44 +0000] "GET /api/v1/articles/642e3a4a7c1330814fb764db? HTTP/1.0" 200 1995 "-" "Sedu/1 CFNetwork/1406.0.4 Darwin/22.4.0"
::ffff:127.0.0.1 - - [09/May/2023:11:44:35 +0000] "GET /api/v1/users/me? HTTP/1.0" 401 283 "-" "Sedu/1 CFNetwork/1399 Darwin/22.1.0"
::1 - - [09/May/2023:11:44:56 +0000] "POST /api/v1/users/register HTTP/1.0" 200 465 "-" "Sedu/1 CFNetwork/1399 Darwin/22.1.0"
::ffff:127.0.0.1 - - [09/May/2023:11:44:56 +0000] "GET /api/v1/users/me? HTTP/1.0" 200 191 "-" "Sedu/1 CFNetwork/1399 Darwin/22.1.0"
::1 - - [09/May/2023:11:45:09 +0000] "GET /api/v1/users/me? HTTP/1.0" 304 - "-" "Sedu/1 CFNetwork/1399 Darwin/22.1.0"
::ffff:127.0.0.1 - - [09/May/2023:11:45:20 +0000] "GET /api/v1/users/me? HTTP/1.0" 304 - "-" "Sedu/1 CFNetwork/1406.0.4 Darwin/22.4.0"
::ffff:127.0.0.1 - - [09/May/2023:11:51:26 +0000] "GET /api/v1/users/me? HTTP/1.0" 401 283 "-" "Sedu/1 CFNetwork/1404.0.5 Darwin/22.3.0"
::1 - - [09/May/2023:11:51:58 +0000] "POST /api/v1/users/register HTTP/1.0" 200 463 "-" "Sedu/1 CFNetwork/1404.0.5 Darwin/22.3.0"
::ffff:127.0.0.1 - - [09/May/2023:11:51:58 +0000] "GET /api/v1/users/me? HTTP/1.0" 200 189 "-" "Sedu/1 CFNetwork/1404.0.5 Darwin/22.3.0"
::1 - - [09/May/2023:11:52:06 +0000] "GET /api/v1/users/me? HTTP/1.0" 304 - "-" "Sedu/1 CFNetwork/1404.0.5 Darwin/22.3.0"
::ffff:127.0.0.1 - - [09/May/2023:11:52:11 +0000] "POST /api/v1/users/invoice/645a33dea32e8316d822910a HTTP/1.0" 200 50 "-" "Sedu/1 CFNetwork/1404.0.5 Darwin/22.3.0"
::1 - - [09/May/2023:11:52:11 +0000] "GET /api/v1/wallets/645a33eba32e8316d822910f? HTTP/1.0" 200 15963 "-" "Sedu/1 CFNetwork/1404.0.5 Darwin/22.3.0"
::1 - - [09/May/2023:11:53:52 +0000] "GET /api/v1/users/me? HTTP/1.0" 200 228 "-" "Sedu/1 CFNetwork/1404.0.5 Darwin/22.3.0"
::ffff:127.0.0.1 - - [09/May/2023:11:53:53 +0000] "GET /api/v1/users/logout? HTTP/1.0" 200 39 "-" "Sedu/1 CFNetwork/1404.0.5 Darwin/22.3.0"
::1 - - [09/May/2023:11:53:53 +0000] "GET /api/v1/users/me? HTTP/1.0" 401 283 "-" "Sedu/1 CFNetwork/1404.0.5 Darwin/22.3.0"
::ffff:127.0.0.1 - - [09/May/2023:11:54:20 +0000] "POST /api/v1/users/login HTTP/1.0" 200 502 "-" "Sedu/1 CFNetwork/1404.0.5 Darwin/22.3.0"
::1 - - [09/May/2023:11:54:20 +0000] "GET /api/v1/users/me? HTTP/1.0" 304 - "-" "Sedu/1 CFNetwork/1404.0.5 Darwin/22.3.0"
::ffff:127.0.0.1 - - [09/May/2023:11:54:25 +0000] "GET /api/v1/users/logout? HTTP/1.0" 304 - "-" "Sedu/1 CFNetwork/1404.0.5 Darwin/22.3.0"
::1 - - [09/May/2023:11:54:26 +0000] "GET /api/v1/users/me? HTTP/1.0" 401 283 "-" "Sedu/1 CFNetwork/1404.0.5 Darwin/22.3.0"
::ffff:127.0.0.1 - - [09/May/2023:11:56:21 +0000] "GET /api/v1/users/me? HTTP/1.0" 304 - "-" "Sedu/1 CFNetwork/1406.0.4 Darwin/22.4.0"
::1 - - [09/May/2023:11:56:21 +0000] "GET /api/v1/users/me? HTTP/1.0" 401 283 "-" "Sedu/1 CFNetwork/1406.0.4 Darwin/22.4.0"
::1 - - [09/May/2023:11:56:21 +0000] "GET /api/v1/ads? HTTP/1.0" 304 - "-" "Sedu/1 CFNetwork/1406.0.4 Darwin/22.4.0"
::ffff:127.0.0.1 - - [09/May/2023:11:56:21 +0000] "GET /api/v1/articles? HTTP/1.0" 200 344855 "-" "Sedu/1 CFNetwork/1406.0.4 Darwin/22.4.0"
::1 - - [09/May/2023:11:56:27 +0000] "GET /api/v1/users/me? HTTP/1.0" 304 - "-" "Sedu/1 CFNetwork/1406.0.4 Darwin/22.4.0"
::ffff:127.0.0.1 - - [09/May/2023:11:56:33 +0000] "POST /api/v1/users/register HTTP/1.0" 500 249 "-" "Sedu/1 CFNetwork/1406.0.4 Darwin/22.4.0"
::1 - - [09/May/2023:11:56:58 +0000] "POST /api/v1/users/register HTTP/1.0" 200 465 "-" "Sedu/1 CFNetwork/1406.0.4 Darwin/22.4.0"
::ffff:127.0.0.1 - - [09/May/2023:11:56:58 +0000] "GET /api/v1/users/me? HTTP/1.0" 200 191 "-" "Sedu/1 CFNetwork/1406.0.4 Darwin/22.4.0"
::1 - - [09/May/2023:11:57:04 +0000] "GET /api/v1/users/me? HTTP/1.0" 304 - "-" "Sedu/1 CFNetwork/1406.0.4 Darwin/22.4.0"
::ffff:127.0.0.1 - - [09/May/2023:11:57:10 +0000] "POST /api/v1/users/invoice/645a350aa32e8316d822912b HTTP/1.0" 200 50 "-" "Sedu/1 CFNetwork/1406.0.4 Darwin/22.4.0"
::1 - - [09/May/2023:11:57:10 +0000] "GET /api/v1/wallets/645a3516a32e8316d8229130? HTTP/1.0" 200 16313 "-" "Sedu/1 CFNetwork/1406.0.4 Darwin/22.4.0"
::ffff:127.0.0.1 - - [09/May/2023:11:57:29 +0000] "GET /api/v1/users/me? HTTP/1.0" 401 283 "-" "Sedu/1 CFNetwork/1404.0.5 Darwin/22.3.0"
::1 - - [09/May/2023:11:57:50 +0000] "POST /api/v1/users/register HTTP/1.0" 200 461 "-" "Sedu/1 CFNetwork/1404.0.5 Darwin/22.3.0"
::ffff:127.0.0.1 - - [09/May/2023:11:57:50 +0000] "GET /api/v1/users/me? HTTP/1.0" 200 187 "-" "Sedu/1 CFNetwork/1404.0.5 Darwin/22.3.0"
::1 - - [09/May/2023:11:57:55 +0000] "GET /api/v1/users/me? HTTP/1.0" 304 - "-" "Sedu/1 CFNetwork/1404.0.5 Darwin/22.3.0"
::ffff:127.0.0.1 - - [09/May/2023:11:57:59 +0000] "GET /api/v1/users/me? HTTP/1.0" 304 - "-" "Sedu/1 CFNetwork/1404.0.5 Darwin/22.3.0"
::ffff:127.0.0.1 - - [09/May/2023:11:58:00 +0000] "GET /api/v1/ads? HTTP/1.0" 304 - "-" "Sedu/1 CFNetwork/1404.0.5 Darwin/22.3.0"
::1 - - [09/May/2023:11:58:00 +0000] "GET /api/v1/articles? HTTP/1.0" 200 344855 "-" "Sedu/1 CFNetwork/1404.0.5 Darwin/22.3.0"
::ffff:127.0.0.1 - - [09/May/2023:11:58:02 +0000] "POST /api/v1/users/invoice/645a353da32e8316d8229141 HTTP/1.0" 200 50 "-" "Sedu/1 CFNetwork/1404.0.5 Darwin/22.3.0"
::ffff:127.0.0.1 - - [09/May/2023:11:58:02 +0000] "GET /api/v1/wallets/645a354aa32e8316d822914b? HTTP/1.0" 200 16200 "-" "Sedu/1 CFNetwork/1404.0.5 Darwin/22.3.0"
::1 - - [09/May/2023:12:06:23 +0000] "GET /api/v1/users/me? HTTP/1.0" 304 - "-" "okhttp/4.9.2"
::ffff:127.0.0.1 - - [09/May/2023:12:06:23 +0000] "GET /api/v1/articles? HTTP/1.0" 200 344855 "-" "okhttp/4.9.2"
::1 - - [09/May/2023:12:06:23 +0000] "GET /api/v1/ads? HTTP/1.0" 304 - "-" "okhttp/4.9.2"
::ffff:127.0.0.1 - - [09/May/2023:12:06:34 +0000] "GET /api/v1/users/me? HTTP/1.0" 304 - "-" "Sedu/1 CFNetwork/1406.0.4 Darwin/22.4.0"
::1 - - [09/May/2023:12:06:34 +0000] "GET /api/v1/users/me? HTTP/1.0" 304 - "-" "Sedu/1 CFNetwork/1406.0.4 Darwin/22.4.0"
::1 - - [09/May/2023:12:06:34 +0000] "GET /api/v1/ads? HTTP/1.0" 304 - "-" "Sedu/1 CFNetwork/1406.0.4 Darwin/22.4.0"
::ffff:127.0.0.1 - - [09/May/2023:12:06:35 +0000] "GET /api/v1/articles? HTTP/1.0" 200 344855 "-" "Sedu/1 CFNetwork/1406.0.4 Darwin/22.4.0"
::ffff:127.0.0.1 - - [09/May/2023:12:07:40 +0000] "POST / HTTP/1.0" 404 140 "-" "Mozilla/5.0 (X11; Linux x86_64) AppleWebKit/537.36 (KHTML, like Gecko) Chrome/81.0.4044.129 Safari/537.36"
::1 - - [09/May/2023:12:07:40 +0000] "GET /.env HTTP/1.0" 404 143 "-" "Mozilla/5.0 (X11; Linux x86_64) AppleWebKit/537.36 (KHTML, like Gecko) Chrome/81.0.4044.129 Safari/537.36"
::ffff:127.0.0.1 - - [09/May/2023:12:09:29 +0000] "GET /api/v1/users/me? HTTP/1.0" 401 283 "-" "Sedu/1 CFNetwork/1406.0.4 Darwin/22.4.0"
::1 - - [09/May/2023:12:09:46 +0000] "POST /api/v1/users/register HTTP/1.0" 200 461 "-" "Sedu/1 CFNetwork/1406.0.4 Darwin/22.4.0"
::ffff:127.0.0.1 - - [09/May/2023:12:09:46 +0000] "GET /api/v1/users/me? HTTP/1.0" 200 187 "-" "Sedu/1 CFNetwork/1406.0.4 Darwin/22.4.0"
::1 - - [09/May/2023:12:09:59 +0000] "GET /api/v1/users/me? HTTP/1.0" 304 - "-" "Sedu/1 CFNetwork/1406.0.4 Darwin/22.4.0"
::ffff:127.0.0.1 - - [09/May/2023:12:10:08 +0000] "POST /api/v1/users/invoice/645a3809a32e8316d8229167 HTTP/1.0" 200 50 "-" "Sedu/1 CFNetwork/1406.0.4 Darwin/22.4.0"
::1 - - [09/May/2023:12:10:09 +0000] "GET /api/v1/wallets/645a3820a32e8316d822916c? HTTP/1.0" 200 16065 "-" "Sedu/1 CFNetwork/1406.0.4 Darwin/22.4.0"
::1 - - [09/May/2023:12:10:12 +0000] "GET /api/v1/users/me? HTTP/1.0" 304 - "-" "Sedu/1 CFNetwork/1404.0.5 Darwin/22.3.0"
::ffff:127.0.0.1 - - [09/May/2023:12:10:12 +0000] "GET /api/v1/ads? HTTP/1.0" 304 - "-" "Sedu/1 CFNetwork/1404.0.5 Darwin/22.3.0"
::ffff:127.0.0.1 - - [09/May/2023:12:10:12 +0000] "GET /api/v1/articles? HTTP/1.0" 304 - "-" "Sedu/1 CFNetwork/1404.0.5 Darwin/22.3.0"
::1 - - [09/May/2023:12:10:39 +0000] "GET /api/v1/articles/642d4c587c1330814fb76297? HTTP/1.0" 200 22242 "-" "Sedu/1 CFNetwork/1404.0.5 Darwin/22.3.0"
::ffff:127.0.0.1 - - [09/May/2023:12:10:40 +0000] "GET /api/v1/users/callbacks/645a3809a32e8316d8229167/20000?qpay_payment_id=979430070951275 HTTP/1.0" 200 226 "-" "node-fetch/1.0 (+https://github.com/bitinn/node-fetch)"
::1 - - [09/May/2023:12:10:43 +0000] "GET /api/v1/users/me? HTTP/1.0" 200 226 "-" "Sedu/1 CFNetwork/1406.0.4 Darwin/22.4.0"
::ffff:127.0.0.1 - - [09/May/2023:12:10:43 +0000] "GET /api/v1/wallets/645a3820a32e8316d822916c? HTTP/1.0" 304 - "-" "Sedu/1 CFNetwork/1406.0.4 Darwin/22.4.0"
::1 - - [09/May/2023:12:10:47 +0000] "POST /api/v1/users/invoice/645a3809a32e8316d8229167 HTTP/1.0" 200 50 "-" "Sedu/1 CFNetwork/1406.0.4 Darwin/22.4.0"
::ffff:127.0.0.1 - - [09/May/2023:12:10:48 +0000] "GET /api/v1/wallets/645a3847a32e8316d8229188? HTTP/1.0" 200 16053 "-" "Sedu/1 CFNetwork/1406.0.4 Darwin/22.4.0"
::1 - - [09/May/2023:12:10:53 +0000] "GET /api/v1/users/me? HTTP/1.0" 200 226 "-" "Sedu/1 CFNetwork/1406.0.4 Darwin/22.4.0"
::ffff:127.0.0.1 - - [09/May/2023:12:11:00 +0000] "GET /api/v1/users/me? HTTP/1.0" 304 - "-" "Sedu/1 CFNetwork/1406.0.4 Darwin/22.4.0"
::ffff:127.0.0.1 - - [09/May/2023:12:11:00 +0000] "GET /api/v1/ads? HTTP/1.0" 200 633 "-" "Sedu/1 CFNetwork/1406.0.4 Darwin/22.4.0"
::1 - - [09/May/2023:12:11:00 +0000] "GET /api/v1/articles? HTTP/1.0" 200 344855 "-" "Sedu/1 CFNetwork/1406.0.4 Darwin/22.4.0"
::1 - - [09/May/2023:12:11:09 +0000] "GET /api/v1/users/me? HTTP/1.0" 304 - "-" "Sedu/1 CFNetwork/1406.0.4 Darwin/22.4.0"
::ffff:127.0.0.1 - - [09/May/2023:12:11:26 +0000] "GET /api/v1/articles/642d4c587c1330814fb76297? HTTP/1.0" 200 22242 "-" "Sedu/1 CFNetwork/1406.0.4 Darwin/22.4.0"
::1 - - [09/May/2023:12:11:33 +0000] "GET /api/v1/articles/642d4ce07c1330814fb762a6? HTTP/1.0" 200 10683 "-" "Sedu/1 CFNetwork/1406.0.4 Darwin/22.4.0"
::ffff:127.0.0.1 - - [09/May/2023:12:11:38 +0000] "GET /api/v1/articles/642d4efb7c1330814fb762cf? HTTP/1.0" 200 10100 "-" "Sedu/1 CFNetwork/1406.0.4 Darwin/22.4.0"
::1 - - [09/May/2023:12:11:43 +0000] "GET /api/v1/articles/642d4efb7c1330814fb762cf? HTTP/1.0" 304 - "-" "Sedu/1 CFNetwork/1406.0.4 Darwin/22.4.0"
::1 - - [09/May/2023:12:11:43 +0000] "GET /api/v1/users/me? HTTP/1.0" 304 - "-" "Sedu/1 CFNetwork/1406.0.4 Darwin/22.4.0"
::ffff:127.0.0.1 - - [09/May/2023:12:11:43 +0000] "GET /api/v1/users/me? HTTP/1.0" 304 - "-" "Sedu/1 CFNetwork/1406.0.4 Darwin/22.4.0"
::ffff:127.0.0.1 - - [09/May/2023:12:11:43 +0000] "GET /api/v1/ads? HTTP/1.0" 304 - "-" "Sedu/1 CFNetwork/1406.0.4 Darwin/22.4.0"
::1 - - [09/May/2023:12:11:43 +0000] "GET /api/v1/articles? HTTP/1.0" 304 - "-" "Sedu/1 CFNetwork/1406.0.4 Darwin/22.4.0"
::ffff:127.0.0.1 - - [09/May/2023:12:12:55 +0000] "GET /api/v1/users/me? HTTP/1.0" 304 - "-" "Sedu/1 CFNetwork/1404.0.5 Darwin/22.3.0"
::1 - - [09/May/2023:12:13:51 +0000] "GET /api/v1/users/me? HTTP/1.0" 401 283 "-" "Sedu/1 CFNetwork/1406.0.4 Darwin/22.4.0"
::ffff:127.0.0.1 - - [09/May/2023:12:14:11 +0000] "GET /api/v1/users/me? HTTP/1.0" 304 - "-" "Sedu/1 CFNetwork/1406.0.4 Darwin/22.4.0"
::ffff:127.0.0.1 - - [09/May/2023:12:14:11 +0000] "GET /api/v1/ads? HTTP/1.0" 304 - "-" "Sedu/1 CFNetwork/1406.0.4 Darwin/22.4.0"
::1 - - [09/May/2023:12:14:11 +0000] "GET /api/v1/articles? HTTP/1.0" 200 344855 "-" "Sedu/1 CFNetwork/1406.0.4 Darwin/22.4.0"
::1 - - [09/May/2023:12:14:13 +0000] "GET /api/v1/articles/642d4c587c1330814fb76297? HTTP/1.0" 304 - "-" "Sedu/1 CFNetwork/1406.0.4 Darwin/22.4.0"
::ffff:127.0.0.1 - - [09/May/2023:12:14:19 +0000] "POST /api/v1/users/register HTTP/1.0" 200 465 "-" "Sedu/1 CFNetwork/1406.0.4 Darwin/22.4.0"
::1 - - [09/May/2023:12:14:19 +0000] "GET /api/v1/users/me? HTTP/1.0" 200 191 "-" "Sedu/1 CFNetwork/1406.0.4 Darwin/22.4.0"
::1 - - [09/May/2023:12:14:32 +0000] "GET /api/v1/users/logout? HTTP/1.0" 200 39 "-" "Sedu/1 CFNetwork/1406.0.4 Darwin/22.4.0"
::ffff:127.0.0.1 - - [09/May/2023:12:14:32 +0000] "GET /api/v1/users/me? HTTP/1.0" 401 283 "-" "Sedu/1 CFNetwork/1406.0.4 Darwin/22.4.0"
::1 - - [09/May/2023:12:14:34 +0000] "GET /api/v1/users/me? HTTP/1.0" 304 - "-" "Sedu/1 CFNetwork/1406.0.4 Darwin/22.4.0"
::1 - - [09/May/2023:12:14:34 +0000] "GET /api/v1/ads? HTTP/1.0" 304 - "-" "Sedu/1 CFNetwork/1406.0.4 Darwin/22.4.0"
::ffff:127.0.0.1 - - [09/May/2023:12:14:34 +0000] "GET /api/v1/articles? HTTP/1.0" 304 - "-" "Sedu/1 CFNetwork/1406.0.4 Darwin/22.4.0"
::1 - - [09/May/2023:12:14:35 +0000] "GET /api/v1/users/me? HTTP/1.0" 401 283 "-" "Sedu/1 CFNetwork/1406.0.4 Darwin/22.4.0"
::1 - - [09/May/2023:12:14:49 +0000] "GET /api/v1/users/me? HTTP/1.0" 304 - "-" "Sedu/1 CFNetwork/1406.0.4 Darwin/22.4.0"
::ffff:127.0.0.1 - - [09/May/2023:12:15:21 +0000] "GET /api/v1/users/me? HTTP/1.0" 304 - "-" "okhttp/4.9.2"
::1 - - [09/May/2023:12:15:21 +0000] "GET /api/v1/ads? HTTP/1.0" 304 - "-" "okhttp/4.9.2"
::ffff:127.0.0.1 - - [09/May/2023:12:15:21 +0000] "GET /api/v1/articles? HTTP/1.0" 304 - "-" "okhttp/4.9.2"
::1 - - [09/May/2023:12:15:23 +0000] "GET /api/v1/users/me? HTTP/1.0" 401 283 "-" "okhttp/4.9.2"
::ffff:127.0.0.1 - - [09/May/2023:12:15:30 +0000] "GET /api/v1/users/me? HTTP/1.0" 304 - "-" "Sedu/1 CFNetwork/1406.0.4 Darwin/22.4.0"
::1 - - [09/May/2023:12:15:30 +0000] "GET /api/v1/users/me? HTTP/1.0" 304 - "-" "Sedu/1 CFNetwork/1406.0.4 Darwin/22.4.0"
::ffff:127.0.0.1 - - [09/May/2023:12:15:30 +0000] "GET /api/v1/ads? HTTP/1.0" 304 - "-" "Sedu/1 CFNetwork/1406.0.4 Darwin/22.4.0"
::1 - - [09/May/2023:12:15:30 +0000] "GET /api/v1/articles? HTTP/1.0" 304 - "-" "Sedu/1 CFNetwork/1406.0.4 Darwin/22.4.0"
::1 - - [09/May/2023:12:16:09 +0000] "GET /api/v1/users/me? HTTP/1.0" 304 - "-" "Sedu/1 CFNetwork/1406.0.4 Darwin/22.4.0"
::ffff:127.0.0.1 - - [09/May/2023:12:16:09 +0000] "GET /api/v1/users/me? HTTP/1.0" 304 - "-" "Sedu/1 CFNetwork/1406.0.4 Darwin/22.4.0"
::ffff:127.0.0.1 - - [09/May/2023:12:16:09 +0000] "GET /api/v1/ads? HTTP/1.0" 304 - "-" "Sedu/1 CFNetwork/1406.0.4 Darwin/22.4.0"
::ffff:127.0.0.1 - - [09/May/2023:12:16:10 +0000] "GET /api/v1/articles? HTTP/1.0" 304 - "-" "Sedu/1 CFNetwork/1406.0.4 Darwin/22.4.0"
::1 - - [09/May/2023:12:16:43 +0000] "GET /api/v1/users/me? HTTP/1.0" 304 - "-" "Sedu/1 CFNetwork/1406.0.4 Darwin/22.4.0"
::ffff:127.0.0.1 - - [09/May/2023:12:16:43 +0000] "GET /api/v1/users/me? HTTP/1.0" 304 - "-" "Sedu/1 CFNetwork/1406.0.4 Darwin/22.4.0"
::ffff:127.0.0.1 - - [09/May/2023:12:16:43 +0000] "GET /api/v1/ads? HTTP/1.0" 304 - "-" "Sedu/1 CFNetwork/1406.0.4 Darwin/22.4.0"
::1 - - [09/May/2023:12:16:43 +0000] "GET /api/v1/articles? HTTP/1.0" 304 - "-" "Sedu/1 CFNetwork/1406.0.4 Darwin/22.4.0"
::1 - - [09/May/2023:12:17:06 +0000] "GET /api/v1/users/me? HTTP/1.0" 304 - "-" "Sedu/1 CFNetwork/1335.0.3.1 Darwin/21.6.0"
::ffff:127.0.0.1 - - [09/May/2023:12:17:07 +0000] "GET /api/v1/articles? HTTP/1.0" 200 344855 "-" "Sedu/1 CFNetwork/1335.0.3.1 Darwin/21.6.0"
::1 - - [09/May/2023:12:17:07 +0000] "GET /api/v1/ads? HTTP/1.0" 304 - "-" "Sedu/1 CFNetwork/1335.0.3.1 Darwin/21.6.0"
::1 - - [09/May/2023:12:17:20 +0000] "GET /api/v1/articles/642d4ce07c1330814fb762a6? HTTP/1.0" 200 10683 "-" "Sedu/1 CFNetwork/1335.0.3.1 Darwin/21.6.0"
::ffff:127.0.0.1 - - [09/May/2023:12:17:27 +0000] "GET /api/v1/users/me? HTTP/1.0" 304 - "-" "Sedu/1 CFNetwork/1406.0.4 Darwin/22.4.0"
::1 - - [09/May/2023:12:17:27 +0000] "GET /api/v1/users/me? HTTP/1.0" 304 - "-" "Sedu/1 CFNetwork/1406.0.4 Darwin/22.4.0"
::ffff:127.0.0.1 - - [09/May/2023:12:17:27 +0000] "GET /api/v1/ads? HTTP/1.0" 304 - "-" "Sedu/1 CFNetwork/1406.0.4 Darwin/22.4.0"
::1 - - [09/May/2023:12:17:28 +0000] "GET /api/v1/articles? HTTP/1.0" 304 - "-" "Sedu/1 CFNetwork/1406.0.4 Darwin/22.4.0"
::ffff:127.0.0.1 - - [09/May/2023:12:17:30 +0000] "GET /api/v1/articles/642d4efb7c1330814fb762cf? HTTP/1.0" 200 10100 "-" "Sedu/1 CFNetwork/1335.0.3.1 Darwin/21.6.0"
::1 - - [09/May/2023:12:18:14 +0000] "GET /api/v1/users/me? HTTP/1.0" 200 232 "-" "Sedu/1 CFNetwork/1406.0.4 Darwin/22.4.0"
::1 - - [09/May/2023:12:22:01 +0000] "GET /api/v1/articles/642d4fba7c1330814fb762d8? HTTP/1.0" 200 8050 "-" "Sedu/1 CFNetwork/1335.0.3.1 Darwin/21.6.0"
::ffff:127.0.0.1 - - [09/May/2023:12:22:27 +0000] "GET /api/v1/users/me? HTTP/1.0" 401 283 "-" "Sedu/1 CFNetwork/1406.0.4 Darwin/22.4.0"
::1 - - [09/May/2023:12:23:13 +0000] "GET /api/v1/users/me? HTTP/1.0" 200 226 "-" "okhttp/4.9.2"
::ffff:127.0.0.1 - - [09/May/2023:12:23:20 +0000] "GET /api/v1/users/me? HTTP/1.0" 304 - "-" "okhttp/4.9.2"
::1 - - [09/May/2023:12:23:23 +0000] "POST /api/v1/users/invoice/6453a6d1a4c26797f426e593 HTTP/1.0" 200 50 "-" "okhttp/4.9.2"
::ffff:127.0.0.1 - - [09/May/2023:12:23:24 +0000] "GET /api/v1/wallets/645a3b3ba32e8316d82291e3? HTTP/1.0" 200 15849 "-" "okhttp/4.9.2"
::1 - - [09/May/2023:12:25:55 +0000] "GET /api/v1/users/me? HTTP/1.0" 304 - "-" "okhttp/4.9.2"
::ffff:127.0.0.1 - - [09/May/2023:12:25:55 +0000] "GET /api/v1/articles? HTTP/1.0" 200 344855 "-" "okhttp/4.9.2"
::1 - - [09/May/2023:12:25:55 +0000] "GET /api/v1/ads? HTTP/1.0" 304 - "-" "okhttp/4.9.2"
::1 - - [09/May/2023:12:25:57 +0000] "GET /api/v1/articles/642d55507c1330814fb76325? HTTP/1.0" 200 3410 "-" "Sedu/1 CFNetwork/1335.0.3.1 Darwin/21.6.0"
::1 - - [09/May/2023:12:27:38 +0000] "GET /api/v1/articles/642d55bf7c1330814fb76345? HTTP/1.0" 200 17955 "-" "Sedu/1 CFNetwork/1335.0.3.1 Darwin/21.6.0"
::1 - - [09/May/2023:12:28:37 +0000] "GET /api/v1/users/me? HTTP/1.0" 304 - "-" "okhttp/4.9.2"
::ffff:127.0.0.1 - - [09/May/2023:12:28:38 +0000] "GET /api/v1/articles? HTTP/1.0" 200 344855 "-" "okhttp/4.9.2"
::1 - - [09/May/2023:12:28:38 +0000] "GET /api/v1/ads? HTTP/1.0" 304 - "-" "okhttp/4.9.2"
::1 - - [09/May/2023:12:29:23 +0000] "GET /api/v1/articles/642d55f77c1330814fb7634f? HTTP/1.0" 200 7023 "-" "Sedu/1 CFNetwork/1335.0.3.1 Darwin/21.6.0"
::ffff:127.0.0.1 - - [09/May/2023:12:33:13 +0000] "GET /api/v1/users/me? HTTP/1.0" 401 283 "-" "Sedu/1 CFNetwork/1406.0.4 Darwin/22.4.0"
::1 - - [09/May/2023:12:33:32 +0000] "POST /api/v1/users/register HTTP/1.0" 200 462 "-" "Sedu/1 CFNetwork/1406.0.4 Darwin/22.4.0"
::ffff:127.0.0.1 - - [09/May/2023:12:33:32 +0000] "GET /api/v1/users/me? HTTP/1.0" 200 188 "-" "Sedu/1 CFNetwork/1406.0.4 Darwin/22.4.0"
::1 - - [09/May/2023:12:36:00 +0000] "GET /api/v1/users/me? HTTP/1.0" 304 - "-" "okhttp/4.9.2"
::ffff:127.0.0.1 - - [09/May/2023:12:36:01 +0000] "GET /api/v1/articles? HTTP/1.0" 200 344855 "-" "okhttp/4.9.2"
::1 - - [09/May/2023:12:36:02 +0000] "GET /api/v1/ads? HTTP/1.0" 304 - "-" "okhttp/4.9.2"
::ffff:127.0.0.1 - - [09/May/2023:12:36:05 +0000] "GET /api/v1/users/me? HTTP/1.0" 304 - "-" "okhttp/4.9.2"
::1 - - [09/May/2023:12:36:22 +0000] "GET /api/v1/users/me? HTTP/1.0" 304 - "-" "okhttp/4.9.2"
::ffff:127.0.0.1 - - [09/May/2023:12:36:22 +0000] "GET /api/v1/articles? HTTP/1.0" 304 - "-" "okhttp/4.9.2"
::ffff:127.0.0.1 - - [09/May/2023:12:36:29 +0000] "GET /api/v1/ads? HTTP/1.0" 304 - "-" "okhttp/4.9.2"
::1 - - [09/May/2023:12:36:29 +0000] "GET /api/v1/users/me? HTTP/1.0" 304 - "-" "okhttp/4.9.2"
::ffff:127.0.0.1 - - [09/May/2023:12:36:56 +0000] "GET /api/v1/users/logout? HTTP/1.0" 304 - "-" "okhttp/4.9.2"
::1 - - [09/May/2023:12:37:05 +0000] "GET /api/v1/articles? HTTP/1.0" 401 283 "-" "okhttp/4.9.2"
::ffff:127.0.0.1 - - [09/May/2023:12:37:05 +0000] "GET /api/v1/users/me? HTTP/1.0" 401 283 "-" "okhttp/4.9.2"
::1 - - [09/May/2023:12:37:05 +0000] "GET /api/v1/users/me? HTTP/1.0" 401 283 "-" "okhttp/4.9.2"
::ffff:127.0.0.1 - - [09/May/2023:12:37:05 +0000] "GET /api/v1/ads? HTTP/1.0" 304 - "-" "okhttp/4.9.2"
::ffff:127.0.0.1 - - [09/May/2023:12:37:21 +0000] "POST /api/v1/users/login HTTP/1.0" 200 502 "-" "okhttp/4.9.2"
::1 - - [09/May/2023:12:37:22 +0000] "GET /api/v1/users/me? HTTP/1.0" 304 - "-" "okhttp/4.9.2"
::1 - - [09/May/2023:12:37:22 +0000] "GET /api/v1/ads? HTTP/1.0" 304 - "-" "okhttp/4.9.2"
::ffff:127.0.0.1 - - [09/May/2023:12:37:22 +0000] "GET /api/v1/articles? HTTP/1.0" 304 - "-" "okhttp/4.9.2"
::ffff:127.0.0.1 - - [09/May/2023:12:37:30 +0000] "GET /api/v1/articles/642d4fba7c1330814fb762d8? HTTP/1.0" 200 8050 "-" "okhttp/4.9.2"
::1 - - [09/May/2023:12:37:56 +0000] "GET /api/v1/users/me? HTTP/1.0" 401 283 "-" "Sedu/1 CFNetwork/1312 Darwin/21.0.0"
::ffff:127.0.0.1 - - [09/May/2023:12:38:28 +0000] "POST /api/v1/users/login HTTP/1.0" 401 123 "-" "Sedu/1 CFNetwork/1312 Darwin/21.0.0"
::1 - - [09/May/2023:12:38:32 +0000] "GET /api/v1/articles/642d4ce07c1330814fb762a6? HTTP/1.0" 200 10683 "-" "okhttp/4.9.2"
::ffff:127.0.0.1 - - [09/May/2023:12:38:37 +0000] "GET /api/v1/articles/642d4c587c1330814fb76297? HTTP/1.0" 200 22242 "-" "okhttp/4.9.2"
::1 - - [09/May/2023:12:38:44 +0000] "POST /api/v1/users/register HTTP/1.0" 200 463 "-" "Sedu/1 CFNetwork/1312 Darwin/21.0.0"
::ffff:127.0.0.1 - - [09/May/2023:12:38:44 +0000] "GET /api/v1/users/me? HTTP/1.0" 200 189 "-" "Sedu/1 CFNetwork/1312 Darwin/21.0.0"
::1 - - [09/May/2023:12:38:50 +0000] "GET /api/v1/users/logout? HTTP/1.0" 200 39 "-" "Sedu/1 CFNetwork/1312 Darwin/21.0.0"
::ffff:127.0.0.1 - - [09/May/2023:12:38:51 +0000] "GET /api/v1/users/me? HTTP/1.0" 401 283 "-" "Sedu/1 CFNetwork/1312 Darwin/21.0.0"
::1 - - [09/May/2023:12:38:57 +0000] "GET /api/v1/articles/642d4c587c1330814fb76297? HTTP/1.0" 304 - "-" "okhttp/4.9.2"
::ffff:127.0.0.1 - - [09/May/2023:12:39:02 +0000] "GET /api/v1/articles/642d55bf7c1330814fb76345? HTTP/1.0" 200 17955 "-" "okhttp/4.9.2"
::ffff:127.0.0.1 - - [09/May/2023:12:39:14 +0000] "GET /api/v1/articles/642d581c7c1330814fb76387? HTTP/1.0" 200 7596 "-" "okhttp/4.9.2"
::1 - - [09/May/2023:12:39:25 +0000] "GET /.git/config HTTP/1.0" 404 150 "-" "python-requests/2.30.0"
::ffff:127.0.0.1 - - [09/May/2023:12:39:25 +0000] "GET /admin-app/.env HTTP/1.0" 404 153 "-" "Mozilla/5.0 (Macintosh; Intel Mac OS X 10.15; rv:77.0) Gecko/20100101 Firefox/77.0"
::1 - - [09/May/2023:12:39:26 +0000] "POST /admin-app/.env HTTP/1.0" 404 154 "-" "Mozilla/5.0 (Macintosh; Intel Mac OS X 10.15; rv:77.0) Gecko/20100101 Firefox/77.0"
::ffff:127.0.0.1 - - [09/May/2023:12:39:28 +0000] "GET /.env.production HTTP/1.0" 404 154 "-" "Mozilla/5.0 (Macintosh; Intel Mac OS X 10.15; rv:77.0) Gecko/20100101 Firefox/77.0"
::1 - - [09/May/2023:12:39:28 +0000] "POST /.env.production HTTP/1.0" 404 155 "-" "Mozilla/5.0 (Macintosh; Intel Mac OS X 10.15; rv:77.0) Gecko/20100101 Firefox/77.0"
::ffff:127.0.0.1 - - [09/May/2023:12:39:31 +0000] "GET /private/.env HTTP/1.0" 404 151 "-" "Mozilla/5.0 (Macintosh; Intel Mac OS X 10.15; rv:77.0) Gecko/20100101 Firefox/77.0"
::1 - - [09/May/2023:12:39:31 +0000] "POST /private/.env HTTP/1.0" 404 152 "-" "Mozilla/5.0 (Macintosh; Intel Mac OS X 10.15; rv:77.0) Gecko/20100101 Firefox/77.0"
::ffff:127.0.0.1 - - [09/May/2023:12:39:35 +0000] "GET /enviroments/.env.production HTTP/1.0" 404 166 "-" "Mozilla/5.0 (Macintosh; Intel Mac OS X 10.15; rv:77.0) Gecko/20100101 Firefox/77.0"
::1 - - [09/May/2023:12:39:36 +0000] "POST /enviroments/.env.production HTTP/1.0" 404 167 "-" "Mozilla/5.0 (Macintosh; Intel Mac OS X 10.15; rv:77.0) Gecko/20100101 Firefox/77.0"
::ffff:127.0.0.1 - - [09/May/2023:12:39:37 +0000] "GET /script/.env HTTP/1.0" 404 150 "-" "Mozilla/5.0 (Macintosh; Intel Mac OS X 10.15; rv:77.0) Gecko/20100101 Firefox/77.0"
::1 - - [09/May/2023:12:39:38 +0000] "POST /script/.env HTTP/1.0" 404 151 "-" "Mozilla/5.0 (Macintosh; Intel Mac OS X 10.15; rv:77.0) Gecko/20100101 Firefox/77.0"
::ffff:127.0.0.1 - - [09/May/2023:12:39:39 +0000] "GET /docker/.env HTTP/1.0" 404 150 "-" "Mozilla/5.0 (Macintosh; Intel Mac OS X 10.15; rv:77.0) Gecko/20100101 Firefox/77.0"
::1 - - [09/May/2023:12:39:40 +0000] "POST /docker/.env HTTP/1.0" 404 151 "-" "Mozilla/5.0 (Macintosh; Intel Mac OS X 10.15; rv:77.0) Gecko/20100101 Firefox/77.0"
::ffff:127.0.0.1 - - [09/May/2023:12:39:41 +0000] "GET /back/.env HTTP/1.0" 404 148 "-" "Mozilla/5.0 (Macintosh; Intel Mac OS X 10.15; rv:77.0) Gecko/20100101 Firefox/77.0"
::1 - - [09/May/2023:12:39:42 +0000] "POST /back/.env HTTP/1.0" 404 149 "-" "Mozilla/5.0 (Macintosh; Intel Mac OS X 10.15; rv:77.0) Gecko/20100101 Firefox/77.0"
::ffff:127.0.0.1 - - [09/May/2023:12:39:43 +0000] "GET /development/.env HTTP/1.0" 404 155 "-" "Mozilla/5.0 (Macintosh; Intel Mac OS X 10.15; rv:77.0) Gecko/20100101 Firefox/77.0"
::1 - - [09/May/2023:12:39:43 +0000] "POST /development/.env HTTP/1.0" 404 156 "-" "Mozilla/5.0 (Macintosh; Intel Mac OS X 10.15; rv:77.0) Gecko/20100101 Firefox/77.0"
::ffff:127.0.0.1 - - [09/May/2023:12:39:44 +0000] "GET /.env.dist HTTP/1.0" 404 148 "-" "Mozilla/5.0 (Macintosh; Intel Mac OS X 10.15; rv:77.0) Gecko/20100101 Firefox/77.0"
::1 - - [09/May/2023:12:39:45 +0000] "POST /.env.dist HTTP/1.0" 404 149 "-" "Mozilla/5.0 (Macintosh; Intel Mac OS X 10.15; rv:77.0) Gecko/20100101 Firefox/77.0"
::ffff:127.0.0.1 - - [09/May/2023:12:39:47 +0000] "GET /.env.project HTTP/1.0" 404 151 "-" "Mozilla/5.0 (Macintosh; Intel Mac OS X 10.15; rv:77.0) Gecko/20100101 Firefox/77.0"
::1 - - [09/May/2023:12:39:48 +0000] "POST /.env.project HTTP/1.0" 404 152 "-" "Mozilla/5.0 (Macintosh; Intel Mac OS X 10.15; rv:77.0) Gecko/20100101 Firefox/77.0"
::ffff:127.0.0.1 - - [09/May/2023:12:39:49 +0000] "GET /.env HTTP/1.0" 404 143 "-" "Mozilla/5.0 (Macintosh; Intel Mac OS X 10.15; rv:77.0) Gecko/20100101 Firefox/77.0"
::1 - - [09/May/2023:12:39:51 +0000] "POST /.env HTTP/1.0" 404 144 "-" "Mozilla/5.0 (Macintosh; Intel Mac OS X 10.15; rv:77.0) Gecko/20100101 Firefox/77.0"
::ffff:127.0.0.1 - - [09/May/2023:12:39:55 +0000] "GET /fedex/.env HTTP/1.0" 404 149 "-" "Mozilla/5.0 (Macintosh; Intel Mac OS X 10.15; rv:77.0) Gecko/20100101 Firefox/77.0"
::1 - - [09/May/2023:12:39:56 +0000] "POST /fedex/.env HTTP/1.0" 404 150 "-" "Mozilla/5.0 (Macintosh; Intel Mac OS X 10.15; rv:77.0) Gecko/20100101 Firefox/77.0"
::ffff:127.0.0.1 - - [09/May/2023:12:39:57 +0000] "GET /.env.save HTTP/1.0" 404 148 "-" "Mozilla/5.0 (Macintosh; Intel Mac OS X 10.15; rv:77.0) Gecko/20100101 Firefox/77.0"
::1 - - [09/May/2023:12:39:57 +0000] "POST /.env.save HTTP/1.0" 404 149 "-" "Mozilla/5.0 (Macintosh; Intel Mac OS X 10.15; rv:77.0) Gecko/20100101 Firefox/77.0"
::ffff:127.0.0.1 - - [09/May/2023:12:39:59 +0000] "GET /core/.env HTTP/1.0" 404 148 "-" "Mozilla/5.0 (Macintosh; Intel Mac OS X 10.15; rv:77.0) Gecko/20100101 Firefox/77.0"
::1 - - [09/May/2023:12:40:00 +0000] "POST /core/.env HTTP/1.0" 404 149 "-" "Mozilla/5.0 (Macintosh; Intel Mac OS X 10.15; rv:77.0) Gecko/20100101 Firefox/77.0"
::ffff:127.0.0.1 - - [09/May/2023:12:40:01 +0000] "GET /laravel/.env HTTP/1.0" 404 151 "-" "Mozilla/5.0 (Macintosh; Intel Mac OS X 10.15; rv:77.0) Gecko/20100101 Firefox/77.0"
::1 - - [09/May/2023:12:40:01 +0000] "POST /laravel/.env HTTP/1.0" 404 152 "-" "Mozilla/5.0 (Macintosh; Intel Mac OS X 10.15; rv:77.0) Gecko/20100101 Firefox/77.0"
::ffff:127.0.0.1 - - [09/May/2023:12:40:02 +0000] "GET /cp/.env HTTP/1.0" 404 146 "-" "Mozilla/5.0 (Macintosh; Intel Mac OS X 10.15; rv:77.0) Gecko/20100101 Firefox/77.0"
::1 - - [09/May/2023:12:40:03 +0000] "POST /cp/.env HTTP/1.0" 404 147 "-" "Mozilla/5.0 (Macintosh; Intel Mac OS X 10.15; rv:77.0) Gecko/20100101 Firefox/77.0"
::ffff:127.0.0.1 - - [09/May/2023:12:40:05 +0000] "GET /api/.env HTTP/1.0" 404 147 "-" "Mozilla/5.0 (Macintosh; Intel Mac OS X 10.15; rv:77.0) Gecko/20100101 Firefox/77.0"
::1 - - [09/May/2023:12:40:06 +0000] "POST /api/.env HTTP/1.0" 404 148 "-" "Mozilla/5.0 (Macintosh; Intel Mac OS X 10.15; rv:77.0) Gecko/20100101 Firefox/77.0"
::ffff:127.0.0.1 - - [09/May/2023:12:40:07 +0000] "GET /.env.development HTTP/1.0" 404 155 "-" "Mozilla/5.0 (Macintosh; Intel Mac OS X 10.15; rv:77.0) Gecko/20100101 Firefox/77.0"
::1 - - [09/May/2023:12:40:08 +0000] "POST /.env.development HTTP/1.0" 404 156 "-" "Mozilla/5.0 (Macintosh; Intel Mac OS X 10.15; rv:77.0) Gecko/20100101 Firefox/77.0"
::ffff:127.0.0.1 - - [09/May/2023:12:40:09 +0000] "GET /application/.env HTTP/1.0" 404 155 "-" "Mozilla/5.0 (Macintosh; Intel Mac OS X 10.15; rv:77.0) Gecko/20100101 Firefox/77.0"
::1 - - [09/May/2023:12:40:09 +0000] "POST /application/.env HTTP/1.0" 404 156 "-" "Mozilla/5.0 (Macintosh; Intel Mac OS X 10.15; rv:77.0) Gecko/20100101 Firefox/77.0"
::ffff:127.0.0.1 - - [09/May/2023:12:40:11 +0000] "GET /.env.prod HTTP/1.0" 404 148 "-" "Mozilla/5.0 (Macintosh; Intel Mac OS X 10.15; rv:77.0) Gecko/20100101 Firefox/77.0"
::1 - - [09/May/2023:12:40:12 +0000] "POST /.env.prod HTTP/1.0" 404 149 "-" "Mozilla/5.0 (Macintosh; Intel Mac OS X 10.15; rv:77.0) Gecko/20100101 Firefox/77.0"
::ffff:127.0.0.1 - - [09/May/2023:12:40:13 +0000] "GET /api/v1/users/me? HTTP/1.0" 304 - "-" "Sedu/1 CFNetwork/1406.0.4 Darwin/22.4.0"
::1 - - [09/May/2023:12:40:14 +0000] "GET /apps/.env HTTP/1.0" 404 148 "-" "Mozilla/5.0 (Macintosh; Intel Mac OS X 10.15; rv:77.0) Gecko/20100101 Firefox/77.0"
::ffff:127.0.0.1 - - [09/May/2023:12:40:15 +0000] "POST /apps/.env HTTP/1.0" 404 149 "-" "Mozilla/5.0 (Macintosh; Intel Mac OS X 10.15; rv:77.0) Gecko/20100101 Firefox/77.0"
::1 - - [09/May/2023:12:40:20 +0000] "GET /live_env HTTP/1.0" 404 147 "-" "Mozilla/5.0 (Macintosh; Intel Mac OS X 10.15; rv:77.0) Gecko/20100101 Firefox/77.0"
::ffff:127.0.0.1 - - [09/May/2023:12:40:20 +0000] "POST /live_env HTTP/1.0" 404 148 "-" "Mozilla/5.0 (Macintosh; Intel Mac OS X 10.15; rv:77.0) Gecko/20100101 Firefox/77.0"
::1 - - [09/May/2023:12:40:23 +0000] "GET /rest/.env HTTP/1.0" 404 148 "-" "Mozilla/5.0 (Macintosh; Intel Mac OS X 10.15; rv:77.0) Gecko/20100101 Firefox/77.0"
::ffff:127.0.0.1 - - [09/May/2023:12:40:24 +0000] "POST /rest/.env HTTP/1.0" 404 149 "-" "Mozilla/5.0 (Macintosh; Intel Mac OS X 10.15; rv:77.0) Gecko/20100101 Firefox/77.0"
::1 - - [09/May/2023:12:40:25 +0000] "GET /local/.env HTTP/1.0" 404 149 "-" "Mozilla/5.0 (Macintosh; Intel Mac OS X 10.15; rv:77.0) Gecko/20100101 Firefox/77.0"
::ffff:127.0.0.1 - - [09/May/2023:12:40:26 +0000] "POST /local/.env HTTP/1.0" 404 150 "-" "Mozilla/5.0 (Macintosh; Intel Mac OS X 10.15; rv:77.0) Gecko/20100101 Firefox/77.0"
::1 - - [09/May/2023:12:40:27 +0000] "GET /enviroments/.env HTTP/1.0" 404 155 "-" "Mozilla/5.0 (Macintosh; Intel Mac OS X 10.15; rv:77.0) Gecko/20100101 Firefox/77.0"
::ffff:127.0.0.1 - - [09/May/2023:12:40:27 +0000] "POST /enviroments/.env HTTP/1.0" 404 156 "-" "Mozilla/5.0 (Macintosh; Intel Mac OS X 10.15; rv:77.0) Gecko/20100101 Firefox/77.0"
::1 - - [09/May/2023:12:40:29 +0000] "GET /app/.env HTTP/1.0" 404 147 "-" "Mozilla/5.0 (Macintosh; Intel Mac OS X 10.15; rv:77.0) Gecko/20100101 Firefox/77.0"
::ffff:127.0.0.1 - - [09/May/2023:12:40:30 +0000] "POST /app/.env HTTP/1.0" 404 148 "-" "Mozilla/5.0 (Macintosh; Intel Mac OS X 10.15; rv:77.0) Gecko/20100101 Firefox/77.0"
::1 - - [09/May/2023:12:40:32 +0000] "GET /system/.env HTTP/1.0" 404 150 "-" "Mozilla/5.0 (Macintosh; Intel Mac OS X 10.15; rv:77.0) Gecko/20100101 Firefox/77.0"
::ffff:127.0.0.1 - - [09/May/2023:12:40:32 +0000] "POST /system/.env HTTP/1.0" 404 151 "-" "Mozilla/5.0 (Macintosh; Intel Mac OS X 10.15; rv:77.0) Gecko/20100101 Firefox/77.0"
::1 - - [09/May/2023:12:40:38 +0000] "GET /shared/.env HTTP/1.0" 404 150 "-" "Mozilla/5.0 (Macintosh; Intel Mac OS X 10.15; rv:77.0) Gecko/20100101 Firefox/77.0"
::ffff:127.0.0.1 - - [09/May/2023:12:40:38 +0000] "POST /shared/.env HTTP/1.0" 404 151 "-" "Mozilla/5.0 (Macintosh; Intel Mac OS X 10.15; rv:77.0) Gecko/20100101 Firefox/77.0"
::1 - - [09/May/2023:12:40:39 +0000] "GET /cms/.env HTTP/1.0" 404 147 "-" "Mozilla/5.0 (Macintosh; Intel Mac OS X 10.15; rv:77.0) Gecko/20100101 Firefox/77.0"
::ffff:127.0.0.1 - - [09/May/2023:12:40:40 +0000] "POST /cms/.env HTTP/1.0" 404 148 "-" "Mozilla/5.0 (Macintosh; Intel Mac OS X 10.15; rv:77.0) Gecko/20100101 Firefox/77.0"
::1 - - [09/May/2023:12:40:41 +0000] "GET /sources/.env HTTP/1.0" 404 151 "-" "Mozilla/5.0 (Macintosh; Intel Mac OS X 10.15; rv:77.0) Gecko/20100101 Firefox/77.0"
::ffff:127.0.0.1 - - [09/May/2023:12:40:41 +0000] "POST /sources/.env HTTP/1.0" 404 152 "-" "Mozilla/5.0 (Macintosh; Intel Mac OS X 10.15; rv:77.0) Gecko/20100101 Firefox/77.0"
::1 - - [09/May/2023:12:40:42 +0000] "GET /.env.old HTTP/1.0" 404 147 "-" "Mozilla/5.0 (Macintosh; Intel Mac OS X 10.15; rv:77.0) Gecko/20100101 Firefox/77.0"
::ffff:127.0.0.1 - - [09/May/2023:12:40:43 +0000] "GET /frontend_dev.php/$ HTTP/1.0" 404 157 "-" "Mozilla/5.0 (Macintosh; Intel Mac OS X 10.15; rv:77.0) Gecko/20100101 Firefox/77.0"
::1 - - [09/May/2023:12:40:43 +0000] "GET /debug/default/view?panel=config HTTP/1.0" 404 157 "-" "Mozilla/5.0 (Macintosh; Intel Mac OS X 10.15; rv:77.0) Gecko/20100101 Firefox/77.0"
::ffff:127.0.0.1 - - [09/May/2023:12:40:45 +0000] "GET /.json HTTP/1.0" 404 144 "-" "Mozilla/5.0 (Macintosh; Intel Mac OS X 10.15; rv:77.0) Gecko/20100101 Firefox/77.0"
::1 - - [09/May/2023:12:40:46 +0000] "GET /config.json HTTP/1.0" 404 150 "-" "Mozilla/5.0 (Macintosh; Intel Mac OS X 10.15; rv:77.0) Gecko/20100101 Firefox/77.0"
::ffff:127.0.0.1 - - [09/May/2023:12:40:47 +0000] "GET /info.php HTTP/1.0" 404 147 "-" "Mozilla/5.0 (Macintosh; Intel Mac OS X 10.15; rv:77.0) Gecko/20100101 Firefox/77.0"
::1 - - [09/May/2023:12:40:48 +0000] "GET /_profiler/phpinfo HTTP/1.0" 404 156 "-" "Mozilla/5.0 (Macintosh; Intel Mac OS X 10.15; rv:77.0) Gecko/20100101 Firefox/77.0"
::1 - - [09/May/2023:12:40:50 +0000] "GET /phpinfo.php HTTP/1.0" 404 150 "-" "Mozilla/5.0 (Macintosh; Intel Mac OS X 10.15; rv:77.0) Gecko/20100101 Firefox/77.0"
::ffff:127.0.0.1 - - [09/May/2023:12:41:20 +0000] "GET /api/v1/users/me? HTTP/1.0" 200 229 "-" "Sedu/1 CFNetwork/1390 Darwin/22.0.0"
::1 - - [09/May/2023:12:41:25 +0000] "GET /api/v1/users/logout? HTTP/1.0" 304 - "-" "Sedu/1 CFNetwork/1390 Darwin/22.0.0"
::ffff:127.0.0.1 - - [09/May/2023:12:41:25 +0000] "GET /api/v1/users/me? HTTP/1.0" 401 283 "-" "Sedu/1 CFNetwork/1390 Darwin/22.0.0"
::1 - - [09/May/2023:12:41:40 +0000] "GET /api/v1/users/me? HTTP/1.0" 401 283 "-" "Sedu/1 CFNetwork/1335.0.3 Darwin/21.6.0"
::ffff:127.0.0.1 - - [09/May/2023:12:41:48 +0000] "GET /api/v1/users/me? HTTP/1.0" 401 283 "-" "Sedu/1 CFNetwork/1390 Darwin/22.0.0"
::1 - - [09/May/2023:12:42:00 +0000] "POST /api/v1/users/register HTTP/1.0" 200 463 "-" "Sedu/1 CFNetwork/1335.0.3 Darwin/21.6.0"
::ffff:127.0.0.1 - - [09/May/2023:12:42:00 +0000] "GET /api/v1/users/me? HTTP/1.0" 200 189 "-" "Sedu/1 CFNetwork/1335.0.3 Darwin/21.6.0"
::1 - - [09/May/2023:12:42:01 +0000] "POST /api/v1/users/login HTTP/1.0" 200 503 "-" "Sedu/1 CFNetwork/1390 Darwin/22.0.0"
::ffff:127.0.0.1 - - [09/May/2023:12:42:01 +0000] "GET /api/v1/users/me? HTTP/1.0" 304 - "-" "Sedu/1 CFNetwork/1390 Darwin/22.0.0"
::1 - - [09/May/2023:12:42:04 +0000] "GET /api/v1/users/me? HTTP/1.0" 401 283 "-" "Sedu/1 CFNetwork/1406.0.4 Darwin/22.4.0"
::ffff:127.0.0.1 - - [09/May/2023:12:42:10 +0000] "GET /api/v1/users/me? HTTP/1.0" 304 - "-" "Sedu/1 CFNetwork/1390 Darwin/22.0.0"
::1 - - [09/May/2023:12:42:11 +0000] "GET /api/v1/users/me? HTTP/1.0" 304 - "-" "Sedu/1 CFNetwork/1335.0.3 Darwin/21.6.0"
::ffff:127.0.0.1 - - [09/May/2023:12:42:14 +0000] "POST /api/v1/users/login HTTP/1.0" 401 123 "-" "Sedu/1 CFNetwork/1406.0.4 Darwin/22.4.0"
::1 - - [09/May/2023:12:42:18 +0000] "POST /api/v1/users/invoice/644ef9b8a4c26797f4251b26 HTTP/1.0" 200 50 "-" "Sedu/1 CFNetwork/1390 Darwin/22.0.0"
::ffff:127.0.0.1 - - [09/May/2023:12:42:19 +0000] "GET /api/v1/wallets/645a3faaa32e8316d822922d? HTTP/1.0" 200 16044 "-" "Sedu/1 CFNetwork/1390 Darwin/22.0.0"
::1 - - [09/May/2023:12:42:35 +0000] "POST /api/v1/users/register HTTP/1.0" 500 247 "-" "Sedu/1 CFNetwork/1406.0.4 Darwin/22.4.0"
::ffff:127.0.0.1 - - [09/May/2023:12:42:44 +0000] "POST /api/v1/users/login HTTP/1.0" 200 461 "-" "Sedu/1 CFNetwork/1406.0.4 Darwin/22.4.0"
::1 - - [09/May/2023:12:42:44 +0000] "GET /api/v1/users/me? HTTP/1.0" 304 - "-" "Sedu/1 CFNetwork/1406.0.4 Darwin/22.4.0"
::ffff:127.0.0.1 - - [09/May/2023:12:42:53 +0000] "GET /api/v1/users/logout? HTTP/1.0" 304 - "-" "Sedu/1 CFNetwork/1406.0.4 Darwin/22.4.0"
::1 - - [09/May/2023:12:42:53 +0000] "GET /api/v1/users/me? HTTP/1.0" 401 283 "-" "Sedu/1 CFNetwork/1406.0.4 Darwin/22.4.0"
::ffff:127.0.0.1 - - [09/May/2023:12:43:01 +0000] "GET /api/v1/users/callbacks/644ef9b8a4c26797f4251b26/20000?qpay_payment_id=527077039874197 HTTP/1.0" 200 229 "-" "node-fetch/1.0 (+https://github.com/bitinn/node-fetch)"
::1 - - [09/May/2023:12:43:06 +0000] "GET /api/v1/users/me? HTTP/1.0" 200 229 "-" "Sedu/1 CFNetwork/1390 Darwin/22.0.0"
::1 - - [09/May/2023:12:43:06 +0000] "GET /api/v1/wallets/645a3faaa32e8316d822922d? HTTP/1.0" 304 - "-" "Sedu/1 CFNetwork/1390 Darwin/22.0.0"
::ffff:127.0.0.1 - - [09/May/2023:12:43:18 +0000] "GET /api/v1/users/logout? HTTP/1.0" 304 - "-" "Sedu/1 CFNetwork/1390 Darwin/22.0.0"
::1 - - [09/May/2023:12:43:19 +0000] "GET /api/v1/users/me? HTTP/1.0" 401 283 "-" "Sedu/1 CFNetwork/1390 Darwin/22.0.0"
::ffff:127.0.0.1 - - [09/May/2023:12:43:30 +0000] "POST /api/v1/users/login HTTP/1.0" 200 503 "-" "Sedu/1 CFNetwork/1390 Darwin/22.0.0"
::1 - - [09/May/2023:12:43:30 +0000] "GET /api/v1/users/me? HTTP/1.0" 304 - "-" "Sedu/1 CFNetwork/1390 Darwin/22.0.0"
::ffff:127.0.0.1 - - [09/May/2023:12:43:31 +0000] "GET /api/v1/ads? HTTP/1.0" 200 633 "-" "Sedu/1 CFNetwork/1390 Darwin/22.0.0"
::ffff:127.0.0.1 - - [09/May/2023:12:43:31 +0000] "GET /api/v1/articles? HTTP/1.0" 200 344855 "-" "Sedu/1 CFNetwork/1390 Darwin/22.0.0"
::ffff:127.0.0.1 - - [09/May/2023:12:44:56 +0000] "GET /api/v1/articles/64532c84a4c26797f426b3e2? HTTP/1.0" 200 2853 "-" "Sedu/1 CFNetwork/1390 Darwin/22.0.0"
::1 - - [09/May/2023:12:46:17 +0000] "GET /api/v1/articles/642d7b217c1330814fb76434? HTTP/1.0" 200 4133 "-" "Sedu/1 CFNetwork/1390 Darwin/22.0.0"
::ffff:127.0.0.1 - - [09/May/2023:12:46:39 +0000] "GET /api/v1/users/me? HTTP/1.0" 401 283 "-" "Sedu/1 CFNetwork/1399 Darwin/22.1.0"
::1 - - [09/May/2023:12:46:58 +0000] "POST /api/v1/users/register HTTP/1.0" 500 255 "-" "Sedu/1 CFNetwork/1399 Darwin/22.1.0"
::ffff:127.0.0.1 - - [09/May/2023:12:46:58 +0000] "POST /api/v1/users/register HTTP/1.0" 500 255 "-" "Sedu/1 CFNetwork/1399 Darwin/22.1.0"
::1 - - [09/May/2023:12:47:01 +0000] "POST /api/v1/users/register HTTP/1.0" 500 255 "-" "Sedu/1 CFNetwork/1399 Darwin/22.1.0"
::ffff:127.0.0.1 - - [09/May/2023:12:47:04 +0000] "POST /api/v1/users/register HTTP/1.0" 500 255 "-" "Sedu/1 CFNetwork/1399 Darwin/22.1.0"
::1 - - [09/May/2023:12:47:05 +0000] "POST /api/v1/users/register HTTP/1.0" 500 255 "-" "Sedu/1 CFNetwork/1399 Darwin/22.1.0"
::ffff:127.0.0.1 - - [09/May/2023:12:47:13 +0000] "POST / HTTP/1.0" 404 140 "-" "Mozilla/5.0 (X11; Linux x86_64) AppleWebKit/537.36 (KHTML, like Gecko) Chrome/81.0.4044.129 Safari/537.36"
::1 - - [09/May/2023:12:47:14 +0000] "GET /.env HTTP/1.0" 404 143 "-" "Mozilla/5.0 (X11; Linux x86_64) AppleWebKit/537.36 (KHTML, like Gecko) Chrome/81.0.4044.129 Safari/537.36"
::ffff:127.0.0.1 - - [09/May/2023:12:47:15 +0000] "POST /api/v1/users/register HTTP/1.0" 200 470 "-" "Sedu/1 CFNetwork/1399 Darwin/22.1.0"
::1 - - [09/May/2023:12:47:17 +0000] "POST /api/v1/users/register HTTP/1.0" 500 256 "-" "Sedu/1 CFNetwork/1399 Darwin/22.1.0"
::ffff:127.0.0.1 - - [09/May/2023:12:47:20 +0000] "GET /api/v1/users/me? HTTP/1.0" 200 196 "-" "Sedu/1 CFNetwork/1399 Darwin/22.1.0"
::1 - - [09/May/2023:12:47:43 +0000] "GET /api/v1/users/me? HTTP/1.0" 304 - "-" "Sedu/1 CFNetwork/1399 Darwin/22.1.0"
::ffff:127.0.0.1 - - [09/May/2023:12:47:49 +0000] "POST /api/v1/users/invoice/645a40d3a32e8316d8229258 HTTP/1.0" 200 50 "-" "Sedu/1 CFNetwork/1399 Darwin/22.1.0"
::1 - - [09/May/2023:12:47:49 +0000] "GET /api/v1/wallets/645a40f5a32e8316d822925f? HTTP/1.0" 200 16407 "-" "Sedu/1 CFNetwork/1399 Darwin/22.1.0"
