::1 - - [03/May/2023:05:02:30 +0000] "GET /api/v1/users/logout? HTTP/1.0" 304 - "-" "okhttp/4.9.2"
::ffff:127.0.0.1 - - [03/May/2023:05:02:30 +0000] "GET /api/v1/users/logout? HTTP/1.0" 304 - "-" "okhttp/4.9.2"
::1 - - [03/May/2023:05:02:30 +0000] "GET /api/v1/users/logout? HTTP/1.0" 304 - "-" "okhttp/4.9.2"
::1 - - [03/May/2023:05:02:30 +0000] "GET /api/v1/users/logout? HTTP/1.0" 304 - "-" "okhttp/4.9.2"
::ffff:127.0.0.1 - - [03/May/2023:05:02:30 +0000] "GET /api/v1/users/logout? HTTP/1.0" 304 - "-" "okhttp/4.9.2"
::1 - - [03/May/2023:05:02:30 +0000] "GET /api/v1/users/logout? HTTP/1.0" 304 - "-" "okhttp/4.9.2"
::ffff:127.0.0.1 - - [03/May/2023:05:02:46 +0000] "GET /api/v1/users/me? HTTP/1.0" 401 283 "-" "Sedu/1 CFNetwork/1404.0.5 Darwin/22.3.0"
::1 - - [03/May/2023:05:02:47 +0000] "GET /api/v1/users/me? HTTP/1.0" 401 283 "-" "okhttp/4.9.2"
::ffff:127.0.0.1 - - [03/May/2023:05:03:00 +0000] "POST /api/v1/users/register HTTP/1.0" 200 469 "-" "Sedu/1 CFNetwork/1404.0.5 Darwin/22.3.0"
::1 - - [03/May/2023:05:03:00 +0000] "GET /api/v1/users/me? HTTP/1.0" 200 195 "-" "Sedu/1 CFNetwork/1404.0.5 Darwin/22.3.0"
::ffff:127.0.0.1 - - [03/May/2023:05:03:05 +0000] "GET /api/v1/users/me? HTTP/1.0" 304 - "-" "Sedu/1 CFNetwork/1404.0.5 Darwin/22.3.0"
::ffff:127.0.0.1 - - [03/May/2023:05:03:09 +0000] "POST /api/v1/users/register HTTP/1.0" 500 249 "-" "okhttp/4.9.2"
::1 - - [03/May/2023:05:03:09 +0000] "POST /api/v1/users/invoice/6451eb04a4c26797f4265120 HTTP/1.0" 200 50 "-" "Sedu/1 CFNetwork/1404.0.5 Darwin/22.3.0"
::1 - - [03/May/2023:05:03:09 +0000] "GET /api/v1/wallets/6451eb0da4c26797f4265127? HTTP/1.0" 200 16349 "-" "Sedu/1 CFNetwork/1404.0.5 Darwin/22.3.0"
::ffff:127.0.0.1 - - [03/May/2023:05:03:18 +0000] "GET /api/v1/users/logout? HTTP/1.0" 200 39 "-" "Sedu/1 CFNetwork/1404.0.5 Darwin/22.3.0"
::1 - - [03/May/2023:05:03:18 +0000] "GET /api/v1/users/me? HTTP/1.0" 401 283 "-" "Sedu/1 CFNetwork/1404.0.5 Darwin/22.3.0"
::ffff:127.0.0.1 - - [03/May/2023:05:03:20 +0000] "POST /api/v1/users/register HTTP/1.0" 200 467 "-" "okhttp/4.9.2"
::1 - - [03/May/2023:05:03:20 +0000] "GET /api/v1/users/me? HTTP/1.0" 200 193 "-" "okhttp/4.9.2"
::ffff:127.0.0.1 - - [03/May/2023:05:03:31 +0000] "GET /api/v1/users/me? HTTP/1.0" 304 - "-" "okhttp/4.9.2"
::ffff:127.0.0.1 - - [03/May/2023:05:03:35 +0000] "POST /api/v1/users/invoice/6451eb18a4c26797f4265138 HTTP/1.0" 200 50 "-" "okhttp/4.9.2"
::1 - - [03/May/2023:05:03:36 +0000] "GET /api/v1/wallets/6451eb27a4c26797f426513d? HTTP/1.0" 200 15979 "-" "okhttp/4.9.2"
::1 - - [03/May/2023:05:03:38 +0000] "GET /api/v1/users/me? HTTP/1.0" 200 228 "-" "okhttp/4.9.2"
::ffff:127.0.0.1 - - [03/May/2023:05:03:48 +0000] "GET /api/v1/users/me? HTTP/1.0" 200 232 "-" "okhttp/4.9.2"
::1 - - [03/May/2023:05:03:53 +0000] "POST /api/v1/users/invoice/6451eb18a4c26797f4265138 HTTP/1.0" 200 50 "-" "okhttp/4.9.2"
::ffff:127.0.0.1 - - [03/May/2023:05:03:54 +0000] "GET /api/v1/wallets/6451eb39a4c26797f4265151? HTTP/1.0" 200 16339 "-" "okhttp/4.9.2"
::1 - - [03/May/2023:05:04:00 +0000] "GET /api/v1/users/logout? HTTP/1.0" 200 39 "-" "okhttp/4.9.2"
::ffff:127.0.0.1 - - [03/May/2023:05:04:01 +0000] "GET /api/v1/users/me? HTTP/1.0" 401 283 "-" "okhttp/4.9.2"
::1 - - [03/May/2023:05:05:26 +0000] "GET /api/v1/users/me? HTTP/1.0" 401 283 "-" "okhttp/4.9.2"
::1 - - [03/May/2023:05:05:43 +0000] "GET /api/v1/users/me? HTTP/1.0" 401 283 "-" "okhttp/4.9.2"
::ffff:127.0.0.1 - - [03/May/2023:05:05:53 +0000] "POST /api/v1/users/register HTTP/1.0" 200 465 "-" "okhttp/4.9.2"
::1 - - [03/May/2023:05:05:54 +0000] "POST /api/v1/users/register HTTP/1.0" 500 251 "-" "okhttp/4.9.2"
::ffff:127.0.0.1 - - [03/May/2023:05:05:54 +0000] "GET /api/v1/users/me? HTTP/1.0" 200 191 "-" "okhttp/4.9.2"
::1 - - [03/May/2023:05:06:08 +0000] "GET /api/v1/users/logout? HTTP/1.0" 200 39 "-" "okhttp/4.9.2"
::ffff:127.0.0.1 - - [03/May/2023:05:06:09 +0000] "GET /api/v1/users/me? HTTP/1.0" 401 283 "-" "okhttp/4.9.2"
::1 - - [03/May/2023:05:08:27 +0000] "GET /api/v1/users/me? HTTP/1.0" 401 283 "-" "Sedu/1 CFNetwork/1390 Darwin/22.0.0"
::ffff:127.0.0.1 - - [03/May/2023:05:08:37 +0000] "GET /api/v1/users/me? HTTP/1.0" 401 283 "-" "okhttp/4.9.2"
::1 - - [03/May/2023:05:10:47 +0000] "GET /api/v1/users/me? HTTP/1.0" 401 283 "-" "Sedu/1 CFNetwork/1399 Darwin/22.1.0"
::ffff:127.0.0.1 - - [03/May/2023:05:11:09 +0000] "POST /api/v1/users/register HTTP/1.0" 200 465 "-" "Sedu/1 CFNetwork/1399 Darwin/22.1.0"
::1 - - [03/May/2023:05:11:09 +0000] "GET /api/v1/users/me? HTTP/1.0" 200 191 "-" "Sedu/1 CFNetwork/1399 Darwin/22.1.0"
::ffff:127.0.0.1 - - [03/May/2023:05:11:38 +0000] "GET /api/v1/users/me? HTTP/1.0" 304 - "-" "Sedu/1 CFNetwork/1399 Darwin/22.1.0"
::1 - - [03/May/2023:05:12:33 +0000] "GET /api/v1/users/me? HTTP/1.0" 304 - "-" "Sedu/1 CFNetwork/1406.0.4 Darwin/22.4.0"
::ffff:127.0.0.1 - - [03/May/2023:05:12:34 +0000] "GET /api/v1/articles? HTTP/1.0" 304 - "-" "Sedu/1 CFNetwork/1406.0.4 Darwin/22.4.0"
::1 - - [03/May/2023:05:12:34 +0000] "GET /api/v1/ads? HTTP/1.0" 304 - "-" "Sedu/1 CFNetwork/1406.0.4 Darwin/22.4.0"
::1 - - [03/May/2023:05:12:48 +0000] "GET /api/v1/users/me? HTTP/1.0" 401 283 "-" "Sedu/1 CFNetwork/1404.0.5 Darwin/22.3.0"
::ffff:127.0.0.1 - - [03/May/2023:05:12:54 +0000] "GET /api/v1/users/me? HTTP/1.0" 401 283 "-" "okhttp/4.9.2"
::1 - - [03/May/2023:05:13:12 +0000] "POST /api/v1/users/register HTTP/1.0" 500 247 "-" "Sedu/1 CFNetwork/1404.0.5 Darwin/22.3.0"
::ffff:127.0.0.1 - - [03/May/2023:05:13:16 +0000] "GET /api/v1/users/me? HTTP/1.0" 401 283 "-" "okhttp/4.9.2"
::1 - - [03/May/2023:05:13:22 +0000] "POST /api/v1/users/register HTTP/1.0" 200 467 "-" "okhttp/4.9.2"
::ffff:127.0.0.1 - - [03/May/2023:05:13:22 +0000] "GET /api/v1/users/me? HTTP/1.0" 200 193 "-" "okhttp/4.9.2"
::1 - - [03/May/2023:05:13:26 +0000] "POST /api/v1/users/register HTTP/1.0" 200 463 "-" "Sedu/1 CFNetwork/1404.0.5 Darwin/22.3.0"
::ffff:127.0.0.1 - - [03/May/2023:05:13:26 +0000] "GET /api/v1/users/me? HTTP/1.0" 200 189 "-" "Sedu/1 CFNetwork/1404.0.5 Darwin/22.3.0"
::1 - - [03/May/2023:05:13:32 +0000] "GET /api/v1/users/me? HTTP/1.0" 304 - "-" "okhttp/4.9.2"
::ffff:127.0.0.1 - - [03/May/2023:05:13:35 +0000] "GET /api/v1/users/me? HTTP/1.0" 304 - "-" "okhttp/4.9.2"
::1 - - [03/May/2023:05:13:35 +0000] "GET /api/v1/users/me? HTTP/1.0" 304 - "-" "Sedu/1 CFNetwork/1404.0.5 Darwin/22.3.0"
::ffff:127.0.0.1 - - [03/May/2023:05:13:42 +0000] "POST /api/v1/users/register HTTP/1.0" 200 462 "-" "okhttp/4.9.2"
::1 - - [03/May/2023:05:13:42 +0000] "GET /api/v1/users/me? HTTP/1.0" 200 188 "-" "okhttp/4.9.2"
::ffff:127.0.0.1 - - [03/May/2023:05:13:45 +0000] "POST /api/v1/users/invoice/6451ed72a4c26797f4265172 HTTP/1.0" 200 50 "-" "okhttp/4.9.2"
::1 - - [03/May/2023:05:13:45 +0000] "GET /api/v1/wallets/6451ed89a4c26797f426517f? HTTP/1.0" 200 16207 "-" "okhttp/4.9.2"
::ffff:127.0.0.1 - - [03/May/2023:05:13:53 +0000] "POST /api/v1/users/invoice/6451ed76a4c26797f4265175 HTTP/1.0" 200 50 "-" "Sedu/1 CFNetwork/1404.0.5 Darwin/22.3.0"
::1 - - [03/May/2023:05:13:53 +0000] "GET /api/v1/wallets/6451ed90a4c26797f4265191? HTTP/1.0" 200 16046 "-" "Sedu/1 CFNetwork/1404.0.5 Darwin/22.3.0"
::ffff:127.0.0.1 - - [03/May/2023:05:13:58 +0000] "GET /api/v1/users/me? HTTP/1.0" 304 - "-" "okhttp/4.9.2"
::1 - - [03/May/2023:05:14:15 +0000] "POST /api/v1/users/invoice/6451ed86a4c26797f426517b HTTP/1.0" 200 50 "-" "okhttp/4.9.2"
::ffff:127.0.0.1 - - [03/May/2023:05:14:15 +0000] "GET /api/v1/wallets/6451eda7a4c26797f42651a4? HTTP/1.0" 200 16002 "-" "okhttp/4.9.2"
::1 - - [03/May/2023:05:14:28 +0000] "GET /api/v1/users/me? HTTP/1.0" 200 227 "-" "okhttp/4.9.2"
::ffff:127.0.0.1 - - [03/May/2023:05:14:37 +0000] "GET /api/v1/articles/642d4c587c1330814fb76297? HTTP/1.0" 304 - "-" "Sedu/1 CFNetwork/1406.0.4 Darwin/22.4.0"
::1 - - [03/May/2023:05:14:54 +0000] "GET /api/v1/users/me? HTTP/1.0" 200 232 "-" "okhttp/4.9.2"
::ffff:127.0.0.1 - - [03/May/2023:05:14:54 +0000] "GET /api/v1/wallets/6451ed89a4c26797f426517f? HTTP/1.0" 304 - "-" "okhttp/4.9.2"
::1 - - [03/May/2023:05:15:28 +0000] "GET /api/v1/users/me? HTTP/1.0" 304 - "-" "okhttp/4.9.2"
::ffff:127.0.0.1 - - [03/May/2023:05:15:30 +0000] "GET /api/v1/articles/642d55507c1330814fb76325? HTTP/1.0" 200 3439 "-" "Sedu/1 CFNetwork/1406.0.4 Darwin/22.4.0"
::1 - - [03/May/2023:05:16:42 +0000] "GET /api/v1/users/me? HTTP/1.0" 304 - "-" "Sedu/1 CFNetwork/1406.0.4 Darwin/22.4.0"
::ffff:127.0.0.1 - - [03/May/2023:05:16:42 +0000] "GET /api/v1/articles/642d55507c1330814fb76325? HTTP/1.0" 304 - "-" "Sedu/1 CFNetwork/1406.0.4 Darwin/22.4.0"
::ffff:127.0.0.1 - - [03/May/2023:05:16:42 +0000] "GET /api/v1/ads? HTTP/1.0" 304 - "-" "Sedu/1 CFNetwork/1406.0.4 Darwin/22.4.0"
::1 - - [03/May/2023:05:16:43 +0000] "GET /api/v1/articles? HTTP/1.0" 304 - "-" "Sedu/1 CFNetwork/1406.0.4 Darwin/22.4.0"
::ffff:127.0.0.1 - - [03/May/2023:05:16:50 +0000] "GET /api/v1/users/me? HTTP/1.0" 401 283 "-" "okhttp/4.9.2"
::1 - - [03/May/2023:05:17:09 +0000] "GET /api/v1/users/me? HTTP/1.0" 401 283 "-" "Sedu/1 CFNetwork/1335.0.3 Darwin/21.6.0"
::ffff:127.0.0.1 - - [03/May/2023:05:17:16 +0000] "POST /api/v1/users/register HTTP/1.0" 200 463 "-" "okhttp/4.9.2"
::1 - - [03/May/2023:05:17:16 +0000] "GET /api/v1/users/me? HTTP/1.0" 200 189 "-" "okhttp/4.9.2"
::ffff:127.0.0.1 - - [03/May/2023:05:17:16 +0000] "GET /api/v1/users/me? HTTP/1.0" 401 283 "-" "okhttp/4.9.2"
::1 - - [03/May/2023:05:17:27 +0000] "POST /api/v1/users/register HTTP/1.0" 200 463 "-" "Sedu/1 CFNetwork/1335.0.3 Darwin/21.6.0"
::ffff:127.0.0.1 - - [03/May/2023:05:17:27 +0000] "GET /api/v1/users/me? HTTP/1.0" 200 189 "-" "Sedu/1 CFNetwork/1335.0.3 Darwin/21.6.0"
::1 - - [03/May/2023:05:17:32 +0000] "GET /api/v1/users/logout? HTTP/1.0" 200 39 "-" "okhttp/4.9.2"
::ffff:127.0.0.1 - - [03/May/2023:05:17:32 +0000] "GET /api/v1/users/me? HTTP/1.0" 401 283 "-" "okhttp/4.9.2"
::1 - - [03/May/2023:05:17:33 +0000] "POST /api/v1/users/register HTTP/1.0" 500 248 "-" "okhttp/4.9.2"
::ffff:127.0.0.1 - - [03/May/2023:05:17:35 +0000] "GET /api/v1/users/me? HTTP/1.0" 304 - "-" "Sedu/1 CFNetwork/1335.0.3 Darwin/21.6.0"
::1 - - [03/May/2023:05:17:38 +0000] "POST /api/v1/users/register HTTP/1.0" 500 248 "-" "okhttp/4.9.2"
::ffff:127.0.0.1 - - [03/May/2023:05:17:40 +0000] "GET /api/v1/users/logout? HTTP/1.0" 200 39 "-" "Sedu/1 CFNetwork/1335.0.3 Darwin/21.6.0"
::1 - - [03/May/2023:05:17:40 +0000] "GET /api/v1/users/me? HTTP/1.0" 401 283 "-" "Sedu/1 CFNetwork/1335.0.3 Darwin/21.6.0"
::ffff:127.0.0.1 - - [03/May/2023:05:17:53 +0000] "POST /api/v1/users/login HTTP/1.0" 200 463 "-" "Sedu/1 CFNetwork/1335.0.3 Darwin/21.6.0"
::1 - - [03/May/2023:05:17:53 +0000] "GET /api/v1/users/me? HTTP/1.0" 304 - "-" "Sedu/1 CFNetwork/1335.0.3 Darwin/21.6.0"
::ffff:127.0.0.1 - - [03/May/2023:05:17:55 +0000] "GET /api/v1/users/me? HTTP/1.0" 401 283 "-" "Sedu/1 CFNetwork/1404.0.5 Darwin/22.3.0"
::1 - - [03/May/2023:05:17:56 +0000] "GET /api/v1/users/me? HTTP/1.0" 304 - "-" "Sedu/1 CFNetwork/1335.0.3 Darwin/21.6.0"
::ffff:127.0.0.1 - - [03/May/2023:05:17:59 +0000] "POST /api/v1/users/invoice/6451ee66a4c26797f42651c4 HTTP/1.0" 200 50 "-" "Sedu/1 CFNetwork/1335.0.3 Darwin/21.6.0"
::1 - - [03/May/2023:05:18:00 +0000] "GET /api/v1/wallets/6451ee87a4c26797f42651d0? HTTP/1.0" 200 16163 "-" "Sedu/1 CFNetwork/1335.0.3 Darwin/21.6.0"
::ffff:127.0.0.1 - - [03/May/2023:05:18:06 +0000] "POST /api/v1/users/register HTTP/1.0" 500 249 "-" "okhttp/4.9.2"
::1 - - [03/May/2023:05:18:07 +0000] "POST /api/v1/users/register HTTP/1.0" 500 249 "-" "okhttp/4.9.2"
::ffff:127.0.0.1 - - [03/May/2023:05:18:08 +0000] "POST /api/v1/users/register HTTP/1.0" 200 463 "-" "Sedu/1 CFNetwork/1404.0.5 Darwin/22.3.0"
::1 - - [03/May/2023:05:18:09 +0000] "GET /api/v1/users/me? HTTP/1.0" 200 189 "-" "Sedu/1 CFNetwork/1404.0.5 Darwin/22.3.0"
::ffff:127.0.0.1 - - [03/May/2023:05:18:10 +0000] "GET /api/v1/users/logout? HTTP/1.0" 304 - "-" "Sedu/1 CFNetwork/1335.0.3 Darwin/21.6.0"
::1 - - [03/May/2023:05:18:10 +0000] "GET /api/v1/users/me? HTTP/1.0" 401 283 "-" "okhttp/4.9.2"
::ffff:127.0.0.1 - - [03/May/2023:05:18:11 +0000] "GET /api/v1/users/me? HTTP/1.0" 401 283 "-" "Sedu/1 CFNetwork/1335.0.3 Darwin/21.6.0"
::1 - - [03/May/2023:05:18:16 +0000] "GET /api/v1/users/me? HTTP/1.0" 304 - "-" "okhttp/4.9.2"
::ffff:127.0.0.1 - - [03/May/2023:05:18:20 +0000] "GET /api/v1/users/me? HTTP/1.0" 304 - "-" "Sedu/1 CFNetwork/1404.0.5 Darwin/22.3.0"
::1 - - [03/May/2023:05:18:21 +0000] "GET /api/v1/users/me? HTTP/1.0" 304 - "-" "okhttp/4.9.2"
::ffff:127.0.0.1 - - [03/May/2023:05:18:24 +0000] "GET /api/v1/users/me? HTTP/1.0" 401 283 "-" "okhttp/4.9.2"
::1 - - [03/May/2023:05:18:25 +0000] "POST /api/v1/users/invoice/6451ed72a4c26797f4265172 HTTP/1.0" 200 50 "-" "okhttp/4.9.2"
::ffff:127.0.0.1 - - [03/May/2023:05:18:25 +0000] "GET /api/v1/wallets/6451eea1a4c26797f42651ec? HTTP/1.0" 200 16135 "-" "okhttp/4.9.2"
::1 - - [03/May/2023:05:18:37 +0000] "GET /api/v1/users/me? HTTP/1.0" 401 283 "-" "Sedu/1 CFNetwork/1406.0.4 Darwin/22.4.0"
::ffff:127.0.0.1 - - [03/May/2023:05:18:39 +0000] "GET /api/v1/users/me? HTTP/1.0" 401 283 "-" "Sedu/1 CFNetwork/1406.0.4 Darwin/22.4.0"
::1 - - [03/May/2023:05:18:42 +0000] "POST /api/v1/users/register HTTP/1.0" 500 248 "-" "okhttp/4.9.2"
::ffff:127.0.0.1 - - [03/May/2023:05:18:45 +0000] "POST /api/v1/users/register HTTP/1.0" 500 248 "-" "okhttp/4.9.2"
::1 - - [03/May/2023:05:18:47 +0000] "POST /api/v1/users/register HTTP/1.0" 500 248 "-" "okhttp/4.9.2"
::ffff:127.0.0.1 - - [03/May/2023:05:18:52 +0000] "POST /api/v1/users/register HTTP/1.0" 500 250 "-" "Sedu/1 CFNetwork/1406.0.4 Darwin/22.4.0"
::1 - - [03/May/2023:05:19:07 +0000] "POST /api/v1/users/register HTTP/1.0" 200 463 "-" "Sedu/1 CFNetwork/1406.0.4 Darwin/22.4.0"
::ffff:127.0.0.1 - - [03/May/2023:05:19:07 +0000] "GET /api/v1/users/me? HTTP/1.0" 200 189 "-" "Sedu/1 CFNetwork/1406.0.4 Darwin/22.4.0"
::1 - - [03/May/2023:05:19:08 +0000] "POST /api/v1/users/login HTTP/1.0" 401 123 "-" "okhttp/4.9.2"
::ffff:127.0.0.1 - - [03/May/2023:05:19:12 +0000] "POST /api/v1/users/login HTTP/1.0" 401 123 "-" "okhttp/4.9.2"
::1 - - [03/May/2023:05:19:15 +0000] "GET /api/v1/users/me? HTTP/1.0" 200 232 "-" "okhttp/4.9.2"
::ffff:127.0.0.1 - - [03/May/2023:05:19:16 +0000] "GET /api/v1/users/me? HTTP/1.0" 304 - "-" "Sedu/1 CFNetwork/1406.0.4 Darwin/22.4.0"
::1 - - [03/May/2023:05:19:17 +0000] "POST /api/v1/users/invoice/6451ed72a4c26797f4265172 HTTP/1.0" 200 50 "-" "okhttp/4.9.2"
::ffff:127.0.0.1 - - [03/May/2023:05:19:18 +0000] "GET /api/v1/wallets/6451eed5a4c26797f426520d? HTTP/1.0" 200 16219 "-" "okhttp/4.9.2"
::1 - - [03/May/2023:05:19:20 +0000] "GET /api/v1/users/me? HTTP/1.0" 401 283 "-" "Sedu/1 CFNetwork/1406.0.4 Darwin/22.4.0"
::ffff:127.0.0.1 - - [03/May/2023:05:19:22 +0000] "GET /api/v1/users/me? HTTP/1.0" 304 - "-" "Sedu/1 CFNetwork/1406.0.4 Darwin/22.4.0"
::1 - - [03/May/2023:05:19:22 +0000] "GET /api/v1/users/me? HTTP/1.0" 401 283 "-" "okhttp/4.9.2"
::ffff:127.0.0.1 - - [03/May/2023:05:19:25 +0000] "POST /api/v1/users/invoice/6451eecba4c26797f4265205 HTTP/1.0" 200 50 "-" "Sedu/1 CFNetwork/1406.0.4 Darwin/22.4.0"
::1 - - [03/May/2023:05:19:25 +0000] "GET /api/v1/wallets/6451eedca4c26797f4265220? HTTP/1.0" 200 16335 "-" "Sedu/1 CFNetwork/1406.0.4 Darwin/22.4.0"
::ffff:127.0.0.1 - - [03/May/2023:05:19:36 +0000] "GET /api/v1/users/logout? HTTP/1.0" 200 39 "-" "Sedu/1 CFNetwork/1406.0.4 Darwin/22.4.0"
::1 - - [03/May/2023:05:19:36 +0000] "GET /api/v1/users/me? HTTP/1.0" 401 283 "-" "Sedu/1 CFNetwork/1406.0.4 Darwin/22.4.0"
::ffff:127.0.0.1 - - [03/May/2023:05:19:37 +0000] "POST /api/v1/users/register HTTP/1.0" 200 468 "-" "okhttp/4.9.2"
::1 - - [03/May/2023:05:19:38 +0000] "GET /api/v1/users/me? HTTP/1.0" 200 194 "-" "okhttp/4.9.2"
::ffff:127.0.0.1 - - [03/May/2023:05:19:38 +0000] "POST /api/v1/users/register HTTP/1.0" 200 461 "-" "Sedu/1 CFNetwork/1406.0.4 Darwin/22.4.0"
::1 - - [03/May/2023:05:19:38 +0000] "GET /api/v1/users/me? HTTP/1.0" 200 187 "-" "Sedu/1 CFNetwork/1406.0.4 Darwin/22.4.0"
::ffff:127.0.0.1 - - [03/May/2023:05:19:55 +0000] "GET /api/v1/users/logout? HTTP/1.0" 200 39 "-" "Sedu/1 CFNetwork/1406.0.4 Darwin/22.4.0"
::1 - - [03/May/2023:05:19:55 +0000] "GET /api/v1/users/me? HTTP/1.0" 401 283 "-" "Sedu/1 CFNetwork/1406.0.4 Darwin/22.4.0"
::ffff:127.0.0.1 - - [03/May/2023:05:19:59 +0000] "GET /api/v1/users/callbacks/6451ed72a4c26797f4265172/20000?qpay_payment_id=181938042862093 HTTP/1.0" 200 232 "-" "node-fetch/1.0 (+https://github.com/bitinn/node-fetch)"
::1 - - [03/May/2023:05:20:01 +0000] "GET /api/v1/users/me? HTTP/1.0" 304 - "-" "okhttp/4.9.2"
::1 - - [03/May/2023:05:20:01 +0000] "GET /api/v1/ads? HTTP/1.0" 304 - "-" "okhttp/4.9.2"
::ffff:127.0.0.1 - - [03/May/2023:05:20:01 +0000] "GET /api/v1/articles? HTTP/1.0" 304 - "-" "okhttp/4.9.2"
::ffff:127.0.0.1 - - [03/May/2023:05:20:02 +0000] "GET /api/v1/users/me? HTTP/1.0" 304 - "-" "okhttp/4.9.2"
::1 - - [03/May/2023:05:20:09 +0000] "POST /api/v1/users/register HTTP/1.0" 200 462 "-" "Sedu/1 CFNetwork/1406.0.4 Darwin/22.4.0"
::ffff:127.0.0.1 - - [03/May/2023:05:20:09 +0000] "GET /api/v1/users/me? HTTP/1.0" 200 188 "-" "Sedu/1 CFNetwork/1406.0.4 Darwin/22.4.0"
::1 - - [03/May/2023:05:20:12 +0000] "GET /api/v1/wallets/6451eed5a4c26797f426520d? HTTP/1.0" 304 - "-" "okhttp/4.9.2"
::ffff:127.0.0.1 - - [03/May/2023:05:20:12 +0000] "GET /api/v1/users/me? HTTP/1.0" 200 232 "-" "okhttp/4.9.2"
::1 - - [03/May/2023:05:20:15 +0000] "GET /api/v1/users/me? HTTP/1.0" 304 - "-" "okhttp/4.9.2"
::1 - - [03/May/2023:05:20:15 +0000] "GET /api/v1/ads? HTTP/1.0" 304 - "-" "okhttp/4.9.2"
::ffff:127.0.0.1 - - [03/May/2023:05:20:16 +0000] "GET /api/v1/articles? HTTP/1.0" 304 - "-" "okhttp/4.9.2"
::1 - - [03/May/2023:05:20:16 +0000] "GET /api/v1/users/logout? HTTP/1.0" 200 39 "-" "okhttp/4.9.2"
::ffff:127.0.0.1 - - [03/May/2023:05:20:17 +0000] "GET /api/v1/users/me? HTTP/1.0" 304 - "-" "okhttp/4.9.2"
::1 - - [03/May/2023:05:20:17 +0000] "GET /api/v1/users/me? HTTP/1.0" 401 283 "-" "okhttp/4.9.2"
::ffff:127.0.0.1 - - [03/May/2023:05:20:17 +0000] "POST /api/v1/users/invoice/6451ef09a4c26797f426523f HTTP/1.0" 200 50 "-" "Sedu/1 CFNetwork/1406.0.4 Darwin/22.4.0"
::ffff:127.0.0.1 - - [03/May/2023:05:20:18 +0000] "GET /api/v1/wallets/6451ef11a4c26797f426524b? HTTP/1.0" 200 16190 "-" "Sedu/1 CFNetwork/1406.0.4 Darwin/22.4.0"
::1 - - [03/May/2023:05:20:31 +0000] "POST /api/v1/users/login HTTP/1.0" 200 506 "-" "okhttp/4.9.2"
::ffff:127.0.0.1 - - [03/May/2023:05:20:31 +0000] "GET /api/v1/users/me? HTTP/1.0" 304 - "-" "okhttp/4.9.2"
::ffff:127.0.0.1 - - [03/May/2023:05:20:31 +0000] "GET /api/v1/ads? HTTP/1.0" 200 633 "-" "okhttp/4.9.2"
::1 - - [03/May/2023:05:20:31 +0000] "GET /api/v1/articles? HTTP/1.0" 200 303951 "-" "okhttp/4.9.2"
::1 - - [03/May/2023:05:20:37 +0000] "GET /api/v1/articles/642e321a7c1330814fb7648b? HTTP/1.0" 200 2249 "-" "okhttp/4.9.2"
::ffff:127.0.0.1 - - [03/May/2023:05:20:42 +0000] "GET /api/v1/users/me? HTTP/1.0" 401 283 "-" "okhttp/4.9.2"
::1 - - [03/May/2023:05:21:06 +0000] "GET /api/v1/users/me? HTTP/1.0" 304 - "-" "okhttp/4.9.2"
::ffff:127.0.0.1 - - [03/May/2023:05:21:15 +0000] "GET /api/v1/articles/642d4c587c1330814fb76297? HTTP/1.0" 200 22271 "-" "okhttp/4.9.2"
::1 - - [03/May/2023:05:21:17 +0000] "POST /api/v1/users/register HTTP/1.0" 200 464 "-" "okhttp/4.9.2"
::ffff:127.0.0.1 - - [03/May/2023:05:21:18 +0000] "GET /api/v1/users/me? HTTP/1.0" 200 190 "-" "okhttp/4.9.2"
::1 - - [03/May/2023:05:21:27 +0000] "GET /api/v1/users/me? HTTP/1.0" 304 - "-" "okhttp/4.9.2"
::ffff:127.0.0.1 - - [03/May/2023:05:21:27 +0000] "GET /api/v1/users/me? HTTP/1.0" 401 283 "-" "okhttp/4.9.2"
::1 - - [03/May/2023:05:21:41 +0000] "POST /api/v1/users/invoice/6451ef4da4c26797f4265265 HTTP/1.0" 200 50 "-" "okhttp/4.9.2"
::ffff:127.0.0.1 - - [03/May/2023:05:21:42 +0000] "GET /api/v1/wallets/6451ef65a4c26797f426526a? HTTP/1.0" 200 16375 "-" "okhttp/4.9.2"
::1 - - [03/May/2023:05:21:46 +0000] "GET /api/v1/users/me? HTTP/1.0" 304 - "-" "Sedu/1 CFNetwork/1120 Darwin/19.0.0"
::1 - - [03/May/2023:05:21:46 +0000] "GET /api/v1/ads? HTTP/1.0" 304 - "-" "Sedu/1 CFNetwork/1120 Darwin/19.0.0"
::ffff:127.0.0.1 - - [03/May/2023:05:21:47 +0000] "GET /api/v1/articles? HTTP/1.0" 304 - "-" "Sedu/1 CFNetwork/1120 Darwin/19.0.0"
::1 - - [03/May/2023:05:21:53 +0000] "POST /api/v1/users/register HTTP/1.0" 500 250 "-" "okhttp/4.9.2"
::ffff:127.0.0.1 - - [03/May/2023:05:21:58 +0000] "GET /api/v1/users/me? HTTP/1.0" 304 - "-" "Sedu/1 CFNetwork/1120 Darwin/19.0.0"
::1 - - [03/May/2023:05:22:01 +0000] "GET /api/v1/users/logout? HTTP/1.0" 200 39 "-" "Sedu/1 CFNetwork/1120 Darwin/19.0.0"
::ffff:127.0.0.1 - - [03/May/2023:05:22:01 +0000] "GET /api/v1/articles? HTTP/1.0" 401 283 "-" "Sedu/1 CFNetwork/1120 Darwin/19.0.0"
::1 - - [03/May/2023:05:22:01 +0000] "GET /api/v1/users/me? HTTP/1.0" 401 283 "-" "Sedu/1 CFNetwork/1120 Darwin/19.0.0"
::ffff:127.0.0.1 - - [03/May/2023:05:22:01 +0000] "GET /api/v1/ads? HTTP/1.0" 304 - "-" "Sedu/1 CFNetwork/1120 Darwin/19.0.0"
::1 - - [03/May/2023:05:22:02 +0000] "GET /api/v1/users/me? HTTP/1.0" 401 283 "-" "Sedu/1 CFNetwork/1120 Darwin/19.0.0"
::1 - - [03/May/2023:05:22:08 +0000] "POST /api/v1/users/register HTTP/1.0" 200 462 "-" "okhttp/4.9.2"
::ffff:127.0.0.1 - - [03/May/2023:05:22:08 +0000] "GET /api/v1/users/me? HTTP/1.0" 200 188 "-" "okhttp/4.9.2"
::1 - - [03/May/2023:05:22:10 +0000] "GET /api/v1/users/me? HTTP/1.0" 401 283 "-" "Sedu/1 CFNetwork/1120 Darwin/19.0.0"
::ffff:127.0.0.1 - - [03/May/2023:05:22:17 +0000] "GET /api/v1/users/me? HTTP/1.0" 304 - "-" "okhttp/4.9.2"
::ffff:127.0.0.1 - - [03/May/2023:05:22:22 +0000] "POST /api/v1/users/invoice/6451ef80a4c26797f4265285 HTTP/1.0" 200 50 "-" "okhttp/4.9.2"
::1 - - [03/May/2023:05:22:22 +0000] "GET /api/v1/wallets/6451ef8ea4c26797f426528a? HTTP/1.0" 200 16122 "-" "okhttp/4.9.2"
::ffff:127.0.0.1 - - [03/May/2023:05:22:29 +0000] "GET /dispatch.asp HTTP/1.0" 404 151 "-" "Mozilla/5.0 (Windows NT 10.0; Win64; x64) AppleWebKit/537.36 (KHTML, like Gecko) Chrome/90.0.4430.85 Safari/537.36 Edg/90.0.818.46"
::1 - - [03/May/2023:05:22:45 +0000] "GET /api/v1/users/me? HTTP/1.0" 401 283 "-" "okhttp/4.9.2"
::ffff:127.0.0.1 - - [03/May/2023:05:23:15 +0000] "POST /api/v1/users/login HTTP/1.0" 401 123 "-" "okhttp/4.9.2"
::1 - - [03/May/2023:05:23:30 +0000] "POST /api/v1/users/register HTTP/1.0" 200 471 "-" "okhttp/4.9.2"
::ffff:127.0.0.1 - - [03/May/2023:05:23:30 +0000] "GET /api/v1/users/me? HTTP/1.0" 200 197 "-" "okhttp/4.9.2"
::1 - - [03/May/2023:05:24:23 +0000] "GET /.well-known/acme-challenge/9GQOLK5C5K7Q-P00M-W0N4-61HQX9MMJ HTTP/1.0" 404 198 "-" "Cpanel-HTTP-Client/1.0"
::ffff:127.0.0.1 - - [03/May/2023:05:25:46 +0000] "GET /api/v1/articles/642d4ce07c1330814fb762a6? HTTP/1.0" 200 10712 "-" "okhttp/4.9.2"
::1 - - [03/May/2023:05:26:02 +0000] "GET /api/v1/articles/642d4efb7c1330814fb762cf? HTTP/1.0" 200 10129 "-" "okhttp/4.9.2"
::ffff:127.0.0.1 - - [03/May/2023:05:26:28 +0000] "GET /api/v1/articles/642d4fba7c1330814fb762d8? HTTP/1.0" 200 8079 "-" "okhttp/4.9.2"
::1 - - [03/May/2023:05:26:44 +0000] "GET /api/v1/users/me? HTTP/1.0" 401 283 "-" "okhttp/4.9.2"
::ffff:127.0.0.1 - - [03/May/2023:05:27:10 +0000] "POST /api/v1/users/register HTTP/1.0" 200 465 "-" "okhttp/4.9.2"
::1 - - [03/May/2023:05:27:10 +0000] "GET /api/v1/users/me? HTTP/1.0" 200 191 "-" "okhttp/4.9.2"
::ffff:127.0.0.1 - - [03/May/2023:05:27:20 +0000] "GET /api/v1/users/me? HTTP/1.0" 304 - "-" "okhttp/4.9.2"
::1 - - [03/May/2023:05:27:24 +0000] "POST /api/v1/users/invoice/6451f0aea4c26797f42652a2 HTTP/1.0" 200 50 "-" "okhttp/4.9.2"
::ffff:127.0.0.1 - - [03/May/2023:05:27:25 +0000] "GET /api/v1/wallets/6451f0bca4c26797f42652a7? HTTP/1.0" 200 16257 "-" "okhttp/4.9.2"
::1 - - [03/May/2023:05:28:08 +0000] "GET /api/v1/users/me? HTTP/1.0" 401 283 "-" "Sedu/1 CFNetwork/1390 Darwin/22.0.0"
::ffff:127.0.0.1 - - [03/May/2023:05:28:20 +0000] "POST /api/v1/users/register HTTP/1.0" 200 463 "-" "Sedu/1 CFNetwork/1390 Darwin/22.0.0"
::1 - - [03/May/2023:05:28:20 +0000] "GET /api/v1/users/me? HTTP/1.0" 200 189 "-" "Sedu/1 CFNetwork/1390 Darwin/22.0.0"
::ffff:127.0.0.1 - - [03/May/2023:05:28:24 +0000] "GET /api/v1/users/logout? HTTP/1.0" 200 39 "-" "Sedu/1 CFNetwork/1390 Darwin/22.0.0"
::1 - - [03/May/2023:05:28:24 +0000] "GET /api/v1/users/me? HTTP/1.0" 401 283 "-" "Sedu/1 CFNetwork/1390 Darwin/22.0.0"
::ffff:127.0.0.1 - - [03/May/2023:05:28:45 +0000] "GET /api/v1/articles/642d55507c1330814fb76325? HTTP/1.0" 200 3439 "-" "okhttp/4.9.2"
::1 - - [03/May/2023:05:29:54 +0000] "GET /api/v1/users/me? HTTP/1.0" 304 - "-" "okhttp/4.9.2"
::1 - - [03/May/2023:05:29:54 +0000] "GET /api/v1/articles/642d4c587c1330814fb76297? HTTP/1.0" 304 - "-" "okhttp/4.9.2"
::ffff:127.0.0.1 - - [03/May/2023:05:29:54 +0000] "GET /api/v1/ads? HTTP/1.0" 304 - "-" "okhttp/4.9.2"
::ffff:127.0.0.1 - - [03/May/2023:05:29:54 +0000] "GET /api/v1/articles? HTTP/1.0" 304 - "-" "okhttp/4.9.2"
::1 - - [03/May/2023:05:29:55 +0000] "GET /api/v1/articles/642d55bf7c1330814fb76345? HTTP/1.0" 200 17984 "-" "okhttp/4.9.2"
::ffff:127.0.0.1 - - [03/May/2023:05:30:05 +0000] "GET /api/v1/users/me? HTTP/1.0" 304 - "-" "okhttp/4.9.2"
::ffff:127.0.0.1 - - [03/May/2023:05:30:05 +0000] "GET /api/v1/ads? HTTP/1.0" 304 - "-" "okhttp/4.9.2"
::1 - - [03/May/2023:05:30:05 +0000] "GET /api/v1/articles? HTTP/1.0" 304 - "-" "okhttp/4.9.2"
::1 - - [03/May/2023:05:30:45 +0000] "GET /api/v1/users/me? HTTP/1.0" 304 - "-" "okhttp/4.9.2"
::ffff:127.0.0.1 - - [03/May/2023:05:30:45 +0000] "GET /api/v1/users/me? HTTP/1.0" 304 - "-" "okhttp/4.9.2"
::1 - - [03/May/2023:05:30:45 +0000] "GET /api/v1/ads? HTTP/1.0" 304 - "-" "okhttp/4.9.2"
::ffff:127.0.0.1 - - [03/May/2023:05:30:45 +0000] "GET /api/v1/articles? HTTP/1.0" 304 - "-" "okhttp/4.9.2"
::1 - - [03/May/2023:05:30:51 +0000] "GET /api/v1/users/me? HTTP/1.0" 401 283 "-" "okhttp/4.9.2"
::ffff:127.0.0.1 - - [03/May/2023:05:31:02 +0000] "GET /api/v1/users/me? HTTP/1.0" 401 283 "-" "okhttp/4.9.2"
::1 - - [03/May/2023:05:31:21 +0000] "GET /api/v1/users/me? HTTP/1.0" 304 - "-" "okhttp/4.9.2"
::1 - - [03/May/2023:05:31:22 +0000] "GET /api/v1/ads? HTTP/1.0" 304 - "-" "okhttp/4.9.2"
::ffff:127.0.0.1 - - [03/May/2023:05:31:22 +0000] "GET /api/v1/articles? HTTP/1.0" 304 - "-" "okhttp/4.9.2"
::ffff:127.0.0.1 - - [03/May/2023:05:31:30 +0000] "POST /api/v1/users/login HTTP/1.0" 401 123 "-" "okhttp/4.9.2"
::1 - - [03/May/2023:05:31:31 +0000] "GET /api/v1/users/me? HTTP/1.0" 304 - "-" "okhttp/4.9.2"
::ffff:127.0.0.1 - - [03/May/2023:05:31:59 +0000] "POST /api/v1/users/register HTTP/1.0" 200 465 "-" "okhttp/4.9.2"
::1 - - [03/May/2023:05:31:59 +0000] "GET /api/v1/users/me? HTTP/1.0" 200 191 "-" "okhttp/4.9.2"
::ffff:127.0.0.1 - - [03/May/2023:05:32:04 +0000] "GET /api/v1/articles/642d7ac57c1330814fb76424? HTTP/1.0" 304 - "-" "okhttp/4.9.2"
::1 - - [03/May/2023:05:32:10 +0000] "POST /api/v1/users/register HTTP/1.0" 500 248 "-" "okhttp/4.9.2"
::ffff:127.0.0.1 - - [03/May/2023:05:32:16 +0000] "GET /api/v1/users/logout? HTTP/1.0" 200 39 "-" "okhttp/4.9.2"
::1 - - [03/May/2023:05:32:17 +0000] "GET /api/v1/users/me? HTTP/1.0" 401 283 "-" "okhttp/4.9.2"
::ffff:127.0.0.1 - - [03/May/2023:05:32:18 +0000] "POST /api/v1/users/register HTTP/1.0" 500 248 "-" "okhttp/4.9.2"
::1 - - [03/May/2023:05:32:19 +0000] "POST /api/v1/users/register HTTP/1.0" 500 248 "-" "okhttp/4.9.2"
::ffff:127.0.0.1 - - [03/May/2023:05:33:01 +0000] "POST /api/v1/users/register HTTP/1.0" 200 461 "-" "okhttp/4.9.2"
::1 - - [03/May/2023:05:33:01 +0000] "GET /api/v1/users/me? HTTP/1.0" 200 187 "-" "okhttp/4.9.2"
::ffff:127.0.0.1 - - [03/May/2023:05:33:03 +0000] "GET /api/v1/users/me? HTTP/1.0" 304 - "-" "okhttp/4.9.2"
::1 - - [03/May/2023:05:33:03 +0000] "GET /api/v1/articles? HTTP/1.0" 304 - "-" "okhttp/4.9.2"
::ffff:127.0.0.1 - - [03/May/2023:05:33:03 +0000] "GET /api/v1/ads? HTTP/1.0" 304 - "-" "okhttp/4.9.2"
::1 - - [03/May/2023:05:33:27 +0000] "GET /api/v1/users/me? HTTP/1.0" 304 - "-" "okhttp/4.9.2"
::ffff:127.0.0.1 - - [03/May/2023:05:33:27 +0000] "GET /api/v1/articles/642d55bf7c1330814fb76345? HTTP/1.0" 200 17984 "-" "okhttp/4.9.2"
::1 - - [03/May/2023:05:33:44 +0000] "POST /api/v1/users/invoice/6451f20ca4c26797f42652df HTTP/1.0" 200 50 "-" "okhttp/4.9.2"
::ffff:127.0.0.1 - - [03/May/2023:05:33:44 +0000] "GET /api/v1/wallets/6451f238a4c26797f42652ea? HTTP/1.0" 200 16369 "-" "okhttp/4.9.2"
::1 - - [03/May/2023:05:33:51 +0000] "GET /api/v1/users/me? HTTP/1.0" 401 283 "-" "okhttp/4.9.2"
::ffff:127.0.0.1 - - [03/May/2023:05:33:52 +0000] "GET /api/v1/users/me? HTTP/1.0" 401 283 "-" "okhttp/4.9.2"
::1 - - [03/May/2023:05:34:01 +0000] "POST /api/v1/users/register HTTP/1.0" 200 464 "-" "okhttp/4.9.2"
::ffff:127.0.0.1 - - [03/May/2023:05:34:01 +0000] "GET /api/v1/users/me? HTTP/1.0" 200 190 "-" "okhttp/4.9.2"
::1 - - [03/May/2023:05:34:06 +0000] "GET /api/v1/users/logout? HTTP/1.0" 200 39 "-" "okhttp/4.9.2"
::ffff:127.0.0.1 - - [03/May/2023:05:34:07 +0000] "GET /api/v1/users/me? HTTP/1.0" 401 283 "-" "okhttp/4.9.2"
::1 - - [03/May/2023:05:34:35 +0000] "GET /api/v1/wallets/6451f238a4c26797f42652ea? HTTP/1.0" 304 - "-" "okhttp/4.9.2"
::ffff:127.0.0.1 - - [03/May/2023:05:34:35 +0000] "GET /api/v1/users/me? HTTP/1.0" 200 226 "-" "okhttp/4.9.2"
::1 - - [03/May/2023:05:35:03 +0000] "GET /api/v1/users/me? HTTP/1.0" 401 283 "-" "okhttp/4.9.2"
::ffff:127.0.0.1 - - [03/May/2023:05:35:25 +0000] "GET /api/v1/articles/642d56517c1330814fb7635e? HTTP/1.0" 200 16264 "-" "okhttp/4.9.2"
::1 - - [03/May/2023:05:35:28 +0000] "GET /api/v1/users/callbacks/6451f20ca4c26797f42652df/20000?qpay_payment_id=206740664814598 HTTP/1.0" 200 226 "-" "node-fetch/1.0 (+https://github.com/bitinn/node-fetch)"
::ffff:127.0.0.1 - - [03/May/2023:05:35:41 +0000] "GET /api/v1/users/me? HTTP/1.0" 401 283 "-" "okhttp/4.9.2"
::1 - - [03/May/2023:05:35:41 +0000] "GET /api/v1/users/me? HTTP/1.0" 401 283 "-" "okhttp/4.9.2"
::1 - - [03/May/2023:05:35:43 +0000] "POST /api/v1/users/register HTTP/1.0" 200 462 "-" "okhttp/4.9.2"
::1 - - [03/May/2023:05:35:43 +0000] "GET /api/v1/users/me? HTTP/1.0" 200 188 "-" "okhttp/4.9.2"
::ffff:127.0.0.1 - - [03/May/2023:05:35:44 +0000] "GET /favicon.ico HTTP/1.0" 404 150 "-" "Mozilla/5.0 (compatible; CensysInspect/1.1; +https://about.censys.io/)"
::1 - - [03/May/2023:05:35:53 +0000] "GET /api/v1/users/me? HTTP/1.0" 200 226 "-" "okhttp/4.9.2"
::ffff:127.0.0.1 - - [03/May/2023:05:35:53 +0000] "GET /api/v1/wallets/6451f238a4c26797f42652ea? HTTP/1.0" 304 - "-" "okhttp/4.9.2"
::1 - - [03/May/2023:05:35:59 +0000] "POST /api/v1/users/register HTTP/1.0" 200 465 "-" "okhttp/4.9.2"
::1 - - [03/May/2023:05:36:00 +0000] "GET /api/v1/users/me? HTTP/1.0" 200 191 "-" "okhttp/4.9.2"
::ffff:127.0.0.1 - - [03/May/2023:05:36:00 +0000] "POST /api/v1/users/invoice/6451f20ca4c26797f42652df HTTP/1.0" 200 50 "-" "okhttp/4.9.2"
::ffff:127.0.0.1 - - [03/May/2023:05:36:01 +0000] "GET /api/v1/wallets/6451f2c0a4c26797f426530c? HTTP/1.0" 200 15961 "-" "okhttp/4.9.2"
::1 - - [03/May/2023:05:36:04 +0000] "GET /api/v1/users/me? HTTP/1.0" 304 - "-" "Sedu/1 CFNetwork/1406.0.4 Darwin/22.4.0"
::1 - - [03/May/2023:05:36:04 +0000] "GET /api/v1/ads? HTTP/1.0" 304 - "-" "Sedu/1 CFNetwork/1406.0.4 Darwin/22.4.0"
::ffff:127.0.0.1 - - [03/May/2023:05:36:04 +0000] "GET /api/v1/articles? HTTP/1.0" 304 - "-" "Sedu/1 CFNetwork/1406.0.4 Darwin/22.4.0"
::1 - - [03/May/2023:05:36:05 +0000] "GET /api/v1/users/me? HTTP/1.0" 304 - "-" "okhttp/4.9.2"
::1 - - [03/May/2023:05:36:09 +0000] "GET /api/v1/articles/642d55f77c1330814fb7634f? HTTP/1.0" 200 7052 "-" "Sedu/1 CFNetwork/1406.0.4 Darwin/22.4.0"
::ffff:127.0.0.1 - - [03/May/2023:05:36:09 +0000] "POST /api/v1/users/invoice/6451f2bfa4c26797f4265308 HTTP/1.0" 200 50 "-" "okhttp/4.9.2"
::ffff:127.0.0.1 - - [03/May/2023:05:36:10 +0000] "GET /api/v1/wallets/6451f2c9a4c26797f4265325? HTTP/1.0" 200 16193 "-" "okhttp/4.9.2"
::1 - - [03/May/2023:05:36:14 +0000] "GET /api/v1/users/logout? HTTP/1.0" 200 39 "-" "okhttp/4.9.2"
::ffff:127.0.0.1 - - [03/May/2023:05:36:15 +0000] "GET /api/v1/users/me? HTTP/1.0" 401 283 "-" "okhttp/4.9.2"
::1 - - [03/May/2023:05:36:15 +0000] "GET /api/v1/users/logout? HTTP/1.0" 304 - "-" "okhttp/4.9.2"
::ffff:127.0.0.1 - - [03/May/2023:05:36:26 +0000] "GET /api/v1/users/me? HTTP/1.0" 200 226 "-" "okhttp/4.9.2"
::1 - - [03/May/2023:05:36:27 +0000] "GET /api/v1/articles? HTTP/1.0" 200 303951 "-" "okhttp/4.9.2"
::ffff:127.0.0.1 - - [03/May/2023:05:36:27 +0000] "GET /api/v1/ads? HTTP/1.0" 200 633 "-" "okhttp/4.9.2"
::ffff:127.0.0.1 - - [03/May/2023:05:36:37 +0000] "GET /api/v1/users/me? HTTP/1.0" 401 283 "-" "okhttp/4.9.2"
::1 - - [03/May/2023:05:36:44 +0000] "GET /api/v1/users/me? HTTP/1.0" 304 - "-" "okhttp/4.9.2"
::ffff:127.0.0.1 - - [03/May/2023:05:37:13 +0000] "GET /api/v1/users/logout? HTTP/1.0" 200 39 "-" "okhttp/4.9.2"
::1 - - [03/May/2023:05:37:13 +0000] "POST /api/v1/users/register HTTP/1.0" 500 245 "-" "okhttp/4.9.2"
::1 - - [03/May/2023:05:37:14 +0000] "GET /api/v1/articles? HTTP/1.0" 401 283 "-" "okhttp/4.9.2"
::ffff:127.0.0.1 - - [03/May/2023:05:37:14 +0000] "GET /api/v1/ads? HTTP/1.0" 304 - "-" "okhttp/4.9.2"
::1 - - [03/May/2023:05:37:15 +0000] "GET /api/v1/users/me? HTTP/1.0" 401 283 "-" "okhttp/4.9.2"
::ffff:127.0.0.1 - - [03/May/2023:05:37:15 +0000] "GET /api/v1/users/me? HTTP/1.0" 401 283 "-" "okhttp/4.9.2"
::1 - - [03/May/2023:05:37:15 +0000] "GET /api/v1/users/logout? HTTP/1.0" 304 - "-" "okhttp/4.9.2"
::ffff:127.0.0.1 - - [03/May/2023:05:37:35 +0000] "POST /api/v1/users/login HTTP/1.0" 200 500 "-" "okhttp/4.9.2"
::1 - - [03/May/2023:05:37:36 +0000] "GET /api/v1/users/me? HTTP/1.0" 304 - "-" "okhttp/4.9.2"
::ffff:127.0.0.1 - - [03/May/2023:05:37:37 +0000] "POST /api/v1/users/login HTTP/1.0" 200 500 "-" "okhttp/4.9.2"
::1 - - [03/May/2023:05:37:37 +0000] "GET /api/v1/ads? HTTP/1.0" 304 - "-" "okhttp/4.9.2"
::ffff:127.0.0.1 - - [03/May/2023:05:37:37 +0000] "GET /api/v1/articles? HTTP/1.0" 304 - "-" "okhttp/4.9.2"
::1 - - [03/May/2023:05:37:37 +0000] "GET /api/v1/ads? HTTP/1.0" 304 - "-" "okhttp/4.9.2"
::1 - - [03/May/2023:05:37:37 +0000] "GET /api/v1/users/me? HTTP/1.0" 304 - "-" "okhttp/4.9.2"
::ffff:127.0.0.1 - - [03/May/2023:05:37:37 +0000] "GET /api/v1/articles? HTTP/1.0" 304 - "-" "okhttp/4.9.2"
::1 - - [03/May/2023:05:37:39 +0000] "POST /api/v1/users/register HTTP/1.0" 200 461 "-" "okhttp/4.9.2"
::1 - - [03/May/2023:05:37:39 +0000] "GET /api/v1/users/me? HTTP/1.0" 200 187 "-" "okhttp/4.9.2"
::1 - - [03/May/2023:05:38:36 +0000] "GET /api/v1/users/me? HTTP/1.0" 304 - "-" "okhttp/4.9.2"
::ffff:127.0.0.1 - - [03/May/2023:05:38:45 +0000] "GET /api/v1/users/me? HTTP/1.0" 304 - "-" "okhttp/4.9.2"
::1 - - [03/May/2023:05:38:46 +0000] "GET /api/v1/users/logout? HTTP/1.0" 200 39 "-" "okhttp/4.9.2"
::ffff:127.0.0.1 - - [03/May/2023:05:38:46 +0000] "GET /api/v1/users/me? HTTP/1.0" 401 283 "-" "okhttp/4.9.2"
::1 - - [03/May/2023:05:39:02 +0000] "GET /api/v1/articles/642d55bf7c1330814fb76345? HTTP/1.0" 200 17984 "-" "okhttp/4.9.2"
::ffff:127.0.0.1 - - [03/May/2023:05:39:13 +0000] "GET /api/v1/users/me? HTTP/1.0" 401 283 "-" "okhttp/4.9.2"
::1 - - [03/May/2023:05:39:25 +0000] "GET /api/v1/users/me? HTTP/1.0" 401 283 "-" "okhttp/4.9.2"
::ffff:127.0.0.1 - - [03/May/2023:05:39:27 +0000] "GET /api/v1/users/me? HTTP/1.0" 401 283 "-" "okhttp/4.9.2"
::1 - - [03/May/2023:05:39:30 +0000] "GET /api/v1/users/me? HTTP/1.0" 401 283 "-" "okhttp/4.9.2"
::ffff:127.0.0.1 - - [03/May/2023:05:39:31 +0000] "GET /api/v1/articles/642d57947c1330814fb76374? HTTP/1.0" 200 11534 "-" "okhttp/4.9.2"
::1 - - [03/May/2023:05:39:43 +0000] "POST /api/v1/users/register HTTP/1.0" 200 473 "-" "okhttp/4.9.2"
::ffff:127.0.0.1 - - [03/May/2023:05:39:43 +0000] "POST /api/v1/users/register HTTP/1.0" 500 248 "-" "okhttp/4.9.2"
::1 - - [03/May/2023:05:39:43 +0000] "GET /api/v1/users/me? HTTP/1.0" 200 199 "-" "okhttp/4.9.2"
::ffff:127.0.0.1 - - [03/May/2023:05:39:58 +0000] "GET /api/v1/users/logout? HTTP/1.0" 200 39 "-" "okhttp/4.9.2"
::1 - - [03/May/2023:05:39:59 +0000] "GET /api/v1/users/me? HTTP/1.0" 401 283 "-" "okhttp/4.9.2"
::ffff:127.0.0.1 - - [03/May/2023:05:40:00 +0000] "POST /api/v1/users/register HTTP/1.0" 200 460 "-" "okhttp/4.9.2"
::1 - - [03/May/2023:05:40:00 +0000] "GET /api/v1/users/me? HTTP/1.0" 200 186 "-" "okhttp/4.9.2"
::ffff:127.0.0.1 - - [03/May/2023:05:40:04 +0000] "POST /api/v1/users/login HTTP/1.0" 401 123 "-" "okhttp/4.9.2"
::1 - - [03/May/2023:05:40:07 +0000] "GET /api/v1/users/logout? HTTP/1.0" 200 39 "-" "okhttp/4.9.2"
::ffff:127.0.0.1 - - [03/May/2023:05:40:07 +0000] "GET /api/v1/users/me? HTTP/1.0" 401 283 "-" "okhttp/4.9.2"
::1 - - [03/May/2023:05:40:08 +0000] "POST /api/v1/users/register HTTP/1.0" 200 466 "-" "okhttp/4.9.2"
::ffff:127.0.0.1 - - [03/May/2023:05:40:08 +0000] "GET /api/v1/users/me? HTTP/1.0" 200 192 "-" "okhttp/4.9.2"
::1 - - [03/May/2023:05:40:10 +0000] "POST /api/v1/users/login HTTP/1.0" 401 123 "-" "okhttp/4.9.2"
::ffff:127.0.0.1 - - [03/May/2023:05:40:17 +0000] "POST /api/v1/users/login HTTP/1.0" 200 460 "-" "okhttp/4.9.2"
::1 - - [03/May/2023:05:40:17 +0000] "GET /api/v1/users/me? HTTP/1.0" 304 - "-" "okhttp/4.9.2"
::ffff:127.0.0.1 - - [03/May/2023:05:40:23 +0000] "GET /api/v1/users/me? HTTP/1.0" 304 - "-" "okhttp/4.9.2"
::1 - - [03/May/2023:05:40:30 +0000] "POST /api/v1/users/invoice/6451f3b8a4c26797f426535c HTTP/1.0" 200 50 "-" "okhttp/4.9.2"
::ffff:127.0.0.1 - - [03/May/2023:05:40:30 +0000] "GET /api/v1/wallets/6451f3cea4c26797f4265364? HTTP/1.0" 200 16441 "-" "okhttp/4.9.2"
::1 - - [03/May/2023:05:41:04 +0000] "GET /api/v1/users/me? HTTP/1.0" 401 283 "-" "Sedu/1 CFNetwork/1399 Darwin/22.1.0"
::ffff:127.0.0.1 - - [03/May/2023:05:41:11 +0000] "GET /api/v1/articles/642d581c7c1330814fb76387? HTTP/1.0" 200 7624 "-" "okhttp/4.9.2"
::1 - - [03/May/2023:05:41:16 +0000] "POST /api/v1/users/register HTTP/1.0" 200 464 "-" "Sedu/1 CFNetwork/1399 Darwin/22.1.0"
::ffff:127.0.0.1 - - [03/May/2023:05:41:16 +0000] "GET /api/v1/users/me? HTTP/1.0" 200 190 "-" "Sedu/1 CFNetwork/1399 Darwin/22.1.0"
::1 - - [03/May/2023:05:41:22 +0000] "GET /api/v1/users/logout? HTTP/1.0" 200 39 "-" "Sedu/1 CFNetwork/1399 Darwin/22.1.0"
::ffff:127.0.0.1 - - [03/May/2023:05:41:22 +0000] "GET /api/v1/users/me? HTTP/1.0" 401 283 "-" "Sedu/1 CFNetwork/1399 Darwin/22.1.0"
::1 - - [03/May/2023:05:41:31 +0000] "POST /api/v1/users/login HTTP/1.0" 401 123 "-" "Sedu/1 CFNetwork/1399 Darwin/22.1.0"
::ffff:127.0.0.1 - - [03/May/2023:05:41:31 +0000] "GET /api/v1/articles/642d59727c1330814fb76396? HTTP/1.0" 200 10552 "-" "okhttp/4.9.2"
::1 - - [03/May/2023:05:41:32 +0000] "GET /api/v1/wallets/6451f3cea4c26797f4265364? HTTP/1.0" 304 - "-" "okhttp/4.9.2"
::ffff:127.0.0.1 - - [03/May/2023:05:41:32 +0000] "GET /api/v1/users/me? HTTP/1.0" 200 231 "-" "okhttp/4.9.2"
::1 - - [03/May/2023:05:41:40 +0000] "POST /api/v1/users/register HTTP/1.0" 200 466 "-" "Sedu/1 CFNetwork/1399 Darwin/22.1.0"
::ffff:127.0.0.1 - - [03/May/2023:05:41:40 +0000] "GET /api/v1/users/me? HTTP/1.0" 200 192 "-" "Sedu/1 CFNetwork/1399 Darwin/22.1.0"
::1 - - [03/May/2023:05:41:49 +0000] "GET /api/v1/users/me? HTTP/1.0" 304 - "-" "Sedu/1 CFNetwork/1399 Darwin/22.1.0"
::1 - - [03/May/2023:05:41:53 +0000] "GET /api/v1/users/me? HTTP/1.0" 401 283 "-" "okhttp/4.9.2"
::ffff:127.0.0.1 - - [03/May/2023:05:41:53 +0000] "POST /api/v1/users/invoice/6451f414a4c26797f426537d HTTP/1.0" 200 50 "-" "Sedu/1 CFNetwork/1399 Darwin/22.1.0"
::ffff:127.0.0.1 - - [03/May/2023:05:41:54 +0000] "GET /api/v1/wallets/6451f421a4c26797f4265382? HTTP/1.0" 200 16122 "-" "Sedu/1 CFNetwork/1399 Darwin/22.1.0"
::1 - - [03/May/2023:05:42:00 +0000] "GET /api/v1/users/me? HTTP/1.0" 304 - "-" "okhttp/4.9.2"
::ffff:127.0.0.1 - - [03/May/2023:05:42:00 +0000] "GET /api/v1/wallets/6451f3cea4c26797f4265364? HTTP/1.0" 304 - "-" "okhttp/4.9.2"
::1 - - [03/May/2023:05:42:02 +0000] "POST /api/v1/users/invoice/6451f414a4c26797f426537d HTTP/1.0" 200 50 "-" "Sedu/1 CFNetwork/1399 Darwin/22.1.0"
::ffff:127.0.0.1 - - [03/May/2023:05:42:02 +0000] "GET /api/v1/wallets/6451f429a4c26797f4265396? HTTP/1.0" 200 16462 "-" "Sedu/1 CFNetwork/1399 Darwin/22.1.0"
::1 - - [03/May/2023:05:42:04 +0000] "GET /api/v1/users/me? HTTP/1.0" 401 283 "-" "okhttp/4.9.2"
::ffff:127.0.0.1 - - [03/May/2023:05:42:08 +0000] "GET /api/v1/users/logout? HTTP/1.0" 200 39 "-" "okhttp/4.9.2"
::1 - - [03/May/2023:05:42:08 +0000] "GET /api/v1/users/me? HTTP/1.0" 401 283 "-" "okhttp/4.9.2"
::ffff:127.0.0.1 - - [03/May/2023:05:42:11 +0000] "GET /api/v1/articles/642d581c7c1330814fb76387? HTTP/1.0" 200 7624 "-" "okhttp/4.9.2"
::1 - - [03/May/2023:05:42:14 +0000] "POST /api/v1/users/register HTTP/1.0" 500 248 "-" "okhttp/4.9.2"
::ffff:127.0.0.1 - - [03/May/2023:05:42:33 +0000] "POST /api/v1/users/register HTTP/1.0" 200 464 "-" "okhttp/4.9.2"
::1 - - [03/May/2023:05:42:33 +0000] "GET /api/v1/users/me? HTTP/1.0" 200 190 "-" "okhttp/4.9.2"
::ffff:127.0.0.1 - - [03/May/2023:05:42:44 +0000] "GET /api/v1/users/me? HTTP/1.0" 304 - "-" "okhttp/4.9.2"
::1 - - [03/May/2023:05:42:47 +0000] "GET /api/v1/users/me? HTTP/1.0" 304 - "-" "okhttp/4.9.2"
::ffff:127.0.0.1 - - [03/May/2023:05:42:52 +0000] "POST /api/v1/users/invoice/6451f449a4c26797f42653aa HTTP/1.0" 200 50 "-" "okhttp/4.9.2"
::1 - - [03/May/2023:05:42:52 +0000] "GET /api/v1/wallets/6451f45ba4c26797f42653b0? HTTP/1.0" 200 16120 "-" "okhttp/4.9.2"
::1 - - [03/May/2023:05:42:58 +0000] "GET /api/v1/users/me? HTTP/1.0" 200 231 "-" "Sedu/1 CFNetwork/1399 Darwin/22.1.0"
::ffff:127.0.0.1 - - [03/May/2023:05:42:58 +0000] "GET /api/v1/wallets/6451f429a4c26797f4265396? HTTP/1.0" 304 - "-" "Sedu/1 CFNetwork/1399 Darwin/22.1.0"
::1 - - [03/May/2023:05:43:07 +0000] "GET /api/v1/users/me? HTTP/1.0" 304 - "-" "Sedu/1 CFNetwork/1399 Darwin/22.1.0"
::ffff:127.0.0.1 - - [03/May/2023:05:43:07 +0000] "GET /api/v1/wallets/6451f429a4c26797f4265396? HTTP/1.0" 304 - "-" "Sedu/1 CFNetwork/1399 Darwin/22.1.0"
::ffff:127.0.0.1 - - [03/May/2023:05:43:08 +0000] "GET /api/v1/articles/642d7be67c1330814fb7643d? HTTP/1.0" 200 5384 "-" "okhttp/4.9.2"
::1 - - [03/May/2023:05:43:17 +0000] "POST /api/v1/users/register HTTP/1.0" 500 244 "-" "okhttp/4.9.2"
::1 - - [03/May/2023:05:43:21 +0000] "GET /api/v1/users/me? HTTP/1.0" 304 - "-" "Sedu/1 CFNetwork/1399 Darwin/22.1.0"
::ffff:127.0.0.1 - - [03/May/2023:05:43:21 +0000] "GET /api/v1/wallets/6451f429a4c26797f4265396? HTTP/1.0" 304 - "-" "Sedu/1 CFNetwork/1399 Darwin/22.1.0"
::ffff:127.0.0.1 - - [03/May/2023:05:43:23 +0000] "GET /api/v1/users/me? HTTP/1.0" 401 283 "-" "okhttp/4.9.2"
::1 - - [03/May/2023:05:43:26 +0000] "GET /api/v1/users/logout? HTTP/1.0" 304 - "-" "Sedu/1 CFNetwork/1399 Darwin/22.1.0"
::ffff:127.0.0.1 - - [03/May/2023:05:43:26 +0000] "GET /api/v1/users/me? HTTP/1.0" 401 283 "-" "Sedu/1 CFNetwork/1399 Darwin/22.1.0"
::1 - - [03/May/2023:05:43:27 +0000] "POST /api/v1/users/register HTTP/1.0" 500 244 "-" "okhttp/4.9.2"
::ffff:127.0.0.1 - - [03/May/2023:05:43:28 +0000] "POST /api/v1/users/register HTTP/1.0" 500 244 "-" "okhttp/4.9.2"
::1 - - [03/May/2023:05:43:29 +0000] "GET /api/v1/users/me? HTTP/1.0" 304 - "-" "okhttp/4.9.2"
::1 - - [03/May/2023:05:43:29 +0000] "GET /api/v1/ads? HTTP/1.0" 304 - "-" "okhttp/4.9.2"
::ffff:127.0.0.1 - - [03/May/2023:05:43:29 +0000] "GET /api/v1/articles? HTTP/1.0" 304 - "-" "okhttp/4.9.2"
::ffff:127.0.0.1 - - [03/May/2023:05:43:32 +0000] "POST /api/v1/users/register HTTP/1.0" 500 245 "-" "okhttp/4.9.2"
::1 - - [03/May/2023:05:43:33 +0000] "GET /api/v1/users/me? HTTP/1.0" 401 283 "-" "Sedu/1 CFNetwork/1404.0.5 Darwin/22.3.0"
::ffff:127.0.0.1 - - [03/May/2023:05:43:34 +0000] "POST /api/v1/users/login HTTP/1.0" 200 505 "-" "Sedu/1 CFNetwork/1399 Darwin/22.1.0"
::1 - - [03/May/2023:05:43:34 +0000] "GET /api/v1/users/me? HTTP/1.0" 304 - "-" "Sedu/1 CFNetwork/1399 Darwin/22.1.0"
::ffff:127.0.0.1 - - [03/May/2023:05:43:37 +0000] "GET /api/v1/users/logout? HTTP/1.0" 304 - "-" "Sedu/1 CFNetwork/1399 Darwin/22.1.0"
::1 - - [03/May/2023:05:43:37 +0000] "GET /api/v1/users/me? HTTP/1.0" 401 283 "-" "Sedu/1 CFNetwork/1399 Darwin/22.1.0"
::ffff:127.0.0.1 - - [03/May/2023:05:43:40 +0000] "POST /api/v1/users/register HTTP/1.0" 200 460 "-" "okhttp/4.9.2"
::1 - - [03/May/2023:05:43:40 +0000] "GET /api/v1/users/me? HTTP/1.0" 200 186 "-" "okhttp/4.9.2"
::ffff:127.0.0.1 - - [03/May/2023:05:43:47 +0000] "POST /api/v1/users/register HTTP/1.0" 500 250 "-" "Sedu/1 CFNetwork/1404.0.5 Darwin/22.3.0"
::1 - - [03/May/2023:05:43:49 +0000] "GET /api/v1/users/me? HTTP/1.0" 401 283 "-" "okhttp/4.9.2"
::ffff:127.0.0.1 - - [03/May/2023:05:43:50 +0000] "GET /api/v1/users/me? HTTP/1.0" 304 - "-" "okhttp/4.9.2"
::1 - - [03/May/2023:05:43:50 +0000] "GET /api/v1/users/me? HTTP/1.0" 401 283 "-" "okhttp/4.9.2"
::ffff:127.0.0.1 - - [03/May/2023:05:43:51 +0000] "POST /api/v1/users/register HTTP/1.0" 500 250 "-" "Sedu/1 CFNetwork/1404.0.5 Darwin/22.3.0"
::ffff:127.0.0.1 - - [03/May/2023:05:43:59 +0000] "POST /api/v1/users/login HTTP/1.0" 401 123 "-" "Sedu/1 CFNetwork/1404.0.5 Darwin/22.3.0"
::1 - - [03/May/2023:05:44:00 +0000] "POST /api/v1/users/invoice/6451f48ca4c26797f42653d7 HTTP/1.0" 200 50 "-" "okhttp/4.9.2"
::1 - - [03/May/2023:05:44:00 +0000] "GET /api/v1/wallets/6451f4a0a4c26797f42653e1? HTTP/1.0" 200 15971 "-" "okhttp/4.9.2"
::ffff:127.0.0.1 - - [03/May/2023:05:44:10 +0000] "GET /api/v1/users/me? HTTP/1.0" 304 - "-" "okhttp/4.9.2"
::1 - - [03/May/2023:05:44:11 +0000] "POST /api/v1/users/register HTTP/1.0" 500 249 "-" "okhttp/4.9.2"
::ffff:127.0.0.1 - - [03/May/2023:05:44:11 +0000] "POST /api/v1/users/register HTTP/1.0" 500 249 "-" "Sedu/1 CFNetwork/1404.0.5 Darwin/22.3.0"
::1 - - [03/May/2023:05:44:12 +0000] "GET /api/v1/users/me? HTTP/1.0" 401 283 "-" "Sedu/1 CFNetwork/1406.0.4 Darwin/22.4.0"
::ffff:127.0.0.1 - - [03/May/2023:05:44:13 +0000] "POST /api/v1/users/register HTTP/1.0" 500 249 "-" "Sedu/1 CFNetwork/1404.0.5 Darwin/22.3.0"
::1 - - [03/May/2023:05:44:15 +0000] "GET /api/v1/users/logout? HTTP/1.0" 304 - "-" "okhttp/4.9.2"
::1 - - [03/May/2023:05:44:15 +0000] "GET /api/v1/articles? HTTP/1.0" 401 283 "-" "okhttp/4.9.2"
::ffff:127.0.0.1 - - [03/May/2023:05:44:15 +0000] "GET /api/v1/ads? HTTP/1.0" 304 - "-" "okhttp/4.9.2"
::ffff:127.0.0.1 - - [03/May/2023:05:44:15 +0000] "GET /api/v1/users/me? HTTP/1.0" 401 283 "-" "okhttp/4.9.2"
::ffff:127.0.0.1 - - [03/May/2023:05:44:15 +0000] "GET /api/v1/users/me? HTTP/1.0" 401 283 "-" "okhttp/4.9.2"
::1 - - [03/May/2023:05:44:17 +0000] "POST /api/v1/users/register HTTP/1.0" 200 465 "-" "okhttp/4.9.2"
::ffff:127.0.0.1 - - [03/May/2023:05:44:18 +0000] "GET /api/v1/users/me? HTTP/1.0" 200 191 "-" "okhttp/4.9.2"
::ffff:127.0.0.1 - - [03/May/2023:05:44:26 +0000] "GET /api/v1/users/me? HTTP/1.0" 401 283 "-" "okhttp/4.9.2"
::1 - - [03/May/2023:05:44:26 +0000] "POST /api/v1/users/register HTTP/1.0" 200 465 "-" "Sedu/1 CFNetwork/1406.0.4 Darwin/22.4.0"
::1 - - [03/May/2023:05:44:26 +0000] "GET /api/v1/users/me? HTTP/1.0" 200 191 "-" "Sedu/1 CFNetwork/1406.0.4 Darwin/22.4.0"
::ffff:127.0.0.1 - - [03/May/2023:05:44:27 +0000] "POST /api/v1/users/register HTTP/1.0" 200 465 "-" "Sedu/1 CFNetwork/1404.0.5 Darwin/22.3.0"
::1 - - [03/May/2023:05:44:27 +0000] "GET /api/v1/users/me? HTTP/1.0" 200 191 "-" "Sedu/1 CFNetwork/1404.0.5 Darwin/22.3.0"
::ffff:127.0.0.1 - - [03/May/2023:05:44:28 +0000] "GET /api/v1/users/logout? HTTP/1.0" 200 39 "-" "okhttp/4.9.2"
::1 - - [03/May/2023:05:44:28 +0000] "GET /api/v1/users/me? HTTP/1.0" 401 283 "-" "okhttp/4.9.2"
::ffff:127.0.0.1 - - [03/May/2023:05:44:34 +0000] "GET /api/v1/users/me? HTTP/1.0" 304 - "-" "Sedu/1 CFNetwork/1406.0.4 Darwin/22.4.0"
::1 - - [03/May/2023:05:44:35 +0000] "POST / HTTP/1.0" 404 140 "-" "Mozilla/5.0 (X11; Linux x86_64) AppleWebKit/537.36 (KHTML, like Gecko) Chrome/81.0.4044.129 Safari/537.36"
::ffff:127.0.0.1 - - [03/May/2023:05:44:35 +0000] "GET /.env HTTP/1.0" 404 143 "-" "Mozilla/5.0 (X11; Linux x86_64) AppleWebKit/537.36 (KHTML, like Gecko) Chrome/81.0.4044.129 Safari/537.36"
::1 - - [03/May/2023:05:44:37 +0000] "GET /api/v1/users/callbacks/6451f48ca4c26797f42653d7/20000?qpay_payment_id=604021137805995 HTTP/1.0" 200 225 "-" "node-fetch/1.0 (+https://github.com/bitinn/node-fetch)"
::ffff:127.0.0.1 - - [03/May/2023:05:44:38 +0000] "GET /api/v1/users/callbacks/6451f449a4c26797f42653aa/20000?qpay_payment_id=508574463291407 HTTP/1.0" 200 229 "-" "node-fetch/1.0 (+https://github.com/bitinn/node-fetch)"
::1 - - [03/May/2023:05:44:38 +0000] "POST /api/v1/users/register HTTP/1.0" 200 471 "-" "okhttp/4.9.2"
::ffff:127.0.0.1 - - [03/May/2023:05:44:38 +0000] "GET /api/v1/users/me? HTTP/1.0" 200 197 "-" "okhttp/4.9.2"
::1 - - [03/May/2023:05:44:38 +0000] "GET /api/v1/users/logout? HTTP/1.0" 200 39 "-" "Sedu/1 CFNetwork/1406.0.4 Darwin/22.4.0"
::ffff:127.0.0.1 - - [03/May/2023:05:44:39 +0000] "GET /api/v1/users/me? HTTP/1.0" 401 283 "-" "Sedu/1 CFNetwork/1406.0.4 Darwin/22.4.0"
::1 - - [03/May/2023:05:44:39 +0000] "GET /api/v1/users/me? HTTP/1.0" 304 - "-" "Sedu/1 CFNetwork/1404.0.5 Darwin/22.3.0"
::ffff:127.0.0.1 - - [03/May/2023:05:44:42 +0000] "GET /api/v1/users/me? HTTP/1.0" 200 225 "-" "okhttp/4.9.2"
::1 - - [03/May/2023:05:44:42 +0000] "GET /api/v1/wallets/6451f4a0a4c26797f42653e1? HTTP/1.0" 304 - "-" "okhttp/4.9.2"
::ffff:127.0.0.1 - - [03/May/2023:05:44:46 +0000] "POST /api/v1/users/invoice/6451f48ca4c26797f42653d7 HTTP/1.0" 200 50 "-" "okhttp/4.9.2"
::1 - - [03/May/2023:05:44:47 +0000] "GET /api/v1/wallets/6451f4cea4c26797f4265410? HTTP/1.0" 200 15863 "-" "okhttp/4.9.2"
::ffff:127.0.0.1 - - [03/May/2023:05:44:48 +0000] "POST /api/v1/users/register HTTP/1.0" 200 463 "-" "okhttp/4.9.2"
::1 - - [03/May/2023:05:44:49 +0000] "GET /api/v1/users/me? HTTP/1.0" 200 189 "-" "okhttp/4.9.2"
::1 - - [03/May/2023:05:44:49 +0000] "POST /api/v1/users/login HTTP/1.0" 401 123 "-" "okhttp/4.9.2"
::ffff:127.0.0.1 - - [03/May/2023:05:44:51 +0000] "POST /api/v1/users/invoice/6451f4bba4c26797f4265401 HTTP/1.0" 200 50 "-" "Sedu/1 CFNetwork/1404.0.5 Darwin/22.3.0"
::1 - - [03/May/2023:05:44:52 +0000] "GET /api/v1/wallets/6451f4d3a4c26797f4265426? HTTP/1.0" 200 16176 "-" "Sedu/1 CFNetwork/1404.0.5 Darwin/22.3.0"
::ffff:127.0.0.1 - - [03/May/2023:05:44:52 +0000] "GET /debug/default/view?panel=config HTTP/1.0" 404 157 "-" "Go-http-client/1.1"
