::ffff:127.0.0.1 - - [04/Jun/2023:13:11:39 +0000] "GET /api/v1/ads? HTTP/1.0" 304 - "-" "Sedu/1 CFNetwork/1404.0.5 Darwin/22.3.0"
::1 - - [04/Jun/2023:13:11:39 +0000] "GET /api/v1/articles? HTTP/1.0" 304 - "-" "Sedu/1 CFNetwork/1404.0.5 Darwin/22.3.0"
::ffff:127.0.0.1 - - [04/Jun/2023:13:11:39 +0000] "POST /api/v1/users/register HTTP/1.0" 500 249 "-" "Sedu/1 CFNetwork/1404.0.5 Darwin/22.3.0"
::1 - - [04/Jun/2023:13:11:40 +0000] "GET /api/v1/articles/642d7be67c1330814fb7643d? HTTP/1.0" 200 5356 "-" "Sedu/1 CFNetwork/1390 Darwin/22.0.0"
::ffff:127.0.0.1 - - [04/Jun/2023:13:11:41 +0000] "GET /api/v1/articles/642d4c587c1330814fb76297? HTTP/1.0" 200 22271 "-" "Sedu/1 CFNetwork/1404.0.5 Darwin/22.3.0"
::1 - - [04/Jun/2023:13:11:52 +0000] "POST /api/v1/users/login HTTP/1.0" 401 123 "-" "Sedu/1 CFNetwork/1404.0.5 Darwin/22.3.0"
::ffff:127.0.0.1 - - [04/Jun/2023:13:11:52 +0000] "POST /api/v1/users/login HTTP/1.0" 401 123 "-" "Sedu/1 CFNetwork/1404.0.5 Darwin/22.3.0"
::1 - - [04/Jun/2023:13:11:58 +0000] "GET /api/v1/users/me? HTTP/1.0" 401 283 "-" "Sedu/1 CFNetwork/1406.0.4 Darwin/22.4.0"
::ffff:127.0.0.1 - - [04/Jun/2023:13:11:58 +0000] "POST /api/v1/users/login HTTP/1.0" 401 123 "-" "Sedu/1 CFNetwork/1404.0.5 Darwin/22.3.0"
::1 - - [04/Jun/2023:13:11:59 +0000] "POST /api/v1/users/login HTTP/1.0" 401 123 "-" "Sedu/1 CFNetwork/1404.0.5 Darwin/22.3.0"
::ffff:127.0.0.1 - - [04/Jun/2023:13:12:17 +0000] "POST /api/v1/users/login HTTP/1.0" 401 123 "-" "Sedu/1 CFNetwork/1404.0.5 Darwin/22.3.0"
::1 - - [04/Jun/2023:13:12:18 +0000] "POST /api/v1/users/login HTTP/1.0" 401 123 "-" "Sedu/1 CFNetwork/1404.0.5 Darwin/22.3.0"
::ffff:127.0.0.1 - - [04/Jun/2023:13:12:21 +0000] "POST /api/v1/users/register HTTP/1.0" 500 245 "-" "Sedu/1 CFNetwork/1406.0.4 Darwin/22.4.0"
::1 - - [04/Jun/2023:13:12:23 +0000] "POST /api/v1/users/login HTTP/1.0" 401 123 "-" "Sedu/1 CFNetwork/1404.0.5 Darwin/22.3.0"
::ffff:127.0.0.1 - - [04/Jun/2023:13:12:29 +0000] "POST /api/v1/users/register HTTP/1.0" 200 461 "-" "Sedu/1 CFNetwork/1406.0.4 Darwin/22.4.0"
::1 - - [04/Jun/2023:13:12:29 +0000] "GET /api/v1/users/me? HTTP/1.0" 200 187 "-" "Sedu/1 CFNetwork/1406.0.4 Darwin/22.4.0"
::ffff:127.0.0.1 - - [04/Jun/2023:13:12:30 +0000] "POST /api/v1/users/register HTTP/1.0" 500 247 "-" "Sedu/1 CFNetwork/1406.0.4 Darwin/22.4.0"
::1 - - [04/Jun/2023:13:12:40 +0000] "POST /api/v1/users/register HTTP/1.0" 200 464 "-" "Sedu/1 CFNetwork/1404.0.5 Darwin/22.3.0"
::ffff:127.0.0.1 - - [04/Jun/2023:13:12:40 +0000] "GET /api/v1/users/me? HTTP/1.0" 200 190 "-" "Sedu/1 CFNetwork/1404.0.5 Darwin/22.3.0"
::1 - - [04/Jun/2023:13:12:44 +0000] "GET /api/v1/users/me? HTTP/1.0" 304 - "-" "Sedu/1 CFNetwork/1404.0.5 Darwin/22.3.0"
::ffff:127.0.0.1 - - [04/Jun/2023:13:12:55 +0000] "POST /api/v1/users/invoice/647c8dc7a32e8316d82558b7 HTTP/1.0" 200 50 "-" "Sedu/1 CFNetwork/1404.0.5 Darwin/22.3.0"
::1 - - [04/Jun/2023:13:12:55 +0000] "GET /api/v1/wallets/647c8dd7a32e8316d82558bc? HTTP/1.0" 200 16160 "-" "Sedu/1 CFNetwork/1404.0.5 Darwin/22.3.0"
::ffff:127.0.0.1 - - [04/Jun/2023:13:13:01 +0000] "GET /api/v1/users/me? HTTP/1.0" 304 - "-" "Sedu/1 CFNetwork/1399 Darwin/22.1.0"
::ffff:127.0.0.1 - - [04/Jun/2023:13:13:01 +0000] "GET /api/v1/ads? HTTP/1.0" 304 - "-" "Sedu/1 CFNetwork/1399 Darwin/22.1.0"
::1 - - [04/Jun/2023:13:13:01 +0000] "GET /api/v1/articles? HTTP/1.0" 304 - "-" "Sedu/1 CFNetwork/1399 Darwin/22.1.0"
::1 - - [04/Jun/2023:13:13:49 +0000] "GET /api/v1/users/me? HTTP/1.0" 500 117 "-" "Sedu/1 CFNetwork/1406.0.4 Darwin/22.4.0"
::ffff:127.0.0.1 - - [04/Jun/2023:13:13:49 +0000] "GET /api/v1/articles? HTTP/1.0" 500 117 "-" "Sedu/1 CFNetwork/1406.0.4 Darwin/22.4.0"
::1 - - [04/Jun/2023:13:13:49 +0000] "GET /api/v1/ads? HTTP/1.0" 304 - "-" "Sedu/1 CFNetwork/1406.0.4 Darwin/22.4.0"
::1 - - [04/Jun/2023:13:13:57 +0000] "GET /api/v1/users/me? HTTP/1.0" 500 117 "-" "Sedu/1 CFNetwork/1406.0.4 Darwin/22.4.0"
::ffff:127.0.0.1 - - [04/Jun/2023:13:13:59 +0000] "GET /api/v1/users/me? HTTP/1.0" 500 117 "-" "Sedu/1 CFNetwork/1406.0.4 Darwin/22.4.0"
::1 - - [04/Jun/2023:13:13:59 +0000] "GET /api/v1/articles? HTTP/1.0" 500 117 "-" "Sedu/1 CFNetwork/1406.0.4 Darwin/22.4.0"
::ffff:127.0.0.1 - - [04/Jun/2023:13:14:00 +0000] "GET /api/v1/ads? HTTP/1.0" 304 - "-" "Sedu/1 CFNetwork/1406.0.4 Darwin/22.4.0"
::1 - - [04/Jun/2023:13:14:00 +0000] "GET /api/v1/users/me? HTTP/1.0" 500 117 "-" "Sedu/1 CFNetwork/1406.0.4 Darwin/22.4.0"
::ffff:127.0.0.1 - - [04/Jun/2023:13:14:00 +0000] "GET /api/v1/users/me? HTTP/1.0" 200 229 "-" "Sedu/1 CFNetwork/1404.0.5 Darwin/22.3.0"
::1 - - [04/Jun/2023:13:14:05 +0000] "GET /api/v1/users/logout? HTTP/1.0" 304 - "-" "Sedu/1 CFNetwork/1404.0.5 Darwin/22.3.0"
::ffff:127.0.0.1 - - [04/Jun/2023:13:14:05 +0000] "GET /api/v1/users/me? HTTP/1.0" 401 283 "-" "Sedu/1 CFNetwork/1404.0.5 Darwin/22.3.0"
::1 - - [04/Jun/2023:13:14:08 +0000] "GET /api/v1/users/me? HTTP/1.0" 500 117 "-" "Sedu/1 CFNetwork/1406.0.4 Darwin/22.4.0"
::ffff:127.0.0.1 - - [04/Jun/2023:13:14:08 +0000] "GET /api/v1/articles? HTTP/1.0" 500 117 "-" "Sedu/1 CFNetwork/1406.0.4 Darwin/22.4.0"
::1 - - [04/Jun/2023:13:14:09 +0000] "GET /api/v1/ads? HTTP/1.0" 304 - "-" "Sedu/1 CFNetwork/1406.0.4 Darwin/22.4.0"
::1 - - [04/Jun/2023:13:14:17 +0000] "POST /api/v1/users/login HTTP/1.0" 200 503 "-" "Sedu/1 CFNetwork/1404.0.5 Darwin/22.3.0"
::ffff:127.0.0.1 - - [04/Jun/2023:13:14:17 +0000] "GET /api/v1/users/me? HTTP/1.0" 304 - "-" "Sedu/1 CFNetwork/1404.0.5 Darwin/22.3.0"
::1 - - [04/Jun/2023:13:14:20 +0000] "GET /api/v1/users/me? HTTP/1.0" 304 - "-" "Sedu/1 CFNetwork/1404.0.5 Darwin/22.3.0"
::ffff:127.0.0.1 - - [04/Jun/2023:13:14:32 +0000] "GET /api/v1/articles/642e2e6d7c1330814fb7646b? HTTP/1.0" 200 1619 "-" "Sedu/1 CFNetwork/1390 Darwin/22.0.0"
::1 - - [04/Jun/2023:13:14:33 +0000] "GET /api/v1/articles? HTTP/1.0" 500 117 "-" "Sedu/1 CFNetwork/1406.0.4 Darwin/22.4.0"
::1 - - [04/Jun/2023:13:14:33 +0000] "GET /api/v1/users/me? HTTP/1.0" 500 117 "-" "Sedu/1 CFNetwork/1406.0.4 Darwin/22.4.0"
::ffff:127.0.0.1 - - [04/Jun/2023:13:14:33 +0000] "GET /api/v1/ads? HTTP/1.0" 304 - "-" "Sedu/1 CFNetwork/1406.0.4 Darwin/22.4.0"
::ffff:127.0.0.1 - - [04/Jun/2023:13:14:34 +0000] "GET /api/v1/users/me? HTTP/1.0" 500 117 "-" "Sedu/1 CFNetwork/1406.0.4 Darwin/22.4.0"
::1 - - [04/Jun/2023:13:15:15 +0000] "GET /api/v1/articles/642e31187c1330814fb76474? HTTP/1.0" 200 3038 "-" "Sedu/1 CFNetwork/1390 Darwin/22.0.0"
::ffff:127.0.0.1 - - [04/Jun/2023:13:16:51 +0000] "POST / HTTP/1.0" 404 140 "-" "Mozilla/5.0 (X11; Linux x86_64) AppleWebKit/537.36 (KHTML, like Gecko) Chrome/81.0.4044.129 Safari/537.36"
::1 - - [04/Jun/2023:13:16:51 +0000] "GET /.env HTTP/1.0" 404 143 "-" "Mozilla/5.0 (X11; Linux x86_64) AppleWebKit/537.36 (KHTML, like Gecko) Chrome/81.0.4044.129 Safari/537.36"
::ffff:127.0.0.1 - - [04/Jun/2023:13:17:05 +0000] "GET /api/v1/articles/642e36c67c1330814fb764a6? HTTP/1.0" 200 6465 "-" "Sedu/1 CFNetwork/1390 Darwin/22.0.0"
::1 - - [04/Jun/2023:13:19:28 +0000] "GET /api/v1/articles/642d581c7c1330814fb76387? HTTP/1.0" 200 7596 "-" "Sedu/1 CFNetwork/1404.0.5 Darwin/22.3.0"
::ffff:127.0.0.1 - - [04/Jun/2023:13:20:19 +0000] "GET /api/v1/articles/642e38197c1330814fb764af? HTTP/1.0" 200 5954 "-" "Sedu/1 CFNetwork/1390 Darwin/22.0.0"
::1 - - [04/Jun/2023:13:21:51 +0000] "GET /api/v1/users/me? HTTP/1.0" 304 - "-" "Sedu/1 CFNetwork/1404.0.5 Darwin/22.3.0"
::ffff:127.0.0.1 - - [04/Jun/2023:13:21:58 +0000] "POST /api/v1/users/invoice/647c8dc7a32e8316d82558b7 HTTP/1.0" 200 50 "-" "Sedu/1 CFNetwork/1404.0.5 Darwin/22.3.0"
::1 - - [04/Jun/2023:13:21:58 +0000] "GET /api/v1/wallets/647c8ff6a32e8316d82558e5? HTTP/1.0" 200 16468 "-" "Sedu/1 CFNetwork/1404.0.5 Darwin/22.3.0"
::ffff:127.0.0.1 - - [04/Jun/2023:13:22:33 +0000] "GET /api/v1/users/callbacks/647c8dc7a32e8316d82558b7/20000?qpay_payment_id=782098157057530 HTTP/1.0" 200 229 "-" "node-fetch/1.0 (+https://github.com/bitinn/node-fetch)"
::1 - - [04/Jun/2023:13:22:38 +0000] "GET /api/v1/users/me? HTTP/1.0" 200 229 "-" "Sedu/1 CFNetwork/1404.0.5 Darwin/22.3.0"
::ffff:127.0.0.1 - - [04/Jun/2023:13:22:38 +0000] "GET /api/v1/wallets/647c8ff6a32e8316d82558e5? HTTP/1.0" 304 - "-" "Sedu/1 CFNetwork/1404.0.5 Darwin/22.3.0"
::1 - - [04/Jun/2023:13:22:43 +0000] "GET /api/v1/users/logout? HTTP/1.0" 304 - "-" "Sedu/1 CFNetwork/1404.0.5 Darwin/22.3.0"
::ffff:127.0.0.1 - - [04/Jun/2023:13:22:43 +0000] "GET /api/v1/users/me? HTTP/1.0" 401 283 "-" "Sedu/1 CFNetwork/1404.0.5 Darwin/22.3.0"
::1 - - [04/Jun/2023:13:23:30 +0000] "GET /api/v1/users/me? HTTP/1.0" 401 283 "-" "Sedu/1 CFNetwork/1404.0.5 Darwin/22.3.0"
::ffff:127.0.0.1 - - [04/Jun/2023:13:23:41 +0000] "POST /api/v1/users/login HTTP/1.0" 200 503 "-" "Sedu/1 CFNetwork/1404.0.5 Darwin/22.3.0"
::1 - - [04/Jun/2023:13:23:41 +0000] "GET /api/v1/users/me? HTTP/1.0" 304 - "-" "Sedu/1 CFNetwork/1404.0.5 Darwin/22.3.0"
::1 - - [04/Jun/2023:13:23:42 +0000] "GET /api/v1/ads? HTTP/1.0" 200 633 "-" "Sedu/1 CFNetwork/1404.0.5 Darwin/22.3.0"
::ffff:127.0.0.1 - - [04/Jun/2023:13:23:42 +0000] "GET /api/v1/articles? HTTP/1.0" 200 406255 "-" "Sedu/1 CFNetwork/1404.0.5 Darwin/22.3.0"
::1 - - [04/Jun/2023:13:23:48 +0000] "GET /api/v1/users/me? HTTP/1.0" 304 - "-" "Sedu/1 CFNetwork/1404.0.5 Darwin/22.3.0"
::ffff:127.0.0.1 - - [04/Jun/2023:13:24:11 +0000] "GET /api/v1/users/me? HTTP/1.0" 200 232 "-" "Sedu/1 CFNetwork/1404.0.5 Darwin/22.3.0"
::ffff:127.0.0.1 - - [04/Jun/2023:13:24:21 +0000] "GET /api/v1/articles/645328aba4c26797f426b363? HTTP/1.0" 200 5768 "-" "Sedu/1 CFNetwork/1390 Darwin/22.0.0"
::ffff:127.0.0.1 - - [04/Jun/2023:13:25:09 +0000] "GET /api/v1/users/me? HTTP/1.0" 500 117 "-" "okhttp/4.9.2"
::1 - - [04/Jun/2023:13:25:09 +0000] "GET /api/v1/articles? HTTP/1.0" 500 117 "-" "okhttp/4.9.2"
::ffff:127.0.0.1 - - [04/Jun/2023:13:25:09 +0000] "GET /api/v1/ads? HTTP/1.0" 304 - "-" "okhttp/4.9.2"
::1 - - [04/Jun/2023:13:25:16 +0000] "GET /api/v1/users/me? HTTP/1.0" 500 117 "-" "okhttp/4.9.2"
::ffff:127.0.0.1 - - [04/Jun/2023:13:25:28 +0000] "GET /api/v1/users/logout? HTTP/1.0" 304 - "-" "okhttp/4.9.2"
::1 - - [04/Jun/2023:13:25:29 +0000] "GET /api/v1/users/me? HTTP/1.0" 401 283 "-" "okhttp/4.9.2"
::ffff:127.0.0.1 - - [04/Jun/2023:13:25:34 +0000] "GET /api/v1/users/me? HTTP/1.0" 401 283 "-" "okhttp/4.9.2"
::1 - - [04/Jun/2023:13:26:35 +0000] "GET /api/v1/users/me? HTTP/1.0" 304 - "-" "Sedu/1 CFNetwork/1404.0.5 Darwin/22.3.0"
::1 - - [04/Jun/2023:13:26:35 +0000] "GET /api/v1/users/me? HTTP/1.0" 304 - "-" "Sedu/1 CFNetwork/1404.0.5 Darwin/22.3.0"
::ffff:127.0.0.1 - - [04/Jun/2023:13:26:35 +0000] "GET /api/v1/ads? HTTP/1.0" 304 - "-" "Sedu/1 CFNetwork/1404.0.5 Darwin/22.3.0"
::ffff:127.0.0.1 - - [04/Jun/2023:13:26:35 +0000] "GET /api/v1/articles? HTTP/1.0" 304 - "-" "Sedu/1 CFNetwork/1404.0.5 Darwin/22.3.0"
::ffff:127.0.0.1 - - [04/Jun/2023:13:27:00 +0000] "GET /api/v1/users/me? HTTP/1.0" 304 - "-" "Sedu/1 CFNetwork/1406.0.4 Darwin/22.4.0"
::ffff:127.0.0.1 - - [04/Jun/2023:13:27:01 +0000] "GET /api/v1/ads? HTTP/1.0" 304 - "-" "Sedu/1 CFNetwork/1406.0.4 Darwin/22.4.0"
::1 - - [04/Jun/2023:13:27:01 +0000] "GET /api/v1/articles? HTTP/1.0" 200 406255 "-" "Sedu/1 CFNetwork/1406.0.4 Darwin/22.4.0"
::ffff:127.0.0.1 - - [04/Jun/2023:13:27:24 +0000] "GET /api/v1/articles/64532c84a4c26797f426b3e2? HTTP/1.0" 200 2825 "-" "Sedu/1 CFNetwork/1390 Darwin/22.0.0"
::1 - - [04/Jun/2023:13:28:47 +0000] "GET /api/v1/articles/64532c84a4c26797f426b3e2? HTTP/1.0" 304 - "-" "Sedu/1 CFNetwork/1390 Darwin/22.0.0"
::1 - - [04/Jun/2023:13:28:47 +0000] "GET /api/v1/users/me? HTTP/1.0" 304 - "-" "Sedu/1 CFNetwork/1390 Darwin/22.0.0"
::ffff:127.0.0.1 - - [04/Jun/2023:13:28:47 +0000] "GET /api/v1/ads? HTTP/1.0" 304 - "-" "Sedu/1 CFNetwork/1390 Darwin/22.0.0"
::ffff:127.0.0.1 - - [04/Jun/2023:13:28:47 +0000] "GET /api/v1/articles? HTTP/1.0" 304 - "-" "Sedu/1 CFNetwork/1390 Darwin/22.0.0"
::1 - - [04/Jun/2023:13:30:25 +0000] "GET /api/v1/users/me? HTTP/1.0" 500 117 "-" "Sedu/1 CFNetwork/1408.0.4 Darwin/22.5.0"
::ffff:127.0.0.1 - - [04/Jun/2023:13:30:26 +0000] "GET /api/v1/users/me? HTTP/1.0" 401 283 "-" "Sedu/1 CFNetwork/1404.0.5 Darwin/22.3.0"
::ffff:127.0.0.1 - - [04/Jun/2023:13:30:31 +0000] "GET /api/v1/users/me? HTTP/1.0" 304 - "-" "Sedu/1 CFNetwork/1404.0.5 Darwin/22.3.0"
::ffff:127.0.0.1 - - [04/Jun/2023:13:30:31 +0000] "GET /api/v1/users/me? HTTP/1.0" 304 - "-" "Sedu/1 CFNetwork/1404.0.5 Darwin/22.3.0"
::1 - - [04/Jun/2023:13:30:31 +0000] "GET /api/v1/ads? HTTP/1.0" 304 - "-" "Sedu/1 CFNetwork/1404.0.5 Darwin/22.3.0"
::1 - - [04/Jun/2023:13:30:31 +0000] "GET /api/v1/articles? HTTP/1.0" 304 - "-" "Sedu/1 CFNetwork/1404.0.5 Darwin/22.3.0"
::ffff:127.0.0.1 - - [04/Jun/2023:13:30:32 +0000] "POST /api/v1/users/invoice/ HTTP/1.0" 500 117 "-" "Sedu/1 CFNetwork/1408.0.4 Darwin/22.5.0"
::1 - - [04/Jun/2023:13:30:36 +0000] "POST /api/v1/users/invoice/ HTTP/1.0" 500 117 "-" "Sedu/1 CFNetwork/1408.0.4 Darwin/22.5.0"
::ffff:127.0.0.1 - - [04/Jun/2023:13:30:38 +0000] "POST /api/v1/users/register HTTP/1.0" 500 255 "-" "Sedu/1 CFNetwork/1404.0.5 Darwin/22.3.0"
::1 - - [04/Jun/2023:13:30:44 +0000] "POST /api/v1/users/register HTTP/1.0" 500 259 "-" "Sedu/1 CFNetwork/1404.0.5 Darwin/22.3.0"
::ffff:127.0.0.1 - - [04/Jun/2023:13:30:54 +0000] "POST /api/v1/users/register HTTP/1.0" 200 471 "-" "Sedu/1 CFNetwork/1404.0.5 Darwin/22.3.0"
::1 - - [04/Jun/2023:13:30:54 +0000] "GET /api/v1/users/me? HTTP/1.0" 200 197 "-" "Sedu/1 CFNetwork/1404.0.5 Darwin/22.3.0"
::ffff:127.0.0.1 - - [04/Jun/2023:13:31:02 +0000] "GET /api/v1/users/me? HTTP/1.0" 304 - "-" "Sedu/1 CFNetwork/1404.0.5 Darwin/22.3.0"
::1 - - [04/Jun/2023:13:31:10 +0000] "POST /api/v1/users/invoice/647c920ea32e8316d8255921 HTTP/1.0" 200 50 "-" "Sedu/1 CFNetwork/1404.0.5 Darwin/22.3.0"
::ffff:127.0.0.1 - - [04/Jun/2023:13:31:10 +0000] "GET /api/v1/wallets/647c921ea32e8316d8255926? HTTP/1.0" 200 16329 "-" "Sedu/1 CFNetwork/1404.0.5 Darwin/22.3.0"
::1 - - [04/Jun/2023:13:31:11 +0000] "GET /api/v1/articles/642e44a97c1330814fb764fe? HTTP/1.0" 200 8047 "-" "Sedu/1 CFNetwork/1404.0.5 Darwin/22.3.0"
::ffff:127.0.0.1 - - [04/Jun/2023:13:32:13 +0000] "GET /api/v1/articles/642d56517c1330814fb7635e? HTTP/1.0" 200 16235 "-" "Sedu/1 CFNetwork/1404.0.5 Darwin/22.3.0"
::1 - - [04/Jun/2023:13:32:46 +0000] "GET /api/v1/users/me? HTTP/1.0" 200 229 "-" "Sedu/1 CFNetwork/1406.0.4 Darwin/22.4.0"
::1 - - [04/Jun/2023:13:32:51 +0000] "GET /api/v1/users/me? HTTP/1.0" 304 - "-" "Sedu/1 CFNetwork/1406.0.4 Darwin/22.4.0"
::1 - - [04/Jun/2023:13:33:25 +0000] "GET /api/v1/users/logout? HTTP/1.0" 200 39 "-" "Sedu/1 CFNetwork/1406.0.4 Darwin/22.4.0"
::ffff:127.0.0.1 - - [04/Jun/2023:13:33:25 +0000] "GET /api/v1/users/me? HTTP/1.0" 401 283 "-" "Sedu/1 CFNetwork/1406.0.4 Darwin/22.4.0"
::1 - - [04/Jun/2023:13:33:35 +0000] "POST /api/v1/users/register HTTP/1.0" 500 250 "-" "Sedu/1 CFNetwork/1406.0.4 Darwin/22.4.0"
::ffff:127.0.0.1 - - [04/Jun/2023:13:33:46 +0000] "POST /api/v1/users/login HTTP/1.0" 200 503 "-" "Sedu/1 CFNetwork/1406.0.4 Darwin/22.4.0"
::1 - - [04/Jun/2023:13:33:46 +0000] "GET /api/v1/users/me? HTTP/1.0" 304 - "-" "Sedu/1 CFNetwork/1406.0.4 Darwin/22.4.0"
::ffff:127.0.0.1 - - [04/Jun/2023:13:35:21 +0000] "GET /api/v1/users/me? HTTP/1.0" 401 283 "-" "Sedu/1 CFNetwork/1406.0.4 Darwin/22.4.0"
::1 - - [04/Jun/2023:13:35:36 +0000] "POST /api/v1/users/register HTTP/1.0" 200 462 "-" "Sedu/1 CFNetwork/1406.0.4 Darwin/22.4.0"
::ffff:127.0.0.1 - - [04/Jun/2023:13:35:37 +0000] "GET /api/v1/users/me? HTTP/1.0" 200 188 "-" "Sedu/1 CFNetwork/1406.0.4 Darwin/22.4.0"
::1 - - [04/Jun/2023:13:35:52 +0000] "GET /api/v1/users/logout? HTTP/1.0" 200 39 "-" "Sedu/1 CFNetwork/1406.0.4 Darwin/22.4.0"
::ffff:127.0.0.1 - - [04/Jun/2023:13:35:52 +0000] "GET /api/v1/users/me? HTTP/1.0" 401 283 "-" "Sedu/1 CFNetwork/1406.0.4 Darwin/22.4.0"
::1 - - [04/Jun/2023:13:36:05 +0000] "POST /api/v1/users/register HTTP/1.0" 200 462 "-" "Sedu/1 CFNetwork/1406.0.4 Darwin/22.4.0"
::ffff:127.0.0.1 - - [04/Jun/2023:13:36:05 +0000] "GET /api/v1/users/me? HTTP/1.0" 200 188 "-" "Sedu/1 CFNetwork/1406.0.4 Darwin/22.4.0"
::1 - - [04/Jun/2023:13:40:40 +0000] "GET /api/v1/users/me? HTTP/1.0" 304 - "-" "Sedu/1 CFNetwork/1404.0.5 Darwin/22.3.0"
::1 - - [04/Jun/2023:13:40:41 +0000] "GET /api/v1/ads? HTTP/1.0" 304 - "-" "Sedu/1 CFNetwork/1404.0.5 Darwin/22.3.0"
::ffff:127.0.0.1 - - [04/Jun/2023:13:40:41 +0000] "GET /api/v1/articles? HTTP/1.0" 200 406255 "-" "Sedu/1 CFNetwork/1404.0.5 Darwin/22.3.0"
::1 - - [04/Jun/2023:13:42:38 +0000] "GET /api/v1/articles/64796b16a32e8316d8250fcd? HTTP/1.0" 200 6271 "-" "Sedu/1 CFNetwork/1404.0.5 Darwin/22.3.0"
::ffff:127.0.0.1 - - [04/Jun/2023:13:43:37 +0000] "GET /api/v1/articles/64756f97a32e8316d824bcea? HTTP/1.0" 200 3610 "-" "Sedu/1 CFNetwork/1404.0.5 Darwin/22.3.0"
::1 - - [04/Jun/2023:13:45:00 +0000] "GET /api/v1/users/me? HTTP/1.0" 401 283 "-" "Sedu/1 CFNetwork/1408.0.4 Darwin/22.5.0"
::ffff:127.0.0.1 - - [04/Jun/2023:13:45:01 +0000] "GET /api/v1/users/me? HTTP/1.0" 401 283 "-" "Sedu/1 CFNetwork/1408.0.4 Darwin/22.5.0"
::1 - - [04/Jun/2023:13:45:15 +0000] "POST /api/v1/users/login HTTP/1.0" 200 506 "-" "Sedu/1 CFNetwork/1408.0.4 Darwin/22.5.0"
::ffff:127.0.0.1 - - [04/Jun/2023:13:45:15 +0000] "GET /api/v1/users/me? HTTP/1.0" 200 232 "-" "Sedu/1 CFNetwork/1408.0.4 Darwin/22.5.0"
::1 - - [04/Jun/2023:13:45:15 +0000] "GET /api/v1/articles? HTTP/1.0" 200 406255 "-" "Sedu/1 CFNetwork/1408.0.4 Darwin/22.5.0"
::ffff:127.0.0.1 - - [04/Jun/2023:13:45:15 +0000] "GET /api/v1/ads? HTTP/1.0" 200 633 "-" "Sedu/1 CFNetwork/1408.0.4 Darwin/22.5.0"
::1 - - [04/Jun/2023:13:46:09 +0000] "GET /api/v1/users/me? HTTP/1.0" 401 283 "-" "Sedu/1 CFNetwork/1404.0.5 Darwin/22.3.0"
::ffff:127.0.0.1 - - [04/Jun/2023:13:46:53 +0000] "GET /api/v1/users/me? HTTP/1.0" 401 283 "-" "Sedu/1 CFNetwork/1408.0.4 Darwin/22.5.0"
::ffff:127.0.0.1 - - [04/Jun/2023:13:46:58 +0000] "GET /api/v1/users/me? HTTP/1.0" 304 - "-" "Sedu/1 CFNetwork/1408.0.4 Darwin/22.5.0"
::ffff:127.0.0.1 - - [04/Jun/2023:13:46:58 +0000] "GET /api/v1/ads? HTTP/1.0" 304 - "-" "Sedu/1 CFNetwork/1408.0.4 Darwin/22.5.0"
::1 - - [04/Jun/2023:13:46:58 +0000] "GET /api/v1/articles? HTTP/1.0" 304 - "-" "Sedu/1 CFNetwork/1408.0.4 Darwin/22.5.0"
::ffff:127.0.0.1 - - [04/Jun/2023:13:46:59 +0000] "GET /api/v1/articles/642d55bf7c1330814fb76345? HTTP/1.0" 200 17955 "-" "Sedu/1 CFNetwork/1408.0.4 Darwin/22.5.0"
::1 - - [04/Jun/2023:13:47:32 +0000] "POST /api/v1/users/register HTTP/1.0" 200 475 "-" "Sedu/1 CFNetwork/1408.0.4 Darwin/22.5.0"
::ffff:127.0.0.1 - - [04/Jun/2023:13:47:32 +0000] "GET /api/v1/users/me? HTTP/1.0" 200 201 "-" "Sedu/1 CFNetwork/1408.0.4 Darwin/22.5.0"
::1 - - [04/Jun/2023:13:47:38 +0000] "GET /api/v1/users/me? HTTP/1.0" 401 283 "-" "Sedu/1 CFNetwork/1335.0.3 Darwin/21.6.0"
::ffff:127.0.0.1 - - [04/Jun/2023:13:47:51 +0000] "POST /api/v1/users/register HTTP/1.0" 200 462 "-" "Sedu/1 CFNetwork/1335.0.3 Darwin/21.6.0"
::1 - - [04/Jun/2023:13:47:52 +0000] "GET /api/v1/users/me? HTTP/1.0" 200 188 "-" "Sedu/1 CFNetwork/1335.0.3 Darwin/21.6.0"
::ffff:127.0.0.1 - - [04/Jun/2023:13:48:06 +0000] "GET /api/v1/users/me? HTTP/1.0" 304 - "-" "Sedu/1 CFNetwork/1335.0.3 Darwin/21.6.0"
::1 - - [04/Jun/2023:13:48:11 +0000] "POST /api/v1/users/invoice/647c9607a32e8316d825595b HTTP/1.0" 200 50 "-" "Sedu/1 CFNetwork/1335.0.3 Darwin/21.6.0"
::ffff:127.0.0.1 - - [04/Jun/2023:13:48:11 +0000] "GET /api/v1/wallets/647c961ba32e8316d8255960? HTTP/1.0" 200 16122 "-" "Sedu/1 CFNetwork/1335.0.3 Darwin/21.6.0"
::1 - - [04/Jun/2023:13:48:25 +0000] "GET /api/v1/users/logout? HTTP/1.0" 200 39 "-" "Sedu/1 CFNetwork/1335.0.3 Darwin/21.6.0"
::ffff:127.0.0.1 - - [04/Jun/2023:13:48:25 +0000] "GET /api/v1/users/me? HTTP/1.0" 401 283 "-" "Sedu/1 CFNetwork/1335.0.3 Darwin/21.6.0"
::1 - - [04/Jun/2023:13:49:56 +0000] "GET /api/v1/users/me? HTTP/1.0" 304 - "-" "Sedu/1 CFNetwork/1408.0.4 Darwin/22.5.0"
::ffff:127.0.0.1 - - [04/Jun/2023:13:50:42 +0000] "GET /api/v1/users/me? HTTP/1.0" 304 - "-" "Sedu/1 CFNetwork/1408.0.4 Darwin/22.5.0"
::1 - - [04/Jun/2023:13:50:42 +0000] "GET /api/v1/articles/642d55bf7c1330814fb76345? HTTP/1.0" 304 - "-" "Sedu/1 CFNetwork/1408.0.4 Darwin/22.5.0"
::1 - - [04/Jun/2023:13:50:42 +0000] "GET /api/v1/ads? HTTP/1.0" 304 - "-" "Sedu/1 CFNetwork/1408.0.4 Darwin/22.5.0"
::ffff:127.0.0.1 - - [04/Jun/2023:13:50:42 +0000] "GET /api/v1/articles? HTTP/1.0" 304 - "-" "Sedu/1 CFNetwork/1408.0.4 Darwin/22.5.0"
::ffff:127.0.0.1 - - [04/Jun/2023:13:51:22 +0000] "GET /api/v1/users/me? HTTP/1.0" 401 283 "-" "Sedu/1 CFNetwork/1408.0.4 Darwin/22.5.0"
::1 - - [04/Jun/2023:13:51:23 +0000] "GET /api/v1/articles? HTTP/1.0" 500 117 "-" "okhttp/4.9.2"
::ffff:127.0.0.1 - - [04/Jun/2023:13:51:23 +0000] "GET /api/v1/ads? HTTP/1.0" 304 - "-" "okhttp/4.9.2"
::1 - - [04/Jun/2023:13:51:29 +0000] "GET /api/v1/users/me? HTTP/1.0" 401 283 "-" "Sedu/1 CFNetwork/1408.0.4 Darwin/22.5.0"
::ffff:127.0.0.1 - - [04/Jun/2023:13:51:39 +0000] "GET /api/v1/users/me? HTTP/1.0" 304 - "-" "Sedu/1 CFNetwork/1408.0.4 Darwin/22.5.0"
::ffff:127.0.0.1 - - [04/Jun/2023:13:51:39 +0000] "GET /api/v1/ads? HTTP/1.0" 304 - "-" "Sedu/1 CFNetwork/1408.0.4 Darwin/22.5.0"
::1 - - [04/Jun/2023:13:51:39 +0000] "GET /api/v1/articles? HTTP/1.0" 200 406255 "-" "Sedu/1 CFNetwork/1408.0.4 Darwin/22.5.0"
::1 - - [04/Jun/2023:13:51:56 +0000] "GET /api/v1/users/me? HTTP/1.0" 304 - "-" "Sedu/1 CFNetwork/1408.0.4 Darwin/22.5.0"
::ffff:127.0.0.1 - - [04/Jun/2023:13:53:03 +0000] "GET /api/v1/users/me? HTTP/1.0" 401 283 "-" "Sedu/1 CFNetwork/1335.0.3.1 Darwin/21.6.0"
::1 - - [04/Jun/2023:13:53:16 +0000] "POST /api/v1/users/register HTTP/1.0" 200 461 "-" "Sedu/1 CFNetwork/1335.0.3.1 Darwin/21.6.0"
::ffff:127.0.0.1 - - [04/Jun/2023:13:53:16 +0000] "GET /api/v1/users/me? HTTP/1.0" 200 187 "-" "Sedu/1 CFNetwork/1335.0.3.1 Darwin/21.6.0"
::1 - - [04/Jun/2023:13:53:23 +0000] "GET /api/v1/users/me? HTTP/1.0" 500 117 "-" "okhttp/4.9.2"
::ffff:127.0.0.1 - - [04/Jun/2023:13:53:27 +0000] "GET /api/v1/users/logout? HTTP/1.0" 200 39 "-" "Sedu/1 CFNetwork/1335.0.3.1 Darwin/21.6.0"
::1 - - [04/Jun/2023:13:53:28 +0000] "GET /api/v1/users/me? HTTP/1.0" 401 283 "-" "Sedu/1 CFNetwork/1335.0.3.1 Darwin/21.6.0"
::ffff:127.0.0.1 - - [04/Jun/2023:13:55:27 +0000] "GET /api/v1/users/me? HTTP/1.0" 304 - "-" "Sedu/1 CFNetwork/1408.0.4 Darwin/22.5.0"
::1 - - [04/Jun/2023:13:55:44 +0000] "GET /api/v1/users/me? HTTP/1.0" 304 - "-" "Sedu/1 CFNetwork/1408.0.4 Darwin/22.5.0"
::ffff:127.0.0.1 - - [04/Jun/2023:13:55:53 +0000] "GET /api/v1/users/me? HTTP/1.0" 304 - "-" "Sedu/1 CFNetwork/1408.0.4 Darwin/22.5.0"
::1 - - [04/Jun/2023:13:56:07 +0000] "GET /api/v1/users/me? HTTP/1.0" 401 283 "-" "Sedu/1 CFNetwork/1408.0.4 Darwin/22.5.0"
::ffff:127.0.0.1 - - [04/Jun/2023:13:56:08 +0000] "POST /api/v1/users/invoice/647c95f4a32e8316d8255958 HTTP/1.0" 200 50 "-" "Sedu/1 CFNetwork/1408.0.4 Darwin/22.5.0"
::1 - - [04/Jun/2023:13:56:08 +0000] "GET /api/v1/wallets/647c97f8a32e8316d8255987? HTTP/1.0" 200 16060 "-" "Sedu/1 CFNetwork/1408.0.4 Darwin/22.5.0"
::ffff:127.0.0.1 - - [04/Jun/2023:13:56:19 +0000] "POST /api/v1/users/register HTTP/1.0" 200 465 "-" "Sedu/1 CFNetwork/1408.0.4 Darwin/22.5.0"
::1 - - [04/Jun/2023:13:56:20 +0000] "GET /api/v1/users/me? HTTP/1.0" 200 191 "-" "Sedu/1 CFNetwork/1408.0.4 Darwin/22.5.0"
::ffff:127.0.0.1 - - [04/Jun/2023:13:56:20 +0000] "GET /api/v1/users/me? HTTP/1.0" 200 240 "-" "Sedu/1 CFNetwork/1408.0.4 Darwin/22.5.0"
::1 - - [04/Jun/2023:13:56:20 +0000] "GET /api/v1/wallets/647c97f8a32e8316d8255987? HTTP/1.0" 304 - "-" "Sedu/1 CFNetwork/1408.0.4 Darwin/22.5.0"
::ffff:127.0.0.1 - - [04/Jun/2023:13:56:28 +0000] "GET /api/v1/users/logout? HTTP/1.0" 200 39 "-" "Sedu/1 CFNetwork/1408.0.4 Darwin/22.5.0"
::1 - - [04/Jun/2023:13:56:28 +0000] "GET /api/v1/users/me? HTTP/1.0" 401 283 "-" "Sedu/1 CFNetwork/1408.0.4 Darwin/22.5.0"
::ffff:127.0.0.1 - - [04/Jun/2023:13:57:16 +0000] "GET /api/v1/users/callbacks/647c95f4a32e8316d8255958/20000?qpay_payment_id=288697870914465 HTTP/1.0" 200 240 "-" "node-fetch/1.0 (+https://github.com/bitinn/node-fetch)"
::1 - - [04/Jun/2023:13:57:40 +0000] "GET /api/v1/users/me? HTTP/1.0" 200 240 "-" "Sedu/1 CFNetwork/1408.0.4 Darwin/22.5.0"
::1 - - [04/Jun/2023:13:57:40 +0000] "GET /api/v1/ads? HTTP/1.0" 200 633 "-" "Sedu/1 CFNetwork/1408.0.4 Darwin/22.5.0"
::ffff:127.0.0.1 - - [04/Jun/2023:13:57:40 +0000] "GET /api/v1/articles? HTTP/1.0" 200 406255 "-" "Sedu/1 CFNetwork/1408.0.4 Darwin/22.5.0"
::ffff:127.0.0.1 - - [04/Jun/2023:13:57:48 +0000] "GET /api/v1/users/me? HTTP/1.0" 304 - "-" "Sedu/1 CFNetwork/1408.0.4 Darwin/22.5.0"
::ffff:127.0.0.1 - - [04/Jun/2023:13:57:49 +0000] "GET /api/v1/ads? HTTP/1.0" 304 - "-" "Sedu/1 CFNetwork/1408.0.4 Darwin/22.5.0"
::1 - - [04/Jun/2023:13:57:49 +0000] "GET /api/v1/articles? HTTP/1.0" 304 - "-" "Sedu/1 CFNetwork/1408.0.4 Darwin/22.5.0"
::ffff:127.0.0.1 - - [04/Jun/2023:14:00:32 +0000] "GET /api/v1/articles/642d76ab7c1330814fb763c4? HTTP/1.0" 200 12382 "-" "Sedu/1 CFNetwork/1408.0.4 Darwin/22.5.0"
::1 - - [04/Jun/2023:14:03:57 +0000] "GET /api/v1/users/me? HTTP/1.0" 401 283 "-" "Sedu/1 CFNetwork/1404.0.5 Darwin/22.3.0"
::ffff:127.0.0.1 - - [04/Jun/2023:14:04:13 +0000] "POST /api/v1/users/register HTTP/1.0" 500 250 "-" "Sedu/1 CFNetwork/1404.0.5 Darwin/22.3.0"
::1 - - [04/Jun/2023:14:04:29 +0000] "POST /api/v1/users/register HTTP/1.0" 500 247 "-" "Sedu/1 CFNetwork/1404.0.5 Darwin/22.3.0"
::ffff:127.0.0.1 - - [04/Jun/2023:14:04:59 +0000] "GET /api/v1/users/me? HTTP/1.0" 401 283 "-" "Sedu/1 CFNetwork/1335.0.3.1 Darwin/21.6.0"
::1 - - [04/Jun/2023:14:05:42 +0000] "POST /api/v1/users/register HTTP/1.0" 200 466 "-" "Sedu/1 CFNetwork/1335.0.3.1 Darwin/21.6.0"
::ffff:127.0.0.1 - - [04/Jun/2023:14:05:42 +0000] "GET /api/v1/users/me? HTTP/1.0" 200 192 "-" "Sedu/1 CFNetwork/1335.0.3.1 Darwin/21.6.0"
::1 - - [04/Jun/2023:14:05:53 +0000] "GET /api/v1/users/logout? HTTP/1.0" 200 39 "-" "Sedu/1 CFNetwork/1335.0.3.1 Darwin/21.6.0"
::ffff:127.0.0.1 - - [04/Jun/2023:14:05:53 +0000] "GET /api/v1/users/me? HTTP/1.0" 401 283 "-" "Sedu/1 CFNetwork/1335.0.3.1 Darwin/21.6.0"
::1 - - [04/Jun/2023:14:05:55 +0000] "GET /api/v1/users/me? HTTP/1.0" 401 283 "-" "Sedu/1 CFNetwork/1404.0.5 Darwin/22.3.0"
::ffff:127.0.0.1 - - [04/Jun/2023:14:06:07 +0000] "POST /api/v1/users/login HTTP/1.0" 200 466 "-" "Sedu/1 CFNetwork/1335.0.3.1 Darwin/21.6.0"
::1 - - [04/Jun/2023:14:06:08 +0000] "GET /api/v1/users/me? HTTP/1.0" 304 - "-" "Sedu/1 CFNetwork/1335.0.3.1 Darwin/21.6.0"
::ffff:127.0.0.1 - - [04/Jun/2023:14:06:11 +0000] "GET /api/v1/users/me? HTTP/1.0" 304 - "-" "Sedu/1 CFNetwork/1335.0.3.1 Darwin/21.6.0"
::1 - - [04/Jun/2023:14:06:21 +0000] "POST /api/v1/users/register HTTP/1.0" 200 468 "-" "Sedu/1 CFNetwork/1404.0.5 Darwin/22.3.0"
::ffff:127.0.0.1 - - [04/Jun/2023:14:06:21 +0000] "GET /api/v1/users/me? HTTP/1.0" 200 194 "-" "Sedu/1 CFNetwork/1404.0.5 Darwin/22.3.0"
::1 - - [04/Jun/2023:14:06:23 +0000] "POST /api/v1/users/invoice/647c9a36a32e8316d82559ae HTTP/1.0" 200 50 "-" "Sedu/1 CFNetwork/1335.0.3.1 Darwin/21.6.0"
::ffff:127.0.0.1 - - [04/Jun/2023:14:06:24 +0000] "GET /api/v1/wallets/647c9a5fa32e8316d82559b8? HTTP/1.0" 200 16274 "-" "Sedu/1 CFNetwork/1335.0.3.1 Darwin/21.6.0"
::1 - - [04/Jun/2023:14:06:30 +0000] "GET /api/v1/users/logout? HTTP/1.0" 304 - "-" "Sedu/1 CFNetwork/1335.0.3.1 Darwin/21.6.0"
::ffff:127.0.0.1 - - [04/Jun/2023:14:06:30 +0000] "GET /api/v1/users/me? HTTP/1.0" 401 283 "-" "Sedu/1 CFNetwork/1335.0.3.1 Darwin/21.6.0"
::1 - - [04/Jun/2023:14:06:36 +0000] "GET /api/v1/users/me? HTTP/1.0" 304 - "-" "Sedu/1 CFNetwork/1404.0.5 Darwin/22.3.0"
::ffff:127.0.0.1 - - [04/Jun/2023:14:06:42 +0000] "GET /api/v1/users/logout? HTTP/1.0" 200 39 "-" "Sedu/1 CFNetwork/1404.0.5 Darwin/22.3.0"
::1 - - [04/Jun/2023:14:06:42 +0000] "GET /api/v1/users/me? HTTP/1.0" 401 283 "-" "Sedu/1 CFNetwork/1404.0.5 Darwin/22.3.0"
::1 - - [04/Jun/2023:14:07:07 +0000] "GET /api/v1/users/me? HTTP/1.0" 401 283 "-" "Sedu/1 CFNetwork/1404.0.5 Darwin/22.3.0"
::ffff:127.0.0.1 - - [04/Jun/2023:14:07:09 +0000] "POST /api/v1/users/login HTTP/1.0" 401 123 "-" "Sedu/1 CFNetwork/1404.0.5 Darwin/22.3.0"
::1 - - [04/Jun/2023:14:07:11 +0000] "POST /api/v1/users/login HTTP/1.0" 401 123 "-" "Sedu/1 CFNetwork/1404.0.5 Darwin/22.3.0"
::ffff:127.0.0.1 - - [04/Jun/2023:14:07:18 +0000] "POST /api/v1/users/login HTTP/1.0" 401 123 "-" "Sedu/1 CFNetwork/1404.0.5 Darwin/22.3.0"
::1 - - [04/Jun/2023:14:07:25 +0000] "POST /api/v1/users/register HTTP/1.0" 200 462 "-" "Sedu/1 CFNetwork/1404.0.5 Darwin/22.3.0"
::ffff:127.0.0.1 - - [04/Jun/2023:14:07:25 +0000] "GET /api/v1/users/me? HTTP/1.0" 200 188 "-" "Sedu/1 CFNetwork/1404.0.5 Darwin/22.3.0"
::ffff:127.0.0.1 - - [04/Jun/2023:14:11:43 +0000] "GET /api/v1/users/me? HTTP/1.0" 401 283 "-" "Sedu/1 CFNetwork/1408.0.4 Darwin/22.5.0"
::1 - - [04/Jun/2023:14:11:56 +0000] "POST /api/v1/users/register HTTP/1.0" 500 247 "-" "Sedu/1 CFNetwork/1408.0.4 Darwin/22.5.0"
::ffff:127.0.0.1 - - [04/Jun/2023:14:12:04 +0000] "POST /api/v1/users/register HTTP/1.0" 200 463 "-" "Sedu/1 CFNetwork/1408.0.4 Darwin/22.5.0"
::1 - - [04/Jun/2023:14:12:05 +0000] "GET /api/v1/users/me? HTTP/1.0" 200 189 "-" "Sedu/1 CFNetwork/1408.0.4 Darwin/22.5.0"
::ffff:127.0.0.1 - - [04/Jun/2023:14:12:11 +0000] "GET /api/v1/users/logout? HTTP/1.0" 200 39 "-" "Sedu/1 CFNetwork/1408.0.4 Darwin/22.5.0"
::1 - - [04/Jun/2023:14:12:11 +0000] "GET /api/v1/users/me? HTTP/1.0" 401 283 "-" "Sedu/1 CFNetwork/1408.0.4 Darwin/22.5.0"
::ffff:127.0.0.1 - - [04/Jun/2023:14:14:26 +0000] "GET /api/v1/users/me? HTTP/1.0" 500 117 "-" "okhttp/4.9.2"
::1 - - [04/Jun/2023:14:14:26 +0000] "GET /api/v1/articles? HTTP/1.0" 500 117 "-" "okhttp/4.9.2"
::ffff:127.0.0.1 - - [04/Jun/2023:14:14:26 +0000] "GET /api/v1/ads? HTTP/1.0" 304 - "-" "okhttp/4.9.2"
::1 - - [04/Jun/2023:14:14:51 +0000] "GET /.env HTTP/1.0" 404 143 "-" "Mozilla/5.0 (X11; Linux x86_64) AppleWebKit/537.36 (KHTML, like Gecko) Chrome/81.0.4044.129 Safari/537.36"
::ffff:127.0.0.1 - - [04/Jun/2023:14:14:51 +0000] "POST / HTTP/1.0" 404 140 "-" "Mozilla/5.0 (X11; Linux x86_64) AppleWebKit/537.36 (KHTML, like Gecko) Chrome/81.0.4044.129 Safari/537.36"
::1 - - [04/Jun/2023:14:14:57 +0000] "GET /sendgrid/.env HTTP/1.0" 404 152 "-" "Mozilla/5.0 (X11; Linux x86_64) AppleWebKit/537.36 (KHTML, like Gecko) Chrome/81.0.4044.129 Safari/537.36"
::ffff:127.0.0.1 - - [04/Jun/2023:14:14:57 +0000] "POST / HTTP/1.0" 404 140 "-" "Mozilla/5.0 (X11; Linux x86_64) AppleWebKit/537.36 (KHTML, like Gecko) Chrome/81.0.4044.129 Safari/537.36"
::1 - - [04/Jun/2023:14:15:06 +0000] "GET /.env HTTP/1.0" 404 143 "-" "Mozlila/5.0 (Linux; Android 7.0; SM-G892A Bulid/NRD90M; wv) AppleWebKit/537.36 (KHTML, like Gecko) Version/4.0 Chrome/60.0.3112.107 Moblie Safari/537.36"
::ffff:127.0.0.1 - - [04/Jun/2023:14:17:42 +0000] "GET /api/v1/users/me? HTTP/1.0" 500 117 "-" "okhttp/4.9.2"
::1 - - [04/Jun/2023:14:17:42 +0000] "GET /api/v1/articles? HTTP/1.0" 500 117 "-" "okhttp/4.9.2"
::ffff:127.0.0.1 - - [04/Jun/2023:14:19:42 +0000] "GET /api/v1/users/me? HTTP/1.0" 401 283 "-" "Sedu/1 CFNetwork/1406.0.4 Darwin/22.4.0"
::1 - - [04/Jun/2023:14:19:51 +0000] "GET /api/v1/users/me? HTTP/1.0" 500 117 "-" "okhttp/4.9.2"
::ffff:127.0.0.1 - - [04/Jun/2023:14:19:51 +0000] "GET /api/v1/articles? HTTP/1.0" 500 117 "-" "okhttp/4.9.2"
::ffff:127.0.0.1 - - [04/Jun/2023:14:19:51 +0000] "GET /api/v1/users/me? HTTP/1.0" 500 117 "-" "okhttp/4.9.2"
::1 - - [04/Jun/2023:14:19:51 +0000] "GET /api/v1/ads? HTTP/1.0" 304 - "-" "okhttp/4.9.2"
::1 - - [04/Jun/2023:14:19:52 +0000] "GET /api/v1/users/me? HTTP/1.0" 304 - "-" "Sedu/1 CFNetwork/1408.0.4 Darwin/22.5.0"
::ffff:127.0.0.1 - - [04/Jun/2023:14:19:52 +0000] "GET /api/v1/ads? HTTP/1.0" 304 - "-" "Sedu/1 CFNetwork/1408.0.4 Darwin/22.5.0"
::ffff:127.0.0.1 - - [04/Jun/2023:14:19:53 +0000] "GET /api/v1/articles/642d55bf7c1330814fb76345? HTTP/1.0" 304 - "-" "Sedu/1 CFNetwork/1408.0.4 Darwin/22.5.0"
::1 - - [04/Jun/2023:14:19:53 +0000] "GET /api/v1/articles? HTTP/1.0" 304 - "-" "Sedu/1 CFNetwork/1408.0.4 Darwin/22.5.0"
::ffff:127.0.0.1 - - [04/Jun/2023:14:19:58 +0000] "GET /api/v1/users/me? HTTP/1.0" 304 - "-" "Sedu/1 CFNetwork/1408.0.4 Darwin/22.5.0"
::1 - - [04/Jun/2023:14:20:01 +0000] "POST /api/v1/users/register HTTP/1.0" 200 463 "-" "Sedu/1 CFNetwork/1406.0.4 Darwin/22.4.0"
::ffff:127.0.0.1 - - [04/Jun/2023:14:20:01 +0000] "GET /api/v1/users/me? HTTP/1.0" 200 189 "-" "Sedu/1 CFNetwork/1406.0.4 Darwin/22.4.0"
::1 - - [04/Jun/2023:14:20:04 +0000] "GET /api/v1/users/logout? HTTP/1.0" 200 39 "-" "Sedu/1 CFNetwork/1408.0.4 Darwin/22.5.0"
::1 - - [04/Jun/2023:14:20:05 +0000] "GET /api/v1/users/me? HTTP/1.0" 401 283 "-" "Sedu/1 CFNetwork/1408.0.4 Darwin/22.5.0"
::ffff:127.0.0.1 - - [04/Jun/2023:14:20:05 +0000] "GET /api/v1/articles? HTTP/1.0" 401 283 "-" "Sedu/1 CFNetwork/1408.0.4 Darwin/22.5.0"
::1 - - [04/Jun/2023:14:20:05 +0000] "GET /api/v1/users/me? HTTP/1.0" 401 283 "-" "Sedu/1 CFNetwork/1408.0.4 Darwin/22.5.0"
::ffff:127.0.0.1 - - [04/Jun/2023:14:20:05 +0000] "GET /api/v1/ads? HTTP/1.0" 304 - "-" "Sedu/1 CFNetwork/1408.0.4 Darwin/22.5.0"
::1 - - [04/Jun/2023:14:20:10 +0000] "GET /api/v1/users/logout? HTTP/1.0" 200 39 "-" "Sedu/1 CFNetwork/1406.0.4 Darwin/22.4.0"
::ffff:127.0.0.1 - - [04/Jun/2023:14:20:10 +0000] "GET /api/v1/users/me? HTTP/1.0" 401 283 "-" "Sedu/1 CFNetwork/1406.0.4 Darwin/22.4.0"
::1 - - [04/Jun/2023:14:20:11 +0000] "GET /api/v1/users/me? HTTP/1.0" 401 283 "-" "Sedu/1 CFNetwork/1390 Darwin/22.0.0"
::ffff:127.0.0.1 - - [04/Jun/2023:14:20:13 +0000] "GET /api/v1/users/me? HTTP/1.0" 401 283 "-" "Sedu/1 CFNetwork/1390 Darwin/22.0.0"
::1 - - [04/Jun/2023:14:20:17 +0000] "POST /api/v1/users/login HTTP/1.0" 200 506 "-" "Sedu/1 CFNetwork/1408.0.4 Darwin/22.5.0"
::ffff:127.0.0.1 - - [04/Jun/2023:14:20:18 +0000] "GET /api/v1/users/me? HTTP/1.0" 304 - "-" "Sedu/1 CFNetwork/1408.0.4 Darwin/22.5.0"
::ffff:127.0.0.1 - - [04/Jun/2023:14:20:18 +0000] "GET /api/v1/ads? HTTP/1.0" 304 - "-" "Sedu/1 CFNetwork/1408.0.4 Darwin/22.5.0"
::1 - - [04/Jun/2023:14:20:18 +0000] "GET /api/v1/articles? HTTP/1.0" 304 - "-" "Sedu/1 CFNetwork/1408.0.4 Darwin/22.5.0"
::ffff:127.0.0.1 - - [04/Jun/2023:14:20:28 +0000] "POST /api/v1/users/login HTTP/1.0" 200 463 "-" "Sedu/1 CFNetwork/1406.0.4 Darwin/22.4.0"
::1 - - [04/Jun/2023:14:20:28 +0000] "GET /api/v1/users/me? HTTP/1.0" 304 - "-" "Sedu/1 CFNetwork/1406.0.4 Darwin/22.4.0"
::ffff:127.0.0.1 - - [04/Jun/2023:14:20:29 +0000] "POST /api/v1/users/register HTTP/1.0" 200 463 "-" "Sedu/1 CFNetwork/1390 Darwin/22.0.0"
::1 - - [04/Jun/2023:14:20:29 +0000] "GET /api/v1/users/me? HTTP/1.0" 200 189 "-" "Sedu/1 CFNetwork/1390 Darwin/22.0.0"
::1 - - [04/Jun/2023:14:20:31 +0000] "GET /api/v1/users/me? HTTP/1.0" 304 - "-" "Sedu/1 CFNetwork/1406.0.4 Darwin/22.4.0"
::1 - - [04/Jun/2023:14:20:31 +0000] "GET /api/v1/users/me? HTTP/1.0" 304 - "-" "Sedu/1 CFNetwork/1408.0.4 Darwin/22.5.0"
::ffff:127.0.0.1 - - [04/Jun/2023:14:20:31 +0000] "GET /api/v1/ads? HTTP/1.0" 304 - "-" "Sedu/1 CFNetwork/1408.0.4 Darwin/22.5.0"
::ffff:127.0.0.1 - - [04/Jun/2023:14:20:31 +0000] "GET /api/v1/articles? HTTP/1.0" 304 - "-" "Sedu/1 CFNetwork/1408.0.4 Darwin/22.5.0"
::1 - - [04/Jun/2023:14:20:32 +0000] "GET /api/v1/users/me? HTTP/1.0" 304 - "-" "Sedu/1 CFNetwork/1408.0.4 Darwin/22.5.0"
::ffff:127.0.0.1 - - [04/Jun/2023:14:20:33 +0000] "GET /api/v1/users/logout? HTTP/1.0" 304 - "-" "Sedu/1 CFNetwork/1408.0.4 Darwin/22.5.0"
::1 - - [04/Jun/2023:14:20:33 +0000] "GET /api/v1/users/me? HTTP/1.0" 401 283 "-" "Sedu/1 CFNetwork/1408.0.4 Darwin/22.5.0"
::ffff:127.0.0.1 - - [04/Jun/2023:14:20:33 +0000] "GET /api/v1/articles? HTTP/1.0" 401 283 "-" "Sedu/1 CFNetwork/1408.0.4 Darwin/22.5.0"
::1 - - [04/Jun/2023:14:20:33 +0000] "GET /api/v1/users/me? HTTP/1.0" 401 283 "-" "Sedu/1 CFNetwork/1408.0.4 Darwin/22.5.0"
::ffff:127.0.0.1 - - [04/Jun/2023:14:20:34 +0000] "GET /api/v1/ads? HTTP/1.0" 304 - "-" "Sedu/1 CFNetwork/1408.0.4 Darwin/22.5.0"
::ffff:127.0.0.1 - - [04/Jun/2023:14:20:39 +0000] "GET /api/v1/users/me? HTTP/1.0" 304 - "-" "Sedu/1 CFNetwork/1390 Darwin/22.0.0"
::1 - - [04/Jun/2023:14:20:39 +0000] "POST /api/v1/users/invoice/647c9d91a32e8316d82559e0 HTTP/1.0" 200 50 "-" "Sedu/1 CFNetwork/1406.0.4 Darwin/22.4.0"
::1 - - [04/Jun/2023:14:20:39 +0000] "GET /api/v1/wallets/647c9db7a32e8316d82559fb? HTTP/1.0" 200 16067 "-" "Sedu/1 CFNetwork/1406.0.4 Darwin/22.4.0"
::ffff:127.0.0.1 - - [04/Jun/2023:14:20:43 +0000] "GET /api/v1/users/me? HTTP/1.0" 401 283 "-" "Sedu/1 CFNetwork/1408.0.4 Darwin/22.5.0"
::1 - - [04/Jun/2023:14:20:48 +0000] "POST /api/v1/users/invoice/647c9dada32e8316d82559ed HTTP/1.0" 200 50 "-" "Sedu/1 CFNetwork/1390 Darwin/22.0.0"
::ffff:127.0.0.1 - - [04/Jun/2023:14:20:48 +0000] "GET /api/v1/wallets/647c9dc0a32e8316d8255a0d? HTTP/1.0" 200 16202 "-" "Sedu/1 CFNetwork/1390 Darwin/22.0.0"
::1 - - [04/Jun/2023:14:20:52 +0000] "POST /api/v1/users/login HTTP/1.0" 200 506 "-" "Sedu/1 CFNetwork/1408.0.4 Darwin/22.5.0"
::ffff:127.0.0.1 - - [04/Jun/2023:14:20:52 +0000] "GET /api/v1/users/me? HTTP/1.0" 304 - "-" "Sedu/1 CFNetwork/1408.0.4 Darwin/22.5.0"
::1 - - [04/Jun/2023:14:20:53 +0000] "GET /api/v1/ads? HTTP/1.0" 304 - "-" "Sedu/1 CFNetwork/1408.0.4 Darwin/22.5.0"
::ffff:127.0.0.1 - - [04/Jun/2023:14:20:53 +0000] "GET /api/v1/articles? HTTP/1.0" 304 - "-" "Sedu/1 CFNetwork/1408.0.4 Darwin/22.5.0"
::ffff:127.0.0.1 - - [04/Jun/2023:14:21:09 +0000] "GET /api/v1/users/callbacks/647c9d91a32e8316d82559e0/20000?qpay_payment_id=752584243656437 HTTP/1.0" 200 228 "-" "node-fetch/1.0 (+https://github.com/bitinn/node-fetch)"
::1 - - [04/Jun/2023:14:21:17 +0000] "GET /api/v1/users/me? HTTP/1.0" 200 228 "-" "Sedu/1 CFNetwork/1406.0.4 Darwin/22.4.0"
::ffff:127.0.0.1 - - [04/Jun/2023:14:21:17 +0000] "GET /api/v1/wallets/647c9db7a32e8316d82559fb? HTTP/1.0" 304 - "-" "Sedu/1 CFNetwork/1406.0.4 Darwin/22.4.0"
::1 - - [04/Jun/2023:14:21:23 +0000] "POST /api/v1/users/invoice/647c9d91a32e8316d82559e0 HTTP/1.0" 200 50 "-" "Sedu/1 CFNetwork/1406.0.4 Darwin/22.4.0"
::ffff:127.0.0.1 - - [04/Jun/2023:14:21:23 +0000] "GET /api/v1/wallets/647c9de3a32e8316d8255a29? HTTP/1.0" 200 16163 "-" "Sedu/1 CFNetwork/1406.0.4 Darwin/22.4.0"
::1 - - [04/Jun/2023:14:21:35 +0000] "GET /api/v1/users/me? HTTP/1.0" 200 228 "-" "Sedu/1 CFNetwork/1406.0.4 Darwin/22.4.0"
::1 - - [04/Jun/2023:14:21:35 +0000] "GET /api/v1/ads? HTTP/1.0" 200 633 "-" "Sedu/1 CFNetwork/1406.0.4 Darwin/22.4.0"
::ffff:127.0.0.1 - - [04/Jun/2023:14:21:35 +0000] "GET /api/v1/articles? HTTP/1.0" 200 406255 "-" "Sedu/1 CFNetwork/1406.0.4 Darwin/22.4.0"
::ffff:127.0.0.1 - - [04/Jun/2023:14:22:10 +0000] "GET /api/v1/articles/642d789c7c1330814fb763e7? HTTP/1.0" 200 6163 "-" "Sedu/1 CFNetwork/1406.0.4 Darwin/22.4.0"
::1 - - [04/Jun/2023:14:22:41 +0000] "GET /api/v1/users/me? HTTP/1.0" 304 - "-" "Sedu/1 CFNetwork/1408.0.4 Darwin/22.5.0"
::ffff:127.0.0.1 - - [04/Jun/2023:14:22:41 +0000] "GET /api/v1/ads? HTTP/1.0" 304 - "-" "Sedu/1 CFNetwork/1408.0.4 Darwin/22.5.0"
::ffff:127.0.0.1 - - [04/Jun/2023:14:22:42 +0000] "GET /api/v1/articles? HTTP/1.0" 304 - "-" "Sedu/1 CFNetwork/1408.0.4 Darwin/22.5.0"
::1 - - [04/Jun/2023:14:22:42 +0000] "GET /api/v1/users/me? HTTP/1.0" 304 - "-" "Sedu/1 CFNetwork/1408.0.4 Darwin/22.5.0"
::ffff:127.0.0.1 - - [04/Jun/2023:14:22:44 +0000] "GET /api/v1/users/logout? HTTP/1.0" 304 - "-" "Sedu/1 CFNetwork/1408.0.4 Darwin/22.5.0"
::1 - - [04/Jun/2023:14:22:44 +0000] "GET /api/v1/articles? HTTP/1.0" 401 283 "-" "Sedu/1 CFNetwork/1408.0.4 Darwin/22.5.0"
::ffff:127.0.0.1 - - [04/Jun/2023:14:22:44 +0000] "GET /api/v1/users/me? HTTP/1.0" 401 283 "-" "Sedu/1 CFNetwork/1408.0.4 Darwin/22.5.0"
::1 - - [04/Jun/2023:14:22:44 +0000] "GET /api/v1/users/me? HTTP/1.0" 401 283 "-" "Sedu/1 CFNetwork/1408.0.4 Darwin/22.5.0"
::ffff:127.0.0.1 - - [04/Jun/2023:14:22:44 +0000] "GET /api/v1/ads? HTTP/1.0" 304 - "-" "Sedu/1 CFNetwork/1408.0.4 Darwin/22.5.0"
::1 - - [04/Jun/2023:14:22:57 +0000] "GET /api/v1/users/me? HTTP/1.0" 401 283 "-" "Sedu/1 CFNetwork/1408.0.4 Darwin/22.5.0"
::ffff:127.0.0.1 - - [04/Jun/2023:14:23:05 +0000] "GET /api/v1/users/me? HTTP/1.0" 500 117 "-" "okhttp/4.9.2"
::1 - - [04/Jun/2023:14:23:05 +0000] "GET /api/v1/articles? HTTP/1.0" 500 117 "-" "okhttp/4.9.2"
::ffff:127.0.0.1 - - [04/Jun/2023:14:23:05 +0000] "GET /api/v1/ads? HTTP/1.0" 304 - "-" "okhttp/4.9.2"
::1 - - [04/Jun/2023:14:23:13 +0000] "GET /api/v1/users/me? HTTP/1.0" 500 117 "-" "okhttp/4.9.2"
::ffff:127.0.0.1 - - [04/Jun/2023:14:23:25 +0000] "GET /api/v1/users/logout? HTTP/1.0" 304 - "-" "okhttp/4.9.2"
::1 - - [04/Jun/2023:14:23:26 +0000] "GET /api/v1/users/me? HTTP/1.0" 401 283 "-" "okhttp/4.9.2"
::ffff:127.0.0.1 - - [04/Jun/2023:14:23:40 +0000] "GET /api/v1/articles/642d4c587c1330814fb76297? HTTP/1.0" 200 22271 "-" "Sedu/1 CFNetwork/1406.0.4 Darwin/22.4.0"
::1 - - [04/Jun/2023:14:23:56 +0000] "GET /api/v1/users/me? HTTP/1.0" 304 - "-" "Sedu/1 CFNetwork/1406.0.4 Darwin/22.4.0"
::ffff:127.0.0.1 - - [04/Jun/2023:14:24:07 +0000] "GET /api/v1/users/me? HTTP/1.0" 401 283 "-" "Sedu/1 CFNetwork/1408.0.4 Darwin/22.5.0"
::1 - - [04/Jun/2023:14:24:19 +0000] "POST /api/v1/users/login HTTP/1.0" 200 506 "-" "Sedu/1 CFNetwork/1408.0.4 Darwin/22.5.0"
::ffff:127.0.0.1 - - [04/Jun/2023:14:24:20 +0000] "GET /api/v1/users/me? HTTP/1.0" 304 - "-" "Sedu/1 CFNetwork/1408.0.4 Darwin/22.5.0"
::1 - - [04/Jun/2023:14:24:22 +0000] "GET /api/v1/articles? HTTP/1.0" 304 - "-" "Sedu/1 CFNetwork/1408.0.4 Darwin/22.5.0"
::ffff:127.0.0.1 - - [04/Jun/2023:14:24:22 +0000] "GET /api/v1/ads? HTTP/1.0" 304 - "-" "Sedu/1 CFNetwork/1408.0.4 Darwin/22.5.0"
::ffff:127.0.0.1 - - [04/Jun/2023:14:24:46 +0000] "GET /api/v1/users/me? HTTP/1.0" 304 - "-" "Sedu/1 CFNetwork/1408.0.4 Darwin/22.5.0"
::1 - - [04/Jun/2023:14:24:46 +0000] "GET /api/v1/ads? HTTP/1.0" 304 - "-" "Sedu/1 CFNetwork/1408.0.4 Darwin/22.5.0"
::1 - - [04/Jun/2023:14:24:46 +0000] "GET /api/v1/articles? HTTP/1.0" 304 - "-" "Sedu/1 CFNetwork/1408.0.4 Darwin/22.5.0"
::1 - - [04/Jun/2023:14:24:55 +0000] "GET /api/v1/users/me? HTTP/1.0" 304 - "-" "Sedu/1 CFNetwork/1408.0.4 Darwin/22.5.0"
::ffff:127.0.0.1 - - [04/Jun/2023:14:24:55 +0000] "GET /api/v1/ads? HTTP/1.0" 304 - "-" "Sedu/1 CFNetwork/1408.0.4 Darwin/22.5.0"
::ffff:127.0.0.1 - - [04/Jun/2023:14:24:55 +0000] "GET /api/v1/articles? HTTP/1.0" 304 - "-" "Sedu/1 CFNetwork/1408.0.4 Darwin/22.5.0"
::1 - - [04/Jun/2023:14:25:53 +0000] "GET /api/v1/users/me? HTTP/1.0" 304 - "-" "Sedu/1 CFNetwork/1408.0.4 Darwin/22.5.0"
::ffff:127.0.0.1 - - [04/Jun/2023:14:25:53 +0000] "GET /api/v1/ads? HTTP/1.0" 304 - "-" "Sedu/1 CFNetwork/1408.0.4 Darwin/22.5.0"
::ffff:127.0.0.1 - - [04/Jun/2023:14:25:53 +0000] "GET /api/v1/articles? HTTP/1.0" 304 - "-" "Sedu/1 CFNetwork/1408.0.4 Darwin/22.5.0"
::1 - - [04/Jun/2023:14:25:54 +0000] "GET /api/v1/articles/642d77bf7c1330814fb763d0? HTTP/1.0" 200 8628 "-" "Sedu/1 CFNetwork/1408.0.4 Darwin/22.5.0"
::ffff:127.0.0.1 - - [04/Jun/2023:14:26:08 +0000] "GET /api/v1/users/me? HTTP/1.0" 200 230 "-" "Sedu/1 CFNetwork/1408.0.4 Darwin/22.5.0"
::1 - - [04/Jun/2023:14:26:18 +0000] "GET /api/v1/users/me? HTTP/1.0" 304 - "-" "Sedu/1 CFNetwork/1408.0.4 Darwin/22.5.0"
::ffff:127.0.0.1 - - [04/Jun/2023:14:26:28 +0000] "POST /api/v1/users/invoice/647094cea32e8316d8244d9f HTTP/1.0" 200 50 "-" "Sedu/1 CFNetwork/1408.0.4 Darwin/22.5.0"
::1 - - [04/Jun/2023:14:26:28 +0000] "GET /api/v1/wallets/647c9f14a32e8316d8255a65? HTTP/1.0" 200 16081 "-" "Sedu/1 CFNetwork/1408.0.4 Darwin/22.5.0"
::ffff:127.0.0.1 - - [04/Jun/2023:14:26:35 +0000] "GET /api/v1/users/me? HTTP/1.0" 304 - "-" "Sedu/1 CFNetwork/1408.0.4 Darwin/22.5.0"
::1 - - [04/Jun/2023:14:26:35 +0000] "GET /api/v1/articles/642d77bf7c1330814fb763d0? HTTP/1.0" 304 - "-" "Sedu/1 CFNetwork/1408.0.4 Darwin/22.5.0"
::ffff:127.0.0.1 - - [04/Jun/2023:14:26:35 +0000] "GET /api/v1/ads? HTTP/1.0" 304 - "-" "Sedu/1 CFNetwork/1408.0.4 Darwin/22.5.0"
::1 - - [04/Jun/2023:14:26:36 +0000] "GET /api/v1/articles? HTTP/1.0" 304 - "-" "Sedu/1 CFNetwork/1408.0.4 Darwin/22.5.0"
::ffff:127.0.0.1 - - [04/Jun/2023:14:27:30 +0000] "GET /api/v1/articles/642d77bf7c1330814fb763d0? HTTP/1.0" 304 - "-" "Sedu/1 CFNetwork/1408.0.4 Darwin/22.5.0"
::1 - - [04/Jun/2023:14:27:30 +0000] "GET /api/v1/users/me? HTTP/1.0" 304 - "-" "Sedu/1 CFNetwork/1408.0.4 Darwin/22.5.0"
::1 - - [04/Jun/2023:14:27:30 +0000] "GET /api/v1/ads? HTTP/1.0" 304 - "-" "Sedu/1 CFNetwork/1408.0.4 Darwin/22.5.0"
::ffff:127.0.0.1 - - [04/Jun/2023:14:27:30 +0000] "GET /api/v1/articles? HTTP/1.0" 304 - "-" "Sedu/1 CFNetwork/1408.0.4 Darwin/22.5.0"
::1 - - [04/Jun/2023:14:27:47 +0000] "GET /api/v1/articles/642d79f07c1330814fb76404? HTTP/1.0" 200 11855 "-" "Sedu/1 CFNetwork/1408.0.4 Darwin/22.5.0"
::ffff:127.0.0.1 - - [04/Jun/2023:14:29:10 +0000] "GET /api/v1/users/me? HTTP/1.0" 304 - "-" "Sedu/1 CFNetwork/1335.0.3 Darwin/21.6.0"
::ffff:127.0.0.1 - - [04/Jun/2023:14:29:10 +0000] "GET /api/v1/ads? HTTP/1.0" 304 - "-" "Sedu/1 CFNetwork/1335.0.3 Darwin/21.6.0"
::1 - - [04/Jun/2023:14:29:10 +0000] "GET /api/v1/articles? HTTP/1.0" 304 - "-" "Sedu/1 CFNetwork/1335.0.3 Darwin/21.6.0"
::ffff:127.0.0.1 - - [04/Jun/2023:14:29:14 +0000] "GET /api/v1/articles/642d4c587c1330814fb76297? HTTP/1.0" 200 22271 "-" "Sedu/1 CFNetwork/1335.0.3 Darwin/21.6.0"
::ffff:127.0.0.1 - - [04/Jun/2023:14:29:31 +0000] "GET /api/v1/articles/642d79f07c1330814fb76404? HTTP/1.0" 304 - "-" "Sedu/1 CFNetwork/1408.0.4 Darwin/22.5.0"
::1 - - [04/Jun/2023:14:29:31 +0000] "GET /api/v1/users/me? HTTP/1.0" 304 - "-" "Sedu/1 CFNetwork/1408.0.4 Darwin/22.5.0"
::1 - - [04/Jun/2023:14:29:31 +0000] "GET /api/v1/ads? HTTP/1.0" 304 - "-" "Sedu/1 CFNetwork/1408.0.4 Darwin/22.5.0"
::ffff:127.0.0.1 - - [04/Jun/2023:14:29:31 +0000] "GET /api/v1/articles? HTTP/1.0" 304 - "-" "Sedu/1 CFNetwork/1408.0.4 Darwin/22.5.0"
::ffff:127.0.0.1 - - [04/Jun/2023:14:29:38 +0000] "GET /api/v1/articles/642d7b217c1330814fb76434? HTTP/1.0" 200 4133 "-" "Sedu/1 CFNetwork/1408.0.4 Darwin/22.5.0"
::1 - - [04/Jun/2023:14:30:31 +0000] "GET /api/v1/users/me? HTTP/1.0" 401 283 "-" "Sedu/1 CFNetwork/1408.0.4 Darwin/22.5.0"
::ffff:127.0.0.1 - - [04/Jun/2023:14:30:49 +0000] "GET /api/v1/users/me? HTTP/1.0" 304 - "-" "Sedu/1 CFNetwork/1408.0.4 Darwin/22.5.0"
::1 - - [04/Jun/2023:14:30:49 +0000] "GET /api/v1/ads? HTTP/1.0" 304 - "-" "Sedu/1 CFNetwork/1408.0.4 Darwin/22.5.0"
::ffff:127.0.0.1 - - [04/Jun/2023:14:30:49 +0000] "GET /api/v1/articles/642e321a7c1330814fb7648b? HTTP/1.0" 200 2221 "-" "Sedu/1 CFNetwork/1408.0.4 Darwin/22.5.0"
::1 - - [04/Jun/2023:14:30:50 +0000] "GET /api/v1/articles? HTTP/1.0" 304 - "-" "Sedu/1 CFNetwork/1408.0.4 Darwin/22.5.0"
::1 - - [04/Jun/2023:14:30:50 +0000] "POST /api/v1/users/login HTTP/1.0" 401 123 "-" "Sedu/1 CFNetwork/1408.0.4 Darwin/22.5.0"
::ffff:127.0.0.1 - - [04/Jun/2023:14:31:15 +0000] "POST /api/v1/users/register HTTP/1.0" 200 479 "-" "Sedu/1 CFNetwork/1408.0.4 Darwin/22.5.0"
::1 - - [04/Jun/2023:14:31:15 +0000] "GET /api/v1/users/me? HTTP/1.0" 200 205 "-" "Sedu/1 CFNetwork/1408.0.4 Darwin/22.5.0"
::ffff:127.0.0.1 - - [04/Jun/2023:14:31:16 +0000] "GET /api/v1/users/me? HTTP/1.0" 401 283 "-" "Sedu/1 CFNetwork/1404.0.5 Darwin/22.3.0"
::1 - - [04/Jun/2023:14:31:31 +0000] "GET /api/v1/users/me? HTTP/1.0" 304 - "-" "Sedu/1 CFNetwork/1408.0.4 Darwin/22.5.0"
::ffff:127.0.0.1 - - [04/Jun/2023:14:31:32 +0000] "POST /api/v1/users/register HTTP/1.0" 200 462 "-" "Sedu/1 CFNetwork/1404.0.5 Darwin/22.3.0"
::1 - - [04/Jun/2023:14:31:32 +0000] "GET /api/v1/users/me? HTTP/1.0" 200 188 "-" "Sedu/1 CFNetwork/1404.0.5 Darwin/22.3.0"
::ffff:127.0.0.1 - - [04/Jun/2023:14:31:36 +0000] "GET /api/v1/users/me? HTTP/1.0" 304 - "-" "Sedu/1 CFNetwork/1404.0.5 Darwin/22.3.0"
::1 - - [04/Jun/2023:14:31:40 +0000] "POST /api/v1/users/invoice/647ca043a32e8316d8255a9b HTTP/1.0" 200 50 "-" "Sedu/1 CFNetwork/1404.0.5 Darwin/22.3.0"
::ffff:127.0.0.1 - - [04/Jun/2023:14:31:40 +0000] "GET /api/v1/wallets/647ca04ca32e8316d8255aa0? HTTP/1.0" 200 16358 "-" "Sedu/1 CFNetwork/1404.0.5 Darwin/22.3.0"
::1 - - [04/Jun/2023:14:31:46 +0000] "GET /api/v1/users/logout? HTTP/1.0" 200 39 "-" "Sedu/1 CFNetwork/1404.0.5 Darwin/22.3.0"
::ffff:127.0.0.1 - - [04/Jun/2023:14:31:47 +0000] "GET /api/v1/users/me? HTTP/1.0" 401 283 "-" "Sedu/1 CFNetwork/1404.0.5 Darwin/22.3.0"
::1 - - [04/Jun/2023:14:33:09 +0000] "GET /api/v1/users/me? HTTP/1.0" 401 283 "-" "Sedu/1 CFNetwork/1408.0.4 Darwin/22.5.0"
::ffff:127.0.0.1 - - [04/Jun/2023:14:33:30 +0000] "POST /api/v1/users/register HTTP/1.0" 200 467 "-" "Sedu/1 CFNetwork/1408.0.4 Darwin/22.5.0"
::1 - - [04/Jun/2023:14:33:30 +0000] "GET /api/v1/users/me? HTTP/1.0" 200 193 "-" "Sedu/1 CFNetwork/1408.0.4 Darwin/22.5.0"
::ffff:127.0.0.1 - - [04/Jun/2023:14:33:41 +0000] "GET /api/v1/users/me? HTTP/1.0" 304 - "-" "Sedu/1 CFNetwork/1408.0.4 Darwin/22.5.0"
::1 - - [04/Jun/2023:14:33:47 +0000] "POST /api/v1/users/invoice/647ca0baa32e8316d8255ab1 HTTP/1.0" 200 50 "-" "Sedu/1 CFNetwork/1408.0.4 Darwin/22.5.0"
::ffff:127.0.0.1 - - [04/Jun/2023:14:33:47 +0000] "GET /api/v1/wallets/647ca0cba32e8316d8255ab6? HTTP/1.0" 200 16182 "-" "Sedu/1 CFNetwork/1408.0.4 Darwin/22.5.0"
::1 - - [04/Jun/2023:14:34:13 +0000] "GET /api/v1/users/callbacks/647ca0baa32e8316d8255ab1/20000?qpay_payment_id=504459327490768 HTTP/1.0" 200 232 "-" "node-fetch/1.0 (+https://github.com/bitinn/node-fetch)"
::1 - - [04/Jun/2023:14:34:58 +0000] "GET /api/v1/users/me? HTTP/1.0" 200 232 "-" "Sedu/1 CFNetwork/1408.0.4 Darwin/22.5.0"
::ffff:127.0.0.1 - - [04/Jun/2023:14:34:58 +0000] "GET /api/v1/wallets/647ca0cba32e8316d8255ab6? HTTP/1.0" 304 - "-" "Sedu/1 CFNetwork/1408.0.4 Darwin/22.5.0"
::ffff:127.0.0.1 - - [04/Jun/2023:14:35:02 +0000] "POST /api/v1/users/invoice/647ca0baa32e8316d8255ab1 HTTP/1.0" 200 50 "-" "Sedu/1 CFNetwork/1408.0.4 Darwin/22.5.0"
::1 - - [04/Jun/2023:14:35:02 +0000] "GET /api/v1/wallets/647ca116a32e8316d8255acc? HTTP/1.0" 200 16150 "-" "Sedu/1 CFNetwork/1408.0.4 Darwin/22.5.0"
::ffff:127.0.0.1 - - [04/Jun/2023:14:35:08 +0000] "GET /api/v1/users/logout? HTTP/1.0" 200 39 "-" "Sedu/1 CFNetwork/1408.0.4 Darwin/22.5.0"
::1 - - [04/Jun/2023:14:35:08 +0000] "GET /api/v1/users/me? HTTP/1.0" 401 283 "-" "Sedu/1 CFNetwork/1408.0.4 Darwin/22.5.0"
