::ffff:127.0.0.1 - - [14/May/2023:15:10:02 +0000] "GET /api/v1/users/me? HTTP/1.0" 401 283 "-" "Sedu/1 CFNetwork/1406.0.4 Darwin/22.4.0"
::1 - - [14/May/2023:15:10:20 +0000] "POST /api/v1/users/register HTTP/1.0" 500 248 "-" "Sedu/1 CFNetwork/1406.0.4 Darwin/22.4.0"
::ffff:127.0.0.1 - - [14/May/2023:15:10:30 +0000] "GET /api/v1/users/me? HTTP/1.0" 401 283 "-" "Sedu/1 CFNetwork/1406.0.4 Darwin/22.4.0"
::1 - - [14/May/2023:15:10:32 +0000] "POST /api/v1/users/register HTTP/1.0" 500 250 "-" "Sedu/1 CFNetwork/1406.0.4 Darwin/22.4.0"
::ffff:127.0.0.1 - - [14/May/2023:15:10:33 +0000] "POST /api/v1/users/register HTTP/1.0" 500 250 "-" "Sedu/1 CFNetwork/1406.0.4 Darwin/22.4.0"
::1 - - [14/May/2023:15:10:39 +0000] "GET /api/v1/users/me? HTTP/1.0" 304 - "-" "Sedu/1 CFNetwork/1406.0.4 Darwin/22.4.0"
::1 - - [14/May/2023:15:10:40 +0000] "GET /api/v1/ads? HTTP/1.0" 304 - "-" "Sedu/1 CFNetwork/1406.0.4 Darwin/22.4.0"
::ffff:127.0.0.1 - - [14/May/2023:15:10:40 +0000] "GET /api/v1/articles? HTTP/1.0" 200 387033 "-" "Sedu/1 CFNetwork/1406.0.4 Darwin/22.4.0"
::1 - - [14/May/2023:15:10:42 +0000] "POST /api/v1/users/register HTTP/1.0" 200 467 "-" "Sedu/1 CFNetwork/1406.0.4 Darwin/22.4.0"
::ffff:127.0.0.1 - - [14/May/2023:15:10:43 +0000] "GET /api/v1/users/me? HTTP/1.0" 200 193 "-" "Sedu/1 CFNetwork/1406.0.4 Darwin/22.4.0"
::1 - - [14/May/2023:15:10:47 +0000] "POST /api/v1/users/register HTTP/1.0" 500 253 "-" "Sedu/1 CFNetwork/1406.0.4 Darwin/22.4.0"
::ffff:127.0.0.1 - - [14/May/2023:15:10:47 +0000] "GET /api/v1/users/me? HTTP/1.0" 304 - "-" "Sedu/1 CFNetwork/1406.0.4 Darwin/22.4.0"
::1 - - [14/May/2023:15:10:48 +0000] "POST /api/v1/users/register HTTP/1.0" 500 253 "-" "Sedu/1 CFNetwork/1406.0.4 Darwin/22.4.0"
::ffff:127.0.0.1 - - [14/May/2023:15:10:51 +0000] "GET /api/v1/users/me? HTTP/1.0" 304 - "-" "Sedu/1 CFNetwork/1406.0.4 Darwin/22.4.0"
::1 - - [14/May/2023:15:10:55 +0000] "POST /api/v1/users/invoice/6460f9f2a32e8316d822f3e3 HTTP/1.0" 200 50 "-" "Sedu/1 CFNetwork/1406.0.4 Darwin/22.4.0"
::ffff:127.0.0.1 - - [14/May/2023:15:10:55 +0000] "GET /api/v1/wallets/6460f9ffa32e8316d822f3ed? HTTP/1.0" 200 16147 "-" "Sedu/1 CFNetwork/1406.0.4 Darwin/22.4.0"
::1 - - [14/May/2023:15:11:12 +0000] "POST /api/v1/users/register HTTP/1.0" 200 467 "-" "Sedu/1 CFNetwork/1406.0.4 Darwin/22.4.0"
::ffff:127.0.0.1 - - [14/May/2023:15:11:12 +0000] "GET /api/v1/users/me? HTTP/1.0" 200 193 "-" "Sedu/1 CFNetwork/1406.0.4 Darwin/22.4.0"
::1 - - [14/May/2023:15:11:25 +0000] "GET /api/v1/users/callbacks/6460f9f2a32e8316d822f3e3/20000?qpay_payment_id=180424699956668 HTTP/1.0" 200 232 "-" "node-fetch/1.0 (+https://github.com/bitinn/node-fetch)"
::ffff:127.0.0.1 - - [14/May/2023:15:11:26 +0000] "GET /api/v1/users/me? HTTP/1.0" 304 - "-" "Sedu/1 CFNetwork/1406.0.4 Darwin/22.4.0"
::1 - - [14/May/2023:15:11:30 +0000] "GET /api/v1/users/me? HTTP/1.0" 200 232 "-" "Sedu/1 CFNetwork/1406.0.4 Darwin/22.4.0"
::ffff:127.0.0.1 - - [14/May/2023:15:11:30 +0000] "GET /api/v1/wallets/6460f9ffa32e8316d822f3ed? HTTP/1.0" 304 - "-" "Sedu/1 CFNetwork/1406.0.4 Darwin/22.4.0"
::1 - - [14/May/2023:15:11:31 +0000] "POST /api/v1/users/invoice/6460fa10a32e8316d822f3fe HTTP/1.0" 200 50 "-" "Sedu/1 CFNetwork/1406.0.4 Darwin/22.4.0"
::ffff:127.0.0.1 - - [14/May/2023:15:11:31 +0000] "GET /api/v1/wallets/6460fa22a32e8316d822f407? HTTP/1.0" 200 16027 "-" "Sedu/1 CFNetwork/1406.0.4 Darwin/22.4.0"
::1 - - [14/May/2023:15:11:34 +0000] "POST /api/v1/users/invoice/6460f9f2a32e8316d822f3e3 HTTP/1.0" 200 50 "-" "Sedu/1 CFNetwork/1406.0.4 Darwin/22.4.0"
::ffff:127.0.0.1 - - [14/May/2023:15:11:35 +0000] "GET /api/v1/wallets/6460fa26a32e8316d822f419? HTTP/1.0" 200 16347 "-" "Sedu/1 CFNetwork/1406.0.4 Darwin/22.4.0"
::1 - - [14/May/2023:15:11:36 +0000] "GET /api/v1/users/logout? HTTP/1.0" 200 39 "-" "Sedu/1 CFNetwork/1406.0.4 Darwin/22.4.0"
::ffff:127.0.0.1 - - [14/May/2023:15:11:36 +0000] "GET /api/v1/users/me? HTTP/1.0" 401 283 "-" "Sedu/1 CFNetwork/1406.0.4 Darwin/22.4.0"
::1 - - [14/May/2023:15:11:47 +0000] "POST /api/v1/users/login HTTP/1.0" 200 506 "-" "Sedu/1 CFNetwork/1406.0.4 Darwin/22.4.0"
::ffff:127.0.0.1 - - [14/May/2023:15:11:47 +0000] "GET /api/v1/users/me? HTTP/1.0" 200 232 "-" "Sedu/1 CFNetwork/1406.0.4 Darwin/22.4.0"
::1 - - [14/May/2023:15:11:48 +0000] "GET /api/v1/users/me? HTTP/1.0" 200 232 "-" "Sedu/1 CFNetwork/1406.0.4 Darwin/22.4.0"
::ffff:127.0.0.1 - - [14/May/2023:15:11:48 +0000] "GET /api/v1/articles? HTTP/1.0" 200 387033 "-" "Sedu/1 CFNetwork/1406.0.4 Darwin/22.4.0"
::1 - - [14/May/2023:15:11:48 +0000] "GET /api/v1/ads? HTTP/1.0" 200 633 "-" "Sedu/1 CFNetwork/1406.0.4 Darwin/22.4.0"
::1 - - [14/May/2023:15:11:49 +0000] "GET /api/v1/users/me? HTTP/1.0" 304 - "-" "Sedu/1 CFNetwork/1406.0.4 Darwin/22.4.0"
::ffff:127.0.0.1 - - [14/May/2023:15:11:52 +0000] "POST /api/v1/users/invoice/6460fa10a32e8316d822f3fe HTTP/1.0" 200 50 "-" "Sedu/1 CFNetwork/1406.0.4 Darwin/22.4.0"
::ffff:127.0.0.1 - - [14/May/2023:15:11:52 +0000] "GET /api/v1/wallets/6460fa38a32e8316d822f433? HTTP/1.0" 200 16103 "-" "Sedu/1 CFNetwork/1406.0.4 Darwin/22.4.0"
::ffff:127.0.0.1 - - [14/May/2023:15:12:16 +0000] "GET /api/v1/users/callbacks/6460fa10a32e8316d822f3fe/20000?qpay_payment_id=777679991197008 HTTP/1.0" 200 232 "-" "node-fetch/1.0 (+https://github.com/bitinn/node-fetch)"
::1 - - [14/May/2023:15:12:17 +0000] "GET /api/v1/articles/642d581c7c1330814fb76387? HTTP/1.0" 200 7596 "-" "Sedu/1 CFNetwork/1406.0.4 Darwin/22.4.0"
::1 - - [14/May/2023:15:12:31 +0000] "GET /api/v1/users/me? HTTP/1.0" 200 232 "-" "Sedu/1 CFNetwork/1406.0.4 Darwin/22.4.0"
::ffff:127.0.0.1 - - [14/May/2023:15:12:31 +0000] "GET /api/v1/wallets/6460fa38a32e8316d822f433? HTTP/1.0" 304 - "-" "Sedu/1 CFNetwork/1406.0.4 Darwin/22.4.0"
::ffff:127.0.0.1 - - [14/May/2023:15:12:34 +0000] "POST /api/v1/users/invoice/6460fa10a32e8316d822f3fe HTTP/1.0" 200 50 "-" "Sedu/1 CFNetwork/1406.0.4 Darwin/22.4.0"
::1 - - [14/May/2023:15:12:35 +0000] "GET /api/v1/wallets/6460fa62a32e8316d822f44a? HTTP/1.0" 200 16295 "-" "Sedu/1 CFNetwork/1406.0.4 Darwin/22.4.0"
::1 - - [14/May/2023:15:12:39 +0000] "POST /api/v1/users/invoice/6460fa10a32e8316d822f3fe HTTP/1.0" 200 50 "-" "Sedu/1 CFNetwork/1406.0.4 Darwin/22.4.0"
::ffff:127.0.0.1 - - [14/May/2023:15:12:39 +0000] "GET /api/v1/wallets/6460fa67a32e8316d822f45c? HTTP/1.0" 200 16095 "-" "Sedu/1 CFNetwork/1406.0.4 Darwin/22.4.0"
::1 - - [14/May/2023:15:12:45 +0000] "GET /api/v1/users/logout? HTTP/1.0" 304 - "-" "Sedu/1 CFNetwork/1406.0.4 Darwin/22.4.0"
::ffff:127.0.0.1 - - [14/May/2023:15:12:45 +0000] "GET /api/v1/users/me? HTTP/1.0" 401 283 "-" "Sedu/1 CFNetwork/1406.0.4 Darwin/22.4.0"
::1 - - [14/May/2023:15:12:54 +0000] "POST /api/v1/users/login HTTP/1.0" 200 506 "-" "Sedu/1 CFNetwork/1406.0.4 Darwin/22.4.0"
::ffff:127.0.0.1 - - [14/May/2023:15:12:54 +0000] "GET /api/v1/users/me? HTTP/1.0" 200 232 "-" "Sedu/1 CFNetwork/1406.0.4 Darwin/22.4.0"
::ffff:127.0.0.1 - - [14/May/2023:15:12:55 +0000] "GET /api/v1/ads? HTTP/1.0" 200 633 "-" "Sedu/1 CFNetwork/1406.0.4 Darwin/22.4.0"
::1 - - [14/May/2023:15:12:55 +0000] "GET /api/v1/articles? HTTP/1.0" 200 387033 "-" "Sedu/1 CFNetwork/1406.0.4 Darwin/22.4.0"
::ffff:127.0.0.1 - - [14/May/2023:15:13:16 +0000] "GET /api/v1/articles/64608634a32e8316d822e5bd? HTTP/1.0" 200 3708 "-" "Sedu/1 CFNetwork/1406.0.4 Darwin/22.4.0"
::1 - - [14/May/2023:15:13:21 +0000] "GET /api/v1/users/me? HTTP/1.0" 304 - "-" "Sedu/1 CFNetwork/1406.0.4 Darwin/22.4.0"
::ffff:127.0.0.1 - - [14/May/2023:15:13:42 +0000] "GET /api/v1/articles/642d4c587c1330814fb76297? HTTP/1.0" 200 22242 "-" "Sedu/1 CFNetwork/1406.0.4 Darwin/22.4.0"
::1 - - [14/May/2023:15:13:47 +0000] "GET /api/v1/users/me? HTTP/1.0" 304 - "-" "Sedu/1 CFNetwork/1406.0.4 Darwin/22.4.0"
::ffff:127.0.0.1 - - [14/May/2023:15:13:47 +0000] "GET /api/v1/articles? HTTP/1.0" 200 387033 "-" "Sedu/1 CFNetwork/1406.0.4 Darwin/22.4.0"
::1 - - [14/May/2023:15:13:48 +0000] "GET /api/v1/ads? HTTP/1.0" 304 - "-" "Sedu/1 CFNetwork/1406.0.4 Darwin/22.4.0"
::1 - - [14/May/2023:15:13:54 +0000] "GET /api/v1/users/me? HTTP/1.0" 304 - "-" "okhttp/4.9.2"
::1 - - [14/May/2023:15:13:55 +0000] "GET /api/v1/ads? HTTP/1.0" 304 - "-" "okhttp/4.9.2"
::ffff:127.0.0.1 - - [14/May/2023:15:13:55 +0000] "GET /api/v1/articles? HTTP/1.0" 304 - "-" "okhttp/4.9.2"
::ffff:127.0.0.1 - - [14/May/2023:15:14:14 +0000] "GET /api/v1/articles/64608634a32e8316d822e5bd? HTTP/1.0" 200 3708 "-" "Sedu/1 CFNetwork/1406.0.4 Darwin/22.4.0"
::1 - - [14/May/2023:15:14:57 +0000] "GET /api/v1/articles/642d4ce07c1330814fb762a6? HTTP/1.0" 200 10683 "-" "Sedu/1 CFNetwork/1406.0.4 Darwin/22.4.0"
::ffff:127.0.0.1 - - [14/May/2023:15:15:16 +0000] "GET /api/v1/articles/642d4ce07c1330814fb762a6? HTTP/1.0" 304 - "-" "Sedu/1 CFNetwork/1406.0.4 Darwin/22.4.0"
::1 - - [14/May/2023:15:15:21 +0000] "GET /api/v1/articles/642d55507c1330814fb76325? HTTP/1.0" 200 3410 "-" "Sedu/1 CFNetwork/1406.0.4 Darwin/22.4.0"
::ffff:127.0.0.1 - - [14/May/2023:15:15:29 +0000] "GET /api/v1/users/me? HTTP/1.0" 401 283 "-" "okhttp/4.9.2"
::1 - - [14/May/2023:15:15:30 +0000] "GET /api/v1/articles/642d55f77c1330814fb7634f? HTTP/1.0" 200 7023 "-" "Sedu/1 CFNetwork/1406.0.4 Darwin/22.4.0"
::ffff:127.0.0.1 - - [14/May/2023:15:15:59 +0000] "POST /api/v1/users/register HTTP/1.0" 500 250 "-" "okhttp/4.9.2"
::1 - - [14/May/2023:15:16:12 +0000] "POST /api/v1/users/register HTTP/1.0" 200 465 "-" "okhttp/4.9.2"
::ffff:127.0.0.1 - - [14/May/2023:15:16:13 +0000] "GET /api/v1/users/me? HTTP/1.0" 200 191 "-" "okhttp/4.9.2"
::1 - - [14/May/2023:15:16:28 +0000] "GET /api/v1/articles/64608634a32e8316d822e5bd? HTTP/1.0" 304 - "-" "Sedu/1 CFNetwork/1406.0.4 Darwin/22.4.0"
::ffff:127.0.0.1 - - [14/May/2023:15:16:28 +0000] "GET /api/v1/users/me? HTTP/1.0" 304 - "-" "Sedu/1 CFNetwork/1406.0.4 Darwin/22.4.0"
::1 - - [14/May/2023:15:16:28 +0000] "GET /api/v1/ads? HTTP/1.0" 304 - "-" "Sedu/1 CFNetwork/1406.0.4 Darwin/22.4.0"
::ffff:127.0.0.1 - - [14/May/2023:15:16:28 +0000] "GET /api/v1/articles? HTTP/1.0" 304 - "-" "Sedu/1 CFNetwork/1406.0.4 Darwin/22.4.0"
::1 - - [14/May/2023:15:16:31 +0000] "GET /api/v1/users/logout? HTTP/1.0" 200 39 "-" "okhttp/4.9.2"
::ffff:127.0.0.1 - - [14/May/2023:15:16:31 +0000] "GET /api/v1/users/me? HTTP/1.0" 401 283 "-" "okhttp/4.9.2"
::1 - - [14/May/2023:15:16:56 +0000] "GET /api/v1/articles/64607e9ca32e8316d822e549? HTTP/1.0" 200 5721 "-" "Sedu/1 CFNetwork/1406.0.4 Darwin/22.4.0"
::ffff:127.0.0.1 - - [14/May/2023:15:16:59 +0000] "GET /api/v1/users/me? HTTP/1.0" 401 283 "-" "Sedu/1 CFNetwork/1408.0.4 Darwin/22.5.0"
::1 - - [14/May/2023:15:17:08 +0000] "GET /api/v1/users/me? HTTP/1.0" 401 283 "-" "Sedu/1 CFNetwork/1408.0.4 Darwin/22.5.0"
::ffff:127.0.0.1 - - [14/May/2023:15:17:27 +0000] "POST /api/v1/users/register HTTP/1.0" 200 459 "-" "Sedu/1 CFNetwork/1408.0.4 Darwin/22.5.0"
::1 - - [14/May/2023:15:17:27 +0000] "GET /api/v1/users/me? HTTP/1.0" 200 185 "-" "Sedu/1 CFNetwork/1408.0.4 Darwin/22.5.0"
::ffff:127.0.0.1 - - [14/May/2023:15:17:32 +0000] "GET /api/v1/users/me? HTTP/1.0" 304 - "-" "Sedu/1 CFNetwork/1408.0.4 Darwin/22.5.0"
::1 - - [14/May/2023:15:17:35 +0000] "GET /api/v1/users/logout? HTTP/1.0" 200 39 "-" "Sedu/1 CFNetwork/1408.0.4 Darwin/22.5.0"
::ffff:127.0.0.1 - - [14/May/2023:15:17:35 +0000] "GET /api/v1/users/me? HTTP/1.0" 401 283 "-" "Sedu/1 CFNetwork/1408.0.4 Darwin/22.5.0"
::1 - - [14/May/2023:15:19:04 +0000] "GET /api/v1/users/me? HTTP/1.0" 401 283 "-" "Sedu/1 CFNetwork/1406.0.4 Darwin/22.4.0"
::ffff:127.0.0.1 - - [14/May/2023:15:19:19 +0000] "POST /api/v1/users/register HTTP/1.0" 200 461 "-" "Sedu/1 CFNetwork/1406.0.4 Darwin/22.4.0"
::1 - - [14/May/2023:15:19:19 +0000] "GET /api/v1/users/me? HTTP/1.0" 200 187 "-" "Sedu/1 CFNetwork/1406.0.4 Darwin/22.4.0"
::ffff:127.0.0.1 - - [14/May/2023:15:19:28 +0000] "GET /api/v1/users/logout? HTTP/1.0" 200 39 "-" "Sedu/1 CFNetwork/1406.0.4 Darwin/22.4.0"
::1 - - [14/May/2023:15:19:29 +0000] "GET /api/v1/users/me? HTTP/1.0" 401 283 "-" "Sedu/1 CFNetwork/1406.0.4 Darwin/22.4.0"
::ffff:127.0.0.1 - - [14/May/2023:15:19:37 +0000] "GET /api/v1/users/me? HTTP/1.0" 304 - "-" "Sedu/1 CFNetwork/1402.0.8 Darwin/22.2.0"
::ffff:127.0.0.1 - - [14/May/2023:15:19:37 +0000] "GET /api/v1/ads? HTTP/1.0" 304 - "-" "Sedu/1 CFNetwork/1402.0.8 Darwin/22.2.0"
::1 - - [14/May/2023:15:19:37 +0000] "GET /api/v1/articles? HTTP/1.0" 200 387033 "-" "Sedu/1 CFNetwork/1402.0.8 Darwin/22.2.0"
::ffff:127.0.0.1 - - [14/May/2023:15:19:38 +0000] "GET /api/v1/users/me? HTTP/1.0" 304 - "-" "Sedu/1 CFNetwork/1402.0.8 Darwin/22.2.0"
::1 - - [14/May/2023:15:19:43 +0000] "POST /api/v1/users/register HTTP/1.0" 500 247 "-" "Sedu/1 CFNetwork/1406.0.4 Darwin/22.4.0"
::ffff:127.0.0.1 - - [14/May/2023:15:20:04 +0000] "POST /api/v1/users/login HTTP/1.0" 200 461 "-" "Sedu/1 CFNetwork/1406.0.4 Darwin/22.4.0"
::1 - - [14/May/2023:15:20:04 +0000] "GET /api/v1/users/me? HTTP/1.0" 304 - "-" "Sedu/1 CFNetwork/1406.0.4 Darwin/22.4.0"
::ffff:127.0.0.1 - - [14/May/2023:15:20:06 +0000] "GET /api/v1/users/me? HTTP/1.0" 401 283 "-" "Sedu/1 CFNetwork/1404.0.5 Darwin/22.3.0"
::1 - - [14/May/2023:15:20:15 +0000] "POST /api/v1/users/invoice/6460fbf7a32e8316d822f495 HTTP/1.0" 200 50 "-" "Sedu/1 CFNetwork/1406.0.4 Darwin/22.4.0"
::ffff:127.0.0.1 - - [14/May/2023:15:20:15 +0000] "GET /api/v1/wallets/6460fc2fa32e8316d822f4a3? HTTP/1.0" 200 16237 "-" "Sedu/1 CFNetwork/1406.0.4 Darwin/22.4.0"
::ffff:127.0.0.1 - - [14/May/2023:15:20:29 +0000] "POST /api/v1/users/login HTTP/1.0" 401 123 "-" "Sedu/1 CFNetwork/1404.0.5 Darwin/22.3.0"
::1 - - [14/May/2023:15:20:30 +0000] "POST /api/v1/users/login HTTP/1.0" 401 123 "-" "Sedu/1 CFNetwork/1404.0.5 Darwin/22.3.0"
::ffff:127.0.0.1 - - [14/May/2023:15:20:44 +0000] "GET /api/v1/articles/64607e9ca32e8316d822e549? HTTP/1.0" 304 - "-" "Sedu/1 CFNetwork/1406.0.4 Darwin/22.4.0"
::1 - - [14/May/2023:15:20:44 +0000] "GET /api/v1/users/me? HTTP/1.0" 304 - "-" "Sedu/1 CFNetwork/1406.0.4 Darwin/22.4.0"
::1 - - [14/May/2023:15:20:44 +0000] "GET /api/v1/ads? HTTP/1.0" 304 - "-" "Sedu/1 CFNetwork/1406.0.4 Darwin/22.4.0"
::ffff:127.0.0.1 - - [14/May/2023:15:20:44 +0000] "GET /api/v1/articles? HTTP/1.0" 304 - "-" "Sedu/1 CFNetwork/1406.0.4 Darwin/22.4.0"
::1 - - [14/May/2023:15:20:55 +0000] "GET /api/v1/users/callbacks/6460fbf7a32e8316d822f495/20000?qpay_payment_id=998687599764916 HTTP/1.0" 200 226 "-" "node-fetch/1.0 (+https://github.com/bitinn/node-fetch)"
::1 - - [14/May/2023:15:21:06 +0000] "GET /api/v1/users/me? HTTP/1.0" 200 226 "-" "Sedu/1 CFNetwork/1406.0.4 Darwin/22.4.0"
::ffff:127.0.0.1 - - [14/May/2023:15:21:06 +0000] "GET /api/v1/wallets/6460fc2fa32e8316d822f4a3? HTTP/1.0" 304 - "-" "Sedu/1 CFNetwork/1406.0.4 Darwin/22.4.0"
::ffff:127.0.0.1 - - [14/May/2023:15:21:10 +0000] "POST /api/v1/users/invoice/6460fbf7a32e8316d822f495 HTTP/1.0" 200 50 "-" "Sedu/1 CFNetwork/1406.0.4 Darwin/22.4.0"
::1 - - [14/May/2023:15:21:15 +0000] "GET /api/v1/wallets/6460fc66a32e8316d822f4c1? HTTP/1.0" 200 16313 "-" "Sedu/1 CFNetwork/1406.0.4 Darwin/22.4.0"
::ffff:127.0.0.1 - - [14/May/2023:15:21:20 +0000] "GET /api/v1/users/logout? HTTP/1.0" 304 - "-" "Sedu/1 CFNetwork/1406.0.4 Darwin/22.4.0"
::1 - - [14/May/2023:15:21:20 +0000] "GET /api/v1/users/me? HTTP/1.0" 401 283 "-" "Sedu/1 CFNetwork/1406.0.4 Darwin/22.4.0"
::ffff:127.0.0.1 - - [14/May/2023:15:21:21 +0000] "GET /api/v1/users/me? HTTP/1.0" 304 - "-" "Sedu/1 CFNetwork/1406.0.4 Darwin/22.4.0"
::1 - - [14/May/2023:15:21:21 +0000] "GET /api/v1/articles/64607e9ca32e8316d822e549? HTTP/1.0" 304 - "-" "Sedu/1 CFNetwork/1406.0.4 Darwin/22.4.0"
::ffff:127.0.0.1 - - [14/May/2023:15:21:21 +0000] "GET /api/v1/ads? HTTP/1.0" 304 - "-" "Sedu/1 CFNetwork/1406.0.4 Darwin/22.4.0"
::1 - - [14/May/2023:15:21:21 +0000] "GET /api/v1/articles? HTTP/1.0" 304 - "-" "Sedu/1 CFNetwork/1406.0.4 Darwin/22.4.0"
::ffff:127.0.0.1 - - [14/May/2023:15:21:31 +0000] "POST /api/v1/users/login HTTP/1.0" 200 500 "-" "Sedu/1 CFNetwork/1406.0.4 Darwin/22.4.0"
::1 - - [14/May/2023:15:21:32 +0000] "GET /api/v1/users/me? HTTP/1.0" 200 226 "-" "Sedu/1 CFNetwork/1406.0.4 Darwin/22.4.0"
::1 - - [14/May/2023:15:21:32 +0000] "GET /api/v1/ads? HTTP/1.0" 200 633 "-" "Sedu/1 CFNetwork/1406.0.4 Darwin/22.4.0"
::ffff:127.0.0.1 - - [14/May/2023:15:21:32 +0000] "GET /api/v1/articles? HTTP/1.0" 200 387033 "-" "Sedu/1 CFNetwork/1406.0.4 Darwin/22.4.0"
::1 - - [14/May/2023:15:21:42 +0000] "GET /api/v1/users/me? HTTP/1.0" 304 - "-" "Sedu/1 CFNetwork/1406.0.4 Darwin/22.4.0"
::1 - - [14/May/2023:15:21:43 +0000] "GET /api/v1/ads? HTTP/1.0" 304 - "-" "Sedu/1 CFNetwork/1406.0.4 Darwin/22.4.0"
::ffff:127.0.0.1 - - [14/May/2023:15:21:43 +0000] "GET /api/v1/articles? HTTP/1.0" 200 387033 "-" "Sedu/1 CFNetwork/1406.0.4 Darwin/22.4.0"
::1 - - [14/May/2023:15:21:45 +0000] "GET /.env HTTP/1.0" 404 143 "-" "Mozilla/5.0 (Macintosh; Intel Mac OS X 10.15; rv:77.0) Gecko/20100101 Firefox/77.0"
::ffff:127.0.0.1 - - [14/May/2023:15:21:45 +0000] "GET /wp-content/ HTTP/1.0" 404 150 "-" "Mozilla/5.0 (Macintosh; Intel Mac OS X 10.15; rv:77.0) Gecko/20100101 Firefox/77.0"
::1 - - [14/May/2023:15:21:49 +0000] "GET /api/v1/articles/642d55f77c1330814fb7634f? HTTP/1.0" 200 7023 "-" "Sedu/1 CFNetwork/1406.0.4 Darwin/22.4.0"
::ffff:127.0.0.1 - - [14/May/2023:15:21:49 +0000] "GET /api/v1/users/me? HTTP/1.0" 304 - "-" "Sedu/1 CFNetwork/1406.0.4 Darwin/22.4.0"
::ffff:127.0.0.1 - - [14/May/2023:15:21:50 +0000] "GET /api/v1/ads? HTTP/1.0" 304 - "-" "Sedu/1 CFNetwork/1406.0.4 Darwin/22.4.0"
::1 - - [14/May/2023:15:21:50 +0000] "GET /api/v1/articles? HTTP/1.0" 200 387033 "-" "Sedu/1 CFNetwork/1406.0.4 Darwin/22.4.0"
::ffff:127.0.0.1 - - [14/May/2023:15:22:10 +0000] "GET /api/v1/articles/645fbd68a32e8316d822dd25? HTTP/1.0" 200 3940 "-" "Sedu/1 CFNetwork/1406.0.4 Darwin/22.4.0"
::1 - - [14/May/2023:15:22:50 +0000] "GET /api/v1/articles/6460657ba32e8316d822e39d? HTTP/1.0" 200 5291 "-" "Sedu/1 CFNetwork/1406.0.4 Darwin/22.4.0"
::1 - - [14/May/2023:15:23:38 +0000] "GET /api/v1/users/me? HTTP/1.0" 304 - "-" "okhttp/4.9.2"
::1 - - [14/May/2023:15:23:39 +0000] "GET /api/v1/ads? HTTP/1.0" 304 - "-" "okhttp/4.9.2"
::ffff:127.0.0.1 - - [14/May/2023:15:23:39 +0000] "GET /api/v1/articles? HTTP/1.0" 200 387033 "-" "okhttp/4.9.2"
::1 - - [14/May/2023:15:23:54 +0000] "GET /api/v1/articles/642d581c7c1330814fb76387? HTTP/1.0" 200 7596 "-" "Sedu/1 CFNetwork/1406.0.4 Darwin/22.4.0"
::1 - - [14/May/2023:15:24:11 +0000] "GET /api/v1/articles/645fcb61a32e8316d822ddc6? HTTP/1.0" 200 9167 "-" "Sedu/1 CFNetwork/1406.0.4 Darwin/22.4.0"
::ffff:127.0.0.1 - - [14/May/2023:15:24:34 +0000] "GET /api/v1/articles/64607e9ca32e8316d822e549? HTTP/1.0" 200 5721 "-" "Sedu/1 CFNetwork/1406.0.4 Darwin/22.4.0"
::1 - - [14/May/2023:15:24:42 +0000] "GET /api/v1/articles/645fcb61a32e8316d822ddc6? HTTP/1.0" 200 9167 "-" "Sedu/1 CFNetwork/1406.0.4 Darwin/22.4.0"
::ffff:127.0.0.1 - - [14/May/2023:15:24:42 +0000] "GET /api/v1/articles/646082bca32e8316d822e594? HTTP/1.0" 200 6579 "-" "Sedu/1 CFNetwork/1406.0.4 Darwin/22.4.0"
::1 - - [14/May/2023:15:25:09 +0000] "GET /api/v1/users/me? HTTP/1.0" 304 - "-" "Sedu/1 CFNetwork/1406.0.4 Darwin/22.4.0"
::ffff:127.0.0.1 - - [14/May/2023:15:25:13 +0000] "GET /api/v1/users/logout? HTTP/1.0" 304 - "-" "Sedu/1 CFNetwork/1406.0.4 Darwin/22.4.0"
::1 - - [14/May/2023:15:25:14 +0000] "GET /api/v1/articles? HTTP/1.0" 401 283 "-" "Sedu/1 CFNetwork/1406.0.4 Darwin/22.4.0"
::ffff:127.0.0.1 - - [14/May/2023:15:25:14 +0000] "GET /api/v1/users/me? HTTP/1.0" 401 283 "-" "Sedu/1 CFNetwork/1406.0.4 Darwin/22.4.0"
::ffff:127.0.0.1 - - [14/May/2023:15:25:14 +0000] "GET /api/v1/users/me? HTTP/1.0" 401 283 "-" "Sedu/1 CFNetwork/1406.0.4 Darwin/22.4.0"
::1 - - [14/May/2023:15:25:14 +0000] "GET /api/v1/ads? HTTP/1.0" 304 - "-" "Sedu/1 CFNetwork/1406.0.4 Darwin/22.4.0"
::ffff:127.0.0.1 - - [14/May/2023:15:25:37 +0000] "GET /api/v1/users/me? HTTP/1.0" 304 - "-" "Sedu/1 CFNetwork/1404.0.5 Darwin/22.3.0"
::1 - - [14/May/2023:15:26:19 +0000] "GET /api/v1/users/me? HTTP/1.0" 304 - "-" "Sedu/1 CFNetwork/1406.0.4 Darwin/22.4.0"
::ffff:127.0.0.1 - - [14/May/2023:15:26:19 +0000] "GET /api/v1/articles/645fcb61a32e8316d822ddc6? HTTP/1.0" 304 - "-" "Sedu/1 CFNetwork/1406.0.4 Darwin/22.4.0"
::ffff:127.0.0.1 - - [14/May/2023:15:26:20 +0000] "GET /api/v1/ads? HTTP/1.0" 304 - "-" "Sedu/1 CFNetwork/1406.0.4 Darwin/22.4.0"
::1 - - [14/May/2023:15:26:20 +0000] "GET /api/v1/articles? HTTP/1.0" 304 - "-" "Sedu/1 CFNetwork/1406.0.4 Darwin/22.4.0"
::1 - - [14/May/2023:15:26:48 +0000] "GET /api/v1/users/me? HTTP/1.0" 304 - "-" "Sedu/1 CFNetwork/1404.0.5 Darwin/22.3.0"
::ffff:127.0.0.1 - - [14/May/2023:15:26:59 +0000] "GET /api/v1/articles/64608634a32e8316d822e5bd? HTTP/1.0" 200 3708 "-" "Sedu/1 CFNetwork/1406.0.4 Darwin/22.4.0"
::1 - - [14/May/2023:15:27:30 +0000] "GET /api/v1/users/me? HTTP/1.0" 401 57 "-" "okhttp/4.9.2"
::ffff:127.0.0.1 - - [14/May/2023:15:27:30 +0000] "GET /api/v1/users/me? HTTP/1.0" 401 283 "-" "okhttp/4.9.2"
::ffff:127.0.0.1 - - [14/May/2023:15:27:34 +0000] "GET /api/v1/articles/645fcb61a32e8316d822ddc6? HTTP/1.0" 304 - "-" "Sedu/1 CFNetwork/1406.0.4 Darwin/22.4.0"
::1 - - [14/May/2023:15:27:34 +0000] "GET /api/v1/users/me? HTTP/1.0" 304 - "-" "Sedu/1 CFNetwork/1406.0.4 Darwin/22.4.0"
::1 - - [14/May/2023:15:27:34 +0000] "GET /api/v1/ads? HTTP/1.0" 304 - "-" "Sedu/1 CFNetwork/1406.0.4 Darwin/22.4.0"
::ffff:127.0.0.1 - - [14/May/2023:15:27:34 +0000] "GET /api/v1/articles? HTTP/1.0" 304 - "-" "Sedu/1 CFNetwork/1406.0.4 Darwin/22.4.0"
::1 - - [14/May/2023:15:28:25 +0000] "GET /api/v1/users/me? HTTP/1.0" 304 - "-" "Sedu/1 CFNetwork/1406.0.4 Darwin/22.4.0"
::ffff:127.0.0.1 - - [14/May/2023:15:28:53 +0000] "GET /api/v1/users/me? HTTP/1.0" 304 - "-" "Sedu/1 CFNetwork/1406.0.4 Darwin/22.4.0"
::1 - - [14/May/2023:15:28:56 +0000] "GET /api/v1/articles/645fbd68a32e8316d822dd25? HTTP/1.0" 200 3940 "-" "Sedu/1 CFNetwork/1406.0.4 Darwin/22.4.0"
::ffff:127.0.0.1 - - [14/May/2023:15:29:25 +0000] "GET /api/v1/users/me? HTTP/1.0" 304 - "-" "Sedu/1 CFNetwork/1406.0.4 Darwin/22.4.0"
::ffff:127.0.0.1 - - [14/May/2023:15:29:25 +0000] "GET /api/v1/ads? HTTP/1.0" 304 - "-" "Sedu/1 CFNetwork/1406.0.4 Darwin/22.4.0"
::1 - - [14/May/2023:15:29:25 +0000] "GET /api/v1/articles? HTTP/1.0" 200 387033 "-" "Sedu/1 CFNetwork/1406.0.4 Darwin/22.4.0"
::1 - - [14/May/2023:15:30:09 +0000] "GET /api/v1/articles/642d76ab7c1330814fb763c4? HTTP/1.0" 200 12395 "-" "Sedu/1 CFNetwork/1406.0.4 Darwin/22.4.0"
::ffff:127.0.0.1 - - [14/May/2023:15:30:41 +0000] "GET /api/v1/articles/6459d34ca32e8316d8228b17? HTTP/1.0" 200 9114 "-" "Sedu/1 CFNetwork/1406.0.4 Darwin/22.4.0"
::1 - - [14/May/2023:15:32:27 +0000] "GET /api/v1/users/me? HTTP/1.0" 401 283 "-" "Sedu/1 CFNetwork/1404.0.5 Darwin/22.3.0"
::ffff:127.0.0.1 - - [14/May/2023:15:32:42 +0000] "POST /api/v1/users/register HTTP/1.0" 200 468 "-" "Sedu/1 CFNetwork/1404.0.5 Darwin/22.3.0"
::1 - - [14/May/2023:15:32:42 +0000] "GET /api/v1/users/me? HTTP/1.0" 200 194 "-" "Sedu/1 CFNetwork/1404.0.5 Darwin/22.3.0"
::ffff:127.0.0.1 - - [14/May/2023:15:33:20 +0000] "GET /api/v1/articles/64532c84a4c26797f426b3e2? HTTP/1.0" 200 2825 "-" "Sedu/1 CFNetwork/1406.0.4 Darwin/22.4.0"
::1 - - [14/May/2023:15:33:46 +0000] "POST /api/v1/articles/ HTTP/1.0" 200 3817 "-" "PostmanRuntime/7.32.2"
::ffff:127.0.0.1 - - [14/May/2023:15:34:11 +0000] "GET /api/v1/users/me? HTTP/1.0" 304 - "-" "Sedu/1 CFNetwork/1402.0.8 Darwin/22.2.0"
::ffff:127.0.0.1 - - [14/May/2023:15:34:11 +0000] "GET /api/v1/ads? HTTP/1.0" 304 - "-" "Sedu/1 CFNetwork/1402.0.8 Darwin/22.2.0"
::1 - - [14/May/2023:15:34:11 +0000] "GET /api/v1/articles? HTTP/1.0" 200 390827 "-" "Sedu/1 CFNetwork/1402.0.8 Darwin/22.2.0"
::ffff:127.0.0.1 - - [14/May/2023:15:34:17 +0000] "GET /api/v1/articles/6460ff5aa32e8316d822f517? HTTP/1.0" 200 3817 "-" "Sedu/1 CFNetwork/1402.0.8 Darwin/22.2.0"
::1 - - [14/May/2023:15:34:23 +0000] "GET /api/v1/articles/64608634a32e8316d822e5bd? HTTP/1.0" 200 3708 "-" "Sedu/1 CFNetwork/1402.0.8 Darwin/22.2.0"
::ffff:127.0.0.1 - - [14/May/2023:15:34:27 +0000] "GET /api/v1/articles/6460ff5aa32e8316d822f517? HTTP/1.0" 304 - "-" "Sedu/1 CFNetwork/1402.0.8 Darwin/22.2.0"
::1 - - [14/May/2023:15:34:28 +0000] "GET /api/v1/articles/645328aba4c26797f426b363? HTTP/1.0" 200 5768 "-" "Sedu/1 CFNetwork/1406.0.4 Darwin/22.4.0"
::ffff:127.0.0.1 - - [14/May/2023:15:34:32 +0000] "GET /api/v1/articles/646082bca32e8316d822e594? HTTP/1.0" 200 6579 "-" "Sedu/1 CFNetwork/1402.0.8 Darwin/22.2.0"
::1 - - [14/May/2023:15:34:51 +0000] "GET /api/v1/users/me? HTTP/1.0" 401 283 "-" "Sedu/1 CFNetwork/1404.0.5 Darwin/22.3.0"
::1 - - [14/May/2023:15:34:52 +0000] "GET /api/v1/users/me? HTTP/1.0" 304 - "-" "Sedu/1 CFNetwork/1406.0.4 Darwin/22.4.0"
::ffff:127.0.0.1 - - [14/May/2023:15:34:52 +0000] "GET /api/v1/articles/642d76ab7c1330814fb763c4? HTTP/1.0" 304 - "-" "Sedu/1 CFNetwork/1406.0.4 Darwin/22.4.0"
::ffff:127.0.0.1 - - [14/May/2023:15:34:52 +0000] "GET /api/v1/ads? HTTP/1.0" 304 - "-" "Sedu/1 CFNetwork/1406.0.4 Darwin/22.4.0"
::1 - - [14/May/2023:15:34:52 +0000] "GET /api/v1/articles? HTTP/1.0" 200 390827 "-" "Sedu/1 CFNetwork/1406.0.4 Darwin/22.4.0"
::1 - - [14/May/2023:15:35:00 +0000] "DELETE /api/v1/articles/6460ff5aa32e8316d822f517 HTTP/1.0" 200 3838 "-" "PostmanRuntime/7.32.2"
::ffff:127.0.0.1 - - [14/May/2023:15:35:04 +0000] "POST /api/v1/users/register HTTP/1.0" 500 251 "-" "Sedu/1 CFNetwork/1404.0.5 Darwin/22.3.0"
::1 - - [14/May/2023:15:35:06 +0000] "POST /api/v1/users/register HTTP/1.0" 500 251 "-" "Sedu/1 CFNetwork/1404.0.5 Darwin/22.3.0"
::ffff:127.0.0.1 - - [14/May/2023:15:35:12 +0000] "POST /api/v1/users/register HTTP/1.0" 500 251 "-" "Sedu/1 CFNetwork/1404.0.5 Darwin/22.3.0"
::1 - - [14/May/2023:15:35:33 +0000] "GET /api/v1/users/me? HTTP/1.0" 304 - "-" "Sedu/1 CFNetwork/1335.0.3 Darwin/21.6.0"
::ffff:127.0.0.1 - - [14/May/2023:15:35:33 +0000] "GET /api/v1/articles? HTTP/1.0" 200 387033 "-" "Sedu/1 CFNetwork/1335.0.3 Darwin/21.6.0"
::ffff:127.0.0.1 - - [14/May/2023:15:35:33 +0000] "GET /api/v1/ads? HTTP/1.0" 304 - "-" "Sedu/1 CFNetwork/1335.0.3 Darwin/21.6.0"
::1 - - [14/May/2023:15:35:33 +0000] "GET /api/v1/articles/ HTTP/1.0" 200 387033 "-" "PostmanRuntime/7.32.2"
::ffff:127.0.0.1 - - [14/May/2023:15:35:45 +0000] "GET /api/v1/articles/642d55bf7c1330814fb76345? HTTP/1.0" 304 - "-" "Sedu/1 CFNetwork/1335.0.3 Darwin/21.6.0"
::1 - - [14/May/2023:15:35:48 +0000] "POST /api/v1/users/register HTTP/1.0" 200 473 "-" "Sedu/1 CFNetwork/1404.0.5 Darwin/22.3.0"
::ffff:127.0.0.1 - - [14/May/2023:15:35:48 +0000] "POST /api/v1/users/register HTTP/1.0" 500 259 "-" "Sedu/1 CFNetwork/1404.0.5 Darwin/22.3.0"
::ffff:127.0.0.1 - - [14/May/2023:15:35:48 +0000] "GET /api/v1/users/me? HTTP/1.0" 200 199 "-" "Sedu/1 CFNetwork/1404.0.5 Darwin/22.3.0"
::ffff:127.0.0.1 - - [14/May/2023:15:36:20 +0000] "GET /api/v1/users/me? HTTP/1.0" 401 283 "-" "Sedu/1 CFNetwork/1331.0.7 Darwin/21.4.0"
::1 - - [14/May/2023:15:36:38 +0000] "GET /api/v1/users/me? HTTP/1.0" 304 - "-" "Sedu/1 CFNetwork/1335.0.3 Darwin/21.6.0"
::1 - - [14/May/2023:15:36:38 +0000] "GET /api/v1/articles/642d55bf7c1330814fb76345? HTTP/1.0" 304 - "-" "Sedu/1 CFNetwork/1335.0.3 Darwin/21.6.0"
::ffff:127.0.0.1 - - [14/May/2023:15:36:38 +0000] "GET /api/v1/ads? HTTP/1.0" 304 - "-" "Sedu/1 CFNetwork/1335.0.3 Darwin/21.6.0"
::ffff:127.0.0.1 - - [14/May/2023:15:36:38 +0000] "GET /api/v1/articles? HTTP/1.0" 304 - "-" "Sedu/1 CFNetwork/1335.0.3 Darwin/21.6.0"
::1 - - [14/May/2023:15:37:02 +0000] "GET /api/v1/articles/642e58ad7c1330814fb76521? HTTP/1.0" 200 5224 "-" "Sedu/1 CFNetwork/1406.0.4 Darwin/22.4.0"
::ffff:127.0.0.1 - - [14/May/2023:15:37:10 +0000] "GET /api/v1/users/me? HTTP/1.0" 304 - "-" "Sedu/1 CFNetwork/1399 Darwin/22.1.0"
::ffff:127.0.0.1 - - [14/May/2023:15:37:10 +0000] "GET /api/v1/articles/642d4efb7c1330814fb762cf? HTTP/1.0" 304 - "-" "Sedu/1 CFNetwork/1399 Darwin/22.1.0"
::1 - - [14/May/2023:15:37:10 +0000] "GET /api/v1/users/me? HTTP/1.0" 304 - "-" "Sedu/1 CFNetwork/1399 Darwin/22.1.0"
::ffff:127.0.0.1 - - [14/May/2023:15:37:10 +0000] "GET /api/v1/ads? HTTP/1.0" 304 - "-" "Sedu/1 CFNetwork/1399 Darwin/22.1.0"
::1 - - [14/May/2023:15:37:11 +0000] "GET /api/v1/articles? HTTP/1.0" 304 - "-" "Sedu/1 CFNetwork/1399 Darwin/22.1.0"
::1 - - [14/May/2023:15:37:22 +0000] "GET /api/v1/users/me? HTTP/1.0" 304 - "-" "Sedu/1 CFNetwork/1335.0.3 Darwin/21.6.0"
::1 - - [14/May/2023:15:37:22 +0000] "GET /api/v1/ads? HTTP/1.0" 304 - "-" "Sedu/1 CFNetwork/1335.0.3 Darwin/21.6.0"
::ffff:127.0.0.1 - - [14/May/2023:15:37:22 +0000] "GET /api/v1/articles/642d55bf7c1330814fb76345? HTTP/1.0" 304 - "-" "Sedu/1 CFNetwork/1335.0.3 Darwin/21.6.0"
::ffff:127.0.0.1 - - [14/May/2023:15:37:22 +0000] "GET /api/v1/articles? HTTP/1.0" 304 - "-" "Sedu/1 CFNetwork/1335.0.3 Darwin/21.6.0"
::1 - - [14/May/2023:15:37:30 +0000] "PUT /api/v1/articles/64607e9ca32e8316d822e549 HTTP/1.0" 200 5765 "-" "PostmanRuntime/7.32.2"
::ffff:127.0.0.1 - - [14/May/2023:15:37:35 +0000] "GET /api/v1/users/me? HTTP/1.0" 304 - "-" "Sedu/1 CFNetwork/1402.0.8 Darwin/22.2.0"
::1 - - [14/May/2023:15:37:35 +0000] "GET /api/v1/articles/646082bca32e8316d822e594? HTTP/1.0" 304 - "-" "Sedu/1 CFNetwork/1402.0.8 Darwin/22.2.0"
::1 - - [14/May/2023:15:37:35 +0000] "GET /api/v1/ads? HTTP/1.0" 304 - "-" "Sedu/1 CFNetwork/1402.0.8 Darwin/22.2.0"
::ffff:127.0.0.1 - - [14/May/2023:15:37:35 +0000] "GET /api/v1/articles? HTTP/1.0" 200 387077 "-" "Sedu/1 CFNetwork/1402.0.8 Darwin/22.2.0"
::1 - - [14/May/2023:15:37:46 +0000] "GET /api/v1/articles/642e3f507c1330814fb764ef? HTTP/1.0" 200 1467 "-" "Sedu/1 CFNetwork/1406.0.4 Darwin/22.4.0"
::1 - - [14/May/2023:15:37:46 +0000] "GET /api/v1/users/me? HTTP/1.0" 304 - "-" "Sedu/1 CFNetwork/1402.0.8 Darwin/22.2.0"
::ffff:127.0.0.1 - - [14/May/2023:15:37:46 +0000] "GET /api/v1/ads? HTTP/1.0" 304 - "-" "Sedu/1 CFNetwork/1402.0.8 Darwin/22.2.0"
::1 - - [14/May/2023:15:37:46 +0000] "GET /api/v1/articles? HTTP/1.0" 304 - "-" "Sedu/1 CFNetwork/1402.0.8 Darwin/22.2.0"
::ffff:127.0.0.1 - - [14/May/2023:15:37:48 +0000] "GET /api/v1/users/me? HTTP/1.0" 304 - "-" "Sedu/1 CFNetwork/1404.0.5 Darwin/22.3.0"
::ffff:127.0.0.1 - - [14/May/2023:15:37:53 +0000] "POST /api/v1/users/invoice/64546f3fa4c26797f4271b16 HTTP/1.0" 200 50 "-" "Sedu/1 CFNetwork/1404.0.5 Darwin/22.3.0"
::ffff:127.0.0.1 - - [14/May/2023:15:37:54 +0000] "GET /api/v1/wallets/64610051a32e8316d822f563? HTTP/1.0" 200 16426 "-" "Sedu/1 CFNetwork/1404.0.5 Darwin/22.3.0"
::ffff:127.0.0.1 - - [14/May/2023:15:37:58 +0000] "GET /api/v1/users/me? HTTP/1.0" 200 231 "-" "Sedu/1 CFNetwork/1404.0.5 Darwin/22.3.0"
::1 - - [14/May/2023:15:37:58 +0000] "GET /api/v1/wallets/64610051a32e8316d822f563? HTTP/1.0" 304 - "-" "Sedu/1 CFNetwork/1404.0.5 Darwin/22.3.0"
::ffff:127.0.0.1 - - [14/May/2023:15:38:00 +0000] "GET /api/v1/articles/642d789c7c1330814fb763e7? HTTP/1.0" 304 - "-" "Sedu/1 CFNetwork/1406.0.4 Darwin/22.4.0"
::1 - - [14/May/2023:15:38:07 +0000] "PUT /api/v1/articles/64607e9ca32e8316d822e549 HTTP/1.0" 200 5797 "-" "PostmanRuntime/7.32.2"
::ffff:127.0.0.1 - - [14/May/2023:15:38:09 +0000] "GET /api/v1/users/me? HTTP/1.0" 304 - "-" "Sedu/1 CFNetwork/1402.0.8 Darwin/22.2.0"
::1 - - [14/May/2023:15:38:18 +0000] "GET /api/v1/articles/64607e9ca32e8316d822e549? HTTP/1.0" 200 5797 "-" "Sedu/1 CFNetwork/1402.0.8 Darwin/22.2.0"
::ffff:127.0.0.1 - - [14/May/2023:15:38:23 +0000] "GET /api/v1/users/callbacks/64546f3fa4c26797f4271b16/20000?qpay_payment_id=694515591103719 HTTP/1.0" 200 231 "-" "node-fetch/1.0 (+https://github.com/bitinn/node-fetch)"
::1 - - [14/May/2023:15:38:26 +0000] "GET /api/v1/articles/642e395e7c1330814fb764cf? HTTP/1.0" 200 3839 "-" "Sedu/1 CFNetwork/1406.0.4 Darwin/22.4.0"
::ffff:127.0.0.1 - - [14/May/2023:15:38:29 +0000] "PUT /api/v1/articles/64607e9ca32e8316d822e549 HTTP/1.0" 200 5797 "-" "PostmanRuntime/7.32.2"
::1 - - [14/May/2023:15:39:03 +0000] "GET /api/v1/users/me? HTTP/1.0" 401 283 "-" "Sedu/1 CFNetwork/1399 Darwin/22.1.0"
::ffff:127.0.0.1 - - [14/May/2023:15:39:05 +0000] "GET /api/v1/articles/642d56517c1330814fb7635e? HTTP/1.0" 200 16235 "-" "Sedu/1 CFNetwork/1399 Darwin/22.1.0"
::1 - - [14/May/2023:15:39:16 +0000] "GET /api/v1/users/me? HTTP/1.0" 401 283 "-" "Sedu/1 CFNetwork/1399 Darwin/22.1.0"
::ffff:127.0.0.1 - - [14/May/2023:15:39:22 +0000] "POST /api/v1/users/register HTTP/1.0" 500 250 "-" "Sedu/1 CFNetwork/1399 Darwin/22.1.0"
::1 - - [14/May/2023:15:39:23 +0000] "POST /api/v1/users/register HTTP/1.0" 500 250 "-" "Sedu/1 CFNetwork/1399 Darwin/22.1.0"
::ffff:127.0.0.1 - - [14/May/2023:15:39:35 +0000] "POST /api/v1/users/login HTTP/1.0" 200 464 "-" "Sedu/1 CFNetwork/1399 Darwin/22.1.0"
::ffff:127.0.0.1 - - [14/May/2023:15:39:36 +0000] "GET /api/v1/users/me? HTTP/1.0" 200 190 "-" "Sedu/1 CFNetwork/1399 Darwin/22.1.0"
::1 - - [14/May/2023:15:39:36 +0000] "POST /api/v1/users/login HTTP/1.0" 200 464 "-" "Sedu/1 CFNetwork/1399 Darwin/22.1.0"
::ffff:127.0.0.1 - - [14/May/2023:15:39:36 +0000] "GET /api/v1/users/me? HTTP/1.0" 304 - "-" "Sedu/1 CFNetwork/1399 Darwin/22.1.0"
::1 - - [14/May/2023:15:39:36 +0000] "POST /api/v1/users/login HTTP/1.0" 200 464 "-" "Sedu/1 CFNetwork/1399 Darwin/22.1.0"
::1 - - [14/May/2023:15:39:36 +0000] "POST /api/v1/users/login HTTP/1.0" 200 464 "-" "Sedu/1 CFNetwork/1399 Darwin/22.1.0"
::ffff:127.0.0.1 - - [14/May/2023:15:39:39 +0000] "GET /api/v1/articles/642e38d27c1330814fb764c0? HTTP/1.0" 200 2965 "-" "Sedu/1 CFNetwork/1406.0.4 Darwin/22.4.0"
::1 - - [14/May/2023:15:39:44 +0000] "GET /api/v1/users/me? HTTP/1.0" 304 - "-" "Sedu/1 CFNetwork/1399 Darwin/22.1.0"
::ffff:127.0.0.1 - - [14/May/2023:15:39:58 +0000] "POST /api/v1/users/invoice/644fd817a4c26797f4259942 HTTP/1.0" 200 50 "-" "Sedu/1 CFNetwork/1399 Darwin/22.1.0"
::1 - - [14/May/2023:15:39:59 +0000] "GET /api/v1/wallets/646100cea32e8316d822f58e? HTTP/1.0" 200 16240 "-" "Sedu/1 CFNetwork/1399 Darwin/22.1.0"
::ffff:127.0.0.1 - - [14/May/2023:15:40:02 +0000] "GET /api/v1/users/me? HTTP/1.0" 200 231 "-" "Sedu/1 CFNetwork/1404.0.5 Darwin/22.3.0"
::1 - - [14/May/2023:15:40:02 +0000] "GET /api/v1/wallets/64610051a32e8316d822f563? HTTP/1.0" 304 - "-" "Sedu/1 CFNetwork/1404.0.5 Darwin/22.3.0"
::ffff:127.0.0.1 - - [14/May/2023:15:40:11 +0000] "GET /api/v1/users/logout? HTTP/1.0" 304 - "-" "Sedu/1 CFNetwork/1404.0.5 Darwin/22.3.0"
::1 - - [14/May/2023:15:40:11 +0000] "GET /api/v1/users/me? HTTP/1.0" 401 283 "-" "Sedu/1 CFNetwork/1404.0.5 Darwin/22.3.0"
::ffff:127.0.0.1 - - [14/May/2023:15:40:20 +0000] "PUT /api/v1/articles/64607e9ca32e8316d822e549 HTTP/1.0" 200 5808 "-" "PostmanRuntime/7.32.2"
::1 - - [14/May/2023:15:40:29 +0000] "POST /api/v1/users/login HTTP/1.0" 401 123 "-" "Sedu/1 CFNetwork/1404.0.5 Darwin/22.3.0"
::ffff:127.0.0.1 - - [14/May/2023:15:40:31 +0000] "GET /api/v1/users/me? HTTP/1.0" 304 - "-" "Sedu/1 CFNetwork/1335.0.3 Darwin/21.6.0"
::ffff:127.0.0.1 - - [14/May/2023:15:40:31 +0000] "GET /api/v1/ads? HTTP/1.0" 304 - "-" "Sedu/1 CFNetwork/1335.0.3 Darwin/21.6.0"
::1 - - [14/May/2023:15:40:31 +0000] "GET /api/v1/articles/642d55bf7c1330814fb76345? HTTP/1.0" 304 - "-" "Sedu/1 CFNetwork/1335.0.3 Darwin/21.6.0"
::1 - - [14/May/2023:15:40:31 +0000] "GET /api/v1/articles? HTTP/1.0" 200 387120 "-" "Sedu/1 CFNetwork/1335.0.3 Darwin/21.6.0"
::ffff:127.0.0.1 - - [14/May/2023:15:40:31 +0000] "GET /api/v1/articles/64607e9ca32e8316d822e549? HTTP/1.0" 200 5808 "-" "Sedu/1 CFNetwork/1402.0.8 Darwin/22.2.0"
::1 - - [14/May/2023:15:40:44 +0000] "GET /api/v1/users/me? HTTP/1.0" 401 283 "-" "Sedu/1 CFNetwork/1404.0.5 Darwin/22.3.0"
::ffff:127.0.0.1 - - [14/May/2023:15:40:45 +0000] "GET /api/v1/articles/642e38807c1330814fb764b7? HTTP/1.0" 200 2547 "-" "Sedu/1 CFNetwork/1406.0.4 Darwin/22.4.0"
::1 - - [14/May/2023:15:40:49 +0000] "GET /api/v1/articles/64608634a32e8316d822e5bd? HTTP/1.0" 304 - "-" "Sedu/1 CFNetwork/1402.0.8 Darwin/22.2.0"
::ffff:127.0.0.1 - - [14/May/2023:15:41:07 +0000] "POST /api/v1/users/login HTTP/1.0" 200 505 "-" "Sedu/1 CFNetwork/1404.0.5 Darwin/22.3.0"
::1 - - [14/May/2023:15:41:07 +0000] "GET /api/v1/users/me? HTTP/1.0" 304 - "-" "Sedu/1 CFNetwork/1404.0.5 Darwin/22.3.0"
::ffff:127.0.0.1 - - [14/May/2023:15:41:07 +0000] "GET /api/v1/articles? HTTP/1.0" 200 387120 "-" "Sedu/1 CFNetwork/1404.0.5 Darwin/22.3.0"
::1 - - [14/May/2023:15:41:07 +0000] "GET /api/v1/ads? HTTP/1.0" 200 633 "-" "Sedu/1 CFNetwork/1404.0.5 Darwin/22.3.0"
::ffff:127.0.0.1 - - [14/May/2023:15:41:21 +0000] "GET /api/v1/articles/642d55507c1330814fb76325? HTTP/1.0" 200 3410 "-" "Sedu/1 CFNetwork/1404.0.5 Darwin/22.3.0"
::ffff:127.0.0.1 - - [14/May/2023:15:41:38 +0000] "GET /api/v1/articles/642e3f507c1330814fb764ef? HTTP/1.0" 200 1467 "-" "Sedu/1 CFNetwork/1404.0.5 Darwin/22.3.0"
::1 - - [14/May/2023:15:41:39 +0000] "POST / HTTP/1.0" 404 140 "-" "Mozilla/5.0 (X11; Linux x86_64) AppleWebKit/537.36 (KHTML, like Gecko) Chrome/81.0.4044.129 Safari/537.36"
::ffff:127.0.0.1 - - [14/May/2023:15:41:44 +0000] "GET /.env HTTP/1.0" 404 143 "-" "Mozilla/5.0 (X11; Linux x86_64) AppleWebKit/537.36 (KHTML, like Gecko) Chrome/81.0.4044.129 Safari/537.36"
::1 - - [14/May/2023:15:41:52 +0000] "GET /api/v1/users/me? HTTP/1.0" 304 - "-" "Sedu/1 CFNetwork/1404.0.5 Darwin/22.3.0"
::ffff:127.0.0.1 - - [14/May/2023:15:41:55 +0000] "GET /api/v1/articles/642e38197c1330814fb764af? HTTP/1.0" 200 5954 "-" "Sedu/1 CFNetwork/1406.0.4 Darwin/22.4.0"
::1 - - [14/May/2023:15:42:11 +0000] "GET /api/v1/users/me? HTTP/1.0" 401 283 "-" "Sedu/1 CFNetwork/1406.0.4 Darwin/22.4.0"
::ffff:127.0.0.1 - - [14/May/2023:15:42:27 +0000] "GET /api/v1/articles/64608634a32e8316d822e5bd? HTTP/1.0" 200 3708 "-" "Sedu/1 CFNetwork/1404.0.5 Darwin/22.3.0"
::1 - - [14/May/2023:15:42:38 +0000] "POST /api/v1/users/register HTTP/1.0" 500 249 "-" "Sedu/1 CFNetwork/1406.0.4 Darwin/22.4.0"
::ffff:127.0.0.1 - - [14/May/2023:15:42:52 +0000] "POST /api/v1/users/register HTTP/1.0" 500 249 "-" "Sedu/1 CFNetwork/1406.0.4 Darwin/22.4.0"
::1 - - [14/May/2023:15:42:59 +0000] "POST /api/v1/users/register HTTP/1.0" 200 468 "-" "Sedu/1 CFNetwork/1406.0.4 Darwin/22.4.0"
::ffff:127.0.0.1 - - [14/May/2023:15:43:00 +0000] "GET /api/v1/users/me? HTTP/1.0" 200 194 "-" "Sedu/1 CFNetwork/1406.0.4 Darwin/22.4.0"
::1 - - [14/May/2023:15:43:08 +0000] "GET /api/v1/users/me? HTTP/1.0" 304 - "-" "Sedu/1 CFNetwork/1406.0.4 Darwin/22.4.0"
::1 - - [14/May/2023:15:43:15 +0000] "GET /api/v1/users/me? HTTP/1.0" 304 - "-" "Sedu/1 CFNetwork/1399 Darwin/22.1.0"
::ffff:127.0.0.1 - - [14/May/2023:15:43:15 +0000] "GET /api/v1/users/me? HTTP/1.0" 304 - "-" "Sedu/1 CFNetwork/1399 Darwin/22.1.0"
::1 - - [14/May/2023:15:43:15 +0000] "GET /api/v1/articles/642d56517c1330814fb7635e? HTTP/1.0" 304 - "-" "Sedu/1 CFNetwork/1399 Darwin/22.1.0"
::ffff:127.0.0.1 - - [14/May/2023:15:43:15 +0000] "GET /api/v1/ads? HTTP/1.0" 304 - "-" "Sedu/1 CFNetwork/1399 Darwin/22.1.0"
::1 - - [14/May/2023:15:43:15 +0000] "GET /api/v1/articles? HTTP/1.0" 200 387120 "-" "Sedu/1 CFNetwork/1399 Darwin/22.1.0"
::ffff:127.0.0.1 - - [14/May/2023:15:43:18 +0000] "GET /api/v1/users/me? HTTP/1.0" 304 - "-" "Sedu/1 CFNetwork/1406.0.4 Darwin/22.4.0"
::1 - - [14/May/2023:15:43:21 +0000] "POST /api/v1/users/invoice/64610183a32e8316d822f5bc HTTP/1.0" 200 50 "-" "Sedu/1 CFNetwork/1406.0.4 Darwin/22.4.0"
::ffff:127.0.0.1 - - [14/May/2023:15:43:21 +0000] "GET /api/v1/wallets/64610199a32e8316d822f5c9? HTTP/1.0" 200 16460 "-" "Sedu/1 CFNetwork/1406.0.4 Darwin/22.4.0"
::ffff:127.0.0.1 - - [14/May/2023:15:43:23 +0000] "GET /api/v1/users/me? HTTP/1.0" 200 229 "-" "Sedu/1 CFNetwork/1399 Darwin/22.1.0"
::1 - - [14/May/2023:15:43:23 +0000] "GET /api/v1/wallets/646100cea32e8316d822f58e? HTTP/1.0" 304 - "-" "Sedu/1 CFNetwork/1399 Darwin/22.1.0"
::1 - - [14/May/2023:15:43:40 +0000] "GET /api/v1/users/callbacks/644fd817a4c26797f4259942/20000?qpay_payment_id=549017957505406 HTTP/1.0" 200 229 "-" "node-fetch/1.0 (+https://github.com/bitinn/node-fetch)"
::1 - - [14/May/2023:15:43:44 +0000] "GET /api/v1/users/me? HTTP/1.0" 200 229 "-" "Sedu/1 CFNetwork/1399 Darwin/22.1.0"
::ffff:127.0.0.1 - - [14/May/2023:15:43:44 +0000] "GET /api/v1/wallets/646100cea32e8316d822f58e? HTTP/1.0" 304 - "-" "Sedu/1 CFNetwork/1399 Darwin/22.1.0"
::ffff:127.0.0.1 - - [14/May/2023:15:43:47 +0000] "GET /api/v1/articles/ HTTP/1.0" 200 387120 "-" "PostmanRuntime/7.32.2"
::ffff:127.0.0.1 - - [14/May/2023:15:43:48 +0000] "GET /api/v1/users/me? HTTP/1.0" 304 - "-" "Sedu/1 CFNetwork/1335.0.3 Darwin/21.6.0"
::ffff:127.0.0.1 - - [14/May/2023:15:43:48 +0000] "GET /api/v1/articles/642d55bf7c1330814fb76345? HTTP/1.0" 304 - "-" "Sedu/1 CFNetwork/1335.0.3 Darwin/21.6.0"
::1 - - [14/May/2023:15:43:48 +0000] "GET /api/v1/ads? HTTP/1.0" 304 - "-" "Sedu/1 CFNetwork/1335.0.3 Darwin/21.6.0"
::1 - - [14/May/2023:15:43:48 +0000] "GET /api/v1/articles? HTTP/1.0" 304 - "-" "Sedu/1 CFNetwork/1335.0.3 Darwin/21.6.0"
::1 - - [14/May/2023:15:43:48 +0000] "POST /api/v1/users/invoice/644fd817a4c26797f4259942 HTTP/1.0" 200 50 "-" "Sedu/1 CFNetwork/1399 Darwin/22.1.0"
::ffff:127.0.0.1 - - [14/May/2023:15:43:49 +0000] "GET /api/v1/wallets/646101b4a32e8316d822f5e9? HTTP/1.0" 200 16300 "-" "Sedu/1 CFNetwork/1399 Darwin/22.1.0"
::1 - - [14/May/2023:15:43:54 +0000] "GET /api/v1/users/callbacks/64610183a32e8316d822f5bc/20000?qpay_payment_id=182247498612663 HTTP/1.0" 200 233 "-" "node-fetch/1.0 (+https://github.com/bitinn/node-fetch)"
::ffff:127.0.0.1 - - [14/May/2023:15:43:56 +0000] "GET /api/v1/users/me? HTTP/1.0" 200 229 "-" "Sedu/1 CFNetwork/1399 Darwin/22.1.0"
::1 - - [14/May/2023:15:43:56 +0000] "GET /api/v1/articles? HTTP/1.0" 200 387120 "-" "Sedu/1 CFNetwork/1399 Darwin/22.1.0"
::ffff:127.0.0.1 - - [14/May/2023:15:43:56 +0000] "GET /api/v1/ads? HTTP/1.0" 200 633 "-" "Sedu/1 CFNetwork/1399 Darwin/22.1.0"
::1 - - [14/May/2023:15:44:03 +0000] "GET /api/v1/users/me? HTTP/1.0" 200 233 "-" "Sedu/1 CFNetwork/1406.0.4 Darwin/22.4.0"
::ffff:127.0.0.1 - - [14/May/2023:15:44:03 +0000] "GET /api/v1/wallets/64610199a32e8316d822f5c9? HTTP/1.0" 304 - "-" "Sedu/1 CFNetwork/1406.0.4 Darwin/22.4.0"
::ffff:127.0.0.1 - - [14/May/2023:15:44:05 +0000] "PUT /api/v1/articles/64608634a32e8316d822e5bd/upload-photo HTTP/1.0" 200 60 "-" "PostmanRuntime/7.32.2"
::1 - - [14/May/2023:15:44:07 +0000] "POST /api/v1/users/invoice/64610183a32e8316d822f5bc HTTP/1.0" 200 50 "-" "Sedu/1 CFNetwork/1406.0.4 Darwin/22.4.0"
::ffff:127.0.0.1 - - [14/May/2023:15:44:08 +0000] "GET /api/v1/wallets/646101c7a32e8316d822f606? HTTP/1.0" 200 16076 "-" "Sedu/1 CFNetwork/1406.0.4 Darwin/22.4.0"
::1 - - [14/May/2023:15:44:13 +0000] "GET /api/v1/users/me? HTTP/1.0" 200 233 "-" "Sedu/1 CFNetwork/1406.0.4 Darwin/22.4.0"
::ffff:127.0.0.1 - - [14/May/2023:15:44:18 +0000] "GET /api/v1/articles/642e36c67c1330814fb764a6? HTTP/1.0" 200 6465 "-" "Sedu/1 CFNetwork/1406.0.4 Darwin/22.4.0"
::ffff:127.0.0.1 - - [14/May/2023:15:44:19 +0000] "POST /api/v1/users/invoice/64610183a32e8316d822f5bc HTTP/1.0" 200 50 "-" "Sedu/1 CFNetwork/1406.0.4 Darwin/22.4.0"
::1 - - [14/May/2023:15:44:19 +0000] "GET /api/v1/wallets/646101d3a32e8316d822f61a? HTTP/1.0" 200 16308 "-" "Sedu/1 CFNetwork/1406.0.4 Darwin/22.4.0"
::ffff:127.0.0.1 - - [14/May/2023:15:44:25 +0000] "GET /api/v1/articles/64608634a32e8316d822e5bd? HTTP/1.0" 200 3753 "-" "Sedu/1 CFNetwork/1402.0.8 Darwin/22.2.0"
::ffff:127.0.0.1 - - [14/May/2023:15:44:27 +0000] "GET /api/v1/articles/646082bca32e8316d822e594? HTTP/1.0" 304 - "-" "Sedu/1 CFNetwork/1402.0.8 Darwin/22.2.0"
::1 - - [14/May/2023:15:44:29 +0000] "GET /api/v1/users/logout? HTTP/1.0" 200 39 "-" "Sedu/1 CFNetwork/1406.0.4 Darwin/22.4.0"
::ffff:127.0.0.1 - - [14/May/2023:15:44:29 +0000] "GET /api/v1/users/me? HTTP/1.0" 401 283 "-" "Sedu/1 CFNetwork/1406.0.4 Darwin/22.4.0"
::1 - - [14/May/2023:15:44:32 +0000] "GET /api/v1/users/me? HTTP/1.0" 304 - "-" "Sedu/1 CFNetwork/1402.0.8 Darwin/22.2.0"
::1 - - [14/May/2023:15:44:33 +0000] "GET /api/v1/ads? HTTP/1.0" 304 - "-" "Sedu/1 CFNetwork/1402.0.8 Darwin/22.2.0"
::ffff:127.0.0.1 - - [14/May/2023:15:44:33 +0000] "GET /api/v1/articles? HTTP/1.0" 200 387165 "-" "Sedu/1 CFNetwork/1402.0.8 Darwin/22.2.0"
::1 - - [14/May/2023:15:44:37 +0000] "GET /api/v1/articles/64608634a32e8316d822e5bd? HTTP/1.0" 304 - "-" "Sedu/1 CFNetwork/1402.0.8 Darwin/22.2.0"
::1 - - [14/May/2023:15:44:40 +0000] "POST /api/v1/users/login HTTP/1.0" 200 507 "-" "Sedu/1 CFNetwork/1406.0.4 Darwin/22.4.0"
::1 - - [14/May/2023:15:44:41 +0000] "GET /api/v1/users/me? HTTP/1.0" 200 233 "-" "Sedu/1 CFNetwork/1406.0.4 Darwin/22.4.0"
::ffff:127.0.0.1 - - [14/May/2023:15:44:41 +0000] "GET /api/v1/articles? HTTP/1.0" 200 387165 "-" "Sedu/1 CFNetwork/1406.0.4 Darwin/22.4.0"
::1 - - [14/May/2023:15:44:41 +0000] "GET /api/v1/ads? HTTP/1.0" 200 633 "-" "Sedu/1 CFNetwork/1406.0.4 Darwin/22.4.0"
::1 - - [14/May/2023:15:45:25 +0000] "GET /api/v1/users/me? HTTP/1.0" 401 283 "-" "Sedu/1 CFNetwork/1404.0.5 Darwin/22.3.0"
::ffff:127.0.0.1 - - [14/May/2023:15:45:37 +0000] "GET /api/v1/articles/642e3f507c1330814fb764ef? HTTP/1.0" 200 1467 "-" "Sedu/1 CFNetwork/1399 Darwin/22.1.0"
::1 - - [14/May/2023:15:45:44 +0000] "GET /api/v1/articles/642d4c587c1330814fb76297? HTTP/1.0" 200 22242 "-" "Sedu/1 CFNetwork/1406.0.4 Darwin/22.4.0"
::1 - - [14/May/2023:15:46:47 +0000] "GET /api/v1/users/me? HTTP/1.0" 304 - "-" "Sedu/1 CFNetwork/1335.0.3 Darwin/21.6.0"
::ffff:127.0.0.1 - - [14/May/2023:15:46:47 +0000] "GET /api/v1/articles? HTTP/1.0" 200 387165 "-" "Sedu/1 CFNetwork/1335.0.3 Darwin/21.6.0"
::ffff:127.0.0.1 - - [14/May/2023:15:46:47 +0000] "GET /api/v1/articles/642d55bf7c1330814fb76345? HTTP/1.0" 304 - "-" "Sedu/1 CFNetwork/1335.0.3 Darwin/21.6.0"
::1 - - [14/May/2023:15:46:47 +0000] "GET /api/v1/ads? HTTP/1.0" 304 - "-" "Sedu/1 CFNetwork/1335.0.3 Darwin/21.6.0"
::ffff:127.0.0.1 - - [14/May/2023:15:46:49 +0000] "GET /api/v1/articles/642d55507c1330814fb76325? HTTP/1.0" 200 3410 "-" "Sedu/1 CFNetwork/1335.0.3 Darwin/21.6.0"
::ffff:127.0.0.1 - - [14/May/2023:15:46:50 +0000] "GET /api/v1/articles/642d789c7c1330814fb763e7? HTTP/1.0" 200 6163 "-" "Sedu/1 CFNetwork/1406.0.4 Darwin/22.4.0"
::1 - - [14/May/2023:15:46:54 +0000] "GET /api/v1/articles/642d4fba7c1330814fb762d8? HTTP/1.0" 200 8050 "-" "Sedu/1 CFNetwork/1335.0.3 Darwin/21.6.0"
::ffff:127.0.0.1 - - [14/May/2023:15:47:09 +0000] "GET /api/v1/articles/642e321a7c1330814fb7648b? HTTP/1.0" 200 2221 "-" "Sedu/1 CFNetwork/1406.0.4 Darwin/22.4.0"
::1 - - [14/May/2023:15:47:09 +0000] "GET /api/v1/articles/642e44a97c1330814fb764fe? HTTP/1.0" 200 8047 "-" "Sedu/1 CFNetwork/1399 Darwin/22.1.0"
::ffff:127.0.0.1 - - [14/May/2023:15:47:13 +0000] "GET /api/v1/users/me? HTTP/1.0" 304 - "-" "Sedu/1 CFNetwork/1390 Darwin/22.0.0"
::1 - - [14/May/2023:15:47:18 +0000] "GET /api/v1/users/me? HTTP/1.0" 304 - "-" "Sedu/1 CFNetwork/1406.0.4 Darwin/22.4.0"
::ffff:127.0.0.1 - - [14/May/2023:15:47:28 +0000] "GET /api/v1/users/me? HTTP/1.0" 304 - "-" "Sedu/1 CFNetwork/1390 Darwin/22.0.0"
::1 - - [14/May/2023:15:47:34 +0000] "POST /api/v1/users/invoice/645a4ec2a32e8316d8229343 HTTP/1.0" 200 50 "-" "Sedu/1 CFNetwork/1390 Darwin/22.0.0"
::ffff:127.0.0.1 - - [14/May/2023:15:47:35 +0000] "GET /api/v1/wallets/64610296a32e8316d822f64a? HTTP/1.0" 200 15916 "-" "Sedu/1 CFNetwork/1390 Darwin/22.0.0"
::1 - - [14/May/2023:15:47:49 +0000] "GET /api/v1/users/me? HTTP/1.0" 200 225 "-" "Sedu/1 CFNetwork/1390 Darwin/22.0.0"
::ffff:127.0.0.1 - - [14/May/2023:15:47:49 +0000] "GET /api/v1/wallets/64610296a32e8316d822f64a? HTTP/1.0" 304 - "-" "Sedu/1 CFNetwork/1390 Darwin/22.0.0"
::1 - - [14/May/2023:15:48:00 +0000] "GET /api/v1/users/me? HTTP/1.0" 401 283 "-" "Sedu/1 CFNetwork/1406.0.4 Darwin/22.4.0"
::ffff:127.0.0.1 - - [14/May/2023:15:48:06 +0000] "POST /api/v1/users/invoice/645a4ec2a32e8316d8229343 HTTP/1.0" 200 50 "-" "Sedu/1 CFNetwork/1390 Darwin/22.0.0"
::1 - - [14/May/2023:15:48:06 +0000] "GET /api/v1/wallets/646102b6a32e8316d822f65e? HTTP/1.0" 200 15964 "-" "Sedu/1 CFNetwork/1390 Darwin/22.0.0"
::ffff:127.0.0.1 - - [14/May/2023:15:48:11 +0000] "GET /api/v1/users/me? HTTP/1.0" 200 225 "-" "Sedu/1 CFNetwork/1390 Darwin/22.0.0"
::1 - - [14/May/2023:15:48:11 +0000] "GET /api/v1/wallets/646102b6a32e8316d822f65e? HTTP/1.0" 304 - "-" "Sedu/1 CFNetwork/1390 Darwin/22.0.0"
::ffff:127.0.0.1 - - [14/May/2023:15:48:11 +0000] "GET /api/v1/users/me? HTTP/1.0" 401 283 "-" "Sedu/1 CFNetwork/1406.0.4 Darwin/22.4.0"
::1 - - [14/May/2023:15:48:13 +0000] "GET /api/v1/users/me? HTTP/1.0" 304 - "-" "Sedu/1 CFNetwork/1404.0.5 Darwin/22.3.0"
::ffff:127.0.0.1 - - [14/May/2023:15:48:13 +0000] "GET /api/v1/articles/64608634a32e8316d822e5bd? HTTP/1.0" 200 3753 "-" "Sedu/1 CFNetwork/1404.0.5 Darwin/22.3.0"
::1 - - [14/May/2023:15:48:13 +0000] "GET /api/v1/users/me? HTTP/1.0" 304 - "-" "Sedu/1 CFNetwork/1404.0.5 Darwin/22.3.0"
::ffff:127.0.0.1 - - [14/May/2023:15:48:13 +0000] "GET /api/v1/ads? HTTP/1.0" 304 - "-" "Sedu/1 CFNetwork/1404.0.5 Darwin/22.3.0"
::1 - - [14/May/2023:15:48:13 +0000] "GET /api/v1/articles? HTTP/1.0" 200 387165 "-" "Sedu/1 CFNetwork/1404.0.5 Darwin/22.3.0"
::1 - - [14/May/2023:15:48:15 +0000] "GET /api/v1/articles/642e2e6d7c1330814fb7646b? HTTP/1.0" 304 - "-" "Sedu/1 CFNetwork/1406.0.4 Darwin/22.4.0"
::1 - - [14/May/2023:15:48:37 +0000] "POST /api/v1/users/login HTTP/1.0" 401 123 "-" "Sedu/1 CFNetwork/1406.0.4 Darwin/22.4.0"
::ffff:127.0.0.1 - - [14/May/2023:15:48:42 +0000] "GET /api/v1/articles/646082bca32e8316d822e594? HTTP/1.0" 200 6579 "-" "Sedu/1 CFNetwork/1404.0.5 Darwin/22.3.0"
::1 - - [14/May/2023:15:48:58 +0000] "POST /api/v1/users/register HTTP/1.0" 200 465 "-" "Sedu/1 CFNetwork/1406.0.4 Darwin/22.4.0"
::ffff:127.0.0.1 - - [14/May/2023:15:48:58 +0000] "GET /api/v1/users/me? HTTP/1.0" 200 191 "-" "Sedu/1 CFNetwork/1406.0.4 Darwin/22.4.0"
::1 - - [14/May/2023:15:49:03 +0000] "GET /api/v1/users/logout? HTTP/1.0" 200 39 "-" "Sedu/1 CFNetwork/1406.0.4 Darwin/22.4.0"
::ffff:127.0.0.1 - - [14/May/2023:15:49:03 +0000] "GET /api/v1/users/me? HTTP/1.0" 401 283 "-" "Sedu/1 CFNetwork/1406.0.4 Darwin/22.4.0"
::1 - - [14/May/2023:15:49:06 +0000] "GET /api/v1/articles/642d7ac57c1330814fb76424? HTTP/1.0" 200 9288 "-" "Sedu/1 CFNetwork/1406.0.4 Darwin/22.4.0"
::ffff:127.0.0.1 - - [14/May/2023:15:49:25 +0000] "GET /api/v1/users/me? HTTP/1.0" 401 283 "-" "Sedu/1 CFNetwork/1197 Darwin/20.0.0"
