::1 - - [09/May/2023:20:24:22 +0000] "GET /.well-known/acme-challenge/V6RU51Z8NS95B19VQ5-NWHWDALY5OD1T HTTP/1.0" 404 198 "-" "Cpanel-HTTP-Client/1.0"
::1 - - [09/May/2023:20:42:32 +0000] "GET /api/v1/users/me? HTTP/1.0" 304 - "-" "Sedu/1 CFNetwork/1402.0.8 Darwin/22.2.0"
::1 - - [09/May/2023:20:42:33 +0000] "GET /api/v1/ads? HTTP/1.0" 304 - "-" "Sedu/1 CFNetwork/1402.0.8 Darwin/22.2.0"
::ffff:127.0.0.1 - - [09/May/2023:20:42:33 +0000] "GET /api/v1/articles? HTTP/1.0" 200 344855 "-" "Sedu/1 CFNetwork/1402.0.8 Darwin/22.2.0"
::ffff:127.0.0.1 - - [09/May/2023:20:42:50 +0000] "GET /api/v1/articles/6459d34ca32e8316d8228b17? HTTP/1.0" 200 9143 "-" "Sedu/1 CFNetwork/1402.0.8 Darwin/22.2.0"
::ffff:127.0.0.1 - - [09/May/2023:20:45:11 +0000] "GET /api/v1/articles/6459ceeda32e8316d8228aaf? HTTP/1.0" 200 7377 "-" "Sedu/1 CFNetwork/1402.0.8 Darwin/22.2.0"
::1 - - [09/May/2023:20:45:23 +0000] "GET /_profiler/phpinfo:80 HTTP/1.0" 404 159 "-" "Mozilla/5.0 (Windows NT 10.0; Win64; x64) AppleWebKit/537.36 (KHTML, like Gecko) Chrome/92.0.4515.107 Safari/537.36"
::ffff:127.0.0.1 - - [09/May/2023:20:45:24 +0000] "GET /_profiler/phpinfo:443 HTTP/1.0" 404 160 "-" "Mozilla/5.0 (Windows NT 10.0; Win64; x64) AppleWebKit/537.36 (KHTML, like Gecko) Chrome/92.0.4515.107 Safari/537.36"
::1 - - [09/May/2023:20:51:29 +0000] "GET /api/v1/users/me? HTTP/1.0" 401 283 "-" "Sedu/1 CFNetwork/1406.0.4 Darwin/22.4.0"
::ffff:127.0.0.1 - - [09/May/2023:20:51:46 +0000] "POST /api/v1/users/register HTTP/1.0" 200 461 "-" "Sedu/1 CFNetwork/1406.0.4 Darwin/22.4.0"
::1 - - [09/May/2023:20:51:47 +0000] "GET /api/v1/users/me? HTTP/1.0" 200 187 "-" "Sedu/1 CFNetwork/1406.0.4 Darwin/22.4.0"
::ffff:127.0.0.1 - - [09/May/2023:20:51:56 +0000] "GET /api/v1/users/logout? HTTP/1.0" 200 39 "-" "Sedu/1 CFNetwork/1406.0.4 Darwin/22.4.0"
::1 - - [09/May/2023:20:51:57 +0000] "GET /api/v1/users/me? HTTP/1.0" 401 283 "-" "Sedu/1 CFNetwork/1406.0.4 Darwin/22.4.0"
::ffff:127.0.0.1 - - [09/May/2023:20:52:10 +0000] "GET /api/v1/users/me? HTTP/1.0" 401 283 "-" "Sedu/1 CFNetwork/1406.0.4 Darwin/22.4.0"
::1 - - [09/May/2023:20:52:18 +0000] "POST /api/v1/users/register HTTP/1.0" 500 247 "-" "Sedu/1 CFNetwork/1406.0.4 Darwin/22.4.0"
::ffff:127.0.0.1 - - [09/May/2023:20:52:19 +0000] "GET /api/v1/users/me? HTTP/1.0" 401 283 "-" "Sedu/1 CFNetwork/1399 Darwin/22.1.0"
::1 - - [09/May/2023:20:52:28 +0000] "POST /api/v1/users/login HTTP/1.0" 200 461 "-" "Sedu/1 CFNetwork/1406.0.4 Darwin/22.4.0"
::ffff:127.0.0.1 - - [09/May/2023:20:52:28 +0000] "GET /api/v1/users/me? HTTP/1.0" 304 - "-" "Sedu/1 CFNetwork/1406.0.4 Darwin/22.4.0"
::ffff:127.0.0.1 - - [09/May/2023:21:00:49 +0000] "GET /api/v1/users/me? HTTP/1.0" 401 283 "-" "Sedu/1 CFNetwork/1402.0.8 Darwin/22.2.0"
::1 - - [09/May/2023:21:01:05 +0000] "POST /api/v1/users/register HTTP/1.0" 200 465 "-" "Sedu/1 CFNetwork/1402.0.8 Darwin/22.2.0"
::ffff:127.0.0.1 - - [09/May/2023:21:01:05 +0000] "GET /api/v1/users/me? HTTP/1.0" 200 191 "-" "Sedu/1 CFNetwork/1402.0.8 Darwin/22.2.0"
::1 - - [09/May/2023:21:01:12 +0000] "GET /api/v1/users/me? HTTP/1.0" 304 - "-" "Sedu/1 CFNetwork/1402.0.8 Darwin/22.2.0"
::ffff:127.0.0.1 - - [09/May/2023:21:01:26 +0000] "POST /api/v1/users/invoice/645ab491a32e8316d8229a24 HTTP/1.0" 200 50 "-" "Sedu/1 CFNetwork/1402.0.8 Darwin/22.2.0"
::1 - - [09/May/2023:21:01:27 +0000] "GET /api/v1/wallets/645ab4a6a32e8316d8229a29? HTTP/1.0" 200 16025 "-" "Sedu/1 CFNetwork/1402.0.8 Darwin/22.2.0"
::ffff:127.0.0.1 - - [09/May/2023:21:01:33 +0000] "GET /api/v1/users/logout? HTTP/1.0" 200 39 "-" "Sedu/1 CFNetwork/1402.0.8 Darwin/22.2.0"
::1 - - [09/May/2023:21:01:33 +0000] "GET /api/v1/users/me? HTTP/1.0" 401 283 "-" "Sedu/1 CFNetwork/1402.0.8 Darwin/22.2.0"
::ffff:127.0.0.1 - - [09/May/2023:21:06:38 +0000] "POST / HTTP/1.0" 404 140 "-" "Mozilla/5.0 (X11; Linux x86_64) AppleWebKit/537.36 (KHTML, like Gecko) Chrome/81.0.4044.129 Safari/537.36"
::1 - - [09/May/2023:21:06:38 +0000] "GET /.env HTTP/1.0" 404 143 "-" "Mozilla/5.0 (X11; Linux x86_64) AppleWebKit/537.36 (KHTML, like Gecko) Chrome/81.0.4044.129 Safari/537.36"
::ffff:127.0.0.1 - - [09/May/2023:21:11:37 +0000] "GET /api/v1/users/me? HTTP/1.0" 401 283 "-" "Sedu/1 CFNetwork/1335.0.3.1 Darwin/21.6.0"
::1 - - [09/May/2023:21:11:53 +0000] "POST /api/v1/users/register HTTP/1.0" 200 466 "-" "Sedu/1 CFNetwork/1335.0.3.1 Darwin/21.6.0"
::ffff:127.0.0.1 - - [09/May/2023:21:11:53 +0000] "GET /api/v1/users/me? HTTP/1.0" 200 192 "-" "Sedu/1 CFNetwork/1335.0.3.1 Darwin/21.6.0"
::1 - - [09/May/2023:21:12:00 +0000] "GET /api/v1/users/logout? HTTP/1.0" 200 39 "-" "Sedu/1 CFNetwork/1335.0.3.1 Darwin/21.6.0"
::ffff:127.0.0.1 - - [09/May/2023:21:12:01 +0000] "GET /api/v1/users/me? HTTP/1.0" 401 283 "-" "Sedu/1 CFNetwork/1335.0.3.1 Darwin/21.6.0"
::1 - - [09/May/2023:21:17:08 +0000] "GET /api/v1/users/me? HTTP/1.0" 304 - "-" "Sedu/1 CFNetwork/1399 Darwin/22.1.0"
::1 - - [09/May/2023:21:17:08 +0000] "GET /api/v1/ads? HTTP/1.0" 304 - "-" "Sedu/1 CFNetwork/1399 Darwin/22.1.0"
::ffff:127.0.0.1 - - [09/May/2023:21:17:08 +0000] "GET /api/v1/articles? HTTP/1.0" 200 344855 "-" "Sedu/1 CFNetwork/1399 Darwin/22.1.0"
::1 - - [09/May/2023:21:17:10 +0000] "GET /api/v1/articles/642d4c587c1330814fb76297? HTTP/1.0" 304 - "-" "Sedu/1 CFNetwork/1399 Darwin/22.1.0"
::1 - - [09/May/2023:21:17:35 +0000] "GET /api/v1/articles/642d55bf7c1330814fb76345? HTTP/1.0" 200 17955 "-" "Sedu/1 CFNetwork/1399 Darwin/22.1.0"
::1 - - [09/May/2023:21:38:40 +0000] "GET /api/v1/users/me? HTTP/1.0" 304 - "-" "okhttp/4.9.2"
::1 - - [09/May/2023:21:38:40 +0000] "GET /api/v1/ads? HTTP/1.0" 304 - "-" "okhttp/4.9.2"
::ffff:127.0.0.1 - - [09/May/2023:21:38:40 +0000] "GET /api/v1/articles? HTTP/1.0" 200 344855 "-" "okhttp/4.9.2"
::ffff:127.0.0.1 - - [09/May/2023:21:39:01 +0000] "GET /api/v1/articles/642d59727c1330814fb76396? HTTP/1.0" 200 10524 "-" "okhttp/4.9.2"
::1 - - [09/May/2023:21:43:49 +0000] "GET /04EL7x9OqnhURdfsJvgctrjCYV9 HTTP/1.0" 404 166 "-" "Mozilla/5.0 (Windows NT 10.0; Win64; x64) AppleWebKit/537.36 (KHTML, like Gecko) Chrome/79.0.3945.117 Safari/537.36"
::ffff:127.0.0.1 - - [09/May/2023:21:43:50 +0000] "GET /api/v1/articles/642d59727c1330814fb76396? HTTP/1.0" 304 - "-" "okhttp/4.9.2"
::1 - - [09/May/2023:21:43:50 +0000] "GET /api/v1/users/me? HTTP/1.0" 304 - "-" "okhttp/4.9.2"
::ffff:127.0.0.1 - - [09/May/2023:21:43:50 +0000] "GET /api/v1/ads? HTTP/1.0" 304 - "-" "okhttp/4.9.2"
::ffff:127.0.0.1 - - [09/May/2023:21:43:50 +0000] "GET /api/v1/articles? HTTP/1.0" 304 - "-" "okhttp/4.9.2"
::1 - - [09/May/2023:21:52:43 +0000] "GET /api/v1/articles/642d5b327c1330814fb763a4? HTTP/1.0" 200 9617 "-" "okhttp/4.9.2"
::ffff:127.0.0.1 - - [09/May/2023:21:53:36 +0000] "GET /api/v1/ads? HTTP/1.0" 304 - "-" "okhttp/4.9.2"
::1 - - [09/May/2023:21:53:36 +0000] "GET /api/v1/users/me? HTTP/1.0" 304 - "-" "okhttp/4.9.2"
::ffff:127.0.0.1 - - [09/May/2023:21:53:36 +0000] "GET /api/v1/articles/642d5b327c1330814fb763a4? HTTP/1.0" 304 - "-" "okhttp/4.9.2"
::1 - - [09/May/2023:21:53:36 +0000] "GET /api/v1/articles? HTTP/1.0" 304 - "-" "okhttp/4.9.2"
::ffff:127.0.0.1 - - [09/May/2023:21:53:36 +0000] "GET /.env HTTP/1.0" 404 143 "-" "Mozilla/5.0 (Macintosh; Intel Mac OS X 10.15; rv:77.0) Gecko/20100101 Firefox/77.0"
::1 - - [09/May/2023:21:56:31 +0000] "GET /.env HTTP/1.0" 404 143 "-" "Mozilla/5.0 (X11; Linux x86_64) AppleWebKit/537.36 (KHTML, like Gecko) Chrome/81.0.4044.129 Safari/537.36"
::ffff:127.0.0.1 - - [09/May/2023:22:05:41 +0000] "GET /api/v1/articles/642d5b327c1330814fb763a4? HTTP/1.0" 304 - "-" "okhttp/4.9.2"
::1 - - [09/May/2023:22:05:41 +0000] "GET /api/v1/users/me? HTTP/1.0" 304 - "-" "okhttp/4.9.2"
::1 - - [09/May/2023:22:05:41 +0000] "GET /api/v1/ads? HTTP/1.0" 304 - "-" "okhttp/4.9.2"
::ffff:127.0.0.1 - - [09/May/2023:22:05:42 +0000] "GET /api/v1/articles? HTTP/1.0" 304 - "-" "okhttp/4.9.2"
::1 - - [09/May/2023:22:06:00 +0000] "POST / HTTP/1.0" 404 140 "-" "Mozilla/5.0 (X11; Linux x86_64) AppleWebKit/537.36 (KHTML, like Gecko) Chrome/81.0.4044.129 Safari/537.36"
::ffff:127.0.0.1 - - [09/May/2023:22:06:00 +0000] "GET /.env HTTP/1.0" 404 143 "-" "Mozilla/5.0 (X11; Linux x86_64) AppleWebKit/537.36 (KHTML, like Gecko) Chrome/81.0.4044.129 Safari/537.36"
::1 - - [09/May/2023:22:15:35 +0000] "GET /.env HTTP/1.0" 404 143 "-" "Mozilla/5.0 (X11; Linux x86_64) AppleWebKit/537.36 (KHTML, like Gecko) Chrome/81.0.4044.129 Safari/537.36"
::ffff:127.0.0.1 - - [09/May/2023:22:15:36 +0000] "POST / HTTP/1.0" 404 140 "-" "Mozilla/5.0 (X11; Linux x86_64) AppleWebKit/537.36 (KHTML, like Gecko) Chrome/81.0.4044.129 Safari/537.36"
::1 - - [09/May/2023:22:28:04 +0000] "GET /api/v1/users/me? HTTP/1.0" 401 283 "-" "Sedu/1 CFNetwork/1402.0.8 Darwin/22.2.0"
::ffff:127.0.0.1 - - [09/May/2023:22:28:17 +0000] "POST /api/v1/users/register HTTP/1.0" 500 248 "-" "Sedu/1 CFNetwork/1402.0.8 Darwin/22.2.0"
::1 - - [09/May/2023:22:28:38 +0000] "POST /api/v1/users/register HTTP/1.0" 500 248 "-" "Sedu/1 CFNetwork/1402.0.8 Darwin/22.2.0"
::ffff:127.0.0.1 - - [09/May/2023:22:28:51 +0000] "POST /api/v1/users/register HTTP/1.0" 200 463 "-" "Sedu/1 CFNetwork/1402.0.8 Darwin/22.2.0"
::1 - - [09/May/2023:22:28:51 +0000] "GET /api/v1/users/me? HTTP/1.0" 200 189 "-" "Sedu/1 CFNetwork/1402.0.8 Darwin/22.2.0"
::ffff:127.0.0.1 - - [09/May/2023:22:28:58 +0000] "GET /api/v1/users/me? HTTP/1.0" 304 - "-" "Sedu/1 CFNetwork/1402.0.8 Darwin/22.2.0"
::1 - - [09/May/2023:22:29:04 +0000] "POST /api/v1/users/invoice/645ac923a32e8316d8229a61 HTTP/1.0" 200 50 "-" "Sedu/1 CFNetwork/1402.0.8 Darwin/22.2.0"
::ffff:127.0.0.1 - - [09/May/2023:22:29:04 +0000] "GET /api/v1/wallets/645ac930a32e8316d8229a66? HTTP/1.0" 200 15975 "-" "Sedu/1 CFNetwork/1402.0.8 Darwin/22.2.0"
::1 - - [09/May/2023:22:38:04 +0000] "GET /api/v1/users/me? HTTP/1.0" 401 283 "-" "Sedu/1 CFNetwork/1404.0.5 Darwin/22.3.0"
::ffff:127.0.0.1 - - [09/May/2023:22:38:24 +0000] "POST /api/v1/users/register HTTP/1.0" 200 468 "-" "Sedu/1 CFNetwork/1404.0.5 Darwin/22.3.0"
::1 - - [09/May/2023:22:38:25 +0000] "GET /api/v1/users/me? HTTP/1.0" 200 194 "-" "Sedu/1 CFNetwork/1404.0.5 Darwin/22.3.0"
::ffff:127.0.0.1 - - [09/May/2023:22:38:35 +0000] "GET /api/v1/users/me? HTTP/1.0" 304 - "-" "Sedu/1 CFNetwork/1404.0.5 Darwin/22.3.0"
::1 - - [09/May/2023:22:38:42 +0000] "POST /api/v1/users/invoice/645acb60a32e8316d8229a77 HTTP/1.0" 200 50 "-" "Sedu/1 CFNetwork/1404.0.5 Darwin/22.3.0"
::ffff:127.0.0.1 - - [09/May/2023:22:38:43 +0000] "GET /api/v1/wallets/645acb72a32e8316d8229a7c? HTTP/1.0" 200 16064 "-" "Sedu/1 CFNetwork/1404.0.5 Darwin/22.3.0"
::1 - - [09/May/2023:22:44:12 +0000] "POST / HTTP/1.0" 404 140 "-" "Mozilla/5.0 (X11; Linux x86_64) AppleWebKit/537.36 (KHTML, like Gecko) Chrome/81.0.4044.129 Safari/537.36"
::ffff:127.0.0.1 - - [09/May/2023:22:44:12 +0000] "GET /.env HTTP/1.0" 404 143 "-" "Mozilla/5.0 (X11; Linux x86_64) AppleWebKit/537.36 (KHTML, like Gecko) Chrome/81.0.4044.129 Safari/537.36"
::1 - - [09/May/2023:22:48:32 +0000] "GET /api/v1/users/me? HTTP/1.0" 401 283 "-" "Sedu/1 CFNetwork/1329 Darwin/21.3.0"
::1 - - [09/May/2023:22:52:57 +0000] "GET /manager/text/list HTTP/1.0" 404 156 "-" "Mozilla/5.0 zgrab/0.x"
::1 - - [09/May/2023:23:02:13 +0000] "GET /favicon.ico HTTP/1.0" 404 150 "-" "Mozilla/5.0 (compatible; CensysInspect/1.1; +https://about.censys.io/)"
::ffff:127.0.0.1 - - [09/May/2023:23:02:14 +0000] "GET /index.js HTTP/1.0" 404 147 "-" "Mozilla/5.0 (Windows NT 6.2; WOW64) AppleWebKit/537.36 (KHTML like Gecko) Chrome/44.0.2403.155 Safari/537.36"
::1 - - [09/May/2023:23:02:15 +0000] "GET /.aws/credentials HTTP/1.0" 404 155 "-" "Mozilla/5.0 (Macintosh; Intel Mac OS X 10_9_3) AppleWebKit/537.36 (KHTML, like Gecko) Chrome/35.0.1916.47 Safari/537.36"
::ffff:127.0.0.1 - - [09/May/2023:23:02:15 +0000] "GET /.wp-config.php.swp HTTP/1.0" 404 157 "-" "Mozilla/5.0 (Windows NT 5.1) AppleWebKit/537.36 (KHTML, like Gecko) Chrome/35.0.2309.372 Safari/537.36"
::1 - - [09/May/2023:23:02:16 +0000] "GET /_phpinfo.php HTTP/1.0" 404 151 "-" "Mozilla/5.0 (Windows NT 10.0) AppleWebKit/537.36 (KHTML, like Gecko) Chrome/89.0.4389.114 Safari/537.36"
::ffff:127.0.0.1 - - [09/May/2023:23:02:16 +0000] "GET /admin/dashboard/info.php HTTP/1.0" 404 163 "-" "Mozilla/5.0 (Macintosh; Intel Mac OS X 10_10_1) AppleWebKit/537.36 (KHTML, like Gecko) Chrome/41.0.2227.1 Safari/537.36"
::1 - - [09/May/2023:23:02:17 +0000] "GET /admin/phpinfo.php HTTP/1.0" 404 156 "-" "Mozilla/5.0 (Windows NT 5.1) AppleWebKit/537.36 (KHTML, like Gecko) Chrome/35.0.2309.372 Safari/537.36"
::ffff:127.0.0.1 - - [09/May/2023:23:02:17 +0000] "GET /api/phpinfo.php HTTP/1.0" 404 154 "-" "Mozilla/5.0 (Windows NT 10.0; Win64; x64) AppleWebKit/537.36 (KHTML, like Gecko) Chrome/70.0.3538.77 Safari/537.36"
::1 - - [09/May/2023:23:02:18 +0000] "GET /api/src HTTP/1.0" 404 146 "-" "Mozilla/5.0 (Windows NT 10.0; Win64; x64) AppleWebKit/537.36 (KHTML, like Gecko) Chrome/89.0.4389.114 Safari/537.36"
::ffff:127.0.0.1 - - [09/May/2023:23:02:18 +0000] "GET /check.php HTTP/1.0" 404 148 "-" "Mozilla/5.0 (Windows NT 5.1) AppleWebKit/537.36 (KHTML, like Gecko) Chrome/35.0.2309.372 Safari/537.36"
::1 - - [09/May/2023:23:02:19 +0000] "GET /dashboard/phpinfo.php HTTP/1.0" 404 160 "-" "Mozilla/5.0 (Macintosh; Intel Mac OS X 10_10_1) AppleWebKit/537.36 (KHTML, like Gecko) Chrome/41.0.2227.1 Safari/537.36"
::ffff:127.0.0.1 - - [09/May/2023:23:02:19 +0000] "GET /dashboard/test.php HTTP/1.0" 404 157 "-" "Mozilla/5.0 (X11; Ubuntu; Linux i686 on x86_64) AppleWebKit/537.36 (KHTML, like Gecko) Chrome/53.0.2820.59 Safari/537.36"
::1 - - [09/May/2023:23:02:20 +0000] "GET /debug/default HTTP/1.0" 404 152 "-" "Mozilla/5.0 (Windows NT 6.3; WOW64) AppleWebKit/537.36 (KHTML, like Gecko) Chrome/41.0.2225.0 Safari/537.36"
::ffff:127.0.0.1 - - [09/May/2023:23:02:21 +0000] "GET /develop/info.php HTTP/1.0" 404 155 "-" "Mozilla/5.0 (Windows NT 6.2; WOW64) AppleWebKit/537.36 (KHTML like Gecko) Chrome/44.0.2403.155 Safari/537.36"
::1 - - [09/May/2023:23:02:21 +0000] "GET /frontend_dev.php/$ HTTP/1.0" 404 157 "-" "Mozilla/5.0 (Windows NT 10.0; Win64; x64) AppleWebKit/537.36 (KHTML, like Gecko) Chrome/70.0.3538.77 Safari/537.36"
::ffff:127.0.0.1 - - [09/May/2023:23:02:22 +0000] "GET /i.php HTTP/1.0" 404 144 "-" "Mozilla/5.0 (X11; Linux x86_64) AppleWebKit/537.36 (KHTML, like Gecko) Chrome/41.0.2227.0 Safari/537.36"
::1 - - [09/May/2023:23:02:22 +0000] "GET /index.php HTTP/1.0" 404 148 "-" "Mozilla/5.0 (Windows NT 5.1) AppleWebKit/537.36 (KHTML, like Gecko) Chrome/41.0.2224.3 Safari/537.36"
::ffff:127.0.0.1 - - [09/May/2023:23:02:23 +0000] "GET /info.php HTTP/1.0" 404 147 "-" "Mozilla/5.0 (Windows NT 6.1) AppleWebKit/537.36 (KHTML, like Gecko) Chrome/41.0.2228.0 Safari/537.36"
::1 - - [09/May/2023:23:02:23 +0000] "GET /info/phpinfo.php HTTP/1.0" 404 155 "-" "Mozilla/5.0 (Windows NT 6.1) AppleWebKit/537.36 (KHTML, like Gecko) Chrome/41.0.2228.0 Safari/537.36"
::ffff:127.0.0.1 - - [09/May/2023:23:02:24 +0000] "GET /info1.php HTTP/1.0" 404 148 "-" "Mozilla/5.0 (Windows NT 6.3; WOW64) AppleWebKit/537.36 (KHTML, like Gecko) Chrome/41.0.2225.0 Safari/537.36"
::1 - - [09/May/2023:23:02:24 +0000] "GET /local-phpinfo.php HTTP/1.0" 404 156 "-" "Mozilla/5.0 (Windows NT 10.0; Win64; x64) AppleWebKit/537.36 (KHTML, like Gecko) Chrome/70.0.3538.77 Safari/537.36"
::ffff:127.0.0.1 - - [09/May/2023:23:02:25 +0000] "GET /p.php HTTP/1.0" 404 144 "-" "Mozilla/5.0 (Windows NT 10.0) AppleWebKit/537.36 (KHTML, like Gecko) Chrome/40.0.2214.93 Safari/537.36"
::1 - - [09/May/2023:23:02:25 +0000] "GET /api/v1/users/me? HTTP/1.0" 401 283 "-" "okhttp/4.9.2"
::ffff:127.0.0.1 - - [09/May/2023:23:02:25 +0000] "GET /php-info HTTP/1.0" 404 147 "-" "Mozilla/5.0 (Macintosh; Intel Mac OS X 10_9_3) AppleWebKit/537.36 (KHTML, like Gecko) Chrome/35.0.1916.47 Safari/537.36"
::1 - - [09/May/2023:23:02:26 +0000] "GET /php-info.php HTTP/1.0" 404 151 "-" "Mozilla/5.0 (Windows NT 10.0) AppleWebKit/537.36 (KHTML, like Gecko) Chrome/40.0.2214.93 Safari/537.36"
::ffff:127.0.0.1 - - [09/May/2023:23:02:26 +0000] "GET /php.ini HTTP/1.0" 404 146 "-" "Mozilla/5.0 (X11; Ubuntu; Linux x86_64) AppleWebKit/537.36 (KHTML, like Gecko) Chrome/55.0.2919.83 Safari/537.36"
::1 - - [09/May/2023:23:02:27 +0000] "GET /php.php HTTP/1.0" 404 146 "-" "Mozilla/5.0 (Macintosh; Intel Mac OS X 10_8_4) AppleWebKit/537.36 (KHTML, like Gecko) Chrome/49.0.2656.18 Safari/537.36"
::ffff:127.0.0.1 - - [09/May/2023:23:02:27 +0000] "GET /php/phpinfo.php HTTP/1.0" 404 154 "-" "Mozilla/5.0 (Macintosh; Intel Mac OS X 10_10_1) AppleWebKit/537.36 (KHTML, like Gecko) Chrome/41.0.2227.1 Safari/537.36"
::1 - - [09/May/2023:23:02:28 +0000] "GET /php_info.php HTTP/1.0" 404 151 "-" "Mozilla/5.0 (X11; Ubuntu; Linux x86_64) AppleWebKit/537.36 (KHTML, like Gecko) Chrome/55.0.2919.83 Safari/537.36"
::ffff:127.0.0.1 - - [09/May/2023:23:02:28 +0000] "GET /phpinfo HTTP/1.0" 404 146 "-" "Mozilla/5.0 (Windows NT 5.1) AppleWebKit/537.36 (KHTML, like Gecko) Chrome/34.0.1866.237 Safari/537.36"
::1 - - [09/May/2023:23:02:29 +0000] "GET /phpinfo.php HTTP/1.0" 404 150 "-" "Mozilla/5.0 (Windows NT 5.1) AppleWebKit/537.36 (KHTML, like Gecko) Chrome/35.0.3319.102 Safari/537.36"
::ffff:127.0.0.1 - - [09/May/2023:23:02:29 +0000] "GET /phpinfo/phpinfo.php HTTP/1.0" 404 158 "-" "Mozilla/5.0 (Windows NT 10.0) AppleWebKit/537.36 (KHTML, like Gecko) Chrome/89.0.4389.114 Safari/537.36"
::1 - - [09/May/2023:23:02:30 +0000] "GET /phptest.php HTTP/1.0" 404 150 "-" "Mozilla/5.0 (X11; Ubuntu; Linux x86_64) AppleWebKit/537.36 (KHTML, like Gecko) Chrome/55.0.2919.83 Safari/537.36"
::ffff:127.0.0.1 - - [09/May/2023:23:02:30 +0000] "GET /pi.php HTTP/1.0" 404 145 "-" "Mozilla/5.0 (Macintosh; Intel Mac OS X 10_9_2) AppleWebKit/537.36 (KHTML, like Gecko) Chrome/36.0.1944.0 Safari/537.36"
::1 - - [09/May/2023:23:02:31 +0000] "GET /root/infophp HTTP/1.0" 404 151 "-" "Mozilla/5.0 (Windows NT 6.3; WOW64) AppleWebKit/537.36 (KHTML, like Gecko) Chrome/41.0.2226.0 Safari/537.36"
::ffff:127.0.0.1 - - [09/May/2023:23:02:31 +0000] "GET /server/phpinfo.php HTTP/1.0" 404 157 "-" "Mozilla/5.0 (Windows NT 6.3; Win64; x64) AppleWebKit/537.36 (KHTML, like Gecko) Chrome/37.0.2049.0 Safari/537.36"
::1 - - [09/May/2023:23:02:32 +0000] "GET /temp.php HTTP/1.0" 404 147 "-" "Mozilla/5.0 (Windows NT 6.2; WOW64) AppleWebKit/537.36 (KHTML like Gecko) Chrome/44.0.2403.155 Safari/537.36"
::ffff:127.0.0.1 - - [09/May/2023:23:02:32 +0000] "GET /test.php HTTP/1.0" 404 147 "-" "Mozilla/5.0 (Windows NT 6.1; WOW64) AppleWebKit/537.36 (KHTML, like Gecko) Chrome/41.0.2227.0 Safari/537.36"
::1 - - [09/May/2023:23:02:33 +0000] "GET /test1.php HTTP/1.0" 404 148 "-" "Mozilla/5.0 (Windows NT 10.0; Win64; x64) AppleWebKit/537.36 (KHTML, like Gecko) Chrome/89.0.4389.114 Safari/537.36"
::ffff:127.0.0.1 - - [09/May/2023:23:02:33 +0000] "GET /test2.php HTTP/1.0" 404 148 "-" "Mozilla/5.0 (Macintosh; Intel Mac OS X 10_10_1) AppleWebKit/537.36 (KHTML, like Gecko) Chrome/41.0.2227.1 Safari/537.36"
::1 - - [09/May/2023:23:02:34 +0000] "GET /testing.php HTTP/1.0" 404 150 "-" "Mozilla/5.0 (Windows NT 5.1) AppleWebKit/537.36 (KHTML, like Gecko) Chrome/35.0.2117.157 Safari/537.36"
::ffff:127.0.0.1 - - [09/May/2023:23:02:34 +0000] "GET /testphpinfo HTTP/1.0" 404 150 "-" "Mozilla/5.0 (Macintosh; Intel Mac OS X 10_9_2) AppleWebKit/537.36 (KHTML, like Gecko) Chrome/52.0.2762.73 Safari/537.36"
::1 - - [09/May/2023:23:02:35 +0000] "GET /tools/info.php HTTP/1.0" 404 153 "-" "Mozilla/5.0 (Windows NT 10.0; Win64; x64) AppleWebKit/537.36 (KHTML, like Gecko) Chrome/70.0.3538.77 Safari/537.36"
::ffff:127.0.0.1 - - [09/May/2023:23:02:35 +0000] "GET /wp-config.backup HTTP/1.0" 404 155 "-" "Mozilla/5.0 (Windows NT 4.0; WOW64) AppleWebKit/537.36 (KHTML, like Gecko) Chrome/37.0.2049.0 Safari/537.36"
::1 - - [09/May/2023:23:02:36 +0000] "GET /wp-config.bak HTTP/1.0" 404 152 "-" "Mozilla/5.0 (Windows NT 5.1) AppleWebKit/537.36 (KHTML, like Gecko) Chrome/35.0.2309.372 Safari/537.36"
::ffff:127.0.0.1 - - [09/May/2023:23:02:36 +0000] "GET /wp-config.orig HTTP/1.0" 404 153 "-" "Mozilla/5.0 (Macintosh; Intel Mac OS X 10_10_1) AppleWebKit/537.36 (KHTML, like Gecko) Chrome/37.0.2062.124 Safari/537.36"
::1 - - [09/May/2023:23:02:37 +0000] "GET /wp-config.php HTTP/1.0" 404 152 "-" "Mozilla/5.0 (Macintosh; Intel Mac OS X 10_8_3) AppleWebKit/537.36 (KHTML, like Gecko) Chrome/54.0.2866.71 Safari/537.36"
::ffff:127.0.0.1 - - [09/May/2023:23:02:37 +0000] "GET /wp-config.php. HTTP/1.0" 404 153 "-" "Mozilla/5.0 (Macintosh; Intel Mac OS X 10_10_1) AppleWebKit/537.36 (KHTML, like Gecko) Chrome/41.0.2227.1 Safari/537.36"
::1 - - [09/May/2023:23:02:38 +0000] "GET /wp-config.php.bak HTTP/1.0" 404 156 "-" "Mozilla/5.0 (X11; Ubuntu; Linux x86_64) AppleWebKit/537.36 (KHTML, like Gecko) Chrome/55.0.2919.83 Safari/537.36"
::ffff:127.0.0.1 - - [09/May/2023:23:02:38 +0000] "GET /wp-config.php.bk HTTP/1.0" 404 155 "-" "Mozilla/5.0 (Windows NT 5.1) AppleWebKit/537.36 (KHTML, like Gecko) Chrome/35.0.2309.372 Safari/537.36"
::1 - - [09/May/2023:23:02:39 +0000] "POST /api/v1/users/register HTTP/1.0" 200 461 "-" "okhttp/4.9.2"
::ffff:127.0.0.1 - - [09/May/2023:23:02:39 +0000] "GET /api/v1/users/me? HTTP/1.0" 200 187 "-" "okhttp/4.9.2"
::1 - - [09/May/2023:23:02:39 +0000] "GET /wp-config.php.orig HTTP/1.0" 404 157 "-" "Mozilla/5.0 (Windows NT 5.1) AppleWebKit/537.36 (KHTML, like Gecko) Chrome/34.0.1866.237 Safari/537.36"
::ffff:127.0.0.1 - - [09/May/2023:23:02:39 +0000] "GET /wp-config.php.save HTTP/1.0" 404 157 "-" "Mozilla/5.0 (X11; Ubuntu; Linux i686 on x86_64) AppleWebKit/537.36 (KHTML, like Gecko) Chrome/53.0.2820.59 Safari/537.36"
::1 - - [09/May/2023:23:02:40 +0000] "GET /wp-config.php_ HTTP/1.0" 404 153 "-" "Mozilla/5.0 (Macintosh; Intel Mac OS X 10_10_1) AppleWebKit/537.36 (KHTML, like Gecko) Chrome/41.0.2227.1 Safari/537.36"
::ffff:127.0.0.1 - - [09/May/2023:23:02:40 +0000] "GET /wp-config.php_bk HTTP/1.0" 404 155 "-" "Mozilla/5.0 (Windows NT 10.0; Win64; x64) AppleWebKit/537.36 (KHTML, like Gecko) Chrome/89.0.4389.114 Safari/537.36"
::1 - - [09/May/2023:23:02:41 +0000] "GET /wp-config.php_old HTTP/1.0" 404 156 "-" "Mozilla/5.0 (Windows NT 6.1) AppleWebKit/537.36 (KHTML, like Gecko) Chrome/41.0.2228.0 Safari/537.36"
::ffff:127.0.0.1 - - [09/May/2023:23:02:41 +0000] "GET /wp-config.php_orig HTTP/1.0" 404 157 "-" "Mozilla/5.0 (X11; Ubuntu; Linux i686 on x86_64) AppleWebKit/537.36 (KHTML, like Gecko) Chrome/53.0.2820.59 Safari/537.36"
::1 - - [09/May/2023:23:02:42 +0000] "GET /wp-config.php~ HTTP/1.0" 404 153 "-" "Mozilla/5.0 (X11; Linux x86_64) AppleWebKit/537.36 (KHTML, like Gecko) Chrome/41.0.2227.0 Safari/537.36"
::ffff:127.0.0.1 - - [09/May/2023:23:02:42 +0000] "GET /.docker/.env HTTP/1.0" 404 151 "-" "Mozilla/5.0 (X11; Ubuntu; Linux i686 on x86_64) AppleWebKit/537.36 (KHTML, like Gecko) Chrome/53.0.2820.59 Safari/537.36"
::1 - - [09/May/2023:23:02:43 +0000] "GET /.docker/laravel/app/.env HTTP/1.0" 404 163 "-" "Mozilla/5.0 (Windows NT 6.1; WOW64) AppleWebKit/537.36 (KHTML, like Gecko) Chrome/36.0.1985.67 Safari/537.36"
::ffff:127.0.0.1 - - [09/May/2023:23:02:43 +0000] "GET /.env.backup HTTP/1.0" 404 150 "-" "Mozilla/5.0 (Windows NT 6.3; WOW64) AppleWebKit/537.36 (KHTML, like Gecko) Chrome/41.0.2226.0 Safari/537.36"
::1 - - [09/May/2023:23:02:44 +0000] "GET /.env.dev HTTP/1.0" 404 147 "-" "Mozilla/5.0 (Windows NT 6.3; WOW64) AppleWebKit/537.36 (KHTML, like Gecko) Chrome/41.0.2225.0 Safari/537.36"
::ffff:127.0.0.1 - - [09/May/2023:23:02:44 +0000] "GET /.env.dist HTTP/1.0" 404 148 "-" "Mozilla/5.0 (Windows NT 5.1) AppleWebKit/537.36 (KHTML, like Gecko) Chrome/34.0.1866.237 Safari/537.36"
::1 - - [09/May/2023:23:02:45 +0000] "GET /.env.example HTTP/1.0" 404 151 "-" "Mozilla/5.0 (Macintosh; Intel Mac OS X 10_8_3) AppleWebKit/537.36 (KHTML, like Gecko) Chrome/54.0.2866.71 Safari/537.36"
::ffff:127.0.0.1 - - [09/May/2023:23:02:45 +0000] "GET /.env.local HTTP/1.0" 404 149 "-" "Mozilla/5.0 (Macintosh; Intel Mac OS X 10_9_3) AppleWebKit/537.36 (KHTML, like Gecko) Chrome/35.0.1916.47 Safari/537.36"
::1 - - [09/May/2023:23:02:45 +0000] "GET /.env.save HTTP/1.0" 404 148 "-" "Mozilla/5.0 (Windows NT 5.1) AppleWebKit/537.36 (KHTML, like Gecko) Chrome/35.0.3319.102 Safari/537.36"
::ffff:127.0.0.1 - - [09/May/2023:23:02:46 +0000] "GET /api/v1/users/me? HTTP/1.0" 304 - "-" "okhttp/4.9.2"
::1 - - [09/May/2023:23:02:46 +0000] "GET /.env.stage HTTP/1.0" 404 149 "-" "Mozilla/5.0 (X11; Ubuntu; Linux i686 on x86_64) AppleWebKit/537.36 (KHTML, like Gecko) Chrome/53.0.2820.59 Safari/537.36"
::ffff:127.0.0.1 - - [09/May/2023:23:02:46 +0000] "GET /.env.www HTTP/1.0" 404 147 "-" "Mozilla/5.0 (X11; Linux x86_64) AppleWebKit/537.36 (KHTML, like Gecko) Chrome/34.0.1847.137 Safari/4E423F"
::1 - - [09/May/2023:23:02:47 +0000] "GET /.env_1 HTTP/1.0" 404 145 "-" "Mozilla/5.0 (X11; Ubuntu; Linux i686 on x86_64) AppleWebKit/537.36 (KHTML, like Gecko) Chrome/53.0.2820.59 Safari/537.36"
::ffff:127.0.0.1 - - [09/May/2023:23:02:47 +0000] "GET /.envs HTTP/1.0" 404 144 "-" "Mozilla/5.0 (Macintosh; Intel Mac OS X 10_10_1) AppleWebKit/537.36 (KHTML, like Gecko) Chrome/37.0.2062.124 Safari/537.36"
::1 - - [09/May/2023:23:02:48 +0000] "GET /.env~ HTTP/1.0" 404 144 "-" "Mozilla/5.0 (Windows NT 5.1) AppleWebKit/537.36 (KHTML, like Gecko) Chrome/35.0.2117.157 Safari/537.36"
::ffff:127.0.0.1 - - [09/May/2023:23:02:48 +0000] "GET /.gitlab-ci/.env HTTP/1.0" 404 154 "-" "Mozilla/5.0 (Windows NT 6.3; WOW64) AppleWebKit/537.36 (KHTML, like Gecko) Chrome/41.0.2225.0 Safari/537.36"
::1 - - [09/May/2023:23:02:49 +0000] "GET /.s3cfg HTTP/1.0" 404 145 "-" "Mozilla/5.0 (Macintosh; Intel Mac OS X 10_8_4) AppleWebKit/537.36 (KHTML, like Gecko) Chrome/49.0.2656.18 Safari/537.36"
::ffff:127.0.0.1 - - [09/May/2023:23:02:49 +0000] "GET /.vscode/.env HTTP/1.0" 404 151 "-" "Mozilla/5.0 (X11; Linux x86_64) AppleWebKit/537.36 (KHTML, like Gecko) Chrome/41.0.2227.0 Safari/537.36"
::1 - - [09/May/2023:23:02:50 +0000] "GET /admin-app/.env HTTP/1.0" 404 153 "-" "Mozilla/5.0 (Windows NT 6.2; WOW64) AppleWebKit/537.36 (KHTML like Gecko) Chrome/44.0.2403.155 Safari/537.36"
::ffff:127.0.0.1 - - [09/May/2023:23:02:50 +0000] "GET /admin/.env HTTP/1.0" 404 149 "-" "Mozilla/5.0 (Macintosh; Intel Mac OS X 10_10_1) AppleWebKit/537.36 (KHTML, like Gecko) Chrome/41.0.2227.1 Safari/537.36"
::ffff:127.0.0.1 - - [09/May/2023:23:02:51 +0000] "GET /alpha/.env HTTP/1.0" 404 149 "-" "Mozilla/5.0 (Windows NT 6.4; WOW64) AppleWebKit/537.36 (KHTML, like Gecko) Chrome/41.0.2225.0 Safari/537.36"
::1 - - [09/May/2023:23:02:51 +0000] "GET /api/.env HTTP/1.0" 404 147 "-" "Mozilla/5.0 (Macintosh; Intel Mac OS X 10_10_1) AppleWebKit/537.36 (KHTML, like Gecko) Chrome/37.0.2062.124 Safari/537.36"
::ffff:127.0.0.1 - - [09/May/2023:23:02:52 +0000] "GET /api/src/.env HTTP/1.0" 404 151 "-" "Mozilla/5.0 (Windows NT 6.1) AppleWebKit/537.36 (KHTML, like Gecko) Chrome/41.0.2228.0 Safari/537.36"
::1 - - [09/May/2023:23:02:52 +0000] "POST /api/v1/users/invoice/645ad10ea32e8316d8229a8d HTTP/1.0" 200 50 "-" "okhttp/4.9.2"
::1 - - [09/May/2023:23:02:52 +0000] "GET /apis/.env HTTP/1.0" 404 148 "-" "Mozilla/5.0 (Windows NT 4.0; WOW64) AppleWebKit/537.36 (KHTML, like Gecko) Chrome/37.0.2049.0 Safari/537.36"
::ffff:127.0.0.1 - - [09/May/2023:23:02:52 +0000] "GET /api/v1/wallets/645ad11ca32e8316d8229a92? HTTP/1.0" 200 16049 "-" "okhttp/4.9.2"
::1 - - [09/May/2023:23:02:53 +0000] "GET /app/.env HTTP/1.0" 404 147 "-" "Mozilla/5.0 (Windows NT 5.1) AppleWebKit/537.36 (KHTML, like Gecko) Chrome/36.0.1985.67 Safari/537.36"
::ffff:127.0.0.1 - - [09/May/2023:23:02:53 +0000] "GET /app/config/.env HTTP/1.0" 404 154 "-" "Mozilla/5.0 (Windows NT 6.1) AppleWebKit/537.36 (KHTML, like Gecko) Chrome/41.0.2228.0 Safari/537.36"
::1 - - [09/May/2023:23:02:53 +0000] "GET /app/config/dev/.env HTTP/1.0" 404 158 "-" "Mozilla/5.0 (X11; Ubuntu; Linux x86_64) AppleWebKit/537.36 (KHTML, like Gecko) Chrome/55.0.2919.83 Safari/537.36"
::ffff:127.0.0.1 - - [09/May/2023:23:02:54 +0000] "GET /apps/.env HTTP/1.0" 404 148 "-" "Mozilla/5.0 (X11; Ubuntu; Linux i686 on x86_64) AppleWebKit/537.36 (KHTML, like Gecko) Chrome/53.0.2820.59 Safari/537.36"
::1 - - [09/May/2023:23:02:54 +0000] "GET /assets/.env HTTP/1.0" 404 150 "-" "Mozilla/5.0 (Windows NT 6.3; Win64; x64) AppleWebKit/537.36 (KHTML, like Gecko) Chrome/37.0.2049.0 Safari/537.36"
::ffff:127.0.0.1 - - [09/May/2023:23:02:55 +0000] "GET /back/.env HTTP/1.0" 404 148 "-" "Mozilla/5.0 (Windows NT 6.3; Win64; x64) AppleWebKit/537.36 (KHTML, like Gecko) Chrome/37.0.2049.0 Safari/537.36"
::1 - - [09/May/2023:23:02:55 +0000] "GET /backend/.env HTTP/1.0" 404 151 "-" "Mozilla/5.0 (Windows NT 5.1) AppleWebKit/537.36 (KHTML, like Gecko) Chrome/34.0.1866.237 Safari/537.36"
::1 - - [09/May/2023:23:02:56 +0000] "GET /beta/.env HTTP/1.0" 404 148 "-" "Mozilla/5.0 (Windows NT 4.0; WOW64) AppleWebKit/537.36 (KHTML, like Gecko) Chrome/37.0.2049.0 Safari/537.36"
::ffff:127.0.0.1 - - [09/May/2023:23:02:56 +0000] "GET /blog/.env HTTP/1.0" 404 148 "-" "Mozilla/5.0 (Windows NT 5.1) AppleWebKit/537.36 (KHTML, like Gecko) Chrome/35.0.2309.372 Safari/537.36"
::ffff:127.0.0.1 - - [09/May/2023:23:02:57 +0000] "POST /api/v1/users/invoice/645ad10ea32e8316d8229a8d HTTP/1.0" 200 50 "-" "okhttp/4.9.2"
::1 - - [09/May/2023:23:02:57 +0000] "GET /bootstrap/.env HTTP/1.0" 404 153 "-" "Mozilla/5.0 (X11; Linux x86_64) AppleWebKit/537.36 (KHTML, like Gecko) Chrome/34.0.1847.137 Safari/4E423F"
::ffff:127.0.0.1 - - [09/May/2023:23:02:57 +0000] "GET /api/v1/wallets/645ad121a32e8316d8229aa4? HTTP/1.0" 200 16129 "-" "okhttp/4.9.2"
::1 - - [09/May/2023:23:02:57 +0000] "GET /client/.env HTTP/1.0" 404 150 "-" "Mozilla/5.0 (Macintosh; Intel Mac OS X 10_8_3) AppleWebKit/537.36 (KHTML, like Gecko) Chrome/54.0.2866.71 Safari/537.36"
::ffff:127.0.0.1 - - [09/May/2023:23:02:58 +0000] "GET /config.env HTTP/1.0" 404 149 "-" "Mozilla/5.0 (X11; Ubuntu; Linux x86_64) AppleWebKit/537.36 (KHTML, like Gecko) Chrome/55.0.2919.83 Safari/537.36"
::1 - - [09/May/2023:23:02:58 +0000] "GET /config/.env HTTP/1.0" 404 150 "-" "Mozilla/5.0 (X11; Linux x86_64) AppleWebKit/537.36 (KHTML, like Gecko) Chrome/34.0.1847.137 Safari/4E423F"
::ffff:127.0.0.1 - - [09/May/2023:23:02:59 +0000] "GET /content/.env HTTP/1.0" 404 151 "-" "Mozilla/5.0 (Macintosh; Intel Mac OS X 10_10_1) AppleWebKit/537.36 (KHTML, like Gecko) Chrome/37.0.2062.124 Safari/537.36"
::1 - - [09/May/2023:23:02:59 +0000] "GET /core/.env HTTP/1.0" 404 148 "-" "Mozilla/5.0 (Macintosh; Intel Mac OS X 10_8_4) AppleWebKit/537.36 (KHTML, like Gecko) Chrome/49.0.2656.18 Safari/537.36"
::ffff:127.0.0.1 - - [09/May/2023:23:03:00 +0000] "GET /cp/.env HTTP/1.0" 404 146 "-" "Mozilla/5.0 (Windows NT 6.3; Win64; x64) AppleWebKit/537.36 (KHTML, like Gecko) Chrome/37.0.2049.0 Safari/537.36"
::1 - - [09/May/2023:23:03:00 +0000] "GET /crm/.env.production HTTP/1.0" 404 158 "-" "Mozilla/5.0 (X11; Ubuntu; Linux x86_64) AppleWebKit/537.36 (KHTML, like Gecko) Chrome/55.0.2919.83 Safari/537.36"
::ffff:127.0.0.1 - - [09/May/2023:23:03:01 +0000] "GET /d/.env HTTP/1.0" 404 145 "-" "Mozilla/5.0 (Macintosh; Intel Mac OS X 10_9_3) AppleWebKit/537.36 (KHTML, like Gecko) Chrome/35.0.1916.47 Safari/537.36"
::1 - - [09/May/2023:23:03:01 +0000] "GET /demo/.env HTTP/1.0" 404 148 "-" "Mozilla/5.0 (X11; OpenBSD i386) AppleWebKit/537.36 (KHTML, like Gecko) Chrome/36.0.1985.125 Safari/537.36"
::ffff:127.0.0.1 - - [09/May/2023:23:03:01 +0000] "GET /dev/.env HTTP/1.0" 404 147 "-" "Mozilla/5.0 (Windows NT 5.1) AppleWebKit/537.36 (KHTML, like Gecko) Chrome/41.0.2224.3 Safari/537.36"
::1 - - [09/May/2023:23:03:02 +0000] "GET /api/v1/users/logout? HTTP/1.0" 200 39 "-" "okhttp/4.9.2"
::ffff:127.0.0.1 - - [09/May/2023:23:03:02 +0000] "GET /development/.env HTTP/1.0" 404 155 "-" "Mozilla/5.0 (Macintosh; Intel Mac OS X 10_9_2) AppleWebKit/537.36 (KHTML, like Gecko) Chrome/36.0.1944.0 Safari/537.36"
::1 - - [09/May/2023:23:03:02 +0000] "GET /api/v1/users/me? HTTP/1.0" 401 283 "-" "okhttp/4.9.2"
::ffff:127.0.0.1 - - [09/May/2023:23:03:02 +0000] "GET /docs/.env HTTP/1.0" 404 148 "-" "Mozilla/5.0 (X11; Linux x86_64) AppleWebKit/537.36 (KHTML, like Gecko) Chrome/34.0.1847.137 Safari/4E423F"
::1 - - [09/May/2023:23:03:03 +0000] "GET /download/.env HTTP/1.0" 404 152 "-" "Mozilla/5.0 (Macintosh; Intel Mac OS X 10_9_3) AppleWebKit/537.36 (KHTML, like Gecko) Chrome/35.0.1916.47 Safari/537.36"
::ffff:127.0.0.1 - - [09/May/2023:23:03:03 +0000] "GET /en/.env HTTP/1.0" 404 146 "-" "Mozilla/5.0 (Windows NT 10.0; Win64; x64) AppleWebKit/537.36 (KHTML, like Gecko) Chrome/70.0.3538.77 Safari/537.36"
::1 - - [09/May/2023:23:03:04 +0000] "GET /env/.env HTTP/1.0" 404 147 "-" "Mozilla/5.0 (Windows NT 5.1) AppleWebKit/537.36 (KHTML, like Gecko) Chrome/41.0.2224.3 Safari/537.36"
::ffff:127.0.0.1 - - [09/May/2023:23:03:04 +0000] "GET /environment HTTP/1.0" 404 150 "-" "Mozilla/5.0 (Windows NT 5.1) AppleWebKit/537.36 (KHTML, like Gecko) Chrome/35.0.3319.102 Safari/537.36"
::1 - - [09/May/2023:23:03:05 +0000] "GET /envrc HTTP/1.0" 404 144 "-" "Mozilla/5.0 (X11; OpenBSD i386) AppleWebKit/537.36 (KHTML, like Gecko) Chrome/36.0.1985.125 Safari/537.36"
::ffff:127.0.0.1 - - [09/May/2023:23:03:05 +0000] "GET /export/.env HTTP/1.0" 404 150 "-" "Mozilla/5.0 (Macintosh; Intel Mac OS X 10_10_1) AppleWebKit/537.36 (KHTML, like Gecko) Chrome/41.0.2227.1 Safari/537.36"
::1 - - [09/May/2023:23:03:06 +0000] "GET /files/.env HTTP/1.0" 404 149 "-" "Mozilla/5.0 (Windows NT 5.1) AppleWebKit/537.36 (KHTML, like Gecko) Chrome/34.0.1866.237 Safari/537.36"
::ffff:127.0.0.1 - - [09/May/2023:23:03:06 +0000] "GET /home/.env HTTP/1.0" 404 148 "-" "Mozilla/5.0 (Windows NT 10.0; Win64; x64) AppleWebKit/537.36 (KHTML, like Gecko) Chrome/70.0.3538.77 Safari/537.36"
::1 - - [09/May/2023:23:03:07 +0000] "GET /icons/.env HTTP/1.0" 404 149 "-" "Mozilla/5.0 (Macintosh; Intel Mac OS X 10_9_2) AppleWebKit/537.36 (KHTML, like Gecko) Chrome/36.0.1944.0 Safari/537.36"
::ffff:127.0.0.1 - - [09/May/2023:23:03:07 +0000] "GET /images/.env HTTP/1.0" 404 150 "-" "Mozilla/5.0 (X11; Linux x86_64) AppleWebKit/537.36 (KHTML, like Gecko) Chrome/34.0.1847.137 Safari/4E423F"
::1 - - [09/May/2023:23:03:08 +0000] "GET /img/.env HTTP/1.0" 404 147 "-" "Mozilla/5.0 (Macintosh; Intel Mac OS X 10_8_3) AppleWebKit/537.36 (KHTML, like Gecko) Chrome/54.0.2866.71 Safari/537.36"
::ffff:127.0.0.1 - - [09/May/2023:23:03:08 +0000] "GET /kyc/.env HTTP/1.0" 404 147 "-" "Mozilla/5.0 (Windows NT 5.1) AppleWebKit/537.36 (KHTML, like Gecko) Chrome/35.0.3319.102 Safari/537.36"
::1 - - [09/May/2023:23:03:09 +0000] "GET /laravel/.env HTTP/1.0" 404 151 "-" "Mozilla/5.0 (Windows NT 6.4; WOW64) AppleWebKit/537.36 (KHTML, like Gecko) Chrome/41.0.2225.0 Safari/537.36"
::ffff:127.0.0.1 - - [09/May/2023:23:03:09 +0000] "GET /laravel/core/.env HTTP/1.0" 404 156 "-" "Mozilla/5.0 (Windows NT 6.3; WOW64) AppleWebKit/537.36 (KHTML, like Gecko) Chrome/41.0.2225.0 Safari/537.36"
::1 - - [09/May/2023:23:03:09 +0000] "GET /lib/.env HTTP/1.0" 404 147 "-" "Mozilla/5.0 (X11; Linux x86_64) AppleWebKit/537.36 (KHTML, like Gecko) Chrome/34.0.1847.137 Safari/4E423F"
::ffff:127.0.0.1 - - [09/May/2023:23:03:10 +0000] "GET /live/.env.staging HTTP/1.0" 404 156 "-" "Mozilla/5.0 (Macintosh; Intel Mac OS X 10_8_4) AppleWebKit/537.36 (KHTML, like Gecko) Chrome/49.0.2656.18 Safari/537.36"
::1 - - [09/May/2023:23:03:10 +0000] "GET /local/.env HTTP/1.0" 404 149 "-" "Mozilla/5.0 (Macintosh; Intel Mac OS X 10_8_4) AppleWebKit/537.36 (KHTML, like Gecko) Chrome/49.0.2656.18 Safari/537.36"
::ffff:127.0.0.1 - - [09/May/2023:23:03:11 +0000] "GET /login/.env HTTP/1.0" 404 149 "-" "Mozilla/5.0 (Macintosh; Intel Mac OS X 10_8_3) AppleWebKit/537.36 (KHTML, like Gecko) Chrome/54.0.2866.71 Safari/537.36"
::1 - - [09/May/2023:23:03:11 +0000] "GET /mailer/.env HTTP/1.0" 404 150 "-" "Mozilla/5.0 (X11; Ubuntu; Linux i686 on x86_64) AppleWebKit/537.36 (KHTML, like Gecko) Chrome/53.0.2820.59 Safari/537.36"
::ffff:127.0.0.1 - - [09/May/2023:23:03:12 +0000] "GET /manual/.env HTTP/1.0" 404 150 "-" "Mozilla/5.0 (Windows NT 10.0) AppleWebKit/537.36 (KHTML, like Gecko) Chrome/40.0.2214.93 Safari/537.36"
::1 - - [09/May/2023:23:03:12 +0000] "GET /media/.env HTTP/1.0" 404 149 "-" "Mozilla/5.0 (Windows NT 10.0; Win64; x64) AppleWebKit/537.36 (KHTML, like Gecko) Chrome/89.0.4389.114 Safari/537.36"
::ffff:127.0.0.1 - - [09/May/2023:23:03:13 +0000] "GET /private/.env HTTP/1.0" 404 151 "-" "Mozilla/5.0 (Windows NT 6.3; WOW64) AppleWebKit/537.36 (KHTML, like Gecko) Chrome/41.0.2226.0 Safari/537.36"
::ffff:127.0.0.1 - - [09/May/2023:23:03:13 +0000] "GET /prod/.env HTTP/1.0" 404 148 "-" "Mozilla/5.0 (X11; Linux x86_64) AppleWebKit/537.36 (KHTML, like Gecko) Chrome/41.0.2227.0 Safari/537.36"
::1 - - [09/May/2023:23:03:13 +0000] "POST /api/v1/users/register HTTP/1.0" 500 247 "-" "okhttp/4.9.2"
::1 - - [09/May/2023:23:03:14 +0000] "GET /public/.env HTTP/1.0" 404 150 "-" "Mozilla/5.0 (X11; Ubuntu; Linux i686 on x86_64) AppleWebKit/537.36 (KHTML, like Gecko) Chrome/53.0.2820.59 Safari/537.36"
::ffff:127.0.0.1 - - [09/May/2023:23:03:14 +0000] "GET /results/.env HTTP/1.0" 404 151 "-" "Mozilla/5.0 (X11; Linux x86_64) AppleWebKit/537.36 (KHTML, like Gecko) Chrome/41.0.2227.0 Safari/537.36"
::1 - - [09/May/2023:23:03:15 +0000] "GET /script/.env HTTP/1.0" 404 150 "-" "Mozilla/5.0 (Macintosh; Intel Mac OS X 10_9_2) AppleWebKit/537.36 (KHTML, like Gecko) Chrome/36.0.1944.0 Safari/537.36"
::ffff:127.0.0.1 - - [09/May/2023:23:03:15 +0000] "GET /scripts/.env HTTP/1.0" 404 151 "-" "Mozilla/5.0 (Macintosh; Intel Mac OS X 10_9_2) AppleWebKit/537.36 (KHTML, like Gecko) Chrome/52.0.2762.73 Safari/537.36"
::1 - - [09/May/2023:23:03:16 +0000] "GET /server/.env HTTP/1.0" 404 150 "-" "Mozilla/5.0 (Macintosh; Intel Mac OS X 10_9_2) AppleWebKit/537.36 (KHTML, like Gecko) Chrome/52.0.2762.73 Safari/537.36"
::ffff:127.0.0.1 - - [09/May/2023:23:03:16 +0000] "GET /services/.env HTTP/1.0" 404 152 "-" "Mozilla/5.0 (Windows NT 6.3; Win64; x64) AppleWebKit/537.36 (KHTML, like Gecko) Chrome/37.0.2049.0 Safari/537.36"
::1 - - [09/May/2023:23:03:17 +0000] "GET /shared/.env HTTP/1.0" 404 150 "-" "Mozilla/5.0 (Macintosh; Intel Mac OS X 10_9_2) AppleWebKit/537.36 (KHTML, like Gecko) Chrome/36.0.1944.0 Safari/537.36"
::ffff:127.0.0.1 - - [09/May/2023:23:03:17 +0000] "GET /site/.env HTTP/1.0" 404 148 "-" "Mozilla/5.0 (Windows NT 5.1) AppleWebKit/537.36 (KHTML, like Gecko) Chrome/35.0.2117.157 Safari/537.36"
::1 - - [09/May/2023:23:03:18 +0000] "GET /src/.env HTTP/1.0" 404 147 "-" "Mozilla/5.0 (Windows NT 6.3; Win64; x64) AppleWebKit/537.36 (KHTML, like Gecko) Chrome/37.0.2049.0 Safari/537.36"
::ffff:127.0.0.1 - - [09/May/2023:23:03:18 +0000] "GET /staging/.env HTTP/1.0" 404 151 "-" "Mozilla/5.0 (X11; OpenBSD i386) AppleWebKit/537.36 (KHTML, like Gecko) Chrome/36.0.1985.125 Safari/537.36"
::1 - - [09/May/2023:23:03:18 +0000] "GET /static/.env HTTP/1.0" 404 150 "-" "Mozilla/5.0 (Windows NT 6.3; Win64; x64) AppleWebKit/537.36 (KHTML, like Gecko) Chrome/37.0.2049.0 Safari/537.36"
::ffff:127.0.0.1 - - [09/May/2023:23:03:19 +0000] "GET /storage/.env HTTP/1.0" 404 151 "-" "Mozilla/5.0 (X11; Linux x86_64) AppleWebKit/537.36 (KHTML, like Gecko) Chrome/34.0.1847.137 Safari/4E423F"
::1 - - [09/May/2023:23:03:19 +0000] "GET /system/.env HTTP/1.0" 404 150 "-" "Mozilla/5.0 (Windows NT 10.0) AppleWebKit/537.36 (KHTML, like Gecko) Chrome/89.0.4389.114 Safari/537.36"
::ffff:127.0.0.1 - - [09/May/2023:23:03:20 +0000] "GET /test/.env HTTP/1.0" 404 148 "-" "Mozilla/5.0 (Macintosh; Intel Mac OS X 10_9_2) AppleWebKit/537.36 (KHTML, like Gecko) Chrome/52.0.2762.73 Safari/537.36"
::1 - - [09/May/2023:23:03:20 +0000] "GET /uploads/.env HTTP/1.0" 404 151 "-" "Mozilla/5.0 (Windows NT 6.1) AppleWebKit/537.36 (KHTML, like Gecko) Chrome/41.0.2228.0 Safari/537.36"
::ffff:127.0.0.1 - - [09/May/2023:23:03:21 +0000] "GET /v2/.env HTTP/1.0" 404 146 "-" "Mozilla/5.0 (Windows NT 5.1) AppleWebKit/537.36 (KHTML, like Gecko) Chrome/35.0.2117.157 Safari/537.36"
::1 - - [09/May/2023:23:03:21 +0000] "GET /web/.env HTTP/1.0" 404 147 "-" "Mozilla/5.0 (Macintosh; Intel Mac OS X 10_10_1) AppleWebKit/537.36 (KHTML, like Gecko) Chrome/41.0.2227.1 Safari/537.36"
::ffff:127.0.0.1 - - [09/May/2023:23:03:22 +0000] "GET /env HTTP/1.0" 404 142 "-" "Mozilla/5.0 (Windows NT 6.1) AppleWebKit/537.36 (KHTML, like Gecko) Chrome/41.0.2228.0 Safari/537.36"
::1 - - [09/May/2023:23:03:22 +0000] "GET /env/ HTTP/1.0" 404 143 "-" "Mozilla/5.0 (Windows NT 4.0; WOW64) AppleWebKit/537.36 (KHTML, like Gecko) Chrome/37.0.2049.0 Safari/537.36"
::ffff:127.0.0.1 - - [09/May/2023:23:03:23 +0000] "GET /.venv HTTP/1.0" 404 144 "-" "Mozilla/5.0 (X11; Linux x86_64) AppleWebKit/537.36 (KHTML, like Gecko) Chrome/34.0.1847.137 Safari/4E423F"
::1 - - [09/May/2023:23:03:23 +0000] "GET /info HTTP/1.0" 404 143 "-" "Mozilla/5.0 (Macintosh; Intel Mac OS X 10_10_1) AppleWebKit/537.36 (KHTML, like Gecko) Chrome/41.0.2227.1 Safari/537.36"
::ffff:127.0.0.1 - - [09/May/2023:23:03:24 +0000] "GET /.env1 HTTP/1.0" 404 144 "-" "Mozilla/5.0 (Windows NT 6.1; WOW64) AppleWebKit/537.36 (KHTML, like Gecko) Chrome/41.0.2227.0 Safari/537.36"
::1 - - [09/May/2023:23:03:24 +0000] "GET /.envrc HTTP/1.0" 404 145 "-" "Mozilla/5.0 (Windows NT 6.3; WOW64) AppleWebKit/537.36 (KHTML, like Gecko) Chrome/41.0.2225.0 Safari/537.36"
::ffff:127.0.0.1 - - [09/May/2023:23:03:25 +0000] "GET /.hsenv HTTP/1.0" 404 145 "-" "Mozilla/5.0 (X11; Ubuntu; Linux i686 on x86_64) AppleWebKit/537.36 (KHTML, like Gecko) Chrome/53.0.2820.59 Safari/537.36"
::1 - - [09/May/2023:23:03:25 +0000] "GET /env.js HTTP/1.0" 404 145 "-" "Mozilla/5.0 (Windows NT 4.0; WOW64) AppleWebKit/537.36 (KHTML, like Gecko) Chrome/37.0.2049.0 Safari/537.36"
::ffff:127.0.0.1 - - [09/May/2023:23:03:26 +0000] "GET /.env.2 HTTP/1.0" 404 145 "-" "Mozilla/5.0 (X11; Linux x86_64) AppleWebKit/537.36 (KHTML, like Gecko) Chrome/41.0.2227.0 Safari/537.36"
::1 - - [09/May/2023:23:03:26 +0000] "GET /.powenv HTTP/1.0" 404 146 "-" "Mozilla/5.0 (Windows NT 6.1) AppleWebKit/537.36 (KHTML, like Gecko) Chrome/41.0.2228.0 Safari/537.36"
::ffff:127.0.0.1 - - [09/May/2023:23:03:27 +0000] "GET /.zshenv HTTP/1.0" 404 146 "-" "Mozilla/5.0 (Windows NT 5.1) AppleWebKit/537.36 (KHTML, like Gecko) Chrome/35.0.2309.372 Safari/537.36"
::1 - - [09/May/2023:23:03:27 +0000] "GET /v1/.env HTTP/1.0" 404 146 "-" "Mozilla/5.0 (Windows NT 10.0; Win64; x64) AppleWebKit/537.36 (KHTML, like Gecko) Chrome/89.0.4389.114 Safari/537.36"
::ffff:127.0.0.1 - - [09/May/2023:23:03:27 +0000] "GET /env.list HTTP/1.0" 404 147 "-" "Mozilla/5.0 (X11; Linux x86_64) AppleWebKit/537.36 (KHTML, like Gecko) Chrome/41.0.2227.0 Safari/537.36"
::1 - - [09/May/2023:23:03:28 +0000] "GET /env.txt HTTP/1.0" 404 146 "-" "Mozilla/5.0 (Macintosh; Intel Mac OS X 10_9_3) AppleWebKit/537.36 (KHTML, like Gecko) Chrome/35.0.1916.47 Safari/537.36"
::ffff:127.0.0.1 - - [09/May/2023:23:03:28 +0000] "POST /api/v1/users/login HTTP/1.0" 401 123 "-" "okhttp/4.9.2"
::1 - - [09/May/2023:23:03:28 +0000] "GET /printenv HTTP/1.0" 404 147 "-" "Mozilla/5.0 (Windows NT 10.0; Win64; x64) AppleWebKit/537.36 (KHTML, like Gecko) Chrome/89.0.4389.114 Safari/537.36"
::ffff:127.0.0.1 - - [09/May/2023:23:03:29 +0000] "GET /env.bak/ HTTP/1.0" 404 147 "-" "Mozilla/5.0 (Macintosh; Intel Mac OS X 10_9_2) AppleWebKit/537.36 (KHTML, like Gecko) Chrome/52.0.2762.73 Safari/537.36"
::1 - - [09/May/2023:23:03:29 +0000] "POST /api/v1/users/login HTTP/1.0" 401 123 "-" "okhttp/4.9.2"
::ffff:127.0.0.1 - - [09/May/2023:23:03:29 +0000] "GET /env.json HTTP/1.0" 404 147 "-" "Mozilla/5.0 (Windows NT 5.1) AppleWebKit/537.36 (KHTML, like Gecko) Chrome/34.0.1866.237 Safari/537.36"
::1 - - [09/May/2023:23:03:29 +0000] "POST /api/v1/users/login HTTP/1.0" 401 123 "-" "okhttp/4.9.2"
::ffff:127.0.0.1 - - [09/May/2023:23:03:30 +0000] "POST /api/v1/users/login HTTP/1.0" 401 123 "-" "okhttp/4.9.2"
::1 - - [09/May/2023:23:03:30 +0000] "GET /.env.php HTTP/1.0" 404 147 "-" "Mozilla/5.0 (Windows NT 6.1) AppleWebKit/537.36 (KHTML, like Gecko) Chrome/41.0.2228.0 Safari/537.36"
::ffff:127.0.0.1 - - [09/May/2023:23:03:30 +0000] "GET /app.conf HTTP/1.0" 404 147 "-" "Mozilla/5.0 (X11; OpenBSD i386) AppleWebKit/537.36 (KHTML, like Gecko) Chrome/36.0.1985.125 Safari/537.36"
::1 - - [09/May/2023:23:03:31 +0000] "GET /.env.prod HTTP/1.0" 404 148 "-" "Mozilla/5.0 (Macintosh; Intel Mac OS X 10_9_2) AppleWebKit/537.36 (KHTML, like Gecko) Chrome/52.0.2762.73 Safari/537.36"
::ffff:127.0.0.1 - - [09/May/2023:23:03:31 +0000] "GET /.env.test HTTP/1.0" 404 148 "-" "Mozilla/5.0 (Windows NT 5.1) AppleWebKit/537.36 (KHTML, like Gecko) Chrome/35.0.3319.102 Safari/537.36"
::1 - - [09/May/2023:23:03:32 +0000] "GET /api/v1/users/me? HTTP/1.0" 200 227 "-" "Sedu/1 CFNetwork/1404.0.5 Darwin/22.3.0"
::ffff:127.0.0.1 - - [09/May/2023:23:03:32 +0000] "GET /.env.txt HTTP/1.0" 404 147 "-" "Mozilla/5.0 (Windows NT 6.1; WOW64) AppleWebKit/537.36 (KHTML, like Gecko) Chrome/36.0.1985.67 Safari/537.36"
::1 - - [09/May/2023:23:03:32 +0000] "GET /.env_old HTTP/1.0" 404 147 "-" "Mozilla/5.0 (Windows NT 6.1) AppleWebKit/537.36 (KHTML, like Gecko) Chrome/41.0.2228.0 Safari/537.36"
::ffff:127.0.0.1 - - [09/May/2023:23:03:33 +0000] "GET /.env.bak HTTP/1.0" 404 147 "-" "Mozilla/5.0 (Windows NT 6.4; WOW64) AppleWebKit/537.36 (KHTML, like Gecko) Chrome/41.0.2225.0 Safari/537.36"
::1 - - [09/May/2023:23:03:33 +0000] "GET /.env_bak HTTP/1.0" 404 147 "-" "Mozilla/5.0 (Windows NT 6.3; Win64; x64) AppleWebKit/537.36 (KHTML, like Gecko) Chrome/37.0.2049.0 Safari/537.36"
::ffff:127.0.0.1 - - [09/May/2023:23:03:34 +0000] "GET /deploy.env HTTP/1.0" 404 149 "-" "Mozilla/5.0 (Windows NT 6.1; WOW64) AppleWebKit/537.36 (KHTML, like Gecko) Chrome/36.0.1985.67 Safari/537.36"
::1 - - [09/May/2023:23:03:34 +0000] "GET /.flaskenv HTTP/1.0" 404 148 "-" "Mozilla/5.0 (Macintosh; Intel Mac OS X 10_8_3) AppleWebKit/537.36 (KHTML, like Gecko) Chrome/54.0.2866.71 Safari/537.36"
::1 - - [09/May/2023:23:03:35 +0000] "GET /secrets.env HTTP/1.0" 404 150 "-" "Mozilla/5.0 (Macintosh; Intel Mac OS X 10_8_4) AppleWebKit/537.36 (KHTML, like Gecko) Chrome/49.0.2656.18 Safari/537.36"
::ffff:127.0.0.1 - - [09/May/2023:23:03:35 +0000] "POST /api/v1/users/login HTTP/1.0" 401 123 "-" "okhttp/4.9.2"
::ffff:127.0.0.1 - - [09/May/2023:23:03:35 +0000] "GET /.env.docker HTTP/1.0" 404 150 "-" "Mozilla/5.0 (Windows NT 6.3; WOW64) AppleWebKit/537.36 (KHTML, like Gecko) Chrome/41.0.2225.0 Safari/537.36"
::1 - - [09/May/2023:23:03:36 +0000] "GET /server.cfg HTTP/1.0" 404 149 "-" "Mozilla/5.0 (Windows NT 6.3; WOW64) AppleWebKit/537.36 (KHTML, like Gecko) Chrome/41.0.2225.0 Safari/537.36"
::ffff:127.0.0.1 - - [09/May/2023:23:03:36 +0000] "GET /.env.travis HTTP/1.0" 404 150 "-" "Mozilla/5.0 (Windows NT 10.0; WOW64) AppleWebKit/537.36 (KHTML, like Gecko) Chrome/89.0.4389.114 Safari/537.36"
::1 - - [09/May/2023:23:03:36 +0000] "GET /.env.sample HTTP/1.0" 404 150 "-" "Mozilla/5.0 (Macintosh; Intel Mac OS X 10_10_1) AppleWebKit/537.36 (KHTML, like Gecko) Chrome/41.0.2227.1 Safari/537.36"
::ffff:127.0.0.1 - - [09/May/2023:23:03:37 +0000] "GET /.env-sample HTTP/1.0" 404 150 "-" "Mozilla/5.0 (Windows NT 5.1) AppleWebKit/537.36 (KHTML, like Gecko) Chrome/36.0.1985.67 Safari/537.36"
::1 - - [09/May/2023:23:03:37 +0000] "GET /backup/.env HTTP/1.0" 404 150 "-" "Mozilla/5.0 (Macintosh; Intel Mac OS X 10_9_2) AppleWebKit/537.36 (KHTML, like Gecko) Chrome/36.0.1944.0 Safari/537.36"
::ffff:127.0.0.1 - - [09/May/2023:23:03:38 +0000] "GET /api/v1/users/logout? HTTP/1.0" 200 39 "-" "Sedu/1 CFNetwork/1404.0.5 Darwin/22.3.0"
::1 - - [09/May/2023:23:03:38 +0000] "GET /api/v1/users/me? HTTP/1.0" 401 283 "-" "Sedu/1 CFNetwork/1404.0.5 Darwin/22.3.0"
::ffff:127.0.0.1 - - [09/May/2023:23:03:38 +0000] "GET /.environment HTTP/1.0" 404 151 "-" "Mozilla/5.0 (Windows NT 5.1) AppleWebKit/537.36 (KHTML, like Gecko) Chrome/41.0.2224.3 Safari/537.36"
::1 - - [09/May/2023:23:03:38 +0000] "GET /sendgrid.env HTTP/1.0" 404 151 "-" "Mozilla/5.0 (Windows NT 6.3; WOW64) AppleWebKit/537.36 (KHTML, like Gecko) Chrome/41.0.2225.0 Safari/537.36"
::ffff:127.0.0.1 - - [09/May/2023:23:03:39 +0000] "GET /printenv.tmp HTTP/1.0" 404 151 "-" "Mozilla/5.0 (Windows NT 6.4; WOW64) AppleWebKit/537.36 (KHTML, like Gecko) Chrome/41.0.2225.0 Safari/537.36"
::1 - - [09/May/2023:23:03:39 +0000] "GET /.env-example HTTP/1.0" 404 151 "-" "Mozilla/5.0 (X11; OpenBSD i386) AppleWebKit/537.36 (KHTML, like Gecko) Chrome/36.0.1985.125 Safari/537.36"
::ffff:127.0.0.1 - - [09/May/2023:23:03:40 +0000] "GET /twitter/.env HTTP/1.0" 404 151 "-" "Mozilla/5.0 (X11; Linux x86_64) AppleWebKit/537.36 (KHTML, like Gecko) Chrome/34.0.1847.137 Safari/4E423F"
::1 - - [09/May/2023:23:03:40 +0000] "GET /actuator/env HTTP/1.0" 404 151 "-" "Mozilla/5.0 (Macintosh; Intel Mac OS X 10_9_2) AppleWebKit/537.36 (KHTML, like Gecko) Chrome/36.0.1944.0 Safari/537.36"
::ffff:127.0.0.1 - - [09/May/2023:23:03:41 +0000] "GET /actuators/env HTTP/1.0" 404 152 "-" "Mozilla/5.0 (Macintosh; Intel Mac OS X 10_8_4) AppleWebKit/537.36 (KHTML, like Gecko) Chrome/49.0.2656.18 Safari/537.36"
::1 - - [09/May/2023:23:03:41 +0000] "GET /.jenv-version HTTP/1.0" 404 152 "-" "Mozilla/5.0 (Windows NT 5.1) AppleWebKit/537.36 (KHTML, like Gecko) Chrome/34.0.1866.237 Safari/537.36"
::1 - - [09/May/2023:23:03:42 +0000] "GET /environment.rb HTTP/1.0" 404 153 "-" "Mozilla/5.0 (Windows NT 10.0; Win64; x64) AppleWebKit/537.36 (KHTML, like Gecko) Chrome/89.0.4389.114 Safari/537.36"
::ffff:127.0.0.1 - - [09/May/2023:23:03:42 +0000] "POST /api/v1/users/login HTTP/1.0" 200 500 "-" "okhttp/4.9.2"
::ffff:127.0.0.1 - - [09/May/2023:23:03:42 +0000] "GET /api/v1/users/me? HTTP/1.0" 200 226 "-" "okhttp/4.9.2"
::1 - - [09/May/2023:23:03:42 +0000] "GET /actuator/;/env HTTP/1.0" 404 153 "-" "Mozilla/5.0 (X11; Ubuntu; Linux i686 on x86_64) AppleWebKit/537.36 (KHTML, like Gecko) Chrome/53.0.2820.59 Safari/537.36"
::ffff:127.0.0.1 - - [09/May/2023:23:03:43 +0000] "GET /.rbenv-gemsets HTTP/1.0" 404 153 "-" "Mozilla/5.0 (Windows NT 6.2; WOW64) AppleWebKit/537.36 (KHTML like Gecko) Chrome/44.0.2403.155 Safari/537.36"
