::1 - - [30/Apr/2023:04:29:14 +0000] "GET /api/v1/wallets/644dee86a4c26797f424717a? HTTP/1.0" 304 - "-" "okhttp/4.9.2"
::ffff:127.0.0.1 - - [30/Apr/2023:04:29:15 +0000] "POST /api/v1/users/login HTTP/1.0" 401 123 "-" "okhttp/4.9.2"
::1 - - [30/Apr/2023:04:29:16 +0000] "POST /api/v1/users/login HTTP/1.0" 401 123 "-" "Sedu/1 CFNetwork/1399 Darwin/22.1.0"
::ffff:127.0.0.1 - - [30/Apr/2023:04:29:17 +0000] "POST /api/v1/users/login HTTP/1.0" 401 123 "-" "Sedu/1 CFNetwork/1399 Darwin/22.1.0"
::1 - - [30/Apr/2023:04:29:23 +0000] "POST /api/v1/users/login HTTP/1.0" 401 123 "-" "okhttp/4.9.2"
::ffff:127.0.0.1 - - [30/Apr/2023:04:29:28 +0000] "GET /api/v1/users/me? HTTP/1.0" 401 283 "-" "Sedu/1 CFNetwork/1399 Darwin/22.1.0"
::1 - - [30/Apr/2023:04:29:35 +0000] "POST /api/v1/users/register HTTP/1.0" 200 464 "-" "Sedu/1 CFNetwork/1399 Darwin/22.1.0"
::ffff:127.0.0.1 - - [30/Apr/2023:04:29:36 +0000] "GET /api/v1/users/me? HTTP/1.0" 200 190 "-" "Sedu/1 CFNetwork/1399 Darwin/22.1.0"
::1 - - [30/Apr/2023:04:29:38 +0000] "GET /api/v1/users/me? HTTP/1.0" 401 283 "-" "Sedu/1 CFNetwork/1329 Darwin/21.3.0"
::ffff:127.0.0.1 - - [30/Apr/2023:04:29:38 +0000] "GET /api/v1/users/me? HTTP/1.0" 304 - "-" "Sedu/1 CFNetwork/1399 Darwin/22.1.0"
::1 - - [30/Apr/2023:04:29:40 +0000] "POST /api/v1/users/login HTTP/1.0" 401 123 "-" "okhttp/4.9.2"
::ffff:127.0.0.1 - - [30/Apr/2023:04:29:41 +0000] "POST /api/v1/users/register HTTP/1.0" 200 462 "-" "Sedu/1 CFNetwork/1399 Darwin/22.1.0"
::1 - - [30/Apr/2023:04:29:41 +0000] "POST /api/v1/users/login HTTP/1.0" 401 123 "-" "okhttp/4.9.2"
::ffff:127.0.0.1 - - [30/Apr/2023:04:29:41 +0000] "GET /api/v1/users/me? HTTP/1.0" 200 188 "-" "Sedu/1 CFNetwork/1399 Darwin/22.1.0"
::1 - - [30/Apr/2023:04:29:42 +0000] "POST /api/v1/users/invoice/644deeafa4c26797f4247196 HTTP/1.0" 200 50 "-" "Sedu/1 CFNetwork/1399 Darwin/22.1.0"
::ffff:127.0.0.1 - - [30/Apr/2023:04:29:42 +0000] "GET /api/v1/wallets/644deeb6a4c26797f42471a0? HTTP/1.0" 200 16272 "-" "Sedu/1 CFNetwork/1399 Darwin/22.1.0"
::1 - - [30/Apr/2023:04:29:48 +0000] "GET /api/v1/users/me? HTTP/1.0" 401 283 "-" "Sedu/1 CFNetwork/1404.0.5 Darwin/22.3.0"
::ffff:127.0.0.1 - - [30/Apr/2023:04:29:49 +0000] "GET /api/v1/users/logout? HTTP/1.0" 200 39 "-" "Sedu/1 CFNetwork/1399 Darwin/22.1.0"
::1 - - [30/Apr/2023:04:29:49 +0000] "GET /api/v1/users/me? HTTP/1.0" 401 283 "-" "Sedu/1 CFNetwork/1399 Darwin/22.1.0"
::ffff:127.0.0.1 - - [30/Apr/2023:04:29:52 +0000] "GET /api/v1/users/me? HTTP/1.0" 401 283 "-" "okhttp/4.9.2"
::1 - - [30/Apr/2023:04:30:02 +0000] "POST /api/v1/users/login HTTP/1.0" 200 462 "-" "Sedu/1 CFNetwork/1399 Darwin/22.1.0"
::ffff:127.0.0.1 - - [30/Apr/2023:04:30:03 +0000] "GET /api/v1/users/me? HTTP/1.0" 304 - "-" "Sedu/1 CFNetwork/1399 Darwin/22.1.0"
::1 - - [30/Apr/2023:04:30:05 +0000] "GET /api/v1/users/me? HTTP/1.0" 304 - "-" "Sedu/1 CFNetwork/1399 Darwin/22.1.0"
::ffff:127.0.0.1 - - [30/Apr/2023:04:30:18 +0000] "POST /api/v1/users/register HTTP/1.0" 500 249 "-" "okhttp/4.9.2"
::1 - - [30/Apr/2023:04:30:20 +0000] "GET /api/v1/users/me? HTTP/1.0" 401 283 "-" "Sedu/1 CFNetwork/1406.0.4 Darwin/22.4.0"
::ffff:127.0.0.1 - - [30/Apr/2023:04:30:21 +0000] "POST /api/v1/users/register HTTP/1.0" 500 249 "-" "okhttp/4.9.2"
::1 - - [30/Apr/2023:04:30:34 +0000] "POST /api/v1/users/register HTTP/1.0" 200 468 "-" "Sedu/1 CFNetwork/1404.0.5 Darwin/22.3.0"
::ffff:127.0.0.1 - - [30/Apr/2023:04:30:34 +0000] "GET /api/v1/users/me? HTTP/1.0" 200 194 "-" "Sedu/1 CFNetwork/1404.0.5 Darwin/22.3.0"
::1 - - [30/Apr/2023:04:30:35 +0000] "POST /api/v1/users/register HTTP/1.0" 500 254 "-" "Sedu/1 CFNetwork/1404.0.5 Darwin/22.3.0"
::ffff:127.0.0.1 - - [30/Apr/2023:04:30:38 +0000] "POST /api/v1/users/register HTTP/1.0" 200 467 "-" "Sedu/1 CFNetwork/1406.0.4 Darwin/22.4.0"
::1 - - [30/Apr/2023:04:30:38 +0000] "GET /api/v1/users/me? HTTP/1.0" 200 193 "-" "Sedu/1 CFNetwork/1406.0.4 Darwin/22.4.0"
::ffff:127.0.0.1 - - [30/Apr/2023:04:30:42 +0000] "GET /api/v1/users/me? HTTP/1.0" 401 283 "-" "Sedu/1 CFNetwork/1406.0.4 Darwin/22.4.0"
::1 - - [30/Apr/2023:04:30:46 +0000] "GET /api/v1/users/me? HTTP/1.0" 304 - "-" "Sedu/1 CFNetwork/1404.0.5 Darwin/22.3.0"
::ffff:127.0.0.1 - - [30/Apr/2023:04:30:46 +0000] "POST /api/v1/users/login HTTP/1.0" 401 123 "-" "okhttp/4.9.2"
::1 - - [30/Apr/2023:04:30:50 +0000] "GET /api/v1/users/logout? HTTP/1.0" 200 39 "-" "Sedu/1 CFNetwork/1406.0.4 Darwin/22.4.0"
::ffff:127.0.0.1 - - [30/Apr/2023:04:30:50 +0000] "GET /api/v1/users/me? HTTP/1.0" 401 283 "-" "Sedu/1 CFNetwork/1406.0.4 Darwin/22.4.0"
::1 - - [30/Apr/2023:04:30:53 +0000] "POST /api/v1/users/invoice/644deeeaa4c26797f42471b8 HTTP/1.0" 200 50 "-" "Sedu/1 CFNetwork/1404.0.5 Darwin/22.3.0"
::ffff:127.0.0.1 - - [30/Apr/2023:04:30:53 +0000] "GET /api/v1/wallets/644deefda4c26797f42471c3? HTTP/1.0" 200 16264 "-" "Sedu/1 CFNetwork/1404.0.5 Darwin/22.3.0"
::1 - - [30/Apr/2023:04:30:56 +0000] "POST /api/v1/users/login HTTP/1.0" 401 123 "-" "okhttp/4.9.2"
::ffff:127.0.0.1 - - [30/Apr/2023:04:30:56 +0000] "POST /api/v1/users/register HTTP/1.0" 200 469 "-" "Sedu/1 CFNetwork/1406.0.4 Darwin/22.4.0"
::1 - - [30/Apr/2023:04:30:56 +0000] "GET /api/v1/users/me? HTTP/1.0" 200 195 "-" "Sedu/1 CFNetwork/1406.0.4 Darwin/22.4.0"
::ffff:127.0.0.1 - - [30/Apr/2023:04:30:57 +0000] "POST /api/v1/users/login HTTP/1.0" 401 123 "-" "okhttp/4.9.2"
::1 - - [30/Apr/2023:04:31:05 +0000] "GET /api/v1/users/me? HTTP/1.0" 304 - "-" "Sedu/1 CFNetwork/1406.0.4 Darwin/22.4.0"
::ffff:127.0.0.1 - - [30/Apr/2023:04:31:10 +0000] "POST /api/v1/users/register HTTP/1.0" 200 463 "-" "okhttp/4.9.2"
::1 - - [30/Apr/2023:04:31:10 +0000] "GET /api/v1/users/me? HTTP/1.0" 200 189 "-" "okhttp/4.9.2"
::ffff:127.0.0.1 - - [30/Apr/2023:04:31:11 +0000] "POST /api/v1/users/invoice/644def00a4c26797f42471d5 HTTP/1.0" 200 50 "-" "Sedu/1 CFNetwork/1406.0.4 Darwin/22.4.0"
::1 - - [30/Apr/2023:04:31:12 +0000] "GET /api/v1/wallets/644def0fa4c26797f42471de? HTTP/1.0" 200 15852 "-" "Sedu/1 CFNetwork/1406.0.4 Darwin/22.4.0"
::ffff:127.0.0.1 - - [30/Apr/2023:04:31:13 +0000] "GET /api/v1/users/me? HTTP/1.0" 401 283 "-" "Sedu/1 CFNetwork/1406.0.4 Darwin/22.4.0"
::1 - - [30/Apr/2023:04:31:16 +0000] "POST /api/v1/users/invoice/644def00a4c26797f42471d5 HTTP/1.0" 200 50 "-" "Sedu/1 CFNetwork/1406.0.4 Darwin/22.4.0"
::ffff:127.0.0.1 - - [30/Apr/2023:04:31:16 +0000] "GET /api/v1/wallets/644def14a4c26797f42471f0? HTTP/1.0" 200 16120 "-" "Sedu/1 CFNetwork/1406.0.4 Darwin/22.4.0"
::1 - - [30/Apr/2023:04:31:27 +0000] "POST /api/v1/users/register HTTP/1.0" 200 460 "-" "Sedu/1 CFNetwork/1406.0.4 Darwin/22.4.0"
::ffff:127.0.0.1 - - [30/Apr/2023:04:31:28 +0000] "GET /api/v1/users/me? HTTP/1.0" 200 186 "-" "Sedu/1 CFNetwork/1406.0.4 Darwin/22.4.0"
::1 - - [30/Apr/2023:04:31:28 +0000] "GET /api/v1/users/callbacks/644deeeaa4c26797f42471b8/20000?qpay_payment_id=486406453472203 HTTP/1.0" 200 233 "-" "node-fetch/1.0 (+https://github.com/bitinn/node-fetch)"
::ffff:127.0.0.1 - - [30/Apr/2023:04:31:31 +0000] "GET /api/v1/users/me? HTTP/1.0" 304 - "-" "okhttp/4.9.2"
::1 - - [30/Apr/2023:04:31:32 +0000] "GET /api/v1/users/me? HTTP/1.0" 401 283 "-" "okhttp/4.9.2"
::ffff:127.0.0.1 - - [30/Apr/2023:04:31:33 +0000] "GET /api/v1/users/me? HTTP/1.0" 200 233 "-" "Sedu/1 CFNetwork/1404.0.5 Darwin/22.3.0"
::1 - - [30/Apr/2023:04:31:34 +0000] "GET /api/v1/wallets/644deefda4c26797f42471c3? HTTP/1.0" 304 - "-" "Sedu/1 CFNetwork/1404.0.5 Darwin/22.3.0"
::1 - - [30/Apr/2023:04:31:37 +0000] "GET /api/v1/users/me? HTTP/1.0" 304 - "-" "Sedu/1 CFNetwork/1406.0.4 Darwin/22.4.0"
::ffff:127.0.0.1 - - [30/Apr/2023:04:31:37 +0000] "POST /api/v1/users/invoice/644deeeaa4c26797f42471b8 HTTP/1.0" 200 50 "-" "Sedu/1 CFNetwork/1404.0.5 Darwin/22.3.0"
::ffff:127.0.0.1 - - [30/Apr/2023:04:31:38 +0000] "GET /api/v1/wallets/644def29a4c26797f424720b? HTTP/1.0" 200 16415 "-" "Sedu/1 CFNetwork/1404.0.5 Darwin/22.3.0"
::ffff:127.0.0.1 - - [30/Apr/2023:04:31:43 +0000] "POST /api/v1/users/register HTTP/1.0" 200 463 "-" "okhttp/4.9.2"
::1 - - [30/Apr/2023:04:31:44 +0000] "GET /api/v1/users/me? HTTP/1.0" 200 189 "-" "okhttp/4.9.2"
::1 - - [30/Apr/2023:04:31:44 +0000] "POST /api/v1/users/invoice/644def0ea4c26797f42471da HTTP/1.0" 200 50 "-" "okhttp/4.9.2"
::ffff:127.0.0.1 - - [30/Apr/2023:04:31:44 +0000] "POST /api/v1/users/register HTTP/1.0" 500 249 "-" "okhttp/4.9.2"
::1 - - [30/Apr/2023:04:31:44 +0000] "GET /api/v1/wallets/644def30a4c26797f4247220? HTTP/1.0" 200 16187 "-" "okhttp/4.9.2"
::ffff:127.0.0.1 - - [30/Apr/2023:04:31:48 +0000] "GET /api/v1/users/logout? HTTP/1.0" 200 39 "-" "Sedu/1 CFNetwork/1406.0.4 Darwin/22.4.0"
::1 - - [30/Apr/2023:04:31:48 +0000] "GET /api/v1/users/me? HTTP/1.0" 401 283 "-" "Sedu/1 CFNetwork/1406.0.4 Darwin/22.4.0"
::ffff:127.0.0.1 - - [30/Apr/2023:04:31:49 +0000] "GET /api/v1/users/me? HTTP/1.0" 200 233 "-" "Sedu/1 CFNetwork/1404.0.5 Darwin/22.3.0"
::1 - - [30/Apr/2023:04:31:53 +0000] "GET /api/v1/users/callbacks/644def00a4c26797f42471d5/20000?qpay_payment_id=545613216912432 HTTP/1.0" 200 234 "-" "node-fetch/1.0 (+https://github.com/bitinn/node-fetch)"
::ffff:127.0.0.1 - - [30/Apr/2023:04:31:55 +0000] "POST /api/v1/users/invoice/644deeeaa4c26797f42471b8 HTTP/1.0" 200 50 "-" "Sedu/1 CFNetwork/1404.0.5 Darwin/22.3.0"
::1 - - [30/Apr/2023:04:31:55 +0000] "GET /api/v1/users/me? HTTP/1.0" 304 - "-" "okhttp/4.9.2"
::ffff:127.0.0.1 - - [30/Apr/2023:04:31:55 +0000] "GET /api/v1/wallets/644def3ba4c26797f4247237? HTTP/1.0" 200 15996 "-" "Sedu/1 CFNetwork/1404.0.5 Darwin/22.3.0"
::ffff:127.0.0.1 - - [30/Apr/2023:04:31:59 +0000] "GET /api/v1/users/me? HTTP/1.0" 200 234 "-" "Sedu/1 CFNetwork/1406.0.4 Darwin/22.4.0"
::1 - - [30/Apr/2023:04:31:59 +0000] "GET /api/v1/wallets/644def14a4c26797f42471f0? HTTP/1.0" 304 - "-" "Sedu/1 CFNetwork/1406.0.4 Darwin/22.4.0"
::1 - - [30/Apr/2023:04:32:02 +0000] "POST /api/v1/users/invoice/644def2fa4c26797f424721d HTTP/1.0" 200 50 "-" "okhttp/4.9.2"
::1 - - [30/Apr/2023:04:32:02 +0000] "GET /api/v1/wallets/644def41a4c26797f424724d? HTTP/1.0" 200 16243 "-" "okhttp/4.9.2"
::ffff:127.0.0.1 - - [30/Apr/2023:04:32:02 +0000] "POST /api/v1/users/invoice/644def00a4c26797f42471d5 HTTP/1.0" 200 50 "-" "Sedu/1 CFNetwork/1406.0.4 Darwin/22.4.0"
::ffff:127.0.0.1 - - [30/Apr/2023:04:32:03 +0000] "GET /api/v1/wallets/644def42a4c26797f424725e? HTTP/1.0" 200 16080 "-" "Sedu/1 CFNetwork/1406.0.4 Darwin/22.4.0"
::1 - - [30/Apr/2023:04:32:07 +0000] "GET /api/v1/users/me? HTTP/1.0" 200 231 "-" "okhttp/4.9.2"
::ffff:127.0.0.1 - - [30/Apr/2023:04:32:09 +0000] "GET /api/v1/users/me? HTTP/1.0" 200 234 "-" "Sedu/1 CFNetwork/1406.0.4 Darwin/22.4.0"
::ffff:127.0.0.1 - - [30/Apr/2023:04:32:09 +0000] "GET /api/v1/ads? HTTP/1.0" 200 633 "-" "Sedu/1 CFNetwork/1406.0.4 Darwin/22.4.0"
::1 - - [30/Apr/2023:04:32:09 +0000] "GET /api/v1/articles? HTTP/1.0" 200 303951 "-" "Sedu/1 CFNetwork/1406.0.4 Darwin/22.4.0"
::1 - - [30/Apr/2023:04:32:13 +0000] "POST /api/v1/users/invoice/644de9aea4c26797f4246da6 HTTP/1.0" 200 50 "-" "okhttp/4.9.2"
::1 - - [30/Apr/2023:04:32:13 +0000] "GET /api/v1/wallets/644def4da4c26797f4247276? HTTP/1.0" 200 16489 "-" "okhttp/4.9.2"
::1 - - [30/Apr/2023:04:32:15 +0000] "GET /api/v1/users/me? HTTP/1.0" 200 233 "-" "Sedu/1 CFNetwork/1404.0.5 Darwin/22.3.0"
::ffff:127.0.0.1 - - [30/Apr/2023:04:32:18 +0000] "GET /api/v1/users/me? HTTP/1.0" 304 - "-" "Sedu/1 CFNetwork/1406.0.4 Darwin/22.4.0"
::1 - - [30/Apr/2023:04:32:18 +0000] "GET /api/v1/ads? HTTP/1.0" 304 - "-" "Sedu/1 CFNetwork/1406.0.4 Darwin/22.4.0"
::1 - - [30/Apr/2023:04:32:19 +0000] "GET /api/v1/articles? HTTP/1.0" 304 - "-" "Sedu/1 CFNetwork/1406.0.4 Darwin/22.4.0"
::ffff:127.0.0.1 - - [30/Apr/2023:04:32:22 +0000] "GET /api/v1/users/logout? HTTP/1.0" 200 39 "-" "Sedu/1 CFNetwork/1404.0.5 Darwin/22.3.0"
::1 - - [30/Apr/2023:04:32:22 +0000] "GET /api/v1/users/me? HTTP/1.0" 401 283 "-" "Sedu/1 CFNetwork/1404.0.5 Darwin/22.3.0"
::ffff:127.0.0.1 - - [30/Apr/2023:04:32:27 +0000] "GET /api/v1/users/me? HTTP/1.0" 401 283 "-" "Sedu/1 CFNetwork/1390 Darwin/22.0.0"
::ffff:127.0.0.1 - - [30/Apr/2023:04:32:30 +0000] "GET /api/v1/users/me? HTTP/1.0" 401 283 "-" "Sedu/1 CFNetwork/1404.0.5 Darwin/22.3.0"
::ffff:127.0.0.1 - - [30/Apr/2023:04:32:34 +0000] "GET /api/v1/users/me? HTTP/1.0" 401 283 "-" "okhttp/4.9.2"
::1 - - [30/Apr/2023:04:32:35 +0000] "GET /api/v1/articles/642d55bf7c1330814fb76345? HTTP/1.0" 200 17984 "-" "Sedu/1 CFNetwork/1406.0.4 Darwin/22.4.0"
::ffff:127.0.0.1 - - [30/Apr/2023:04:32:38 +0000] "GET /api/v1/users/me? HTTP/1.0" 200 228 "-" "okhttp/4.9.2"
::1 - - [30/Apr/2023:04:32:38 +0000] "GET /api/v1/wallets/644def41a4c26797f424724d? HTTP/1.0" 304 - "-" "okhttp/4.9.2"
::ffff:127.0.0.1 - - [30/Apr/2023:04:32:40 +0000] "POST /api/v1/users/login HTTP/1.0" 401 123 "-" "Sedu/1 CFNetwork/1390 Darwin/22.0.0"
::1 - - [30/Apr/2023:04:32:44 +0000] "GET /api/v1/users/me? HTTP/1.0" 401 283 "-" "okhttp/4.9.2"
::ffff:127.0.0.1 - - [30/Apr/2023:04:32:44 +0000] "POST /api/v1/users/login HTTP/1.0" 200 507 "-" "Sedu/1 CFNetwork/1404.0.5 Darwin/22.3.0"
::1 - - [30/Apr/2023:04:32:45 +0000] "GET /api/v1/users/me? HTTP/1.0" 304 - "-" "Sedu/1 CFNetwork/1404.0.5 Darwin/22.3.0"
::1 - - [30/Apr/2023:04:32:45 +0000] "GET /api/v1/ads? HTTP/1.0" 200 633 "-" "Sedu/1 CFNetwork/1404.0.5 Darwin/22.3.0"
::ffff:127.0.0.1 - - [30/Apr/2023:04:32:45 +0000] "GET /api/v1/articles? HTTP/1.0" 200 303951 "-" "Sedu/1 CFNetwork/1404.0.5 Darwin/22.3.0"
::1 - - [30/Apr/2023:04:32:53 +0000] "GET /api/v1/users/me? HTTP/1.0" 304 - "-" "okhttp/4.9.2"
::ffff:127.0.0.1 - - [30/Apr/2023:04:32:53 +0000] "GET /api/v1/wallets/644def41a4c26797f424724d? HTTP/1.0" 304 - "-" "okhttp/4.9.2"
::ffff:127.0.0.1 - - [30/Apr/2023:04:33:05 +0000] "GET /api/v1/users/callbacks/644def0ea4c26797f42471da/20000?qpay_payment_id=041629248511348 HTTP/1.0" 200 228 "-" "node-fetch/1.0 (+https://github.com/bitinn/node-fetch)"
::1 - - [30/Apr/2023:04:33:11 +0000] "GET /api/v1/wallets/644def30a4c26797f4247220? HTTP/1.0" 304 - "-" "okhttp/4.9.2"
::ffff:127.0.0.1 - - [30/Apr/2023:04:33:11 +0000] "GET /api/v1/users/me? HTTP/1.0" 200 228 "-" "okhttp/4.9.2"
::1 - - [30/Apr/2023:04:33:15 +0000] "POST /api/v1/users/invoice/644def0ea4c26797f42471da HTTP/1.0" 200 50 "-" "okhttp/4.9.2"
::ffff:127.0.0.1 - - [30/Apr/2023:04:33:15 +0000] "GET /api/v1/users/me? HTTP/1.0" 401 283 "-" "okhttp/4.9.2"
::1 - - [30/Apr/2023:04:33:15 +0000] "GET /api/v1/wallets/644def8ba4c26797f424729e? HTTP/1.0" 200 16091 "-" "okhttp/4.9.2"
::ffff:127.0.0.1 - - [30/Apr/2023:04:33:28 +0000] "POST /api/v1/users/register HTTP/1.0" 200 463 "-" "okhttp/4.9.2"
::1 - - [30/Apr/2023:04:33:28 +0000] "GET /api/v1/users/logout? HTTP/1.0" 200 39 "-" "okhttp/4.9.2"
::ffff:127.0.0.1 - - [30/Apr/2023:04:33:28 +0000] "GET /api/v1/users/me? HTTP/1.0" 200 189 "-" "okhttp/4.9.2"
::1 - - [30/Apr/2023:04:33:28 +0000] "GET /api/v1/users/me? HTTP/1.0" 401 283 "-" "okhttp/4.9.2"
::ffff:127.0.0.1 - - [30/Apr/2023:04:33:33 +0000] "POST /api/v1/users/register HTTP/1.0" 200 465 "-" "okhttp/4.9.2"
::1 - - [30/Apr/2023:04:33:34 +0000] "GET /api/v1/users/me? HTTP/1.0" 200 191 "-" "okhttp/4.9.2"
::ffff:127.0.0.1 - - [30/Apr/2023:04:33:41 +0000] "GET /api/v1/users/me? HTTP/1.0" 304 - "-" "Sedu/1 CFNetwork/1406.0.4 Darwin/22.4.0"
::1 - - [30/Apr/2023:04:33:41 +0000] "GET /api/v1/users/me? HTTP/1.0" 304 - "-" "Sedu/1 CFNetwork/1404.0.5 Darwin/22.3.0"
::ffff:127.0.0.1 - - [30/Apr/2023:04:33:42 +0000] "POST /api/v1/users/login HTTP/1.0" 200 502 "-" "okhttp/4.9.2"
::1 - - [30/Apr/2023:04:33:42 +0000] "GET /api/v1/users/me? HTTP/1.0" 200 228 "-" "okhttp/4.9.2"
::1 - - [30/Apr/2023:04:33:43 +0000] "GET /api/v1/ads? HTTP/1.0" 200 633 "-" "okhttp/4.9.2"
::ffff:127.0.0.1 - - [30/Apr/2023:04:33:43 +0000] "GET /api/v1/users/me? HTTP/1.0" 304 - "-" "okhttp/4.9.2"
::ffff:127.0.0.1 - - [30/Apr/2023:04:33:43 +0000] "GET /api/v1/articles? HTTP/1.0" 200 303951 "-" "okhttp/4.9.2"
::ffff:127.0.0.1 - - [30/Apr/2023:04:33:44 +0000] "GET /api/v1/users/logout? HTTP/1.0" 200 39 "-" "okhttp/4.9.2"
::ffff:127.0.0.1 - - [30/Apr/2023:04:33:44 +0000] "GET /api/v1/users/me? HTTP/1.0" 401 283 "-" "okhttp/4.9.2"
::ffff:127.0.0.1 - - [30/Apr/2023:04:33:49 +0000] "GET /api/v1/users/me? HTTP/1.0" 401 283 "-" "okhttp/4.9.2"
::ffff:127.0.0.1 - - [30/Apr/2023:04:33:49 +0000] "GET /api/v1/articles/642d5b327c1330814fb763a4? HTTP/1.0" 200 9645 "-" "Sedu/1 CFNetwork/1406.0.4 Darwin/22.4.0"
::1 - - [30/Apr/2023:04:33:53 +0000] "POST /api/v1/users/invoice/644def98a4c26797f42472af HTTP/1.0" 200 50 "-" "okhttp/4.9.2"
::ffff:127.0.0.1 - - [30/Apr/2023:04:33:54 +0000] "GET /api/v1/wallets/644defb1a4c26797f42472c0? HTTP/1.0" 200 15963 "-" "okhttp/4.9.2"
::1 - - [30/Apr/2023:04:34:07 +0000] "GET /api/v1/articles/642d789c7c1330814fb763e7? HTTP/1.0" 200 6191 "-" "Sedu/1 CFNetwork/1406.0.4 Darwin/22.4.0"
::ffff:127.0.0.1 - - [30/Apr/2023:04:34:13 +0000] "GET /api/v1/users/me? HTTP/1.0" 200 228 "-" "Sedu/1 CFNetwork/1404.0.5 Darwin/22.3.0"
::1 - - [30/Apr/2023:04:34:14 +0000] "GET /api/v1/users/me? HTTP/1.0" 401 283 "-" "okhttp/4.9.2"
::ffff:127.0.0.1 - - [30/Apr/2023:04:34:16 +0000] "GET /api/v1/users/me? HTTP/1.0" 401 283 "-" "okhttp/4.9.2"
::1 - - [30/Apr/2023:04:34:20 +0000] "GET /api/v1/users/me? HTTP/1.0" 401 283 "-" "Sedu/1 CFNetwork/1390 Darwin/22.0.0"
::ffff:127.0.0.1 - - [30/Apr/2023:04:34:21 +0000] "POST /api/v1/users/register HTTP/1.0" 200 462 "-" "okhttp/4.9.2"
::1 - - [30/Apr/2023:04:34:21 +0000] "GET /api/v1/users/me? HTTP/1.0" 200 188 "-" "okhttp/4.9.2"
::ffff:127.0.0.1 - - [30/Apr/2023:04:34:31 +0000] "POST /api/v1/users/register HTTP/1.0" 200 466 "-" "Sedu/1 CFNetwork/1390 Darwin/22.0.0"
::1 - - [30/Apr/2023:04:34:31 +0000] "GET /api/v1/users/me? HTTP/1.0" 200 192 "-" "Sedu/1 CFNetwork/1390 Darwin/22.0.0"
::ffff:127.0.0.1 - - [30/Apr/2023:04:34:39 +0000] "GET /api/v1/users/me? HTTP/1.0" 304 - "-" "okhttp/4.9.2"
::1 - - [30/Apr/2023:04:34:39 +0000] "GET /api/v1/users/logout? HTTP/1.0" 200 39 "-" "Sedu/1 CFNetwork/1390 Darwin/22.0.0"
::ffff:127.0.0.1 - - [30/Apr/2023:04:34:39 +0000] "GET /api/v1/users/me? HTTP/1.0" 401 283 "-" "Sedu/1 CFNetwork/1390 Darwin/22.0.0"
::1 - - [30/Apr/2023:04:34:47 +0000] "POST /api/v1/users/login HTTP/1.0" 200 466 "-" "Sedu/1 CFNetwork/1390 Darwin/22.0.0"
::ffff:127.0.0.1 - - [30/Apr/2023:04:34:47 +0000] "GET /api/v1/users/me? HTTP/1.0" 304 - "-" "Sedu/1 CFNetwork/1390 Darwin/22.0.0"
::1 - - [30/Apr/2023:04:34:49 +0000] "GET /api/v1/wallets/644def41a4c26797f424724d? HTTP/1.0" 304 - "-" "okhttp/4.9.2"
::ffff:127.0.0.1 - - [30/Apr/2023:04:34:49 +0000] "GET /api/v1/users/me? HTTP/1.0" 304 - "-" "okhttp/4.9.2"
::1 - - [30/Apr/2023:04:34:51 +0000] "GET /api/v1/users/me? HTTP/1.0" 304 - "-" "Sedu/1 CFNetwork/1390 Darwin/22.0.0"
::ffff:127.0.0.1 - - [30/Apr/2023:04:34:51 +0000] "POST /api/v1/users/login HTTP/1.0" 401 123 "-" "okhttp/4.9.2"
::1 - - [30/Apr/2023:04:34:56 +0000] "POST /api/v1/users/register HTTP/1.0" 200 462 "-" "okhttp/4.9.2"
::1 - - [30/Apr/2023:04:34:56 +0000] "GET /api/v1/articles/642e38197c1330814fb764af? HTTP/1.0" 200 5982 "-" "okhttp/4.9.2"
::ffff:127.0.0.1 - - [30/Apr/2023:04:34:57 +0000] "GET /api/v1/users/me? HTTP/1.0" 200 188 "-" "okhttp/4.9.2"
::ffff:127.0.0.1 - - [30/Apr/2023:04:34:58 +0000] "POST /api/v1/users/invoice/644defcda4c26797f42472d3 HTTP/1.0" 200 50 "-" "okhttp/4.9.2"
::1 - - [30/Apr/2023:04:34:58 +0000] "GET /api/v1/wallets/644deff1a4c26797f42472e5? HTTP/1.0" 200 16094 "-" "okhttp/4.9.2"
::ffff:127.0.0.1 - - [30/Apr/2023:04:35:05 +0000] "GET /api/v1/articles/642d5b327c1330814fb763a4? HTTP/1.0" 200 9645 "-" "okhttp/4.9.2"
::1 - - [30/Apr/2023:04:35:11 +0000] "POST /api/v1/users/register HTTP/1.0" 200 465 "-" "okhttp/4.9.2"
::ffff:127.0.0.1 - - [30/Apr/2023:04:35:11 +0000] "GET /api/v1/users/me? HTTP/1.0" 200 191 "-" "okhttp/4.9.2"
::1 - - [30/Apr/2023:04:35:23 +0000] "GET /api/v1/users/me? HTTP/1.0" 304 - "-" "okhttp/4.9.2"
::ffff:127.0.0.1 - - [30/Apr/2023:04:35:26 +0000] "GET /api/v1/users/me? HTTP/1.0" 401 283 "-" "Sedu/1 CFNetwork/1240.0.4 Darwin/20.6.0"
::1 - - [30/Apr/2023:04:35:33 +0000] "POST /api/v1/users/invoice/644defffa4c26797f42472f7 HTTP/1.0" 200 50 "-" "okhttp/4.9.2"
::ffff:127.0.0.1 - - [30/Apr/2023:04:35:33 +0000] "GET /api/v1/wallets/644df015a4c26797f42472fc? HTTP/1.0" 200 16385 "-" "okhttp/4.9.2"
::1 - - [30/Apr/2023:04:35:33 +0000] "GET /api/v1/users/me? HTTP/1.0" 401 283 "-" "okhttp/4.9.2"
::ffff:127.0.0.1 - - [30/Apr/2023:04:35:35 +0000] "POST /api/v1/users/invoice/644defcda4c26797f42472d3 HTTP/1.0" 200 50 "-" "okhttp/4.9.2"
::1 - - [30/Apr/2023:04:35:35 +0000] "GET /api/v1/wallets/644df017a4c26797f424730e? HTTP/1.0" 200 15954 "-" "okhttp/4.9.2"
::ffff:127.0.0.1 - - [30/Apr/2023:04:35:36 +0000] "GET /api/v1/users/me? HTTP/1.0" 304 - "-" "Sedu/1 CFNetwork/1406.0.4 Darwin/22.4.0"
::1 - - [30/Apr/2023:04:35:36 +0000] "GET /api/v1/users/me? HTTP/1.0" 304 - "-" "Sedu/1 CFNetwork/1406.0.4 Darwin/22.4.0"
::ffff:127.0.0.1 - - [30/Apr/2023:04:35:36 +0000] "GET /api/v1/ads? HTTP/1.0" 304 - "-" "Sedu/1 CFNetwork/1406.0.4 Darwin/22.4.0"
::1 - - [30/Apr/2023:04:35:36 +0000] "GET /api/v1/articles? HTTP/1.0" 304 - "-" "Sedu/1 CFNetwork/1406.0.4 Darwin/22.4.0"
::ffff:127.0.0.1 - - [30/Apr/2023:04:35:38 +0000] "GET /api/v1/users/me? HTTP/1.0" 200 228 "-" "okhttp/4.9.2"
::1 - - [30/Apr/2023:04:35:38 +0000] "GET /api/v1/wallets/644defb1a4c26797f42472c0? HTTP/1.0" 304 - "-" "okhttp/4.9.2"
::ffff:127.0.0.1 - - [30/Apr/2023:04:35:39 +0000] "POST /api/v1/users/register HTTP/1.0" 200 463 "-" "Sedu/1 CFNetwork/1240.0.4 Darwin/20.6.0"
::1 - - [30/Apr/2023:04:35:40 +0000] "GET /api/v1/users/me? HTTP/1.0" 200 189 "-" "Sedu/1 CFNetwork/1240.0.4 Darwin/20.6.0"
::ffff:127.0.0.1 - - [30/Apr/2023:04:35:46 +0000] "GET /api/v1/users/me? HTTP/1.0" 304 - "-" "Sedu/1 CFNetwork/1240.0.4 Darwin/20.6.0"
::1 - - [30/Apr/2023:04:35:51 +0000] "POST /api/v1/users/invoice/644defffa4c26797f42472f7 HTTP/1.0" 200 50 "-" "okhttp/4.9.2"
::ffff:127.0.0.1 - - [30/Apr/2023:04:35:52 +0000] "GET /api/v1/wallets/644df027a4c26797f424732c? HTTP/1.0" 200 16029 "-" "okhttp/4.9.2"
::1 - - [30/Apr/2023:04:35:58 +0000] "GET /api/v1/users/me? HTTP/1.0" 401 283 "-" "okhttp/4.9.2"
::ffff:127.0.0.1 - - [30/Apr/2023:04:35:59 +0000] "POST /api/v1/users/invoice/644defffa4c26797f42472f7 HTTP/1.0" 200 50 "-" "okhttp/4.9.2"
::1 - - [30/Apr/2023:04:35:59 +0000] "GET /api/v1/wallets/644df02fa4c26797f424733e? HTTP/1.0" 200 16305 "-" "okhttp/4.9.2"
::ffff:127.0.0.1 - - [30/Apr/2023:04:36:04 +0000] "GET /api/v1/users/me? HTTP/1.0" 401 283 "-" "okhttp/4.9.2"
::1 - - [30/Apr/2023:04:36:15 +0000] "GET /api/v1/wallets/644def41a4c26797f424724d? HTTP/1.0" 304 - "-" "okhttp/4.9.2"
::ffff:127.0.0.1 - - [30/Apr/2023:04:36:15 +0000] "GET /api/v1/users/me? HTTP/1.0" 304 - "-" "okhttp/4.9.2"
::1 - - [30/Apr/2023:04:36:16 +0000] "POST /api/v1/users/register HTTP/1.0" 200 463 "-" "okhttp/4.9.2"
::ffff:127.0.0.1 - - [30/Apr/2023:04:36:16 +0000] "GET /api/v1/users/me? HTTP/1.0" 200 189 "-" "okhttp/4.9.2"
::1 - - [30/Apr/2023:04:36:23 +0000] "POST /api/v1/users/invoice/644defffa4c26797f42472f7 HTTP/1.0" 200 50 "-" "okhttp/4.9.2"
::ffff:127.0.0.1 - - [30/Apr/2023:04:36:24 +0000] "GET /api/v1/wallets/644df047a4c26797f4247355? HTTP/1.0" 200 16213 "-" "okhttp/4.9.2"
::1 - - [30/Apr/2023:04:36:29 +0000] "POST /api/v1/users/register HTTP/1.0" 200 463 "-" "okhttp/4.9.2"
::ffff:127.0.0.1 - - [30/Apr/2023:04:36:29 +0000] "GET /api/v1/users/me? HTTP/1.0" 200 189 "-" "okhttp/4.9.2"
::1 - - [30/Apr/2023:04:36:30 +0000] "GET /api/v1/users/me? HTTP/1.0" 304 - "-" "okhttp/4.9.2"
::ffff:127.0.0.1 - - [30/Apr/2023:04:36:31 +0000] "GET /api/v1/users/me? HTTP/1.0" 401 283 "-" "okhttp/4.9.2"
::1 - - [30/Apr/2023:04:36:31 +0000] "GET /api/v1/users/me? HTTP/1.0" 200 230 "-" "okhttp/4.9.2"
::ffff:127.0.0.1 - - [30/Apr/2023:04:36:35 +0000] "POST /api/v1/users/invoice/644defffa4c26797f42472f7 HTTP/1.0" 200 50 "-" "okhttp/4.9.2"
::1 - - [30/Apr/2023:04:36:35 +0000] "GET /api/v1/users/me? HTTP/1.0" 304 - "-" "okhttp/4.9.2"
::ffff:127.0.0.1 - - [30/Apr/2023:04:36:35 +0000] "GET /api/v1/wallets/644df053a4c26797f424736c? HTTP/1.0" 200 16281 "-" "okhttp/4.9.2"
::1 - - [30/Apr/2023:04:36:39 +0000] "GET /api/v1/users/me? HTTP/1.0" 304 - "-" "okhttp/4.9.2"
::ffff:127.0.0.1 - - [30/Apr/2023:04:36:39 +0000] "GET /api/v1/users/me? HTTP/1.0" 401 283 "-" "okhttp/4.9.2"
::1 - - [30/Apr/2023:04:36:44 +0000] "GET /api/v1/users/me? HTTP/1.0" 304 - "-" "okhttp/4.9.2"
::ffff:127.0.0.1 - - [30/Apr/2023:04:36:46 +0000] "POST /api/v1/users/invoice/644defffa4c26797f42472f7 HTTP/1.0" 200 50 "-" "okhttp/4.9.2"
::1 - - [30/Apr/2023:04:36:46 +0000] "GET /api/v1/wallets/644df05ea4c26797f4247381? HTTP/1.0" 200 16213 "-" "okhttp/4.9.2"
::ffff:127.0.0.1 - - [30/Apr/2023:04:36:50 +0000] "POST /api/v1/users/invoice/644df040a4c26797f4247351 HTTP/1.0" 200 50 "-" "okhttp/4.9.2"
::1 - - [30/Apr/2023:04:36:50 +0000] "GET /api/v1/wallets/644df062a4c26797f4247393? HTTP/1.0" 200 16215 "-" "okhttp/4.9.2"
::ffff:127.0.0.1 - - [30/Apr/2023:04:36:52 +0000] "POST /api/v1/users/invoice/644df04da4c26797f4247366 HTTP/1.0" 200 50 "-" "okhttp/4.9.2"
::1 - - [30/Apr/2023:04:36:52 +0000] "POST /api/v1/users/invoice/644deff0a4c26797f42472e0 HTTP/1.0" 200 50 "-" "okhttp/4.9.2"
::ffff:127.0.0.1 - - [30/Apr/2023:04:36:52 +0000] "GET /api/v1/wallets/644df064a4c26797f42473a6? HTTP/1.0" 200 16175 "-" "okhttp/4.9.2"
::1 - - [30/Apr/2023:04:36:53 +0000] "GET /api/v1/wallets/644df064a4c26797f42473b5? HTTP/1.0" 200 16442 "-" "okhttp/4.9.2"
::ffff:127.0.0.1 - - [30/Apr/2023:04:36:53 +0000] "POST /api/v1/users/register HTTP/1.0" 200 461 "-" "okhttp/4.9.2"
::1 - - [30/Apr/2023:04:36:54 +0000] "GET /api/v1/users/me? HTTP/1.0" 200 187 "-" "okhttp/4.9.2"
::ffff:127.0.0.1 - - [30/Apr/2023:04:37:01 +0000] "POST /api/v1/users/register HTTP/1.0" 200 464 "-" "okhttp/4.9.2"
::1 - - [30/Apr/2023:04:37:02 +0000] "GET /api/v1/users/me? HTTP/1.0" 200 190 "-" "okhttp/4.9.2"
::ffff:127.0.0.1 - - [30/Apr/2023:04:37:03 +0000] "GET /api/v1/users/me? HTTP/1.0" 304 - "-" "okhttp/4.9.2"
::1 - - [30/Apr/2023:04:37:07 +0000] "POST /api/v1/users/invoice/644df065a4c26797f42473c8 HTTP/1.0" 200 50 "-" "okhttp/4.9.2"
::ffff:127.0.0.1 - - [30/Apr/2023:04:37:07 +0000] "GET /api/v1/wallets/644df073a4c26797f42473d0? HTTP/1.0" 200 16149 "-" "okhttp/4.9.2"
::1 - - [30/Apr/2023:04:37:09 +0000] "POST /api/v1/users/register HTTP/1.0" 200 462 "-" "okhttp/4.9.2"
::ffff:127.0.0.1 - - [30/Apr/2023:04:37:09 +0000] "GET /api/v1/users/me? HTTP/1.0" 200 188 "-" "okhttp/4.9.2"
::1 - - [30/Apr/2023:04:37:14 +0000] "POST /api/v1/users/invoice/644df065a4c26797f42473c8 HTTP/1.0" 200 50 "-" "okhttp/4.9.2"
::ffff:127.0.0.1 - - [30/Apr/2023:04:37:14 +0000] "GET /api/v1/wallets/644df07aa4c26797f42473e5? HTTP/1.0" 200 16309 "-" "okhttp/4.9.2"
::1 - - [30/Apr/2023:04:37:19 +0000] "GET /api/v1/users/me? HTTP/1.0" 304 - "-" "okhttp/4.9.2"
::ffff:127.0.0.1 - - [30/Apr/2023:04:37:21 +0000] "GET /api/v1/users/me? HTTP/1.0" 304 - "-" "okhttp/4.9.2"
::ffff:127.0.0.1 - - [30/Apr/2023:04:37:26 +0000] "GET /api/v1/wallets/644def41a4c26797f424724d? HTTP/1.0" 304 - "-" "okhttp/4.9.2"
::1 - - [30/Apr/2023:04:37:26 +0000] "GET /api/v1/users/me? HTTP/1.0" 304 - "-" "okhttp/4.9.2"
::1 - - [30/Apr/2023:04:37:27 +0000] "POST /api/v1/users/invoice/644def2fa4c26797f424721d HTTP/1.0" 200 50 "-" "okhttp/4.9.2"
::1 - - [30/Apr/2023:04:37:28 +0000] "GET /api/v1/users/me? HTTP/1.0" 401 283 "-" "okhttp/4.9.2"
::ffff:127.0.0.1 - - [30/Apr/2023:04:37:28 +0000] "GET /api/v1/wallets/644df087a4c26797f42473fb? HTTP/1.0" 200 16387 "-" "okhttp/4.9.2"
::ffff:127.0.0.1 - - [30/Apr/2023:04:37:28 +0000] "GET /api/v1/users/me? HTTP/1.0" 200 228 "-" "okhttp/4.9.2"
::1 - - [30/Apr/2023:04:37:28 +0000] "GET /api/v1/wallets/644df064a4c26797f42473a6? HTTP/1.0" 304 - "-" "okhttp/4.9.2"
::ffff:127.0.0.1 - - [30/Apr/2023:04:37:29 +0000] "GET /api/v1/users/me? HTTP/1.0" 401 283 "-" "okhttp/4.9.2"
::ffff:127.0.0.1 - - [30/Apr/2023:04:37:35 +0000] "GET /api/v1/users/me? HTTP/1.0" 200 227 "-" "okhttp/4.9.2"
::1 - - [30/Apr/2023:04:37:35 +0000] "POST /api/v1/users/invoice/644df074a4c26797f42473e1 HTTP/1.0" 200 50 "-" "okhttp/4.9.2"
::1 - - [30/Apr/2023:04:37:36 +0000] "GET /api/v1/wallets/644df08fa4c26797f4247410? HTTP/1.0" 200 16137 "-" "okhttp/4.9.2"
::ffff:127.0.0.1 - - [30/Apr/2023:04:37:40 +0000] "GET /api/v1/users/me? HTTP/1.0" 304 - "-" "okhttp/4.9.2"
::1 - - [30/Apr/2023:04:37:41 +0000] "GET /api/v1/users/me? HTTP/1.0" 200 227 "-" "okhttp/4.9.2"
::ffff:127.0.0.1 - - [30/Apr/2023:04:37:42 +0000] "POST /api/v1/users/register HTTP/1.0" 200 460 "-" "okhttp/4.9.2"
::1 - - [30/Apr/2023:04:37:43 +0000] "GET /api/v1/users/me? HTTP/1.0" 200 186 "-" "okhttp/4.9.2"
::ffff:127.0.0.1 - - [30/Apr/2023:04:37:43 +0000] "GET /api/v1/users/logout? HTTP/1.0" 200 39 "-" "okhttp/4.9.2"
::1 - - [30/Apr/2023:04:37:44 +0000] "GET /api/v1/users/me? HTTP/1.0" 401 283 "-" "okhttp/4.9.2"
::ffff:127.0.0.1 - - [30/Apr/2023:04:37:45 +0000] "POST /api/v1/users/invoice/644df04da4c26797f4247366 HTTP/1.0" 200 50 "-" "okhttp/4.9.2"
::ffff:127.0.0.1 - - [30/Apr/2023:04:37:45 +0000] "GET /api/v1/wallets/644df099a4c26797f4247428? HTTP/1.0" 200 16143 "-" "okhttp/4.9.2"
::1 - - [30/Apr/2023:04:37:46 +0000] "POST /api/v1/users/invoice/644defcda4c26797f42472d3 HTTP/1.0" 200 50 "-" "okhttp/4.9.2"
::1 - - [30/Apr/2023:04:37:46 +0000] "GET /api/v1/wallets/644df09aa4c26797f4247439? HTTP/1.0" 200 16138 "-" "okhttp/4.9.2"
::ffff:127.0.0.1 - - [30/Apr/2023:04:37:47 +0000] "GET /api/v1/users/me? HTTP/1.0" 200 226 "-" "okhttp/4.9.2"
::1 - - [30/Apr/2023:04:37:47 +0000] "GET /api/v1/wallets/644df07aa4c26797f42473e5? HTTP/1.0" 304 - "-" "okhttp/4.9.2"
::ffff:127.0.0.1 - - [30/Apr/2023:04:37:47 +0000] "POST /api/v1/users/register HTTP/1.0" 500 250 "-" "okhttp/4.9.2"
::1 - - [30/Apr/2023:04:37:49 +0000] "POST /api/v1/users/register HTTP/1.0" 500 250 "-" "okhttp/4.9.2"
::ffff:127.0.0.1 - - [30/Apr/2023:04:37:52 +0000] "GET /api/v1/users/logout? HTTP/1.0" 200 39 "-" "okhttp/4.9.2"
::1 - - [30/Apr/2023:04:37:53 +0000] "GET /api/v1/users/me? HTTP/1.0" 401 283 "-" "okhttp/4.9.2"
::ffff:127.0.0.1 - - [30/Apr/2023:04:37:53 +0000] "GET /api/v1/users/me? HTTP/1.0" 401 283 "-" "okhttp/4.9.2"
::1 - - [30/Apr/2023:04:37:55 +0000] "GET /api/v1/users/me? HTTP/1.0" 401 283 "-" "Sedu/1 CFNetwork/1406.0.4 Darwin/22.4.0"
::1 - - [30/Apr/2023:04:37:58 +0000] "GET /api/v1/users/me? HTTP/1.0" 304 - "-" "okhttp/4.9.2"
::ffff:127.0.0.1 - - [30/Apr/2023:04:37:58 +0000] "GET /api/v1/wallets/644df07aa4c26797f42473e5? HTTP/1.0" 304 - "-" "okhttp/4.9.2"
::ffff:127.0.0.1 - - [30/Apr/2023:04:37:59 +0000] "GET /api/v1/users/me? HTTP/1.0" 401 283 "-" "okhttp/4.9.2"
::1 - - [30/Apr/2023:04:38:00 +0000] "POST /api/v1/users/register HTTP/1.0" 200 462 "-" "okhttp/4.9.2"
::ffff:127.0.0.1 - - [30/Apr/2023:04:38:00 +0000] "GET /api/v1/users/me? HTTP/1.0" 200 188 "-" "okhttp/4.9.2"
::1 - - [30/Apr/2023:04:38:00 +0000] "GET /api/v1/users/me? HTTP/1.0" 401 283 "-" "Sedu/1 CFNetwork/1406.0.4 Darwin/22.4.0"
::ffff:127.0.0.1 - - [30/Apr/2023:04:38:01 +0000] "POST /api/v1/users/login HTTP/1.0" 200 460 "-" "okhttp/4.9.2"
::1 - - [30/Apr/2023:04:38:01 +0000] "GET /api/v1/users/me? HTTP/1.0" 304 - "-" "okhttp/4.9.2"
::ffff:127.0.0.1 - - [30/Apr/2023:04:38:03 +0000] "GET /api/v1/users/me? HTTP/1.0" 304 - "-" "okhttp/4.9.2"
::ffff:127.0.0.1 - - [30/Apr/2023:04:38:06 +0000] "GET /api/v1/users/me? HTTP/1.0" 401 283 "-" "Sedu/1 CFNetwork/1406.0.4 Darwin/22.4.0"
::1 - - [30/Apr/2023:04:38:07 +0000] "POST /api/v1/users/invoice/644df096a4c26797f4247423 HTTP/1.0" 200 50 "-" "okhttp/4.9.2"
::1 - - [30/Apr/2023:04:38:07 +0000] "GET /api/v1/wallets/644df0afa4c26797f4247459? HTTP/1.0" 200 16264 "-" "okhttp/4.9.2"
::ffff:127.0.0.1 - - [30/Apr/2023:04:38:09 +0000] "GET /api/v1/users/logout? HTTP/1.0" 200 39 "-" "okhttp/4.9.2"
::1 - - [30/Apr/2023:04:38:09 +0000] "GET /api/v1/users/me? HTTP/1.0" 401 283 "-" "okhttp/4.9.2"
::ffff:127.0.0.1 - - [30/Apr/2023:04:38:11 +0000] "GET /api/v1/users/callbacks/644df065a4c26797f42473c8/20000?qpay_payment_id=443975562796068 HTTP/1.0" 200 226 "-" "node-fetch/1.0 (+https://github.com/bitinn/node-fetch)"
::ffff:127.0.0.1 - - [30/Apr/2023:04:38:17 +0000] "POST /api/v1/users/register HTTP/1.0" 500 247 "-" "okhttp/4.9.2"
::1 - - [30/Apr/2023:04:38:18 +0000] "POST /api/v1/users/invoice/644defcda4c26797f42472d3 HTTP/1.0" 200 50 "-" "okhttp/4.9.2"
::1 - - [30/Apr/2023:04:38:18 +0000] "POST /api/v1/users/login HTTP/1.0" 200 462 "-" "okhttp/4.9.2"
::ffff:127.0.0.1 - - [30/Apr/2023:04:38:18 +0000] "GET /api/v1/wallets/644df0baa4c26797f424746f? HTTP/1.0" 200 16142 "-" "okhttp/4.9.2"
::1 - - [30/Apr/2023:04:38:18 +0000] "GET /api/v1/users/me? HTTP/1.0" 304 - "-" "okhttp/4.9.2"
::ffff:127.0.0.1 - - [30/Apr/2023:04:38:19 +0000] "POST /api/v1/users/register HTTP/1.0" 200 463 "-" "Sedu/1 CFNetwork/1406.0.4 Darwin/22.4.0"
::1 - - [30/Apr/2023:04:38:19 +0000] "GET /api/v1/users/me? HTTP/1.0" 200 189 "-" "Sedu/1 CFNetwork/1406.0.4 Darwin/22.4.0"
::ffff:127.0.0.1 - - [30/Apr/2023:04:38:20 +0000] "GET /api/v1/users/me? HTTP/1.0" 200 226 "-" "okhttp/4.9.2"
::1 - - [30/Apr/2023:04:38:21 +0000] "GET /api/v1/users/me? HTTP/1.0" 304 - "-" "okhttp/4.9.2"
::ffff:127.0.0.1 - - [30/Apr/2023:04:38:24 +0000] "GET /api/v1/users/callbacks/644df04da4c26797f4247366/20000?qpay_payment_id=357129363734180 HTTP/1.0" 200 228 "-" "node-fetch/1.0 (+https://github.com/bitinn/node-fetch)"
::1 - - [30/Apr/2023:04:38:24 +0000] "GET /api/v1/users/me? HTTP/1.0" 304 - "-" "okhttp/4.9.2"
::ffff:127.0.0.1 - - [30/Apr/2023:04:38:25 +0000] "POST /api/v1/users/invoice/644df0a7a4c26797f4247452 HTTP/1.0" 200 50 "-" "okhttp/4.9.2"
::1 - - [30/Apr/2023:04:38:26 +0000] "GET /api/v1/wallets/644df0c1a4c26797f424748b? HTTP/1.0" 200 16402 "-" "okhttp/4.9.2"
::ffff:127.0.0.1 - - [30/Apr/2023:04:38:31 +0000] "GET /api/v1/users/logout? HTTP/1.0" 200 39 "-" "Sedu/1 CFNetwork/1406.0.4 Darwin/22.4.0"
::1 - - [30/Apr/2023:04:38:31 +0000] "GET /api/v1/users/me? HTTP/1.0" 401 283 "-" "Sedu/1 CFNetwork/1406.0.4 Darwin/22.4.0"
::ffff:127.0.0.1 - - [30/Apr/2023:04:38:31 +0000] "GET /api/v1/users/me? HTTP/1.0" 401 283 "-" "Sedu/1 CFNetwork/1406.0.4 Darwin/22.4.0"
::1 - - [30/Apr/2023:04:38:34 +0000] "GET /api/v1/users/me? HTTP/1.0" 200 228 "-" "okhttp/4.9.2"
::ffff:127.0.0.1 - - [30/Apr/2023:04:38:34 +0000] "GET /api/v1/wallets/644df099a4c26797f4247428? HTTP/1.0" 304 - "-" "okhttp/4.9.2"
::1 - - [30/Apr/2023:04:38:36 +0000] "GET /api/v1/users/me? HTTP/1.0" 401 283 "-" "okhttp/4.9.2"
::ffff:127.0.0.1 - - [30/Apr/2023:04:38:37 +0000] "GET /api/v1/users/me? HTTP/1.0" 304 - "-" "okhttp/4.9.2"
::ffff:127.0.0.1 - - [30/Apr/2023:04:38:38 +0000] "GET /api/v1/ads? HTTP/1.0" 200 633 "-" "okhttp/4.9.2"
::1 - - [30/Apr/2023:04:38:38 +0000] "GET /api/v1/articles? HTTP/1.0" 200 303951 "-" "okhttp/4.9.2"
::1 - - [30/Apr/2023:04:38:39 +0000] "GET /api/v1/users/logout? HTTP/1.0" 200 39 "-" "okhttp/4.9.2"
::ffff:127.0.0.1 - - [30/Apr/2023:04:38:39 +0000] "GET /api/v1/users/me? HTTP/1.0" 401 283 "-" "okhttp/4.9.2"
::ffff:127.0.0.1 - - [30/Apr/2023:04:38:46 +0000] "GET /api/v1/users/me? HTTP/1.0" 401 283 "-" "okhttp/4.9.2"
::1 - - [30/Apr/2023:04:38:48 +0000] "POST /api/v1/users/register HTTP/1.0" 200 462 "-" "Sedu/1 CFNetwork/1406.0.4 Darwin/22.4.0"
::ffff:127.0.0.1 - - [30/Apr/2023:04:38:48 +0000] "GET /api/v1/users/me? HTTP/1.0" 200 188 "-" "Sedu/1 CFNetwork/1406.0.4 Darwin/22.4.0"
::1 - - [30/Apr/2023:04:38:50 +0000] "POST /api/v1/users/login HTTP/1.0" 200 502 "-" "okhttp/4.9.2"
::ffff:127.0.0.1 - - [30/Apr/2023:04:38:50 +0000] "GET /api/v1/users/me? HTTP/1.0" 304 - "-" "okhttp/4.9.2"
::ffff:127.0.0.1 - - [30/Apr/2023:04:38:50 +0000] "GET /api/v1/ads? HTTP/1.0" 200 633 "-" "okhttp/4.9.2"
::1 - - [30/Apr/2023:04:38:50 +0000] "GET /api/v1/articles? HTTP/1.0" 200 303951 "-" "okhttp/4.9.2"
::1 - - [30/Apr/2023:04:38:59 +0000] "GET /api/v1/users/me? HTTP/1.0" 401 283 "-" "okhttp/4.9.2"
::ffff:127.0.0.1 - - [30/Apr/2023:04:39:00 +0000] "GET /api/v1/users/logout? HTTP/1.0" 200 39 "-" "Sedu/1 CFNetwork/1406.0.4 Darwin/22.4.0"
::1 - - [30/Apr/2023:04:39:00 +0000] "GET /api/v1/users/me? HTTP/1.0" 401 283 "-" "Sedu/1 CFNetwork/1406.0.4 Darwin/22.4.0"
::ffff:127.0.0.1 - - [30/Apr/2023:04:39:06 +0000] "GET /api/v1/users/me? HTTP/1.0" 401 283 "-" "Sedu/1 CFNetwork/1406.0.4 Darwin/22.4.0"
::1 - - [30/Apr/2023:04:39:07 +0000] "POST /api/v1/users/register HTTP/1.0" 200 468 "-" "okhttp/4.9.2"
::ffff:127.0.0.1 - - [30/Apr/2023:04:39:07 +0000] "GET /api/v1/users/me? HTTP/1.0" 200 194 "-" "okhttp/4.9.2"
::1 - - [30/Apr/2023:04:39:09 +0000] "GET /api/v1/articles/642e35cf7c1330814fb7649d? HTTP/1.0" 200 6741 "-" "okhttp/4.9.2"
::ffff:127.0.0.1 - - [30/Apr/2023:04:39:17 +0000] "POST /api/v1/users/register HTTP/1.0" 200 462 "-" "okhttp/4.9.2"
::ffff:127.0.0.1 - - [30/Apr/2023:04:39:17 +0000] "GET /api/v1/users/me? HTTP/1.0" 304 - "-" "okhttp/4.9.2"
::1 - - [30/Apr/2023:04:39:17 +0000] "POST /api/v1/users/register HTTP/1.0" 200 461 "-" "Sedu/1 CFNetwork/1406.0.4 Darwin/22.4.0"
::1 - - [30/Apr/2023:04:39:17 +0000] "GET /api/v1/users/me? HTTP/1.0" 200 188 "-" "okhttp/4.9.2"
::ffff:127.0.0.1 - - [30/Apr/2023:04:39:17 +0000] "GET /api/v1/users/me? HTTP/1.0" 200 187 "-" "Sedu/1 CFNetwork/1406.0.4 Darwin/22.4.0"
::1 - - [30/Apr/2023:04:39:19 +0000] "POST /api/v1/users/login HTTP/1.0" 401 123 "-" "okhttp/4.9.2"
::ffff:127.0.0.1 - - [30/Apr/2023:04:39:19 +0000] "GET /api/v1/users/me? HTTP/1.0" 401 283 "-" "okhttp/4.9.2"
::1 - - [30/Apr/2023:04:39:20 +0000] "GET /api/v1/users/logout? HTTP/1.0" 200 39 "-" "Sedu/1 CFNetwork/1406.0.4 Darwin/22.4.0"
::ffff:127.0.0.1 - - [30/Apr/2023:04:39:20 +0000] "GET /api/v1/users/me? HTTP/1.0" 401 283 "-" "Sedu/1 CFNetwork/1406.0.4 Darwin/22.4.0"
::1 - - [30/Apr/2023:04:39:23 +0000] "GET /api/v1/users/logout? HTTP/1.0" 200 39 "-" "okhttp/4.9.2"
::ffff:127.0.0.1 - - [30/Apr/2023:04:39:23 +0000] "GET /api/v1/users/me? HTTP/1.0" 401 283 "-" "okhttp/4.9.2"
::ffff:127.0.0.1 - - [30/Apr/2023:04:39:25 +0000] "GET /api/v1/users/me? HTTP/1.0" 304 - "-" "okhttp/4.9.2"
::1 - - [30/Apr/2023:04:39:25 +0000] "POST /api/v1/users/register HTTP/1.0" 200 465 "-" "okhttp/4.9.2"
::1 - - [30/Apr/2023:04:39:26 +0000] "GET /api/v1/users/me? HTTP/1.0" 200 191 "-" "okhttp/4.9.2"
::ffff:127.0.0.1 - - [30/Apr/2023:04:39:31 +0000] "POST /api/v1/users/register HTTP/1.0" 200 461 "-" "Sedu/1 CFNetwork/1406.0.4 Darwin/22.4.0"
::1 - - [30/Apr/2023:04:39:31 +0000] "GET /api/v1/users/me? HTTP/1.0" 200 187 "-" "Sedu/1 CFNetwork/1406.0.4 Darwin/22.4.0"
::ffff:127.0.0.1 - - [30/Apr/2023:04:39:33 +0000] "GET /api/v1/users/me? HTTP/1.0" 304 - "-" "Sedu/1 CFNetwork/1406.0.4 Darwin/22.4.0"
::1 - - [30/Apr/2023:04:39:34 +0000] "POST /api/v1/users/register HTTP/1.0" 200 461 "-" "okhttp/4.9.2"
::ffff:127.0.0.1 - - [30/Apr/2023:04:39:35 +0000] "GET /api/v1/users/me? HTTP/1.0" 200 187 "-" "okhttp/4.9.2"
::1 - - [30/Apr/2023:04:39:37 +0000] "POST /api/v1/users/invoice/644df103a4c26797f42474bc HTTP/1.0" 200 50 "-" "Sedu/1 CFNetwork/1406.0.4 Darwin/22.4.0"
::ffff:127.0.0.1 - - [30/Apr/2023:04:39:37 +0000] "GET /api/v1/wallets/644df108a4c26797f42474c4? HTTP/1.0" 200 15776 "-" "Sedu/1 CFNetwork/1406.0.4 Darwin/22.4.0"
::1 - - [30/Apr/2023:04:39:44 +0000] "GET /api/v1/users/me? HTTP/1.0" 401 283 "-" "Sedu/1 CFNetwork/1406.0.4 Darwin/22.4.0"
::ffff:127.0.0.1 - - [30/Apr/2023:04:39:44 +0000] "POST /api/v1/users/login HTTP/1.0" 401 123 "-" "okhttp/4.9.2"
::1 - - [30/Apr/2023:04:39:45 +0000] "GET /api/v1/users/me? HTTP/1.0" 304 - "-" "okhttp/4.9.2"
::ffff:127.0.0.1 - - [30/Apr/2023:04:39:51 +0000] "POST /api/v1/users/invoice/644df106a4c26797f42474c0 HTTP/1.0" 200 50 "-" "okhttp/4.9.2"
::1 - - [30/Apr/2023:04:39:51 +0000] "GET /api/v1/wallets/644df117a4c26797f42474d8? HTTP/1.0" 200 16320 "-" "okhttp/4.9.2"
::ffff:127.0.0.1 - - [30/Apr/2023:04:39:59 +0000] "GET /api/v1/users/logout? HTTP/1.0" 200 39 "-" "okhttp/4.9.2"
::1 - - [30/Apr/2023:04:39:59 +0000] "GET /api/v1/users/me? HTTP/1.0" 401 283 "-" "okhttp/4.9.2"
::ffff:127.0.0.1 - - [30/Apr/2023:04:40:00 +0000] "POST /api/v1/users/invoice/644df0eaa4c26797f42474ac HTTP/1.0" 200 50 "-" "okhttp/4.9.2"
::1 - - [30/Apr/2023:04:40:01 +0000] "GET /api/v1/wallets/644df120a4c26797f42474ea? HTTP/1.0" 200 16100 "-" "okhttp/4.9.2"
::ffff:127.0.0.1 - - [30/Apr/2023:04:40:07 +0000] "GET /api/v1/articles/642e38197c1330814fb764af? HTTP/1.0" 200 5982 "-" "okhttp/4.9.2"
::1 - - [30/Apr/2023:04:40:07 +0000] "POST /api/v1/users/register HTTP/1.0" 500 248 "-" "Sedu/1 CFNetwork/1406.0.4 Darwin/22.4.0"
::ffff:127.0.0.1 - - [30/Apr/2023:04:40:09 +0000] "POST /api/v1/users/register HTTP/1.0" 500 248 "-" "okhttp/4.9.2"
::1 - - [30/Apr/2023:04:40:10 +0000] "GET /api/v1/users/me? HTTP/1.0" 401 283 "-" "Sedu/1 CFNetwork/1406.0.4 Darwin/22.4.0"
::ffff:127.0.0.1 - - [30/Apr/2023:04:40:11 +0000] "POST /api/v1/users/register HTTP/1.0" 500 248 "-" "okhttp/4.9.2"
::1 - - [30/Apr/2023:04:40:35 +0000] "POST /api/v1/users/register HTTP/1.0" 500 249 "-" "Sedu/1 CFNetwork/1406.0.4 Darwin/22.4.0"
::ffff:127.0.0.1 - - [30/Apr/2023:04:40:35 +0000] "POST /api/v1/users/register HTTP/1.0" 500 248 "-" "okhttp/4.9.2"
::1 - - [30/Apr/2023:04:40:36 +0000] "POST /api/v1/users/register HTTP/1.0" 500 249 "-" "Sedu/1 CFNetwork/1406.0.4 Darwin/22.4.0"
::ffff:127.0.0.1 - - [30/Apr/2023:04:40:37 +0000] "POST /api/v1/users/register HTTP/1.0" 500 249 "-" "Sedu/1 CFNetwork/1406.0.4 Darwin/22.4.0"
::1 - - [30/Apr/2023:04:40:37 +0000] "POST /api/v1/users/register HTTP/1.0" 200 464 "-" "Sedu/1 CFNetwork/1406.0.4 Darwin/22.4.0"
::ffff:127.0.0.1 - - [30/Apr/2023:04:40:37 +0000] "GET /api/v1/users/me? HTTP/1.0" 200 190 "-" "Sedu/1 CFNetwork/1406.0.4 Darwin/22.4.0"
::1 - - [30/Apr/2023:04:40:45 +0000] "POST /api/v1/users/login HTTP/1.0" 401 123 "-" "Sedu/1 CFNetwork/1406.0.4 Darwin/22.4.0"
::ffff:127.0.0.1 - - [30/Apr/2023:04:40:47 +0000] "GET /api/v1/users/me? HTTP/1.0" 304 - "-" "Sedu/1 CFNetwork/1406.0.4 Darwin/22.4.0"
::1 - - [30/Apr/2023:04:40:53 +0000] "POST /api/v1/users/invoice/644df145a4c26797f424750a HTTP/1.0" 200 50 "-" "Sedu/1 CFNetwork/1406.0.4 Darwin/22.4.0"
::ffff:127.0.0.1 - - [30/Apr/2023:04:40:53 +0000] "GET /api/v1/wallets/644df155a4c26797f4247510? HTTP/1.0" 200 16280 "-" "Sedu/1 CFNetwork/1406.0.4 Darwin/22.4.0"
::1 - - [30/Apr/2023:04:40:56 +0000] "POST /api/v1/users/register HTTP/1.0" 200 463 "-" "Sedu/1 CFNetwork/1406.0.4 Darwin/22.4.0"
::ffff:127.0.0.1 - - [30/Apr/2023:04:40:56 +0000] "GET /api/v1/users/me? HTTP/1.0" 200 189 "-" "Sedu/1 CFNetwork/1406.0.4 Darwin/22.4.0"
::ffff:127.0.0.1 - - [30/Apr/2023:04:41:01 +0000] "GET /api/v1/users/me? HTTP/1.0" 304 - "-" "okhttp/4.9.2"
::1 - - [30/Apr/2023:04:41:01 +0000] "GET /api/v1/ads? HTTP/1.0" 304 - "-" "okhttp/4.9.2"
::1 - - [30/Apr/2023:04:41:01 +0000] "GET /api/v1/articles? HTTP/1.0" 304 - "-" "okhttp/4.9.2"
::ffff:127.0.0.1 - - [30/Apr/2023:04:41:03 +0000] "POST /api/v1/users/login HTTP/1.0" 401 123 "-" "okhttp/4.9.2"
::1 - - [30/Apr/2023:04:41:04 +0000] "GET /api/v1/users/logout? HTTP/1.0" 200 39 "-" "Sedu/1 CFNetwork/1406.0.4 Darwin/22.4.0"
::ffff:127.0.0.1 - - [30/Apr/2023:04:41:04 +0000] "GET /api/v1/users/me? HTTP/1.0" 401 283 "-" "Sedu/1 CFNetwork/1406.0.4 Darwin/22.4.0"
::1 - - [30/Apr/2023:04:41:04 +0000] "POST /api/v1/users/login HTTP/1.0" 401 123 "-" "okhttp/4.9.2"
::1 - - [30/Apr/2023:04:41:07 +0000] "GET /api/v1/users/me? HTTP/1.0" 200 229 "-" "Sedu/1 CFNetwork/1406.0.4 Darwin/22.4.0"
::ffff:127.0.0.1 - - [30/Apr/2023:04:41:07 +0000] "GET /api/v1/wallets/644df155a4c26797f4247510? HTTP/1.0" 304 - "-" "Sedu/1 CFNetwork/1406.0.4 Darwin/22.4.0"
::ffff:127.0.0.1 - - [30/Apr/2023:04:41:08 +0000] "GET /api/v1/users/me? HTTP/1.0" 401 283 "-" "okhttp/4.9.2"
::1 - - [30/Apr/2023:04:41:15 +0000] "POST /api/v1/users/login HTTP/1.0" 200 463 "-" "Sedu/1 CFNetwork/1406.0.4 Darwin/22.4.0"
::ffff:127.0.0.1 - - [30/Apr/2023:04:41:16 +0000] "GET /api/v1/users/me? HTTP/1.0" 304 - "-" "Sedu/1 CFNetwork/1406.0.4 Darwin/22.4.0"
::ffff:127.0.0.1 - - [30/Apr/2023:04:41:19 +0000] "GET /api/v1/users/me? HTTP/1.0" 200 233 "-" "okhttp/4.9.2"
::1 - - [30/Apr/2023:04:41:19 +0000] "GET /api/v1/wallets/644df120a4c26797f42474ea? HTTP/1.0" 304 - "-" "okhttp/4.9.2"
::1 - - [30/Apr/2023:04:41:21 +0000] "GET /api/v1/users/logout? HTTP/1.0" 304 - "-" "Sedu/1 CFNetwork/1406.0.4 Darwin/22.4.0"
::ffff:127.0.0.1 - - [30/Apr/2023:04:41:22 +0000] "GET /api/v1/users/me? HTTP/1.0" 401 283 "-" "Sedu/1 CFNetwork/1406.0.4 Darwin/22.4.0"
::1 - - [30/Apr/2023:04:41:31 +0000] "POST /api/v1/users/register HTTP/1.0" 200 462 "-" "okhttp/4.9.2"
::ffff:127.0.0.1 - - [30/Apr/2023:04:41:32 +0000] "GET /api/v1/users/me? HTTP/1.0" 200 188 "-" "okhttp/4.9.2"
::1 - - [30/Apr/2023:04:41:32 +0000] "POST /api/v1/users/register HTTP/1.0" 500 248 "-" "okhttp/4.9.2"
::ffff:127.0.0.1 - - [30/Apr/2023:04:41:32 +0000] "POST /api/v1/users/register HTTP/1.0" 500 248 "-" "okhttp/4.9.2"
::1 - - [30/Apr/2023:04:41:37 +0000] "GET /api/v1/users/me? HTTP/1.0" 401 283 "-" "Sedu/1 CFNetwork/1399 Darwin/22.1.0"
::ffff:127.0.0.1 - - [30/Apr/2023:04:41:41 +0000] "GET /api/v1/users/logout? HTTP/1.0" 200 39 "-" "okhttp/4.9.2"
::1 - - [30/Apr/2023:04:41:41 +0000] "GET /api/v1/users/me? HTTP/1.0" 401 283 "-" "okhttp/4.9.2"
::ffff:127.0.0.1 - - [30/Apr/2023:04:41:41 +0000] "GET /api/v1/users/me? HTTP/1.0" 401 283 "-" "okhttp/4.9.2"
::1 - - [30/Apr/2023:04:41:43 +0000] "GET /api/v1/users/me? HTTP/1.0" 401 283 "-" "Sedu/1 CFNetwork/1404.0.5 Darwin/22.3.0"
::ffff:127.0.0.1 - - [30/Apr/2023:04:41:47 +0000] "GET /api/v1/users/me? HTTP/1.0" 304 - "-" "okhttp/4.9.2"
::1 - - [30/Apr/2023:04:41:47 +0000] "GET /api/v1/wallets/644df120a4c26797f42474ea? HTTP/1.0" 304 - "-" "okhttp/4.9.2"
::ffff:127.0.0.1 - - [30/Apr/2023:04:41:58 +0000] "GET /api/v1/users/callbacks/644df145a4c26797f424750a/20000?qpay_payment_id=121952426721399 HTTP/1.0" 200 229 "-" "node-fetch/1.0 (+https://github.com/bitinn/node-fetch)"
::1 - - [30/Apr/2023:04:41:58 +0000] "GET /api/v1/users/me? HTTP/1.0" 401 283 "-" "okhttp/4.9.2"
::ffff:127.0.0.1 - - [30/Apr/2023:04:41:59 +0000] "POST /api/v1/users/register HTTP/1.0" 200 461 "-" "Sedu/1 CFNetwork/1399 Darwin/22.1.0"
::1 - - [30/Apr/2023:04:41:59 +0000] "GET /api/v1/users/me? HTTP/1.0" 200 187 "-" "Sedu/1 CFNetwork/1399 Darwin/22.1.0"
::ffff:127.0.0.1 - - [30/Apr/2023:04:42:05 +0000] "GET /api/v1/users/callbacks/644df0eaa4c26797f42474ac/20000?qpay_payment_id=762004461612987 HTTP/1.0" 200 233 "-" "node-fetch/1.0 (+https://github.com/bitinn/node-fetch)"
::ffff:127.0.0.1 - - [30/Apr/2023:04:42:06 +0000] "GET /api/v1/users/me? HTTP/1.0" 200 229 "-" "Sedu/1 CFNetwork/1406.0.4 Darwin/22.4.0"
::1 - - [30/Apr/2023:04:42:07 +0000] "GET /api/v1/wallets/644df155a4c26797f4247510? HTTP/1.0" 304 - "-" "Sedu/1 CFNetwork/1406.0.4 Darwin/22.4.0"
::1 - - [30/Apr/2023:04:42:07 +0000] "GET /api/v1/articles/642e38d27c1330814fb764c0? HTTP/1.0" 200 2993 "-" "okhttp/4.9.2"
::1 - - [30/Apr/2023:04:42:09 +0000] "GET /api/v1/users/me? HTTP/1.0" 200 228 "-" "okhttp/4.9.2"
::ffff:127.0.0.1 - - [30/Apr/2023:04:42:09 +0000] "GET /api/v1/wallets/644df087a4c26797f42473fb? HTTP/1.0" 304 - "-" "okhttp/4.9.2"
::ffff:127.0.0.1 - - [30/Apr/2023:04:42:10 +0000] "POST /api/v1/users/invoice/644df145a4c26797f424750a HTTP/1.0" 200 50 "-" "Sedu/1 CFNetwork/1406.0.4 Darwin/22.4.0"
::1 - - [30/Apr/2023:04:42:10 +0000] "POST /api/v1/users/invoice/644def2fa4c26797f424721d HTTP/1.0" 200 50 "-" "okhttp/4.9.2"
::ffff:127.0.0.1 - - [30/Apr/2023:04:42:10 +0000] "GET /api/v1/wallets/644df1a2a4c26797f4247548? HTTP/1.0" 200 15992 "-" "Sedu/1 CFNetwork/1406.0.4 Darwin/22.4.0"
::1 - - [30/Apr/2023:04:42:10 +0000] "POST /api/v1/users/login HTTP/1.0" 401 123 "-" "okhttp/4.9.2"
::ffff:127.0.0.1 - - [30/Apr/2023:04:42:12 +0000] "GET /api/v1/users/me? HTTP/1.0" 304 - "-" "Sedu/1 CFNetwork/1399 Darwin/22.1.0"
::1 - - [30/Apr/2023:04:42:13 +0000] "POST /api/v1/users/invoice/644df0eaa4c26797f42474ac HTTP/1.0" 200 50 "-" "okhttp/4.9.2"
::1 - - [30/Apr/2023:04:42:13 +0000] "GET /api/v1/wallets/644df1a5a4c26797f424756c? HTTP/1.0" 200 16096 "-" "okhttp/4.9.2"
::ffff:127.0.0.1 - - [30/Apr/2023:04:42:24 +0000] "GET /api/v1/users/logout? HTTP/1.0" 200 39 "-" "Sedu/1 CFNetwork/1399 Darwin/22.1.0"
::1 - - [30/Apr/2023:04:42:24 +0000] "GET /api/v1/users/me? HTTP/1.0" 401 283 "-" "Sedu/1 CFNetwork/1399 Darwin/22.1.0"
::1 - - [30/Apr/2023:04:42:25 +0000] "GET /api/v1/users/me? HTTP/1.0" 200 229 "-" "Sedu/1 CFNetwork/1406.0.4 Darwin/22.4.0"
::ffff:127.0.0.1 - - [30/Apr/2023:04:42:25 +0000] "GET /api/v1/wallets/644df1a2a4c26797f4247548? HTTP/1.0" 304 - "-" "Sedu/1 CFNetwork/1406.0.4 Darwin/22.4.0"
::ffff:127.0.0.1 - - [30/Apr/2023:04:42:28 +0000] "POST /api/v1/users/register HTTP/1.0" 500 248 "-" "okhttp/4.9.2"
::ffff:127.0.0.1 - - [30/Apr/2023:04:42:35 +0000] "POST /api/v1/users/invoice/644df145a4c26797f424750a HTTP/1.0" 200 50 "-" "Sedu/1 CFNetwork/1406.0.4 Darwin/22.4.0"
::1 - - [30/Apr/2023:04:42:35 +0000] "GET /api/v1/wallets/644df1bba4c26797f4247582? HTTP/1.0" 200 16312 "-" "Sedu/1 CFNetwork/1406.0.4 Darwin/22.4.0"
::ffff:127.0.0.1 - - [30/Apr/2023:04:42:37 +0000] "POST /api/v1/users/register HTTP/1.0" 200 467 "-" "okhttp/4.9.2"
::1 - - [30/Apr/2023:04:42:37 +0000] "GET /api/v1/users/me? HTTP/1.0" 200 193 "-" "okhttp/4.9.2"
::ffff:127.0.0.1 - - [30/Apr/2023:04:42:43 +0000] "GET /api/v1/users/me? HTTP/1.0" 304 - "-" "okhttp/4.9.2"
::1 - - [30/Apr/2023:04:42:43 +0000] "GET /api/v1/users/me? HTTP/1.0" 200 233 "-" "okhttp/4.9.2"
::1 - - [30/Apr/2023:04:42:44 +0000] "GET /api/v1/ads? HTTP/1.0" 200 633 "-" "okhttp/4.9.2"
::ffff:127.0.0.1 - - [30/Apr/2023:04:42:44 +0000] "GET /api/v1/articles? HTTP/1.0" 200 303951 "-" "okhttp/4.9.2"
::1 - - [30/Apr/2023:04:42:47 +0000] "POST /api/v1/users/login HTTP/1.0" 401 123 "-" "Sedu/1 CFNetwork/1399 Darwin/22.1.0"
::1 - - [30/Apr/2023:04:42:47 +0000] "GET /api/v1/users/me? HTTP/1.0" 200 229 "-" "Sedu/1 CFNetwork/1406.0.4 Darwin/22.4.0"
::ffff:127.0.0.1 - - [30/Apr/2023:04:42:47 +0000] "GET /api/v1/wallets/644df1bba4c26797f4247582? HTTP/1.0" 304 - "-" "Sedu/1 CFNetwork/1406.0.4 Darwin/22.4.0"
::ffff:127.0.0.1 - - [30/Apr/2023:04:42:48 +0000] "POST /api/v1/users/login HTTP/1.0" 401 123 "-" "Sedu/1 CFNetwork/1399 Darwin/22.1.0"
