::ffff:127.0.0.1 - - [18/Jun/2023:03:07:56 +0000] "POST /api/v1/users/register HTTP/1.0" 200 461 "-" "Sedu/1 CFNetwork/1408.0.4 Darwin/22.5.0"
::1 - - [18/Jun/2023:03:07:57 +0000] "GET /api/v1/users/me? HTTP/1.0" 200 187 "-" "Sedu/1 CFNetwork/1408.0.4 Darwin/22.5.0"
::ffff:127.0.0.1 - - [18/Jun/2023:03:08:12 +0000] "GET /api/v1/users/logout? HTTP/1.0" 200 39 "-" "Sedu/1 CFNetwork/1408.0.4 Darwin/22.5.0"
::1 - - [18/Jun/2023:03:08:14 +0000] "GET /api/v1/users/me? HTTP/1.0" 401 283 "-" "Sedu/1 CFNetwork/1408.0.4 Darwin/22.5.0"
::ffff:127.0.0.1 - - [18/Jun/2023:03:08:14 +0000] "GET /api/v1/users/logout? HTTP/1.0" 200 39 "-" "Sedu/1 CFNetwork/1408.0.4 Darwin/22.5.0"
::1 - - [18/Jun/2023:03:08:25 +0000] "POST /api/v1/users/login HTTP/1.0" 200 461 "-" "Sedu/1 CFNetwork/1408.0.4 Darwin/22.5.0"
::ffff:127.0.0.1 - - [18/Jun/2023:03:08:27 +0000] "GET /api/v1/users/me? HTTP/1.0" 304 - "-" "Sedu/1 CFNetwork/1408.0.4 Darwin/22.5.0"
::1 - - [18/Jun/2023:03:08:30 +0000] "GET /api/v1/users/me? HTTP/1.0" 304 - "-" "Sedu/1 CFNetwork/1408.0.4 Darwin/22.5.0"
::ffff:127.0.0.1 - - [18/Jun/2023:03:08:41 +0000] "POST /api/v1/users/invoice/648e750ba32e8316d8277f9d HTTP/1.0" 200 50 "-" "Sedu/1 CFNetwork/1408.0.4 Darwin/22.5.0"
::1 - - [18/Jun/2023:03:08:44 +0000] "GET /api/v1/wallets/648e7539a32e8316d8277fa4? HTTP/1.0" 200 16121 "-" "Sedu/1 CFNetwork/1408.0.4 Darwin/22.5.0"
::ffff:127.0.0.1 - - [18/Jun/2023:03:09:16 +0000] "GET /api/v1/users/callbacks/648e750ba32e8316d8277f9d/20000?qpay_payment_id=950248258501614 HTTP/1.0" 200 226 "-" "node-fetch/1.0 (+https://github.com/bitinn/node-fetch)"
::1 - - [18/Jun/2023:03:09:19 +0000] "GET /api/v1/users/me? HTTP/1.0" 401 283 "-" "Sedu/1 CFNetwork/1408.0.4 Darwin/22.5.0"
::ffff:127.0.0.1 - - [18/Jun/2023:03:09:22 +0000] "GET /api/v1/users/me? HTTP/1.0" 200 226 "-" "Sedu/1 CFNetwork/1408.0.4 Darwin/22.5.0"
::1 - - [18/Jun/2023:03:09:23 +0000] "GET /api/v1/wallets/648e7539a32e8316d8277fa4? HTTP/1.0" 304 - "-" "Sedu/1 CFNetwork/1408.0.4 Darwin/22.5.0"
::ffff:127.0.0.1 - - [18/Jun/2023:03:09:31 +0000] "GET /api/v1/users/me? HTTP/1.0" 304 - "-" "Sedu/1 CFNetwork/1408.0.4 Darwin/22.5.0"
::1 - - [18/Jun/2023:03:09:31 +0000] "GET /api/v1/articles? HTTP/1.0" 200 443373 "-" "Sedu/1 CFNetwork/1408.0.4 Darwin/22.5.0"
::ffff:127.0.0.1 - - [18/Jun/2023:03:09:31 +0000] "GET /api/v1/ads? HTTP/1.0" 200 633 "-" "Sedu/1 CFNetwork/1408.0.4 Darwin/22.5.0"
::1 - - [18/Jun/2023:03:09:38 +0000] "POST /api/v1/users/login HTTP/1.0" 401 123 "-" "Sedu/1 CFNetwork/1408.0.4 Darwin/22.5.0"
::ffff:127.0.0.1 - - [18/Jun/2023:03:09:40 +0000] "GET /api/v1/users/me? HTTP/1.0" 304 - "-" "Sedu/1 CFNetwork/1408.0.4 Darwin/22.5.0"
::ffff:127.0.0.1 - - [18/Jun/2023:03:09:48 +0000] "POST /api/v1/users/register HTTP/1.0" 200 462 "-" "Sedu/1 CFNetwork/1408.0.4 Darwin/22.5.0"
::1 - - [18/Jun/2023:03:09:48 +0000] "GET /api/v1/users/me? HTTP/1.0" 200 188 "-" "Sedu/1 CFNetwork/1408.0.4 Darwin/22.5.0"
::1 - - [18/Jun/2023:03:09:55 +0000] "GET /api/v1/users/me? HTTP/1.0" 304 - "-" "Sedu/1 CFNetwork/1408.0.4 Darwin/22.5.0"
::ffff:127.0.0.1 - - [18/Jun/2023:03:10:06 +0000] "GET /api/v1/users/logout? HTTP/1.0" 200 39 "-" "Sedu/1 CFNetwork/1408.0.4 Darwin/22.5.0"
::1 - - [18/Jun/2023:03:10:06 +0000] "GET /api/v1/users/me? HTTP/1.0" 401 283 "-" "Sedu/1 CFNetwork/1408.0.4 Darwin/22.5.0"
::1 - - [18/Jun/2023:03:10:12 +0000] "GET /api/v1/articles/642d59727c1330814fb76396? HTTP/1.0" 200 10524 "-" "Sedu/1 CFNetwork/1408.0.4 Darwin/22.5.0"
::ffff:127.0.0.1 - - [18/Jun/2023:03:13:41 +0000] "GET /api/v1/articles/642e2e6d7c1330814fb7646b? HTTP/1.0" 200 1619 "-" "Sedu/1 CFNetwork/1408.0.4 Darwin/22.5.0"
::1 - - [18/Jun/2023:03:14:26 +0000] "GET /api/v1/articles/642e35cf7c1330814fb7649d? HTTP/1.0" 200 6713 "-" "Sedu/1 CFNetwork/1408.0.4 Darwin/22.5.0"
::ffff:127.0.0.1 - - [18/Jun/2023:03:14:28 +0000] "GET /api/v1/users/me? HTTP/1.0" 304 - "-" "Sedu/1 CFNetwork/1402.0.8 Darwin/22.2.0"
::ffff:127.0.0.1 - - [18/Jun/2023:03:14:28 +0000] "GET /api/v1/users/me? HTTP/1.0" 304 - "-" "Sedu/1 CFNetwork/1402.0.8 Darwin/22.2.0"
::1 - - [18/Jun/2023:03:14:28 +0000] "GET /api/v1/ads? HTTP/1.0" 304 - "-" "Sedu/1 CFNetwork/1402.0.8 Darwin/22.2.0"
::ffff:127.0.0.1 - - [18/Jun/2023:03:14:28 +0000] "GET /api/v1/articles/642d4c587c1330814fb76297? HTTP/1.0" 304 - "-" "Sedu/1 CFNetwork/1402.0.8 Darwin/22.2.0"
::1 - - [18/Jun/2023:03:14:28 +0000] "GET /api/v1/articles? HTTP/1.0" 304 - "-" "Sedu/1 CFNetwork/1402.0.8 Darwin/22.2.0"
::ffff:127.0.0.1 - - [18/Jun/2023:03:14:59 +0000] "GET /api/v1/users/me? HTTP/1.0" 304 - "-" "Sedu/1 CFNetwork/1408.0.4 Darwin/22.5.0"
::ffff:127.0.0.1 - - [18/Jun/2023:03:15:00 +0000] "GET /api/v1/ads? HTTP/1.0" 304 - "-" "Sedu/1 CFNetwork/1408.0.4 Darwin/22.5.0"
::1 - - [18/Jun/2023:03:15:00 +0000] "GET /api/v1/articles? HTTP/1.0" 304 - "-" "Sedu/1 CFNetwork/1408.0.4 Darwin/22.5.0"
::ffff:127.0.0.1 - - [18/Jun/2023:03:15:03 +0000] "GET /api/v1/users/me? HTTP/1.0" 304 - "-" "Sedu/1 CFNetwork/1408.0.4 Darwin/22.5.0"
::1 - - [18/Jun/2023:03:15:07 +0000] "GET /api/v1/users/logout? HTTP/1.0" 304 - "-" "Sedu/1 CFNetwork/1408.0.4 Darwin/22.5.0"
::ffff:127.0.0.1 - - [18/Jun/2023:03:15:08 +0000] "GET /api/v1/users/me? HTTP/1.0" 401 283 "-" "Sedu/1 CFNetwork/1408.0.4 Darwin/22.5.0"
::ffff:127.0.0.1 - - [18/Jun/2023:03:15:08 +0000] "GET /api/v1/articles? HTTP/1.0" 401 283 "-" "Sedu/1 CFNetwork/1408.0.4 Darwin/22.5.0"
::1 - - [18/Jun/2023:03:15:08 +0000] "GET /api/v1/users/me? HTTP/1.0" 401 283 "-" "Sedu/1 CFNetwork/1408.0.4 Darwin/22.5.0"
::1 - - [18/Jun/2023:03:15:08 +0000] "GET /api/v1/ads? HTTP/1.0" 304 - "-" "Sedu/1 CFNetwork/1408.0.4 Darwin/22.5.0"
::ffff:127.0.0.1 - - [18/Jun/2023:03:23:50 +0000] "GET /api/v1/users/me? HTTP/1.0" 500 117 "-" "Sedu/1 CFNetwork/1220.1 Darwin/20.3.0"
::1 - - [18/Jun/2023:03:23:50 +0000] "GET /api/v1/articles? HTTP/1.0" 500 117 "-" "Sedu/1 CFNetwork/1220.1 Darwin/20.3.0"
::ffff:127.0.0.1 - - [18/Jun/2023:03:23:50 +0000] "GET /api/v1/ads? HTTP/1.0" 200 633 "-" "Sedu/1 CFNetwork/1220.1 Darwin/20.3.0"
::ffff:127.0.0.1 - - [18/Jun/2023:03:24:59 +0000] "GET /api/v1/users/me? HTTP/1.0" 304 - "-" "Sedu/1 CFNetwork/1390 Darwin/22.0.0"
::ffff:127.0.0.1 - - [18/Jun/2023:03:24:59 +0000] "GET /api/v1/users/me? HTTP/1.0" 304 - "-" "Sedu/1 CFNetwork/1390 Darwin/22.0.0"
::1 - - [18/Jun/2023:03:24:59 +0000] "GET /api/v1/articles/642d4c587c1330814fb76297? HTTP/1.0" 304 - "-" "Sedu/1 CFNetwork/1390 Darwin/22.0.0"
::1 - - [18/Jun/2023:03:24:59 +0000] "GET /api/v1/ads? HTTP/1.0" 304 - "-" "Sedu/1 CFNetwork/1390 Darwin/22.0.0"
::1 - - [18/Jun/2023:03:24:59 +0000] "GET /api/v1/articles? HTTP/1.0" 304 - "-" "Sedu/1 CFNetwork/1390 Darwin/22.0.0"
::ffff:127.0.0.1 - - [18/Jun/2023:03:28:39 +0000] "GET /api/v1/users/me? HTTP/1.0" 304 - "-" "Sedu/1 CFNetwork/1331.0.7 Darwin/21.4.0"
::1 - - [18/Jun/2023:03:28:39 +0000] "GET /api/v1/ads? HTTP/1.0" 304 - "-" "Sedu/1 CFNetwork/1331.0.7 Darwin/21.4.0"
::ffff:127.0.0.1 - - [18/Jun/2023:03:28:39 +0000] "GET /api/v1/articles? HTTP/1.0" 304 - "-" "Sedu/1 CFNetwork/1331.0.7 Darwin/21.4.0"
::1 - - [18/Jun/2023:03:28:49 +0000] "GET /api/v1/articles/64816c33a32e8316d82604d8? HTTP/1.0" 200 5761 "-" "Sedu/1 CFNetwork/1331.0.7 Darwin/21.4.0"
::ffff:127.0.0.1 - - [18/Jun/2023:03:29:40 +0000] "POST / HTTP/1.0" 404 140 "-" "Mozilla/5.0 (X11; Linux x86_64) AppleWebKit/537.36 (KHTML, like Gecko) Chrome/81.0.4044.129 Safari/537.36"
::1 - - [18/Jun/2023:03:29:40 +0000] "GET /.env HTTP/1.0" 404 143 "-" "Mozilla/5.0 (X11; Linux x86_64) AppleWebKit/537.36 (KHTML, like Gecko) Chrome/81.0.4044.129 Safari/537.36"
::1 - - [18/Jun/2023:03:31:00 +0000] "GET /api/v1/articles/64816c33a32e8316d82604d8? HTTP/1.0" 304 - "-" "Sedu/1 CFNetwork/1331.0.7 Darwin/21.4.0"
::1 - - [18/Jun/2023:03:31:00 +0000] "GET /api/v1/users/me? HTTP/1.0" 304 - "-" "Sedu/1 CFNetwork/1331.0.7 Darwin/21.4.0"
::ffff:127.0.0.1 - - [18/Jun/2023:03:31:00 +0000] "GET /api/v1/ads? HTTP/1.0" 304 - "-" "Sedu/1 CFNetwork/1331.0.7 Darwin/21.4.0"
::ffff:127.0.0.1 - - [18/Jun/2023:03:31:00 +0000] "GET /api/v1/articles? HTTP/1.0" 304 - "-" "Sedu/1 CFNetwork/1331.0.7 Darwin/21.4.0"
::1 - - [18/Jun/2023:03:31:27 +0000] "GET /api/v1/users/me? HTTP/1.0" 500 117 "-" "okhttp/4.9.2"
::ffff:127.0.0.1 - - [18/Jun/2023:03:31:28 +0000] "GET /api/v1/articles? HTTP/1.0" 500 117 "-" "okhttp/4.9.2"
::1 - - [18/Jun/2023:03:31:29 +0000] "GET /api/v1/ads? HTTP/1.0" 304 - "-" "okhttp/4.9.2"
::ffff:127.0.0.1 - - [18/Jun/2023:03:44:46 +0000] "GET /api/v1/users/me? HTTP/1.0" 401 283 "-" "Sedu/1 CFNetwork/1408.0.4 Darwin/22.5.0"
::1 - - [18/Jun/2023:03:44:55 +0000] "POST /api/v1/users/login HTTP/1.0" 401 123 "-" "Sedu/1 CFNetwork/1408.0.4 Darwin/22.5.0"
::ffff:127.0.0.1 - - [18/Jun/2023:03:45:04 +0000] "POST /api/v1/users/register HTTP/1.0" 500 249 "-" "Sedu/1 CFNetwork/1408.0.4 Darwin/22.5.0"
::1 - - [18/Jun/2023:03:45:14 +0000] "POST /api/v1/users/login HTTP/1.0" 401 123 "-" "Sedu/1 CFNetwork/1408.0.4 Darwin/22.5.0"
::ffff:127.0.0.1 - - [18/Jun/2023:03:45:20 +0000] "GET /api/v1/users/me? HTTP/1.0" 401 283 "-" "Sedu/1 CFNetwork/1408.0.4 Darwin/22.5.0"
::1 - - [18/Jun/2023:03:45:27 +0000] "POST /api/v1/users/register HTTP/1.0" 200 469 "-" "Sedu/1 CFNetwork/1408.0.4 Darwin/22.5.0"
::ffff:127.0.0.1 - - [18/Jun/2023:03:45:28 +0000] "GET /api/v1/users/me? HTTP/1.0" 200 195 "-" "Sedu/1 CFNetwork/1408.0.4 Darwin/22.5.0"
::1 - - [18/Jun/2023:03:45:37 +0000] "GET /api/v1/users/me? HTTP/1.0" 304 - "-" "Sedu/1 CFNetwork/1408.0.4 Darwin/22.5.0"
::ffff:127.0.0.1 - - [18/Jun/2023:03:45:39 +0000] "POST /api/v1/users/register HTTP/1.0" 200 461 "-" "Sedu/1 CFNetwork/1408.0.4 Darwin/22.5.0"
::1 - - [18/Jun/2023:03:45:39 +0000] "GET /api/v1/users/me? HTTP/1.0" 200 187 "-" "Sedu/1 CFNetwork/1408.0.4 Darwin/22.5.0"
::ffff:127.0.0.1 - - [18/Jun/2023:03:45:53 +0000] "GET /api/v1/users/logout? HTTP/1.0" 200 39 "-" "Sedu/1 CFNetwork/1408.0.4 Darwin/22.5.0"
::1 - - [18/Jun/2023:03:45:53 +0000] "GET /api/v1/users/me? HTTP/1.0" 401 283 "-" "Sedu/1 CFNetwork/1408.0.4 Darwin/22.5.0"
::ffff:127.0.0.1 - - [18/Jun/2023:03:45:55 +0000] "GET /api/v1/users/me? HTTP/1.0" 401 283 "-" "Sedu/1 CFNetwork/1404.0.5 Darwin/22.3.0"
::1 - - [18/Jun/2023:03:46:18 +0000] "POST /api/v1/users/register HTTP/1.0" 200 475 "-" "Sedu/1 CFNetwork/1404.0.5 Darwin/22.3.0"
::ffff:127.0.0.1 - - [18/Jun/2023:03:46:19 +0000] "GET /api/v1/users/me? HTTP/1.0" 200 201 "-" "Sedu/1 CFNetwork/1404.0.5 Darwin/22.3.0"
::1 - - [18/Jun/2023:03:46:28 +0000] "GET /api/v1/users/logout? HTTP/1.0" 200 39 "-" "Sedu/1 CFNetwork/1404.0.5 Darwin/22.3.0"
::ffff:127.0.0.1 - - [18/Jun/2023:03:46:29 +0000] "GET /api/v1/users/me? HTTP/1.0" 401 283 "-" "Sedu/1 CFNetwork/1404.0.5 Darwin/22.3.0"
::1 - - [18/Jun/2023:03:46:47 +0000] "POST /api/v1/users/login HTTP/1.0" 200 475 "-" "Sedu/1 CFNetwork/1404.0.5 Darwin/22.3.0"
::ffff:127.0.0.1 - - [18/Jun/2023:03:46:48 +0000] "GET /api/v1/users/me? HTTP/1.0" 304 - "-" "Sedu/1 CFNetwork/1404.0.5 Darwin/22.3.0"
::ffff:127.0.0.1 - - [18/Jun/2023:03:55:08 +0000] "GET /api/v1/users/me? HTTP/1.0" 304 - "-" "Sedu/1 CFNetwork/1333.0.4 Darwin/21.5.0"
::1 - - [18/Jun/2023:03:55:08 +0000] "GET /api/v1/articles? HTTP/1.0" 304 - "-" "Sedu/1 CFNetwork/1333.0.4 Darwin/21.5.0"
::ffff:127.0.0.1 - - [18/Jun/2023:03:55:09 +0000] "GET /api/v1/ads? HTTP/1.0" 304 - "-" "Sedu/1 CFNetwork/1333.0.4 Darwin/21.5.0"
::ffff:127.0.0.1 - - [18/Jun/2023:03:58:49 +0000] "GET /api/v1/users/me? HTTP/1.0" 304 - "-" "Sedu/1 CFNetwork/1406.0.4 Darwin/22.4.0"
::1 - - [18/Jun/2023:03:58:50 +0000] "GET /api/v1/ads? HTTP/1.0" 304 - "-" "Sedu/1 CFNetwork/1406.0.4 Darwin/22.4.0"
::ffff:127.0.0.1 - - [18/Jun/2023:03:58:50 +0000] "GET /api/v1/articles? HTTP/1.0" 304 - "-" "Sedu/1 CFNetwork/1406.0.4 Darwin/22.4.0"
::1 - - [18/Jun/2023:03:58:57 +0000] "POST / HTTP/1.0" 404 140 "-" "Mozilla/5.0 (X11; Linux x86_64) AppleWebKit/537.36 (KHTML, like Gecko) Chrome/81.0.4044.129 Safari/537.36"
::ffff:127.0.0.1 - - [18/Jun/2023:03:58:58 +0000] "GET /.env HTTP/1.0" 404 143 "-" "Mozilla/5.0 (X11; Linux x86_64) AppleWebKit/537.36 (KHTML, like Gecko) Chrome/81.0.4044.129 Safari/537.36"
::ffff:127.0.0.1 - - [18/Jun/2023:03:59:46 +0000] "GET /api/v1/users/me? HTTP/1.0" 304 - "-" "Sedu/1 CFNetwork/1406.0.4 Darwin/22.4.0"
::ffff:127.0.0.1 - - [18/Jun/2023:03:59:46 +0000] "GET /api/v1/ads? HTTP/1.0" 304 - "-" "Sedu/1 CFNetwork/1406.0.4 Darwin/22.4.0"
::1 - - [18/Jun/2023:03:59:46 +0000] "GET /api/v1/articles? HTTP/1.0" 304 - "-" "Sedu/1 CFNetwork/1406.0.4 Darwin/22.4.0"
::1 - - [18/Jun/2023:03:59:48 +0000] "GET /api/v1/articles/642d4ce07c1330814fb762a6? HTTP/1.0" 200 10683 "-" "Sedu/1 CFNetwork/1406.0.4 Darwin/22.4.0"
::ffff:127.0.0.1 - - [18/Jun/2023:04:04:12 +0000] "GET /api/v1/users/me? HTTP/1.0" 304 - "-" "Sedu/1 CFNetwork/1408.0.4 Darwin/22.5.0"
::1 - - [18/Jun/2023:04:04:12 +0000] "GET /api/v1/ads? HTTP/1.0" 304 - "-" "Sedu/1 CFNetwork/1408.0.4 Darwin/22.5.0"
::ffff:127.0.0.1 - - [18/Jun/2023:04:04:12 +0000] "GET /api/v1/articles? HTTP/1.0" 304 - "-" "Sedu/1 CFNetwork/1408.0.4 Darwin/22.5.0"
::ffff:127.0.0.1 - - [18/Jun/2023:04:05:29 +0000] "GET /api/v1/users/me? HTTP/1.0" 401 283 "-" "Sedu/1 CFNetwork/1335.0.3 Darwin/21.6.0"
::1 - - [18/Jun/2023:04:05:45 +0000] "POST /api/v1/users/register HTTP/1.0" 500 249 "-" "Sedu/1 CFNetwork/1335.0.3 Darwin/21.6.0"
::ffff:127.0.0.1 - - [18/Jun/2023:04:06:17 +0000] "POST /api/v1/users/register HTTP/1.0" 200 467 "-" "Sedu/1 CFNetwork/1335.0.3 Darwin/21.6.0"
::1 - - [18/Jun/2023:04:06:17 +0000] "GET /api/v1/users/me? HTTP/1.0" 200 193 "-" "Sedu/1 CFNetwork/1335.0.3 Darwin/21.6.0"
::ffff:127.0.0.1 - - [18/Jun/2023:04:06:26 +0000] "GET /api/v1/users/logout? HTTP/1.0" 200 39 "-" "Sedu/1 CFNetwork/1335.0.3 Darwin/21.6.0"
::1 - - [18/Jun/2023:04:06:27 +0000] "GET /api/v1/users/me? HTTP/1.0" 401 283 "-" "Sedu/1 CFNetwork/1335.0.3 Darwin/21.6.0"
::ffff:127.0.0.1 - - [18/Jun/2023:04:06:59 +0000] "GET /api/v1/users/me? HTTP/1.0" 304 - "-" "Sedu/1 CFNetwork/1331.0.7 Darwin/21.4.0"
::1 - - [18/Jun/2023:04:06:59 +0000] "GET /api/v1/articles? HTTP/1.0" 304 - "-" "Sedu/1 CFNetwork/1331.0.7 Darwin/21.4.0"
::ffff:127.0.0.1 - - [18/Jun/2023:04:07:00 +0000] "GET /api/v1/ads? HTTP/1.0" 304 - "-" "Sedu/1 CFNetwork/1331.0.7 Darwin/21.4.0"
::1 - - [18/Jun/2023:04:07:03 +0000] "GET /api/v1/articles/64816c33a32e8316d82604d8? HTTP/1.0" 304 - "-" "Sedu/1 CFNetwork/1331.0.7 Darwin/21.4.0"
::ffff:127.0.0.1 - - [18/Jun/2023:04:09:19 +0000] "GET /api/v1/articles/64816e6da32e8316d8260582? HTTP/1.0" 200 3985 "-" "Sedu/1 CFNetwork/1331.0.7 Darwin/21.4.0"
::1 - - [18/Jun/2023:04:09:56 +0000] "GET /api/v1/articles/64796b16a32e8316d8250fcd? HTTP/1.0" 200 6271 "-" "Sedu/1 CFNetwork/1331.0.7 Darwin/21.4.0"
::1 - - [18/Jun/2023:04:10:52 +0000] "GET /api/v1/articles/64607e9ca32e8316d822e549? HTTP/1.0" 200 5808 "-" "Sedu/1 CFNetwork/1331.0.7 Darwin/21.4.0"
::ffff:127.0.0.1 - - [18/Jun/2023:04:11:16 +0000] "GET /api/v1/articles/6460657ba32e8316d822e39d? HTTP/1.0" 200 5291 "-" "Sedu/1 CFNetwork/1331.0.7 Darwin/21.4.0"
::1 - - [18/Jun/2023:04:17:53 +0000] "GET /api/v1/users/me? HTTP/1.0" 401 283 "-" "Sedu/1 CFNetwork/1390 Darwin/22.0.0"
::ffff:127.0.0.1 - - [18/Jun/2023:04:18:02 +0000] "GET /api/v1/users/me? HTTP/1.0" 500 117 "-" "okhttp/4.9.2"
::1 - - [18/Jun/2023:04:18:02 +0000] "GET /api/v1/ads? HTTP/1.0" 304 - "-" "okhttp/4.9.2"
::ffff:127.0.0.1 - - [18/Jun/2023:04:18:02 +0000] "GET /api/v1/articles? HTTP/1.0" 500 117 "-" "okhttp/4.9.2"
::1 - - [18/Jun/2023:04:18:08 +0000] "GET /api/v1/users/me? HTTP/1.0" 500 117 "-" "okhttp/4.9.2"
::ffff:127.0.0.1 - - [18/Jun/2023:04:18:19 +0000] "GET /api/v1/users/me? HTTP/1.0" 304 - "-" "Sedu/1 CFNetwork/1335.0.3.2 Darwin/21.6.0"
::ffff:127.0.0.1 - - [18/Jun/2023:04:18:19 +0000] "GET /api/v1/ads? HTTP/1.0" 304 - "-" "Sedu/1 CFNetwork/1335.0.3.2 Darwin/21.6.0"
::1 - - [18/Jun/2023:04:18:19 +0000] "GET /api/v1/articles? HTTP/1.0" 304 - "-" "Sedu/1 CFNetwork/1335.0.3.2 Darwin/21.6.0"
::ffff:127.0.0.1 - - [18/Jun/2023:04:18:23 +0000] "GET /api/v1/articles/642d4c587c1330814fb76297? HTTP/1.0" 200 22271 "-" "Sedu/1 CFNetwork/1335.0.3.2 Darwin/21.6.0"
::1 - - [18/Jun/2023:04:18:32 +0000] "GET /api/v1/articles? HTTP/1.0" 500 117 "-" "okhttp/4.9.2"
::ffff:127.0.0.1 - - [18/Jun/2023:04:18:32 +0000] "GET /api/v1/users/me? HTTP/1.0" 500 117 "-" "okhttp/4.9.2"
::ffff:127.0.0.1 - - [18/Jun/2023:04:18:32 +0000] "GET /api/v1/users/me? HTTP/1.0" 500 117 "-" "okhttp/4.9.2"
::1 - - [18/Jun/2023:04:18:32 +0000] "GET /api/v1/ads? HTTP/1.0" 304 - "-" "okhttp/4.9.2"
::1 - - [18/Jun/2023:04:18:37 +0000] "GET /api/v1/users/me? HTTP/1.0" 401 283 "-" "Sedu/1 CFNetwork/1406.0.4 Darwin/22.4.0"
::ffff:127.0.0.1 - - [18/Jun/2023:04:18:57 +0000] "POST /api/v1/users/register HTTP/1.0" 500 248 "-" "Sedu/1 CFNetwork/1406.0.4 Darwin/22.4.0"
::1 - - [18/Jun/2023:04:19:04 +0000] "POST /api/v1/users/register HTTP/1.0" 500 248 "-" "Sedu/1 CFNetwork/1406.0.4 Darwin/22.4.0"
::ffff:127.0.0.1 - - [18/Jun/2023:04:19:28 +0000] "POST /api/v1/users/register HTTP/1.0" 500 248 "-" "Sedu/1 CFNetwork/1406.0.4 Darwin/22.4.0"
::1 - - [18/Jun/2023:04:19:42 +0000] "GET /api/v1/users/me? HTTP/1.0" 401 283 "-" "Sedu/1 CFNetwork/1406.0.4 Darwin/22.4.0"
::ffff:127.0.0.1 - - [18/Jun/2023:04:20:00 +0000] "POST /api/v1/users/register HTTP/1.0" 500 247 "-" "Sedu/1 CFNetwork/1406.0.4 Darwin/22.4.0"
::1 - - [18/Jun/2023:04:20:02 +0000] "POST /api/v1/users/register HTTP/1.0" 500 247 "-" "Sedu/1 CFNetwork/1406.0.4 Darwin/22.4.0"
::ffff:127.0.0.1 - - [18/Jun/2023:04:20:02 +0000] "POST /api/v1/users/register HTTP/1.0" 500 247 "-" "Sedu/1 CFNetwork/1406.0.4 Darwin/22.4.0"
::1 - - [18/Jun/2023:04:22:24 +0000] "GET /api/v1/users/me? HTTP/1.0" 304 - "-" "Sedu/1 CFNetwork/1399 Darwin/22.1.0"
::1 - - [18/Jun/2023:04:22:25 +0000] "GET /api/v1/ads? HTTP/1.0" 304 - "-" "Sedu/1 CFNetwork/1399 Darwin/22.1.0"
::ffff:127.0.0.1 - - [18/Jun/2023:04:22:25 +0000] "GET /api/v1/articles? HTTP/1.0" 200 443373 "-" "Sedu/1 CFNetwork/1399 Darwin/22.1.0"
::1 - - [18/Jun/2023:04:22:41 +0000] "GET /api/v1/articles/642d4c587c1330814fb76297? HTTP/1.0" 304 - "-" "Sedu/1 CFNetwork/1399 Darwin/22.1.0"
::1 - - [18/Jun/2023:04:23:57 +0000] "GET /api/v1/users/me? HTTP/1.0" 304 - "-" "Sedu/1 CFNetwork/1399 Darwin/22.1.0"
::ffff:127.0.0.1 - - [18/Jun/2023:04:23:57 +0000] "GET /api/v1/articles/642d4c587c1330814fb76297? HTTP/1.0" 304 - "-" "Sedu/1 CFNetwork/1399 Darwin/22.1.0"
::1 - - [18/Jun/2023:04:23:57 +0000] "GET /api/v1/ads? HTTP/1.0" 304 - "-" "Sedu/1 CFNetwork/1399 Darwin/22.1.0"
::ffff:127.0.0.1 - - [18/Jun/2023:04:23:58 +0000] "GET /api/v1/articles? HTTP/1.0" 304 - "-" "Sedu/1 CFNetwork/1399 Darwin/22.1.0"
::ffff:127.0.0.1 - - [18/Jun/2023:04:24:59 +0000] "GET /console/ HTTP/1.0" 404 147 "-" "Mozilla/5.0 (Windows NT 10.0; Win64; x64) AppleWebKit/537.36 (KHTML, like Gecko) Chrome/78.0.3904.108 Safari/537.36"
::1 - - [18/Jun/2023:04:25:37 +0000] "GET /api/v1/users/me? HTTP/1.0" 304 - "-" "Sedu/1 CFNetwork/1404.0.5 Darwin/22.3.0"
::1 - - [18/Jun/2023:04:25:37 +0000] "GET /api/v1/ads? HTTP/1.0" 304 - "-" "Sedu/1 CFNetwork/1404.0.5 Darwin/22.3.0"
::ffff:127.0.0.1 - - [18/Jun/2023:04:25:37 +0000] "GET /api/v1/articles? HTTP/1.0" 304 - "-" "Sedu/1 CFNetwork/1404.0.5 Darwin/22.3.0"
::1 - - [18/Jun/2023:04:25:45 +0000] "GET /api/v1/articles/642d55507c1330814fb76325? HTTP/1.0" 200 3410 "-" "Sedu/1 CFNetwork/1399 Darwin/22.1.0"
::ffff:127.0.0.1 - - [18/Jun/2023:04:25:47 +0000] "GET /api/v1/users/me? HTTP/1.0" 304 - "-" "Sedu/1 CFNetwork/1404.0.5 Darwin/22.3.0"
::1 - - [18/Jun/2023:04:28:01 +0000] "GET /api/v1/users/me? HTTP/1.0" 304 - "-" "Sedu/1 CFNetwork/1408.0.4 Darwin/22.5.0"
::1 - - [18/Jun/2023:04:28:01 +0000] "GET /api/v1/ads? HTTP/1.0" 304 - "-" "Sedu/1 CFNetwork/1408.0.4 Darwin/22.5.0"
::ffff:127.0.0.1 - - [18/Jun/2023:04:28:01 +0000] "GET /api/v1/articles? HTTP/1.0" 304 - "-" "Sedu/1 CFNetwork/1408.0.4 Darwin/22.5.0"
::1 - - [18/Jun/2023:04:28:18 +0000] "GET /api/v1/users/me? HTTP/1.0" 500 117 "-" "okhttp/4.9.2"
::ffff:127.0.0.1 - - [18/Jun/2023:04:28:18 +0000] "GET /api/v1/articles? HTTP/1.0" 500 117 "-" "okhttp/4.9.2"
::1 - - [18/Jun/2023:04:28:18 +0000] "GET /api/v1/ads? HTTP/1.0" 304 - "-" "okhttp/4.9.2"
::ffff:127.0.0.1 - - [18/Jun/2023:04:29:50 +0000] "GET /api/v1/users/me? HTTP/1.0" 500 117 "-" "okhttp/4.9.2"
::1 - - [18/Jun/2023:04:29:50 +0000] "GET /api/v1/articles? HTTP/1.0" 500 117 "-" "okhttp/4.9.2"
::ffff:127.0.0.1 - - [18/Jun/2023:04:29:50 +0000] "GET /api/v1/ads? HTTP/1.0" 304 - "-" "okhttp/4.9.2"
::1 - - [18/Jun/2023:04:29:54 +0000] "GET /api/v1/users/me? HTTP/1.0" 500 117 "-" "okhttp/4.9.2"
::1 - - [18/Jun/2023:04:30:13 +0000] "GET /api/v1/users/logout? HTTP/1.0" 304 - "-" "okhttp/4.9.2"
::ffff:127.0.0.1 - - [18/Jun/2023:04:30:14 +0000] "GET /api/v1/articles? HTTP/1.0" 401 283 "-" "okhttp/4.9.2"
::1 - - [18/Jun/2023:04:30:14 +0000] "GET /api/v1/ads? HTTP/1.0" 304 - "-" "okhttp/4.9.2"
::ffff:127.0.0.1 - - [18/Jun/2023:04:30:14 +0000] "GET /api/v1/users/me? HTTP/1.0" 401 283 "-" "okhttp/4.9.2"
::1 - - [18/Jun/2023:04:30:14 +0000] "GET /api/v1/users/me? HTTP/1.0" 401 283 "-" "okhttp/4.9.2"
::ffff:127.0.0.1 - - [18/Jun/2023:04:30:35 +0000] "GET /api/v1/users/me? HTTP/1.0" 401 283 "-" "okhttp/4.9.2"
::1 - - [18/Jun/2023:04:31:15 +0000] "POST /api/v1/users/login HTTP/1.0" 401 123 "-" "okhttp/4.9.2"
::ffff:127.0.0.1 - - [18/Jun/2023:04:31:21 +0000] "GET /api/v1/users/me? HTTP/1.0" 401 283 "-" "okhttp/4.9.2"
::1 - - [18/Jun/2023:04:33:26 +0000] "GET /api/v1/users/me? HTTP/1.0" 304 - "-" "Sedu/1 CFNetwork/1335.0.3 Darwin/21.6.0"
::1 - - [18/Jun/2023:04:33:26 +0000] "GET /api/v1/ads? HTTP/1.0" 304 - "-" "Sedu/1 CFNetwork/1335.0.3 Darwin/21.6.0"
::ffff:127.0.0.1 - - [18/Jun/2023:04:33:26 +0000] "GET /api/v1/articles? HTTP/1.0" 304 - "-" "Sedu/1 CFNetwork/1335.0.3 Darwin/21.6.0"
::1 - - [18/Jun/2023:04:33:34 +0000] "GET /api/v1/articles/642d4efb7c1330814fb762cf? HTTP/1.0" 200 10100 "-" "Sedu/1 CFNetwork/1335.0.3 Darwin/21.6.0"
::ffff:127.0.0.1 - - [18/Jun/2023:04:34:46 +0000] "GET /api/v1/users/me? HTTP/1.0" 500 117 "-" "okhttp/4.9.2"
::1 - - [18/Jun/2023:04:34:47 +0000] "GET /api/v1/articles? HTTP/1.0" 500 117 "-" "okhttp/4.9.2"
::ffff:127.0.0.1 - - [18/Jun/2023:04:34:47 +0000] "GET /api/v1/ads? HTTP/1.0" 304 - "-" "okhttp/4.9.2"
::1 - - [18/Jun/2023:04:34:58 +0000] "GET /api/v1/users/me? HTTP/1.0" 500 117 "-" "okhttp/4.9.2"
::ffff:127.0.0.1 - - [18/Jun/2023:04:37:15 +0000] "POST / HTTP/1.0" 404 140 "-" "Mozilla/5.0 (X11; Linux x86_64) AppleWebKit/537.36 (KHTML, like Gecko) Chrome/81.0.4044.129 Safari/537.36"
::1 - - [18/Jun/2023:04:37:16 +0000] "GET /.env HTTP/1.0" 404 143 "-" "Mozilla/5.0 (X11; Linux x86_64) AppleWebKit/537.36 (KHTML, like Gecko) Chrome/81.0.4044.129 Safari/537.36"
::ffff:127.0.0.1 - - [18/Jun/2023:04:37:54 +0000] "GET /api/v1/users/me? HTTP/1.0" 304 - "-" "Sedu/1 CFNetwork/1408.0.4 Darwin/22.5.0"
::1 - - [18/Jun/2023:04:37:55 +0000] "GET /api/v1/articles? HTTP/1.0" 304 - "-" "Sedu/1 CFNetwork/1408.0.4 Darwin/22.5.0"
::ffff:127.0.0.1 - - [18/Jun/2023:04:37:55 +0000] "GET /api/v1/ads? HTTP/1.0" 304 - "-" "Sedu/1 CFNetwork/1408.0.4 Darwin/22.5.0"
::ffff:127.0.0.1 - - [18/Jun/2023:04:38:06 +0000] "GET /api/v1/articles/642d4c587c1330814fb76297? HTTP/1.0" 304 - "-" "Sedu/1 CFNetwork/1408.0.4 Darwin/22.5.0"
::1 - - [18/Jun/2023:04:38:16 +0000] "GET /api/v1/users/me? HTTP/1.0" 304 - "-" "Sedu/1 CFNetwork/1399 Darwin/22.1.0"
::1 - - [18/Jun/2023:04:38:17 +0000] "GET /api/v1/ads? HTTP/1.0" 304 - "-" "Sedu/1 CFNetwork/1399 Darwin/22.1.0"
::ffff:127.0.0.1 - - [18/Jun/2023:04:38:17 +0000] "GET /api/v1/articles? HTTP/1.0" 304 - "-" "Sedu/1 CFNetwork/1399 Darwin/22.1.0"
::ffff:127.0.0.1 - - [18/Jun/2023:04:38:23 +0000] "GET /api/v1/articles/642d4c587c1330814fb76297? HTTP/1.0" 304 - "-" "Sedu/1 CFNetwork/1399 Darwin/22.1.0"
::1 - - [18/Jun/2023:04:38:59 +0000] "GET /api/v1/users/me? HTTP/1.0" 401 283 "-" "Sedu/1 CFNetwork/1390 Darwin/22.0.0"
::ffff:127.0.0.1 - - [18/Jun/2023:04:40:58 +0000] "GET /api/v1/users/me? HTTP/1.0" 200 226 "-" "Sedu/1 CFNetwork/1408.0.4 Darwin/22.5.0"
::1 - - [18/Jun/2023:04:40:58 +0000] "GET /api/v1/wallets/648dbe3fa32e8316d82775bb? HTTP/1.0" 304 - "-" "Sedu/1 CFNetwork/1408.0.4 Darwin/22.5.0"
::ffff:127.0.0.1 - - [18/Jun/2023:04:41:03 +0000] "POST /api/v1/users/invoice/6473406ca32e8316d8248b99 HTTP/1.0" 200 50 "-" "Sedu/1 CFNetwork/1408.0.4 Darwin/22.5.0"
::1 - - [18/Jun/2023:04:41:03 +0000] "GET /api/v1/wallets/648e8adfa32e8316d827806d? HTTP/1.0" 200 16081 "-" "Sedu/1 CFNetwork/1408.0.4 Darwin/22.5.0"
::ffff:127.0.0.1 - - [18/Jun/2023:04:41:08 +0000] "GET /api/v1/users/me? HTTP/1.0" 200 226 "-" "Sedu/1 CFNetwork/1408.0.4 Darwin/22.5.0"
::1 - - [18/Jun/2023:04:41:08 +0000] "GET /api/v1/articles? HTTP/1.0" 200 443373 "-" "Sedu/1 CFNetwork/1408.0.4 Darwin/22.5.0"
::ffff:127.0.0.1 - - [18/Jun/2023:04:41:08 +0000] "GET /api/v1/ads? HTTP/1.0" 200 633 "-" "Sedu/1 CFNetwork/1408.0.4 Darwin/22.5.0"
::ffff:127.0.0.1 - - [18/Jun/2023:04:41:19 +0000] "GET /api/v1/articles/642d4fba7c1330814fb762d8? HTTP/1.0" 200 8050 "-" "Sedu/1 CFNetwork/1408.0.4 Darwin/22.5.0"
::1 - - [18/Jun/2023:04:42:13 +0000] "GET /api/v1/users/me? HTTP/1.0" 401 283 "-" "Sedu/1 CFNetwork/1404.0.5 Darwin/22.3.0"
::ffff:127.0.0.1 - - [18/Jun/2023:04:42:16 +0000] "GET /api/v1/articles/642d789c7c1330814fb763e7? HTTP/1.0" 200 6163 "-" "Sedu/1 CFNetwork/1408.0.4 Darwin/22.5.0"
::1 - - [18/Jun/2023:04:42:27 +0000] "POST /api/v1/users/register HTTP/1.0" 500 246 "-" "Sedu/1 CFNetwork/1404.0.5 Darwin/22.3.0"
::ffff:127.0.0.1 - - [18/Jun/2023:04:42:28 +0000] "POST /api/v1/users/register HTTP/1.0" 500 246 "-" "Sedu/1 CFNetwork/1404.0.5 Darwin/22.3.0"
::1 - - [18/Jun/2023:04:42:28 +0000] "POST /api/v1/users/register HTTP/1.0" 500 246 "-" "Sedu/1 CFNetwork/1404.0.5 Darwin/22.3.0"
::ffff:127.0.0.1 - - [18/Jun/2023:04:42:28 +0000] "POST /api/v1/users/register HTTP/1.0" 500 246 "-" "Sedu/1 CFNetwork/1404.0.5 Darwin/22.3.0"
::1 - - [18/Jun/2023:04:42:28 +0000] "POST /api/v1/users/register HTTP/1.0" 500 246 "-" "Sedu/1 CFNetwork/1404.0.5 Darwin/22.3.0"
::ffff:127.0.0.1 - - [18/Jun/2023:04:42:36 +0000] "POST /api/v1/users/register HTTP/1.0" 500 248 "-" "Sedu/1 CFNetwork/1404.0.5 Darwin/22.3.0"
::1 - - [18/Jun/2023:04:42:44 +0000] "POST /api/v1/users/register HTTP/1.0" 200 461 "-" "Sedu/1 CFNetwork/1404.0.5 Darwin/22.3.0"
::ffff:127.0.0.1 - - [18/Jun/2023:04:42:45 +0000] "GET /api/v1/users/me? HTTP/1.0" 200 187 "-" "Sedu/1 CFNetwork/1404.0.5 Darwin/22.3.0"
::1 - - [18/Jun/2023:04:42:47 +0000] "GET /api/v1/users/me? HTTP/1.0" 304 - "-" "Sedu/1 CFNetwork/1404.0.5 Darwin/22.3.0"
::ffff:127.0.0.1 - - [18/Jun/2023:04:42:54 +0000] "POST /api/v1/users/invoice/648e8b44a32e8316d8278091 HTTP/1.0" 200 50 "-" "Sedu/1 CFNetwork/1404.0.5 Darwin/22.3.0"
::1 - - [18/Jun/2023:04:42:54 +0000] "GET /api/v1/wallets/648e8b4ea32e8316d8278096? HTTP/1.0" 200 16304 "-" "Sedu/1 CFNetwork/1404.0.5 Darwin/22.3.0"
::ffff:127.0.0.1 - - [18/Jun/2023:04:43:29 +0000] "GET /api/v1/articles/642d4fba7c1330814fb762d8? HTTP/1.0" 200 8050 "-" "Sedu/1 CFNetwork/1408.0.4 Darwin/22.5.0"
::1 - - [18/Jun/2023:04:43:36 +0000] "GET /api/v1/users/callbacks/648e8b44a32e8316d8278091/20000?qpay_payment_id=984517811172727 HTTP/1.0" 200 226 "-" "node-fetch/1.0 (+https://github.com/bitinn/node-fetch)"
::ffff:127.0.0.1 - - [18/Jun/2023:04:43:40 +0000] "GET /api/v1/users/me? HTTP/1.0" 200 226 "-" "Sedu/1 CFNetwork/1404.0.5 Darwin/22.3.0"
::1 - - [18/Jun/2023:04:43:40 +0000] "GET /api/v1/wallets/648e8b4ea32e8316d8278096? HTTP/1.0" 304 - "-" "Sedu/1 CFNetwork/1404.0.5 Darwin/22.3.0"
::ffff:127.0.0.1 - - [18/Jun/2023:04:43:49 +0000] "GET /api/v1/users/me? HTTP/1.0" 304 - "-" "Sedu/1 CFNetwork/1404.0.5 Darwin/22.3.0"
::1 - - [18/Jun/2023:04:43:49 +0000] "GET /api/v1/users/logout? HTTP/1.0" 200 39 "-" "Sedu/1 CFNetwork/1404.0.5 Darwin/22.3.0"
::ffff:127.0.0.1 - - [18/Jun/2023:04:43:50 +0000] "GET /api/v1/users/me? HTTP/1.0" 401 283 "-" "Sedu/1 CFNetwork/1404.0.5 Darwin/22.3.0"
::ffff:127.0.0.1 - - [18/Jun/2023:04:44:04 +0000] "GET /api/v1/articles/642d7ac57c1330814fb76424? HTTP/1.0" 200 9288 "-" "Sedu/1 CFNetwork/1408.0.4 Darwin/22.5.0"
::1 - - [18/Jun/2023:04:44:06 +0000] "POST /api/v1/users/login HTTP/1.0" 200 500 "-" "Sedu/1 CFNetwork/1404.0.5 Darwin/22.3.0"
::ffff:127.0.0.1 - - [18/Jun/2023:04:44:06 +0000] "GET /api/v1/users/me? HTTP/1.0" 304 - "-" "Sedu/1 CFNetwork/1404.0.5 Darwin/22.3.0"
::ffff:127.0.0.1 - - [18/Jun/2023:04:44:06 +0000] "GET /api/v1/ads? HTTP/1.0" 200 633 "-" "Sedu/1 CFNetwork/1404.0.5 Darwin/22.3.0"
::1 - - [18/Jun/2023:04:44:06 +0000] "GET /api/v1/articles? HTTP/1.0" 200 443373 "-" "Sedu/1 CFNetwork/1404.0.5 Darwin/22.3.0"
::ffff:127.0.0.1 - - [18/Jun/2023:04:44:25 +0000] "GET /api/v1/users/me? HTTP/1.0" 304 - "-" "Sedu/1 CFNetwork/1404.0.5 Darwin/22.3.0"
::ffff:127.0.0.1 - - [18/Jun/2023:04:44:25 +0000] "GET /api/v1/ads? HTTP/1.0" 304 - "-" "Sedu/1 CFNetwork/1404.0.5 Darwin/22.3.0"
::1 - - [18/Jun/2023:04:44:25 +0000] "GET /api/v1/articles? HTTP/1.0" 200 443373 "-" "Sedu/1 CFNetwork/1404.0.5 Darwin/22.3.0"
::1 - - [18/Jun/2023:04:44:31 +0000] "GET /api/v1/users/me? HTTP/1.0" 304 - "-" "Sedu/1 CFNetwork/1404.0.5 Darwin/22.3.0"
::ffff:127.0.0.1 - - [18/Jun/2023:04:45:05 +0000] "GET /api/v1/articles/642d4c587c1330814fb76297? HTTP/1.0" 200 22271 "-" "Sedu/1 CFNetwork/1404.0.5 Darwin/22.3.0"
::ffff:127.0.0.1 - - [18/Jun/2023:04:48:45 +0000] "GET /api/v1/ads? HTTP/1.0" 304 - "-" "Sedu/1 CFNetwork/1404.0.5 Darwin/22.3.0"
::1 - - [18/Jun/2023:04:48:45 +0000] "GET /api/v1/users/me? HTTP/1.0" 304 - "-" "Sedu/1 CFNetwork/1404.0.5 Darwin/22.3.0"
::ffff:127.0.0.1 - - [18/Jun/2023:04:48:46 +0000] "GET /api/v1/articles/642d4c587c1330814fb76297? HTTP/1.0" 304 - "-" "Sedu/1 CFNetwork/1404.0.5 Darwin/22.3.0"
::1 - - [18/Jun/2023:04:48:46 +0000] "GET /api/v1/users/me? HTTP/1.0" 304 - "-" "Sedu/1 CFNetwork/1404.0.5 Darwin/22.3.0"
::ffff:127.0.0.1 - - [18/Jun/2023:04:48:47 +0000] "GET /api/v1/articles? HTTP/1.0" 304 - "-" "Sedu/1 CFNetwork/1404.0.5 Darwin/22.3.0"
::ffff:127.0.0.1 - - [18/Jun/2023:04:50:24 +0000] "GET /api/v1/users/me? HTTP/1.0" 304 - "-" "Sedu/1 CFNetwork/1408.0.4 Darwin/22.5.0"
::1 - - [18/Jun/2023:04:50:24 +0000] "GET /api/v1/ads? HTTP/1.0" 304 - "-" "Sedu/1 CFNetwork/1408.0.4 Darwin/22.5.0"
::1 - - [18/Jun/2023:04:50:24 +0000] "GET /api/v1/articles? HTTP/1.0" 304 - "-" "Sedu/1 CFNetwork/1408.0.4 Darwin/22.5.0"
::ffff:127.0.0.1 - - [18/Jun/2023:04:50:43 +0000] "GET /api/v1/articles/6487eeeea32e8316d826f8b9? HTTP/1.0" 200 5395 "-" "Sedu/1 CFNetwork/1408.0.4 Darwin/22.5.0"
::1 - - [18/Jun/2023:04:51:05 +0000] "GET /api/v1/users/me? HTTP/1.0" 401 283 "-" "Sedu/1 CFNetwork/1390 Darwin/22.0.0"
::ffff:127.0.0.1 - - [18/Jun/2023:04:51:08 +0000] "GET /api/v1/articles/64816c33a32e8316d82604d8? HTTP/1.0" 200 5761 "-" "Sedu/1 CFNetwork/1408.0.4 Darwin/22.5.0"
::1 - - [18/Jun/2023:04:51:16 +0000] "POST /api/v1/users/register HTTP/1.0" 500 250 "-" "Sedu/1 CFNetwork/1390 Darwin/22.0.0"
::ffff:127.0.0.1 - - [18/Jun/2023:04:51:22 +0000] "POST /api/v1/users/register HTTP/1.0" 500 250 "-" "Sedu/1 CFNetwork/1390 Darwin/22.0.0"
::1 - - [18/Jun/2023:04:51:28 +0000] "POST /api/v1/users/register HTTP/1.0" 500 250 "-" "Sedu/1 CFNetwork/1390 Darwin/22.0.0"
::ffff:127.0.0.1 - - [18/Jun/2023:04:51:33 +0000] "POST /api/v1/users/register HTTP/1.0" 200 465 "-" "Sedu/1 CFNetwork/1390 Darwin/22.0.0"
::1 - - [18/Jun/2023:04:51:33 +0000] "GET /api/v1/users/me? HTTP/1.0" 200 191 "-" "Sedu/1 CFNetwork/1390 Darwin/22.0.0"
::ffff:127.0.0.1 - - [18/Jun/2023:04:51:39 +0000] "GET /api/v1/users/logout? HTTP/1.0" 200 39 "-" "Sedu/1 CFNetwork/1390 Darwin/22.0.0"
::1 - - [18/Jun/2023:04:51:39 +0000] "GET /api/v1/users/me? HTTP/1.0" 401 283 "-" "Sedu/1 CFNetwork/1390 Darwin/22.0.0"
::ffff:127.0.0.1 - - [18/Jun/2023:04:51:42 +0000] "GET /api/v1/users/me? HTTP/1.0" 304 - "-" "Sedu/1 CFNetwork/1404.0.5 Darwin/22.3.0"
::ffff:127.0.0.1 - - [18/Jun/2023:04:51:42 +0000] "GET /api/v1/users/me? HTTP/1.0" 304 - "-" "Sedu/1 CFNetwork/1404.0.5 Darwin/22.3.0"
::1 - - [18/Jun/2023:04:51:42 +0000] "GET /api/v1/ads? HTTP/1.0" 304 - "-" "Sedu/1 CFNetwork/1404.0.5 Darwin/22.3.0"
::1 - - [18/Jun/2023:04:51:43 +0000] "GET /api/v1/articles? HTTP/1.0" 304 - "-" "Sedu/1 CFNetwork/1404.0.5 Darwin/22.3.0"
::1 - - [18/Jun/2023:04:55:22 +0000] "GET /api/v1/users/me? HTTP/1.0" 500 117 "-" "okhttp/4.9.2"
::ffff:127.0.0.1 - - [18/Jun/2023:04:55:23 +0000] "GET /api/v1/articles? HTTP/1.0" 500 117 "-" "okhttp/4.9.2"
::1 - - [18/Jun/2023:04:55:24 +0000] "GET /api/v1/ads? HTTP/1.0" 200 633 "-" "okhttp/4.9.2"
::1 - - [18/Jun/2023:04:55:35 +0000] "GET /api/v1/users/me? HTTP/1.0" 500 117 "-" "okhttp/4.9.2"
::ffff:127.0.0.1 - - [18/Jun/2023:04:55:46 +0000] "GET /api/v1/users/me? HTTP/1.0" 500 117 "-" "okhttp/4.9.2"
::1 - - [18/Jun/2023:04:55:46 +0000] "GET /api/v1/articles? HTTP/1.0" 500 117 "-" "okhttp/4.9.2"
::ffff:127.0.0.1 - - [18/Jun/2023:04:55:46 +0000] "GET /api/v1/users/me? HTTP/1.0" 500 117 "-" "okhttp/4.9.2"
::1 - - [18/Jun/2023:04:55:46 +0000] "GET /api/v1/ads? HTTP/1.0" 304 - "-" "okhttp/4.9.2"
::ffff:127.0.0.1 - - [18/Jun/2023:04:55:58 +0000] "GET /api/v1/users/me? HTTP/1.0" 500 117 "-" "okhttp/4.9.2"
::ffff:127.0.0.1 - - [18/Jun/2023:04:55:58 +0000] "GET /api/v1/users/me? HTTP/1.0" 500 117 "-" "okhttp/4.9.2"
::1 - - [18/Jun/2023:04:55:58 +0000] "GET /api/v1/articles? HTTP/1.0" 500 117 "-" "okhttp/4.9.2"
::1 - - [18/Jun/2023:04:55:58 +0000] "GET /api/v1/ads? HTTP/1.0" 304 - "-" "okhttp/4.9.2"
::ffff:127.0.0.1 - - [18/Jun/2023:04:56:30 +0000] "GET /api/v1/users/me? HTTP/1.0" 500 117 "-" "okhttp/4.9.2"
::ffff:127.0.0.1 - - [18/Jun/2023:04:56:30 +0000] "GET /api/v1/users/me? HTTP/1.0" 500 117 "-" "okhttp/4.9.2"
::1 - - [18/Jun/2023:04:56:30 +0000] "GET /api/v1/ads? HTTP/1.0" 304 - "-" "okhttp/4.9.2"
::1 - - [18/Jun/2023:04:56:31 +0000] "GET /api/v1/articles? HTTP/1.0" 500 117 "-" "okhttp/4.9.2"
::ffff:127.0.0.1 - - [18/Jun/2023:04:56:58 +0000] "GET /api/v1/users/me? HTTP/1.0" 401 283 "-" "Sedu/1 CFNetwork/1404.0.5 Darwin/22.3.0"
::1 - - [18/Jun/2023:04:57:48 +0000] "POST /api/v1/users/register HTTP/1.0" 500 247 "-" "Sedu/1 CFNetwork/1404.0.5 Darwin/22.3.0"
::ffff:127.0.0.1 - - [18/Jun/2023:04:58:00 +0000] "GET /api/v1/users/me? HTTP/1.0" 304 - "-" "Sedu/1 CFNetwork/1408.0.4 Darwin/22.5.0"
::1 - - [18/Jun/2023:04:58:00 +0000] "GET /api/v1/articles? HTTP/1.0" 304 - "-" "Sedu/1 CFNetwork/1408.0.4 Darwin/22.5.0"
::ffff:127.0.0.1 - - [18/Jun/2023:04:58:00 +0000] "GET /api/v1/ads? HTTP/1.0" 304 - "-" "Sedu/1 CFNetwork/1408.0.4 Darwin/22.5.0"
::ffff:127.0.0.1 - - [18/Jun/2023:04:58:08 +0000] "POST /api/v1/users/register HTTP/1.0" 200 462 "-" "Sedu/1 CFNetwork/1404.0.5 Darwin/22.3.0"
::1 - - [18/Jun/2023:04:58:08 +0000] "GET /api/v1/users/me? HTTP/1.0" 200 188 "-" "Sedu/1 CFNetwork/1404.0.5 Darwin/22.3.0"
::ffff:127.0.0.1 - - [18/Jun/2023:04:58:23 +0000] "GET /api/v1/users/me? HTTP/1.0" 304 - "-" "Sedu/1 CFNetwork/1404.0.5 Darwin/22.3.0"
::1 - - [18/Jun/2023:04:58:31 +0000] "GET /api/v1/users/me? HTTP/1.0" 500 117 "-" "okhttp/4.9.2"
::ffff:127.0.0.1 - - [18/Jun/2023:04:58:31 +0000] "GET /api/v1/articles? HTTP/1.0" 500 117 "-" "okhttp/4.9.2"
::1 - - [18/Jun/2023:04:58:32 +0000] "GET /api/v1/ads? HTTP/1.0" 304 - "-" "okhttp/4.9.2"
::ffff:127.0.0.1 - - [18/Jun/2023:04:58:36 +0000] "POST /api/v1/users/invoice/648e8ee0a32e8316d82780e7 HTTP/1.0" 200 50 "-" "Sedu/1 CFNetwork/1404.0.5 Darwin/22.3.0"
::1 - - [18/Jun/2023:04:58:37 +0000] "GET /api/v1/wallets/648e8efca32e8316d82780ee? HTTP/1.0" 200 16246 "-" "Sedu/1 CFNetwork/1404.0.5 Darwin/22.3.0"
::ffff:127.0.0.1 - - [18/Jun/2023:04:58:40 +0000] "GET /api/v1/articles/642d75b97c1330814fb763bb? HTTP/1.0" 304 - "-" "Sedu/1 CFNetwork/1408.0.4 Darwin/22.5.0"
::1 - - [18/Jun/2023:04:58:45 +0000] "GET /api/v1/articles? HTTP/1.0" 500 117 "-" "okhttp/4.9.2"
::ffff:127.0.0.1 - - [18/Jun/2023:04:58:45 +0000] "GET /api/v1/users/me? HTTP/1.0" 500 117 "-" "okhttp/4.9.2"
::1 - - [18/Jun/2023:04:58:49 +0000] "GET /api/v1/users/me? HTTP/1.0" 500 117 "-" "okhttp/4.9.2"
::ffff:127.0.0.1 - - [18/Jun/2023:04:59:11 +0000] "GET /api/v1/users/callbacks/648e8ee0a32e8316d82780e7/20000?qpay_payment_id=758481991725140 HTTP/1.0" 200 227 "-" "node-fetch/1.0 (+https://github.com/bitinn/node-fetch)"
::ffff:127.0.0.1 - - [18/Jun/2023:04:59:15 +0000] "GET /api/v1/users/me? HTTP/1.0" 200 227 "-" "Sedu/1 CFNetwork/1404.0.5 Darwin/22.3.0"
::1 - - [18/Jun/2023:04:59:15 +0000] "GET /api/v1/wallets/648e8efca32e8316d82780ee? HTTP/1.0" 304 - "-" "Sedu/1 CFNetwork/1404.0.5 Darwin/22.3.0"
::1 - - [18/Jun/2023:04:59:26 +0000] "GET /api/v1/users/me? HTTP/1.0" 304 - "-" "Sedu/1 CFNetwork/1404.0.5 Darwin/22.3.0"
::ffff:127.0.0.1 - - [18/Jun/2023:04:59:30 +0000] "POST /api/v1/users/invoice/648e8ee0a32e8316d82780e7 HTTP/1.0" 200 50 "-" "Sedu/1 CFNetwork/1404.0.5 Darwin/22.3.0"
::1 - - [18/Jun/2023:04:59:30 +0000] "GET /api/v1/wallets/648e8f32a32e8316d8278106? HTTP/1.0" 200 16254 "-" "Sedu/1 CFNetwork/1404.0.5 Darwin/22.3.0"
::ffff:127.0.0.1 - - [18/Jun/2023:04:59:38 +0000] "GET /api/v1/users/logout? HTTP/1.0" 200 39 "-" "Sedu/1 CFNetwork/1404.0.5 Darwin/22.3.0"
::1 - - [18/Jun/2023:04:59:38 +0000] "GET /api/v1/users/me? HTTP/1.0" 401 283 "-" "Sedu/1 CFNetwork/1404.0.5 Darwin/22.3.0"
::ffff:127.0.0.1 - - [18/Jun/2023:04:59:50 +0000] "POST /api/v1/users/login HTTP/1.0" 200 501 "-" "Sedu/1 CFNetwork/1404.0.5 Darwin/22.3.0"
::1 - - [18/Jun/2023:04:59:50 +0000] "GET /api/v1/users/me? HTTP/1.0" 200 227 "-" "Sedu/1 CFNetwork/1404.0.5 Darwin/22.3.0"
::1 - - [18/Jun/2023:04:59:50 +0000] "GET /api/v1/ads? HTTP/1.0" 200 633 "-" "Sedu/1 CFNetwork/1404.0.5 Darwin/22.3.0"
::ffff:127.0.0.1 - - [18/Jun/2023:04:59:50 +0000] "GET /api/v1/articles? HTTP/1.0" 200 443373 "-" "Sedu/1 CFNetwork/1404.0.5 Darwin/22.3.0"
::1 - - [18/Jun/2023:05:00:15 +0000] "GET /api/v1/articles/642d581c7c1330814fb76387? HTTP/1.0" 200 7596 "-" "Sedu/1 CFNetwork/1404.0.5 Darwin/22.3.0"
::1 - - [18/Jun/2023:05:01:05 +0000] "GET /api/v1/users/me? HTTP/1.0" 304 - "-" "Sedu/1 CFNetwork/1404.0.5 Darwin/22.3.0"
::ffff:127.0.0.1 - - [18/Jun/2023:05:02:57 +0000] "GET /api/v1/users/me? HTTP/1.0" 304 - "-" "Sedu/1 CFNetwork/1406.0.4 Darwin/22.4.0"
::1 - - [18/Jun/2023:05:02:58 +0000] "GET /api/v1/articles? HTTP/1.0" 304 - "-" "Sedu/1 CFNetwork/1406.0.4 Darwin/22.4.0"
::ffff:127.0.0.1 - - [18/Jun/2023:05:02:58 +0000] "GET /api/v1/ads? HTTP/1.0" 304 - "-" "Sedu/1 CFNetwork/1406.0.4 Darwin/22.4.0"
::ffff:127.0.0.1 - - [18/Jun/2023:05:04:07 +0000] "GET /api/v1/users/me? HTTP/1.0" 304 - "-" "Sedu/1 CFNetwork/1408.0.4 Darwin/22.5.0"
::1 - - [18/Jun/2023:05:04:07 +0000] "GET /api/v1/articles/642d75b97c1330814fb763bb? HTTP/1.0" 304 - "-" "Sedu/1 CFNetwork/1408.0.4 Darwin/22.5.0"
::1 - - [18/Jun/2023:05:04:07 +0000] "GET /api/v1/ads? HTTP/1.0" 304 - "-" "Sedu/1 CFNetwork/1408.0.4 Darwin/22.5.0"
::1 - - [18/Jun/2023:05:04:08 +0000] "GET /api/v1/users/me? HTTP/1.0" 304 - "-" "Sedu/1 CFNetwork/1408.0.4 Darwin/22.5.0"
::ffff:127.0.0.1 - - [18/Jun/2023:05:04:08 +0000] "GET /api/v1/articles? HTTP/1.0" 304 - "-" "Sedu/1 CFNetwork/1408.0.4 Darwin/22.5.0"
::ffff:127.0.0.1 - - [18/Jun/2023:05:04:11 +0000] "POST /api/v1/users/invoice/648c90fda32e8316d8276278 HTTP/1.0" 200 50 "-" "Sedu/1 CFNetwork/1408.0.4 Darwin/22.5.0"
::1 - - [18/Jun/2023:05:04:12 +0000] "GET /api/v1/users/me? HTTP/1.0" 401 283 "-" "Sedu/1 CFNetwork/1408.0.4 Darwin/22.5.0"
::ffff:127.0.0.1 - - [18/Jun/2023:05:04:12 +0000] "GET /api/v1/wallets/648e904ba32e8316d827812c? HTTP/1.0" 200 16196 "-" "Sedu/1 CFNetwork/1408.0.4 Darwin/22.5.0"
::1 - - [18/Jun/2023:05:04:31 +0000] "POST /api/v1/users/register HTTP/1.0" 500 253 "-" "Sedu/1 CFNetwork/1408.0.4 Darwin/22.5.0"
::ffff:127.0.0.1 - - [18/Jun/2023:05:04:42 +0000] "POST /api/v1/users/register HTTP/1.0" 500 251 "-" "Sedu/1 CFNetwork/1408.0.4 Darwin/22.5.0"
::1 - - [18/Jun/2023:05:04:49 +0000] "POST /api/v1/users/register HTTP/1.0" 500 251 "-" "Sedu/1 CFNetwork/1408.0.4 Darwin/22.5.0"
::ffff:127.0.0.1 - - [18/Jun/2023:05:05:15 +0000] "POST /api/v1/users/register HTTP/1.0" 200 467 "-" "Sedu/1 CFNetwork/1408.0.4 Darwin/22.5.0"
::1 - - [18/Jun/2023:05:05:15 +0000] "GET /api/v1/users/me? HTTP/1.0" 200 193 "-" "Sedu/1 CFNetwork/1408.0.4 Darwin/22.5.0"
::ffff:127.0.0.1 - - [18/Jun/2023:05:05:19 +0000] "GET /api/v1/users/me? HTTP/1.0" 304 - "-" "Sedu/1 CFNetwork/1408.0.4 Darwin/22.5.0"
::1 - - [18/Jun/2023:05:05:23 +0000] "POST /api/v1/users/invoice/648e908ba32e8316d8278143 HTTP/1.0" 200 50 "-" "Sedu/1 CFNetwork/1408.0.4 Darwin/22.5.0"
::ffff:127.0.0.1 - - [18/Jun/2023:05:05:23 +0000] "GET /api/v1/wallets/648e9092a32e8316d8278148? HTTP/1.0" 200 16026 "-" "Sedu/1 CFNetwork/1408.0.4 Darwin/22.5.0"
::1 - - [18/Jun/2023:05:05:52 +0000] "GET /api/v1/users/callbacks/648e908ba32e8316d8278143/20000?qpay_payment_id=802254222260538 HTTP/1.0" 200 232 "-" "node-fetch/1.0 (+https://github.com/bitinn/node-fetch)"
::1 - - [18/Jun/2023:05:05:55 +0000] "GET /api/v1/users/me? HTTP/1.0" 200 232 "-" "Sedu/1 CFNetwork/1408.0.4 Darwin/22.5.0"
::ffff:127.0.0.1 - - [18/Jun/2023:05:05:55 +0000] "GET /api/v1/wallets/648e9092a32e8316d8278148? HTTP/1.0" 304 - "-" "Sedu/1 CFNetwork/1408.0.4 Darwin/22.5.0"
::ffff:127.0.0.1 - - [18/Jun/2023:05:06:06 +0000] "POST /api/v1/users/invoice/648e908ba32e8316d8278143 HTTP/1.0" 200 50 "-" "Sedu/1 CFNetwork/1408.0.4 Darwin/22.5.0"
::1 - - [18/Jun/2023:05:06:06 +0000] "GET /api/v1/wallets/648e90bea32e8316d827815e? HTTP/1.0" 200 16314 "-" "Sedu/1 CFNetwork/1408.0.4 Darwin/22.5.0"
::ffff:127.0.0.1 - - [18/Jun/2023:05:06:19 +0000] "GET /api/v1/users/me? HTTP/1.0" 200 232 "-" "Sedu/1 CFNetwork/1408.0.4 Darwin/22.5.0"
::ffff:127.0.0.1 - - [18/Jun/2023:05:06:19 +0000] "GET /api/v1/ads? HTTP/1.0" 200 633 "-" "Sedu/1 CFNetwork/1408.0.4 Darwin/22.5.0"
::1 - - [18/Jun/2023:05:06:19 +0000] "GET /api/v1/articles? HTTP/1.0" 200 443373 "-" "Sedu/1 CFNetwork/1408.0.4 Darwin/22.5.0"
::ffff:127.0.0.1 - - [18/Jun/2023:05:06:22 +0000] "GET /api/v1/users/me? HTTP/1.0" 304 - "-" "Sedu/1 CFNetwork/1408.0.4 Darwin/22.5.0"
::1 - - [18/Jun/2023:05:06:49 +0000] "GET /api/v1/users/callbacks/648c90fda32e8316d8276278/20000?qpay_payment_id=579976923871707 HTTP/1.0" 200 225 "-" "node-fetch/1.0 (+https://github.com/bitinn/node-fetch)"
::ffff:127.0.0.1 - - [18/Jun/2023:05:07:17 +0000] "GET /api/v1/users/me? HTTP/1.0" 401 283 "-" "okhttp/4.9.2"
::ffff:127.0.0.1 - - [18/Jun/2023:05:09:07 +0000] "POST / HTTP/1.0" 404 140 "-" "Mozilla/5.0 (X11; Linux x86_64) AppleWebKit/537.36 (KHTML, like Gecko) Chrome/81.0.4044.129 Safari/537.36"
::1 - - [18/Jun/2023:05:09:08 +0000] "GET /.env HTTP/1.0" 404 143 "-" "Mozilla/5.0 (X11; Linux x86_64) AppleWebKit/537.36 (KHTML, like Gecko) Chrome/81.0.4044.129 Safari/537.36"
::1 - - [18/Jun/2023:05:09:27 +0000] "GET /api/v1/users/me? HTTP/1.0" 304 - "-" "Sedu/1 CFNetwork/1404.0.5 Darwin/22.3.0"
::1 - - [18/Jun/2023:05:09:27 +0000] "GET /api/v1/users/me? HTTP/1.0" 304 - "-" "Sedu/1 CFNetwork/1404.0.5 Darwin/22.3.0"
::ffff:127.0.0.1 - - [18/Jun/2023:05:09:27 +0000] "GET /api/v1/articles? HTTP/1.0" 304 - "-" "Sedu/1 CFNetwork/1404.0.5 Darwin/22.3.0"
::1 - - [18/Jun/2023:05:09:29 +0000] "GET /api/v1/ads? HTTP/1.0" 304 - "-" "Sedu/1 CFNetwork/1404.0.5 Darwin/22.3.0"
::ffff:127.0.0.1 - - [18/Jun/2023:05:09:30 +0000] "GET /api/v1/articles/642d7ac57c1330814fb76424? HTTP/1.0" 200 9288 "-" "Sedu/1 CFNetwork/1404.0.5 Darwin/22.3.0"
::1 - - [18/Jun/2023:05:10:49 +0000] "GET /api/v1/users/me? HTTP/1.0" 200 225 "-" "Sedu/1 CFNetwork/1408.0.4 Darwin/22.5.0"
::ffff:127.0.0.1 - - [18/Jun/2023:05:10:49 +0000] "GET /api/v1/wallets/648e904ba32e8316d827812c? HTTP/1.0" 304 - "-" "Sedu/1 CFNetwork/1408.0.4 Darwin/22.5.0"
::ffff:127.0.0.1 - - [18/Jun/2023:05:10:54 +0000] "POST /api/v1/users/invoice/648c90fda32e8316d8276278 HTTP/1.0" 200 50 "-" "Sedu/1 CFNetwork/1408.0.4 Darwin/22.5.0"
::1 - - [18/Jun/2023:05:10:55 +0000] "GET /api/v1/wallets/648e91dea32e8316d8278181? HTTP/1.0" 200 16016 "-" "Sedu/1 CFNetwork/1408.0.4 Darwin/22.5.0"
::ffff:127.0.0.1 - - [18/Jun/2023:05:11:09 +0000] "GET /api/v1/users/me? HTTP/1.0" 304 - "-" "Sedu/1 CFNetwork/1404.0.5 Darwin/22.3.0"
::1 - - [18/Jun/2023:05:11:09 +0000] "GET /api/v1/users/me? HTTP/1.0" 304 - "-" "Sedu/1 CFNetwork/1404.0.5 Darwin/22.3.0"
::ffff:127.0.0.1 - - [18/Jun/2023:05:11:09 +0000] "GET /api/v1/articles/642d7ac57c1330814fb76424? HTTP/1.0" 304 - "-" "Sedu/1 CFNetwork/1404.0.5 Darwin/22.3.0"
::ffff:127.0.0.1 - - [18/Jun/2023:05:11:09 +0000] "GET /api/v1/ads? HTTP/1.0" 304 - "-" "Sedu/1 CFNetwork/1404.0.5 Darwin/22.3.0"
::1 - - [18/Jun/2023:05:11:10 +0000] "GET /api/v1/articles? HTTP/1.0" 304 - "-" "Sedu/1 CFNetwork/1404.0.5 Darwin/22.3.0"
::1 - - [18/Jun/2023:05:11:51 +0000] "GET /_ignition/execute-solution HTTP/1.0" 404 165 "-" "Mozilla/5.0 (Windows NT 10.0; Win64; x64) AppleWebKit/537.36 (KHTML, like Gecko) Chrome/78.0.3904.108 Safari/537.36"
::ffff:127.0.0.1 - - [18/Jun/2023:05:12:24 +0000] "GET /api/v1/articles/642e2e6d7c1330814fb7646b? HTTP/1.0" 200 1619 "-" "Sedu/1 CFNetwork/1404.0.5 Darwin/22.3.0"
::ffff:127.0.0.1 - - [18/Jun/2023:05:13:49 +0000] "GET /api/v1/articles/642e321a7c1330814fb7648b? HTTP/1.0" 200 2221 "-" "Sedu/1 CFNetwork/1404.0.5 Darwin/22.3.0"
::1 - - [18/Jun/2023:05:14:55 +0000] "GET /api/v1/articles/642e36c67c1330814fb764a6? HTTP/1.0" 200 6465 "-" "Sedu/1 CFNetwork/1404.0.5 Darwin/22.3.0"
::1 - - [18/Jun/2023:05:16:01 +0000] "GET /api/v1/users/me? HTTP/1.0" 200 225 "-" "Sedu/1 CFNetwork/1408.0.4 Darwin/22.5.0"
::1 - - [18/Jun/2023:05:16:01 +0000] "GET /api/v1/ads? HTTP/1.0" 200 633 "-" "Sedu/1 CFNetwork/1408.0.4 Darwin/22.5.0"
::ffff:127.0.0.1 - - [18/Jun/2023:05:16:01 +0000] "GET /api/v1/articles? HTTP/1.0" 200 443373 "-" "Sedu/1 CFNetwork/1408.0.4 Darwin/22.5.0"
::1 - - [18/Jun/2023:05:16:18 +0000] "GET /api/v1/articles/642e38197c1330814fb764af? HTTP/1.0" 200 5954 "-" "Sedu/1 CFNetwork/1404.0.5 Darwin/22.3.0"
::ffff:127.0.0.1 - - [18/Jun/2023:05:16:27 +0000] "GET /api/v1/users/me? HTTP/1.0" 401 283 "-" "Sedu/1 CFNetwork/1399 Darwin/22.1.0"
::1 - - [18/Jun/2023:05:16:34 +0000] "GET /api/v1/articles/642d4fba7c1330814fb762d8? HTTP/1.0" 200 8050 "-" "Sedu/1 CFNetwork/1408.0.4 Darwin/22.5.0"
::ffff:127.0.0.1 - - [18/Jun/2023:05:16:43 +0000] "GET /api/v1/articles/642d55f77c1330814fb7634f? HTTP/1.0" 200 7052 "-" "Sedu/1 CFNetwork/1408.0.4 Darwin/22.5.0"
::1 - - [18/Jun/2023:05:16:54 +0000] "POST /api/v1/users/login HTTP/1.0" 401 123 "-" "Sedu/1 CFNetwork/1399 Darwin/22.1.0"
::ffff:127.0.0.1 - - [18/Jun/2023:05:17:01 +0000] "GET /api/v1/users/me? HTTP/1.0" 304 - "-" "Sedu/1 CFNetwork/1408.0.4 Darwin/22.5.0"
::1 - - [18/Jun/2023:05:17:01 +0000] "GET /api/v1/users/me? HTTP/1.0" 304 - "-" "Sedu/1 CFNetwork/1408.0.4 Darwin/22.5.0"
::1 - - [18/Jun/2023:05:17:01 +0000] "GET /api/v1/ads? HTTP/1.0" 304 - "-" "Sedu/1 CFNetwork/1408.0.4 Darwin/22.5.0"
::ffff:127.0.0.1 - - [18/Jun/2023:05:17:01 +0000] "GET /api/v1/articles? HTTP/1.0" 304 - "-" "Sedu/1 CFNetwork/1408.0.4 Darwin/22.5.0"
::ffff:127.0.0.1 - - [18/Jun/2023:05:17:03 +0000] "POST /api/v1/users/login HTTP/1.0" 401 123 "-" "Sedu/1 CFNetwork/1399 Darwin/22.1.0"
::ffff:127.0.0.1 - - [18/Jun/2023:05:19:05 +0000] "GET /api/v1/users/me? HTTP/1.0" 401 283 "-" "Sedu/1 CFNetwork/1399 Darwin/22.1.0"
::ffff:127.0.0.1 - - [18/Jun/2023:05:19:15 +0000] "POST /api/v1/users/login HTTP/1.0" 401 123 "-" "Sedu/1 CFNetwork/1399 Darwin/22.1.0"
::1 - - [18/Jun/2023:05:19:16 +0000] "POST /api/v1/users/login HTTP/1.0" 401 123 "-" "Sedu/1 CFNetwork/1399 Darwin/22.1.0"
::ffff:127.0.0.1 - - [18/Jun/2023:05:19:17 +0000] "POST /api/v1/users/login HTTP/1.0" 401 123 "-" "Sedu/1 CFNetwork/1399 Darwin/22.1.0"
::1 - - [18/Jun/2023:05:19:17 +0000] "POST /api/v1/users/login HTTP/1.0" 401 123 "-" "Sedu/1 CFNetwork/1399 Darwin/22.1.0"
::ffff:127.0.0.1 - - [18/Jun/2023:05:19:17 +0000] "POST /api/v1/users/login HTTP/1.0" 401 123 "-" "Sedu/1 CFNetwork/1399 Darwin/22.1.0"
::1 - - [18/Jun/2023:05:19:29 +0000] "POST /api/v1/users/register HTTP/1.0" 200 461 "-" "Sedu/1 CFNetwork/1399 Darwin/22.1.0"
::ffff:127.0.0.1 - - [18/Jun/2023:05:19:29 +0000] "GET /api/v1/users/me? HTTP/1.0" 200 187 "-" "Sedu/1 CFNetwork/1399 Darwin/22.1.0"
::1 - - [18/Jun/2023:05:19:37 +0000] "GET /api/v1/users/logout? HTTP/1.0" 200 39 "-" "Sedu/1 CFNetwork/1399 Darwin/22.1.0"
::ffff:127.0.0.1 - - [18/Jun/2023:05:19:37 +0000] "GET /api/v1/users/me? HTTP/1.0" 401 283 "-" "Sedu/1 CFNetwork/1399 Darwin/22.1.0"
::ffff:127.0.0.1 - - [18/Jun/2023:05:19:49 +0000] "GET /api/v1/users/me? HTTP/1.0" 304 - "-" "Sedu/1 CFNetwork/1404.0.5 Darwin/22.3.0"
::1 - - [18/Jun/2023:05:19:49 +0000] "GET /api/v1/articles? HTTP/1.0" 304 - "-" "Sedu/1 CFNetwork/1404.0.5 Darwin/22.3.0"
::ffff:127.0.0.1 - - [18/Jun/2023:05:19:52 +0000] "GET /api/v1/users/me? HTTP/1.0" 304 - "-" "Sedu/1 CFNetwork/1404.0.5 Darwin/22.3.0"
::1 - - [18/Jun/2023:05:19:52 +0000] "GET /api/v1/ads? HTTP/1.0" 304 - "-" "Sedu/1 CFNetwork/1404.0.5 Darwin/22.3.0"
::1 - - [18/Jun/2023:05:20:12 +0000] "GET /api/v1/articles/642e3a0a7c1330814fb764d8? HTTP/1.0" 200 2171 "-" "Sedu/1 CFNetwork/1404.0.5 Darwin/22.3.0"
::1 - - [18/Jun/2023:05:21:06 +0000] "GET /api/v1/users/me? HTTP/1.0" 304 - "-" "Sedu/1 CFNetwork/1408.0.4 Darwin/22.5.0"
::1 - - [18/Jun/2023:05:21:07 +0000] "GET /api/v1/ads? HTTP/1.0" 304 - "-" "Sedu/1 CFNetwork/1408.0.4 Darwin/22.5.0"
::ffff:127.0.0.1 - - [18/Jun/2023:05:21:07 +0000] "GET /api/v1/articles? HTTP/1.0" 200 443373 "-" "Sedu/1 CFNetwork/1408.0.4 Darwin/22.5.0"
::1 - - [18/Jun/2023:05:21:21 +0000] "GET /api/v1/users/me? HTTP/1.0" 401 283 "-" "Sedu/1 CFNetwork/1399 Darwin/22.1.0"
::ffff:127.0.0.1 - - [18/Jun/2023:05:21:30 +0000] "GET /api/v1/users/me? HTTP/1.0" 401 283 "-" "Sedu/1 CFNetwork/1399 Darwin/22.1.0"
::1 - - [18/Jun/2023:05:21:53 +0000] "GET /api/v1/users/me? HTTP/1.0" 401 283 "-" "Sedu/1 CFNetwork/1399 Darwin/22.1.0"
::ffff:127.0.0.1 - - [18/Jun/2023:05:21:55 +0000] "GET /api/v1/users/me? HTTP/1.0" 401 283 "-" "Sedu/1 CFNetwork/1399 Darwin/22.1.0"
::1 - - [18/Jun/2023:05:22:17 +0000] "POST /api/v1/users/register HTTP/1.0" 200 467 "-" "Sedu/1 CFNetwork/1399 Darwin/22.1.0"
::ffff:127.0.0.1 - - [18/Jun/2023:05:22:17 +0000] "GET /api/v1/users/me? HTTP/1.0" 200 193 "-" "Sedu/1 CFNetwork/1399 Darwin/22.1.0"
