::ffff:127.0.0.1 - - [17/Jun/2023:02:40:32 +0000] "GET /api/v1/users/me? HTTP/1.0" 401 283 "-" "okhttp/4.9.2"
::1 - - [17/Jun/2023:02:40:35 +0000] "POST /api/v1/users/login HTTP/1.0" 200 506 "-" "Sedu/1 CFNetwork/1408.0.4 Darwin/22.5.0"
::ffff:127.0.0.1 - - [17/Jun/2023:02:40:35 +0000] "GET /api/v1/users/me? HTTP/1.0" 200 232 "-" "Sedu/1 CFNetwork/1408.0.4 Darwin/22.5.0"
::1 - - [17/Jun/2023:02:40:55 +0000] "GET /api/v1/users/me? HTTP/1.0" 304 - "-" "Sedu/1 CFNetwork/1408.0.4 Darwin/22.5.0"
::ffff:127.0.0.1 - - [17/Jun/2023:02:41:03 +0000] "POST /api/v1/users/invoice/64567b4b734d8365d225b15e HTTP/1.0" 200 50 "-" "Sedu/1 CFNetwork/1408.0.4 Darwin/22.5.0"
::1 - - [17/Jun/2023:02:41:04 +0000] "GET /api/v1/wallets/648d1d3fa32e8316d8276864? HTTP/1.0" 200 16183 "-" "Sedu/1 CFNetwork/1408.0.4 Darwin/22.5.0"
::ffff:127.0.0.1 - - [17/Jun/2023:02:45:01 +0000] "GET /api/v1/users/me? HTTP/1.0" 401 283 "-" "Sedu/1 CFNetwork/1408.0.4 Darwin/22.5.0"
::1 - - [17/Jun/2023:02:58:51 +0000] "GET /api/v1/users/me? HTTP/1.0" 304 - "-" "Sedu/1 CFNetwork/1197 Darwin/20.0.0"
::1 - - [17/Jun/2023:02:58:51 +0000] "GET /api/v1/ads? HTTP/1.0" 304 - "-" "Sedu/1 CFNetwork/1197 Darwin/20.0.0"
::ffff:127.0.0.1 - - [17/Jun/2023:02:58:51 +0000] "GET /api/v1/articles? HTTP/1.0" 304 - "-" "Sedu/1 CFNetwork/1197 Darwin/20.0.0"
::1 - - [17/Jun/2023:02:59:59 +0000] "GET /api/v1/articles/642d56517c1330814fb7635e? HTTP/1.0" 200 16235 "-" "Sedu/1 CFNetwork/1197 Darwin/20.0.0"
::1 - - [17/Jun/2023:03:02:29 +0000] "GET /api/v1/users/me? HTTP/1.0" 304 - "-" "Sedu/1 CFNetwork/1197 Darwin/20.0.0"
::1 - - [17/Jun/2023:03:02:29 +0000] "GET /api/v1/ads? HTTP/1.0" 304 - "-" "Sedu/1 CFNetwork/1197 Darwin/20.0.0"
::ffff:127.0.0.1 - - [17/Jun/2023:03:02:29 +0000] "GET /api/v1/articles/642d56517c1330814fb7635e? HTTP/1.0" 304 - "-" "Sedu/1 CFNetwork/1197 Darwin/20.0.0"
::ffff:127.0.0.1 - - [17/Jun/2023:03:02:29 +0000] "GET /api/v1/articles? HTTP/1.0" 304 - "-" "Sedu/1 CFNetwork/1197 Darwin/20.0.0"
::1 - - [17/Jun/2023:03:03:16 +0000] "GET /api/v1/articles/642d57947c1330814fb76374? HTTP/1.0" 200 11505 "-" "Sedu/1 CFNetwork/1197 Darwin/20.0.0"
::1 - - [17/Jun/2023:03:04:35 +0000] "GET /api/v1/articles/642d57947c1330814fb76374? HTTP/1.0" 304 - "-" "Sedu/1 CFNetwork/1197 Darwin/20.0.0"
::ffff:127.0.0.1 - - [17/Jun/2023:03:04:35 +0000] "GET /api/v1/users/me? HTTP/1.0" 304 - "-" "Sedu/1 CFNetwork/1197 Darwin/20.0.0"
::ffff:127.0.0.1 - - [17/Jun/2023:03:04:35 +0000] "GET /api/v1/articles? HTTP/1.0" 304 - "-" "Sedu/1 CFNetwork/1197 Darwin/20.0.0"
::1 - - [17/Jun/2023:03:04:36 +0000] "GET /api/v1/ads? HTTP/1.0" 304 - "-" "Sedu/1 CFNetwork/1197 Darwin/20.0.0"
::ffff:127.0.0.1 - - [17/Jun/2023:03:04:41 +0000] "GET /api/v1/users/me? HTTP/1.0" 304 - "-" "Sedu/1 CFNetwork/1408.0.4 Darwin/22.5.0"
::1 - - [17/Jun/2023:03:04:42 +0000] "GET /api/v1/articles? HTTP/1.0" 304 - "-" "Sedu/1 CFNetwork/1408.0.4 Darwin/22.5.0"
::ffff:127.0.0.1 - - [17/Jun/2023:03:04:42 +0000] "GET /api/v1/ads? HTTP/1.0" 304 - "-" "Sedu/1 CFNetwork/1408.0.4 Darwin/22.5.0"
::ffff:127.0.0.1 - - [17/Jun/2023:03:04:45 +0000] "GET /api/v1/articles/642d4c587c1330814fb76297? HTTP/1.0" 200 22271 "-" "Sedu/1 CFNetwork/1408.0.4 Darwin/22.5.0"
::1 - - [17/Jun/2023:03:04:57 +0000] "GET /api/v1/articles/642d5b917c1330814fb763ad? HTTP/1.0" 200 5031 "-" "Sedu/1 CFNetwork/1197 Darwin/20.0.0"
::ffff:127.0.0.1 - - [17/Jun/2023:03:05:40 +0000] "GET /api/v1/articles/642d59727c1330814fb76396? HTTP/1.0" 304 - "-" "Sedu/1 CFNetwork/1408.0.4 Darwin/22.5.0"
::1 - - [17/Jun/2023:03:05:54 +0000] "GET /api/v1/users/me? HTTP/1.0" 401 283 "-" "Sedu/1 CFNetwork/1399 Darwin/22.1.0"
::ffff:127.0.0.1 - - [17/Jun/2023:03:07:25 +0000] "GET /api/v1/users/me? HTTP/1.0" 304 - "-" "Sedu/1 CFNetwork/1408.0.4 Darwin/22.5.0"
::ffff:127.0.0.1 - - [17/Jun/2023:03:07:26 +0000] "GET /api/v1/ads? HTTP/1.0" 304 - "-" "Sedu/1 CFNetwork/1408.0.4 Darwin/22.5.0"
::1 - - [17/Jun/2023:03:07:26 +0000] "GET /api/v1/articles? HTTP/1.0" 200 443373 "-" "Sedu/1 CFNetwork/1408.0.4 Darwin/22.5.0"
::1 - - [17/Jun/2023:03:07:38 +0000] "GET /api/v1/articles/642d55bf7c1330814fb76345? HTTP/1.0" 200 17955 "-" "Sedu/1 CFNetwork/1408.0.4 Darwin/22.5.0"
::1 - - [17/Jun/2023:03:08:01 +0000] "GET /api/v1/articles/642d56517c1330814fb7635e? HTTP/1.0" 200 16235 "-" "Sedu/1 CFNetwork/1408.0.4 Darwin/22.5.0"
::ffff:127.0.0.1 - - [17/Jun/2023:03:09:20 +0000] "POST / HTTP/1.0" 404 140 "-" "Mozilla/5.0 (X11; Linux x86_64) AppleWebKit/537.36 (KHTML, like Gecko) Chrome/81.0.4044.129 Safari/537.36"
::1 - - [17/Jun/2023:03:09:21 +0000] "GET /.env HTTP/1.0" 404 143 "-" "Mozilla/5.0 (X11; Linux x86_64) AppleWebKit/537.36 (KHTML, like Gecko) Chrome/81.0.4044.129 Safari/537.36"
::ffff:127.0.0.1 - - [17/Jun/2023:03:10:25 +0000] "GET /api/v1/users/me? HTTP/1.0" 200 225 "-" "Sedu/1 CFNetwork/1390 Darwin/22.0.0"
::1 - - [17/Jun/2023:03:10:27 +0000] "GET /api/v1/users/logout? HTTP/1.0" 304 - "-" "Sedu/1 CFNetwork/1390 Darwin/22.0.0"
::ffff:127.0.0.1 - - [17/Jun/2023:03:10:27 +0000] "GET /api/v1/users/me? HTTP/1.0" 401 283 "-" "Sedu/1 CFNetwork/1390 Darwin/22.0.0"
::1 - - [17/Jun/2023:03:10:43 +0000] "GET /api/v1/users/me? HTTP/1.0" 304 - "-" "Sedu/1 CFNetwork/1404.0.5 Darwin/22.3.0"
::ffff:127.0.0.1 - - [17/Jun/2023:03:10:45 +0000] "GET /api/v1/users/logout? HTTP/1.0" 304 - "-" "Sedu/1 CFNetwork/1404.0.5 Darwin/22.3.0"
::1 - - [17/Jun/2023:03:10:45 +0000] "GET /api/v1/users/me? HTTP/1.0" 401 283 "-" "Sedu/1 CFNetwork/1404.0.5 Darwin/22.3.0"
::ffff:127.0.0.1 - - [17/Jun/2023:03:10:56 +0000] "GET /api/v1/users/me? HTTP/1.0" 401 283 "-" "Sedu/1 CFNetwork/1404.0.5 Darwin/22.3.0"
::ffff:127.0.0.1 - - [17/Jun/2023:03:11:09 +0000] "GET /api/v1/users/me? HTTP/1.0" 304 - "-" "Sedu/1 CFNetwork/1408.0.4 Darwin/22.5.0"
::1 - - [17/Jun/2023:03:11:09 +0000] "GET /api/v1/ads? HTTP/1.0" 304 - "-" "Sedu/1 CFNetwork/1408.0.4 Darwin/22.5.0"
::1 - - [17/Jun/2023:03:11:09 +0000] "GET /api/v1/articles? HTTP/1.0" 304 - "-" "Sedu/1 CFNetwork/1408.0.4 Darwin/22.5.0"
::ffff:127.0.0.1 - - [17/Jun/2023:03:11:14 +0000] "GET /api/v1/articles/642e321a7c1330814fb7648b? HTTP/1.0" 200 2221 "-" "Sedu/1 CFNetwork/1408.0.4 Darwin/22.5.0"
::1 - - [17/Jun/2023:03:11:17 +0000] "POST /api/v1/users/login HTTP/1.0" 401 123 "-" "Sedu/1 CFNetwork/1404.0.5 Darwin/22.3.0"
::ffff:127.0.0.1 - - [17/Jun/2023:03:11:23 +0000] "POST /api/v1/users/login HTTP/1.0" 200 506 "-" "Sedu/1 CFNetwork/1404.0.5 Darwin/22.3.0"
::1 - - [17/Jun/2023:03:11:23 +0000] "GET /api/v1/users/me? HTTP/1.0" 304 - "-" "Sedu/1 CFNetwork/1404.0.5 Darwin/22.3.0"
::ffff:127.0.0.1 - - [17/Jun/2023:03:11:26 +0000] "GET /api/v1/users/logout? HTTP/1.0" 304 - "-" "Sedu/1 CFNetwork/1404.0.5 Darwin/22.3.0"
::1 - - [17/Jun/2023:03:11:26 +0000] "GET /api/v1/users/me? HTTP/1.0" 401 283 "-" "Sedu/1 CFNetwork/1404.0.5 Darwin/22.3.0"
::ffff:127.0.0.1 - - [17/Jun/2023:03:11:37 +0000] "POST /api/v1/users/login HTTP/1.0" 200 506 "-" "Sedu/1 CFNetwork/1404.0.5 Darwin/22.3.0"
::1 - - [17/Jun/2023:03:11:38 +0000] "GET /api/v1/users/me? HTTP/1.0" 304 - "-" "Sedu/1 CFNetwork/1404.0.5 Darwin/22.3.0"
::ffff:127.0.0.1 - - [17/Jun/2023:03:11:40 +0000] "GET /api/v1/users/me? HTTP/1.0" 304 - "-" "Sedu/1 CFNetwork/1404.0.5 Darwin/22.3.0"
::1 - - [17/Jun/2023:03:11:44 +0000] "POST /api/v1/users/invoice/647f4b5ba32e8316d8259b74 HTTP/1.0" 200 50 "-" "Sedu/1 CFNetwork/1404.0.5 Darwin/22.3.0"
::ffff:127.0.0.1 - - [17/Jun/2023:03:11:45 +0000] "GET /api/v1/wallets/648d2470a32e8316d82768a6? HTTP/1.0" 200 16255 "-" "Sedu/1 CFNetwork/1404.0.5 Darwin/22.3.0"
::ffff:127.0.0.1 - - [17/Jun/2023:03:12:03 +0000] "GET /api/v1/users/me? HTTP/1.0" 200 232 "-" "Sedu/1 CFNetwork/1404.0.5 Darwin/22.3.0"
::1 - - [17/Jun/2023:03:12:03 +0000] "GET /api/v1/wallets/648d2470a32e8316d82768a6? HTTP/1.0" 304 - "-" "Sedu/1 CFNetwork/1404.0.5 Darwin/22.3.0"
::1 - - [17/Jun/2023:03:12:13 +0000] "GET /api/v1/users/me? HTTP/1.0" 304 - "-" "Sedu/1 CFNetwork/1404.0.5 Darwin/22.3.0"
::ffff:127.0.0.1 - - [17/Jun/2023:03:12:13 +0000] "GET /api/v1/wallets/648d2470a32e8316d82768a6? HTTP/1.0" 304 - "-" "Sedu/1 CFNetwork/1404.0.5 Darwin/22.3.0"
::ffff:127.0.0.1 - - [17/Jun/2023:03:12:50 +0000] "GET /api/v1/articles/645328aba4c26797f426b363? HTTP/1.0" 200 5768 "-" "Sedu/1 CFNetwork/1408.0.4 Darwin/22.5.0"
::1 - - [17/Jun/2023:03:13:08 +0000] "GET /api/v1/users/me? HTTP/1.0" 401 283 "-" "Sedu/1 CFNetwork/1399 Darwin/22.1.0"
::ffff:127.0.0.1 - - [17/Jun/2023:03:14:33 +0000] "GET /api/v1/users/me? HTTP/1.0" 401 283 "-" "okhttp/4.9.2"
::1 - - [17/Jun/2023:03:14:50 +0000] "GET /api/v1/users/me? HTTP/1.0" 304 - "-" "Sedu/1 CFNetwork/1404.0.5 Darwin/22.3.0"
::ffff:127.0.0.1 - - [17/Jun/2023:03:14:52 +0000] "POST /api/v1/users/invoice/647f4b5ba32e8316d8259b74 HTTP/1.0" 200 50 "-" "Sedu/1 CFNetwork/1404.0.5 Darwin/22.3.0"
::1 - - [17/Jun/2023:03:14:52 +0000] "GET /api/v1/wallets/648d252ca32e8316d82768be? HTTP/1.0" 200 16087 "-" "Sedu/1 CFNetwork/1404.0.5 Darwin/22.3.0"
::1 - - [17/Jun/2023:03:17:06 +0000] "GET /api/v1/users/me? HTTP/1.0" 200 232 "-" "Sedu/1 CFNetwork/1404.0.5 Darwin/22.3.0"
::ffff:127.0.0.1 - - [17/Jun/2023:03:17:06 +0000] "GET /api/v1/wallets/648d252ca32e8316d82768be? HTTP/1.0" 304 - "-" "Sedu/1 CFNetwork/1404.0.5 Darwin/22.3.0"
::1 - - [17/Jun/2023:03:17:42 +0000] "GET /api/v1/users/callbacks/647f4b5ba32e8316d8259b74/20000?qpay_payment_id=470688877018183 HTTP/1.0" 200 232 "-" "node-fetch/1.0 (+https://github.com/bitinn/node-fetch)"
::1 - - [17/Jun/2023:03:17:54 +0000] "GET /api/v1/users/me? HTTP/1.0" 200 232 "-" "Sedu/1 CFNetwork/1404.0.5 Darwin/22.3.0"
::ffff:127.0.0.1 - - [17/Jun/2023:03:17:54 +0000] "GET /api/v1/wallets/648d252ca32e8316d82768be? HTTP/1.0" 304 - "-" "Sedu/1 CFNetwork/1404.0.5 Darwin/22.3.0"
::1 - - [17/Jun/2023:03:18:21 +0000] "GET /api/v1/users/me? HTTP/1.0" 304 - "-" "Sedu/1 CFNetwork/1404.0.5 Darwin/22.3.0"
::ffff:127.0.0.1 - - [17/Jun/2023:03:18:40 +0000] "GET /api/v1/users/me? HTTP/1.0" 304 - "-" "Sedu/1 CFNetwork/1404.0.5 Darwin/22.3.0"
::1 - - [17/Jun/2023:03:18:41 +0000] "GET /api/v1/articles? HTTP/1.0" 200 443373 "-" "Sedu/1 CFNetwork/1404.0.5 Darwin/22.3.0"
::ffff:127.0.0.1 - - [17/Jun/2023:03:18:41 +0000] "GET /api/v1/ads? HTTP/1.0" 200 633 "-" "Sedu/1 CFNetwork/1404.0.5 Darwin/22.3.0"
::1 - - [17/Jun/2023:03:18:46 +0000] "GET /api/v1/users/me? HTTP/1.0" 304 - "-" "Sedu/1 CFNetwork/1404.0.5 Darwin/22.3.0"
::1 - - [17/Jun/2023:03:19:00 +0000] "GET /api/v1/users/me? HTTP/1.0" 304 - "-" "Sedu/1 CFNetwork/1408.0.4 Darwin/22.5.0"
::ffff:127.0.0.1 - - [17/Jun/2023:03:19:00 +0000] "GET /api/v1/ads? HTTP/1.0" 304 - "-" "Sedu/1 CFNetwork/1408.0.4 Darwin/22.5.0"
::ffff:127.0.0.1 - - [17/Jun/2023:03:19:00 +0000] "GET /api/v1/articles? HTTP/1.0" 304 - "-" "Sedu/1 CFNetwork/1408.0.4 Darwin/22.5.0"
::ffff:127.0.0.1 - - [17/Jun/2023:03:19:17 +0000] "GET /api/v1/articles/6459ceeda32e8316d8228aaf? HTTP/1.0" 200 7348 "-" "Sedu/1 CFNetwork/1404.0.5 Darwin/22.3.0"
::1 - - [17/Jun/2023:03:19:28 +0000] "GET /api/v1/users/logout? HTTP/1.0" 304 - "-" "Sedu/1 CFNetwork/1404.0.5 Darwin/22.3.0"
::ffff:127.0.0.1 - - [17/Jun/2023:03:19:28 +0000] "GET /api/v1/articles? HTTP/1.0" 401 283 "-" "Sedu/1 CFNetwork/1404.0.5 Darwin/22.3.0"
::1 - - [17/Jun/2023:03:19:28 +0000] "GET /api/v1/users/me? HTTP/1.0" 401 283 "-" "Sedu/1 CFNetwork/1404.0.5 Darwin/22.3.0"
::ffff:127.0.0.1 - - [17/Jun/2023:03:19:28 +0000] "GET /api/v1/users/me? HTTP/1.0" 401 283 "-" "Sedu/1 CFNetwork/1404.0.5 Darwin/22.3.0"
::1 - - [17/Jun/2023:03:19:28 +0000] "GET /api/v1/ads? HTTP/1.0" 304 - "-" "Sedu/1 CFNetwork/1404.0.5 Darwin/22.3.0"
::1 - - [17/Jun/2023:03:24:05 +0000] "GET /api/v1/users/me? HTTP/1.0" 401 283 "-" "Sedu/1 CFNetwork/1335.0.3.1 Darwin/21.6.0"
::ffff:127.0.0.1 - - [17/Jun/2023:03:24:20 +0000] "POST /api/v1/users/register HTTP/1.0" 500 249 "-" "Sedu/1 CFNetwork/1335.0.3.1 Darwin/21.6.0"
::1 - - [17/Jun/2023:03:24:31 +0000] "POST /api/v1/users/register HTTP/1.0" 500 248 "-" "Sedu/1 CFNetwork/1335.0.3.1 Darwin/21.6.0"
::ffff:127.0.0.1 - - [17/Jun/2023:03:24:36 +0000] "POST /api/v1/users/register HTTP/1.0" 500 248 "-" "Sedu/1 CFNetwork/1335.0.3.1 Darwin/21.6.0"
::1 - - [17/Jun/2023:03:24:37 +0000] "POST /api/v1/users/register HTTP/1.0" 500 248 "-" "Sedu/1 CFNetwork/1335.0.3.1 Darwin/21.6.0"
::ffff:127.0.0.1 - - [17/Jun/2023:03:24:54 +0000] "POST /api/v1/users/login HTTP/1.0" 401 123 "-" "Sedu/1 CFNetwork/1335.0.3.1 Darwin/21.6.0"
::1 - - [17/Jun/2023:03:25:18 +0000] "POST /api/v1/users/register HTTP/1.0" 500 248 "-" "Sedu/1 CFNetwork/1335.0.3.1 Darwin/21.6.0"
::ffff:127.0.0.1 - - [17/Jun/2023:03:25:18 +0000] "POST /api/v1/users/register HTTP/1.0" 500 248 "-" "Sedu/1 CFNetwork/1335.0.3.1 Darwin/21.6.0"
::1 - - [17/Jun/2023:03:25:19 +0000] "POST /api/v1/users/register HTTP/1.0" 500 248 "-" "Sedu/1 CFNetwork/1335.0.3.1 Darwin/21.6.0"
::ffff:127.0.0.1 - - [17/Jun/2023:03:25:19 +0000] "POST /api/v1/users/register HTTP/1.0" 500 248 "-" "Sedu/1 CFNetwork/1335.0.3.1 Darwin/21.6.0"
::1 - - [17/Jun/2023:03:25:20 +0000] "POST /api/v1/users/register HTTP/1.0" 500 248 "-" "Sedu/1 CFNetwork/1335.0.3.1 Darwin/21.6.0"
::ffff:127.0.0.1 - - [17/Jun/2023:03:25:34 +0000] "GET /api/v1/users/me? HTTP/1.0" 304 - "-" "Sedu/1 CFNetwork/1390 Darwin/22.0.0"
::1 - - [17/Jun/2023:03:25:36 +0000] "GET /api/v1/users/logout? HTTP/1.0" 304 - "-" "Sedu/1 CFNetwork/1390 Darwin/22.0.0"
::ffff:127.0.0.1 - - [17/Jun/2023:03:25:36 +0000] "GET /api/v1/users/me? HTTP/1.0" 401 283 "-" "Sedu/1 CFNetwork/1390 Darwin/22.0.0"
::1 - - [17/Jun/2023:03:25:56 +0000] "POST /api/v1/users/login HTTP/1.0" 401 123 "-" "Sedu/1 CFNetwork/1390 Darwin/22.0.0"
::ffff:127.0.0.1 - - [17/Jun/2023:03:26:18 +0000] "GET /api/v1/users/me? HTTP/1.0" 401 283 "-" "Sedu/1 CFNetwork/1220.1 Darwin/20.3.0"
::1 - - [17/Jun/2023:03:26:36 +0000] "POST /api/v1/users/login HTTP/1.0" 401 123 "-" "Sedu/1 CFNetwork/1220.1 Darwin/20.3.0"
::ffff:127.0.0.1 - - [17/Jun/2023:03:27:01 +0000] "POST /api/v1/users/register HTTP/1.0" 500 249 "-" "Sedu/1 CFNetwork/1220.1 Darwin/20.3.0"
::1 - - [17/Jun/2023:03:27:14 +0000] "POST /api/v1/users/register HTTP/1.0" 200 465 "-" "Sedu/1 CFNetwork/1220.1 Darwin/20.3.0"
::ffff:127.0.0.1 - - [17/Jun/2023:03:27:15 +0000] "GET /api/v1/users/me? HTTP/1.0" 200 191 "-" "Sedu/1 CFNetwork/1220.1 Darwin/20.3.0"
::1 - - [17/Jun/2023:03:27:26 +0000] "GET /api/v1/users/me? HTTP/1.0" 304 - "-" "Sedu/1 CFNetwork/1220.1 Darwin/20.3.0"
::ffff:127.0.0.1 - - [17/Jun/2023:03:27:32 +0000] "GET /api/v1/users/logout? HTTP/1.0" 304 - "-" "Sedu/1 CFNetwork/1220.1 Darwin/20.3.0"
::1 - - [17/Jun/2023:03:27:32 +0000] "GET /api/v1/users/me? HTTP/1.0" 401 283 "-" "Sedu/1 CFNetwork/1220.1 Darwin/20.3.0"
::ffff:127.0.0.1 - - [17/Jun/2023:03:27:48 +0000] "POST /api/v1/users/login HTTP/1.0" 401 123 "-" "Sedu/1 CFNetwork/1220.1 Darwin/20.3.0"
::1 - - [17/Jun/2023:03:27:50 +0000] "POST /api/v1/users/login HTTP/1.0" 401 123 "-" "Sedu/1 CFNetwork/1220.1 Darwin/20.3.0"
::ffff:127.0.0.1 - - [17/Jun/2023:03:29:21 +0000] "GET /api/v1/users/me? HTTP/1.0" 500 117 "-" "okhttp/4.9.2"
::1 - - [17/Jun/2023:03:29:22 +0000] "GET /api/v1/articles? HTTP/1.0" 500 117 "-" "okhttp/4.9.2"
::ffff:127.0.0.1 - - [17/Jun/2023:03:29:22 +0000] "GET /api/v1/ads? HTTP/1.0" 304 - "-" "okhttp/4.9.2"
::1 - - [17/Jun/2023:03:29:30 +0000] "GET /api/v1/articles? HTTP/1.0" 500 117 "-" "okhttp/4.9.2"
::ffff:127.0.0.1 - - [17/Jun/2023:03:29:30 +0000] "GET /api/v1/users/me? HTTP/1.0" 500 117 "-" "okhttp/4.9.2"
::1 - - [17/Jun/2023:03:37:08 +0000] "GET /api/v1/users/me? HTTP/1.0" 304 - "-" "Sedu/1 CFNetwork/1206 Darwin/20.1.0"
::ffff:127.0.0.1 - - [17/Jun/2023:03:37:08 +0000] "GET /api/v1/ads? HTTP/1.0" 304 - "-" "Sedu/1 CFNetwork/1206 Darwin/20.1.0"
::ffff:127.0.0.1 - - [17/Jun/2023:03:37:08 +0000] "GET /api/v1/articles? HTTP/1.0" 304 - "-" "Sedu/1 CFNetwork/1206 Darwin/20.1.0"
::1 - - [17/Jun/2023:03:38:04 +0000] "GET /api/v1/users/me? HTTP/1.0" 304 - "-" "okhttp/4.9.2"
::ffff:127.0.0.1 - - [17/Jun/2023:03:38:04 +0000] "GET /api/v1/articles? HTTP/1.0" 304 - "-" "okhttp/4.9.2"
::1 - - [17/Jun/2023:03:38:04 +0000] "GET /api/v1/ads? HTTP/1.0" 304 - "-" "okhttp/4.9.2"
::ffff:127.0.0.1 - - [17/Jun/2023:03:38:19 +0000] "GET /api/v1/articles/642d4fba7c1330814fb762d8? HTTP/1.0" 304 - "-" "okhttp/4.9.2"
::1 - - [17/Jun/2023:03:38:20 +0000] "GET /api/v1/users/me? HTTP/1.0" 500 117 "-" "Sedu/1 CFNetwork/1408.0.4 Darwin/22.5.0"
::ffff:127.0.0.1 - - [17/Jun/2023:03:38:20 +0000] "GET /api/v1/articles? HTTP/1.0" 500 117 "-" "Sedu/1 CFNetwork/1408.0.4 Darwin/22.5.0"
::1 - - [17/Jun/2023:03:38:21 +0000] "GET /api/v1/ads? HTTP/1.0" 304 - "-" "Sedu/1 CFNetwork/1408.0.4 Darwin/22.5.0"
::1 - - [17/Jun/2023:03:38:31 +0000] "GET /api/v1/users/me? HTTP/1.0" 500 117 "-" "Sedu/1 CFNetwork/1408.0.4 Darwin/22.5.0"
::ffff:127.0.0.1 - - [17/Jun/2023:03:38:39 +0000] "GET /api/v1/articles/642e3a4a7c1330814fb764db? HTTP/1.0" 200 1967 "-" "Sedu/1 CFNetwork/1206 Darwin/20.1.0"
::1 - - [17/Jun/2023:03:39:13 +0000] "GET /api/v1/users/me? HTTP/1.0" 401 283 "-" "okhttp/4.9.2"
::ffff:127.0.0.1 - - [17/Jun/2023:03:40:25 +0000] "GET /api/v1/users/me? HTTP/1.0" 304 - "-" "Sedu/1 CFNetwork/1390 Darwin/22.0.0"
::1 - - [17/Jun/2023:03:41:05 +0000] "GET /api/v1/users/me? HTTP/1.0" 401 283 "-" "okhttp/4.9.2"
::ffff:127.0.0.1 - - [17/Jun/2023:03:42:12 +0000] "GET /api/v1/users/me? HTTP/1.0" 401 283 "-" "okhttp/4.9.2"
::1 - - [17/Jun/2023:03:42:16 +0000] "GET /api/v1/users/me? HTTP/1.0" 304 - "-" "Sedu/1 CFNetwork/1408.0.4 Darwin/22.5.0"
::ffff:127.0.0.1 - - [17/Jun/2023:03:42:16 +0000] "GET /api/v1/articles? HTTP/1.0" 304 - "-" "Sedu/1 CFNetwork/1408.0.4 Darwin/22.5.0"
::1 - - [17/Jun/2023:03:42:17 +0000] "GET /api/v1/ads? HTTP/1.0" 304 - "-" "Sedu/1 CFNetwork/1408.0.4 Darwin/22.5.0"
::1 - - [17/Jun/2023:03:46:21 +0000] "GET /api/v1/users/me? HTTP/1.0" 500 117 "-" "okhttp/4.9.2"
::ffff:127.0.0.1 - - [17/Jun/2023:03:46:21 +0000] "GET /api/v1/articles? HTTP/1.0" 500 117 "-" "okhttp/4.9.2"
::1 - - [17/Jun/2023:03:46:21 +0000] "GET /api/v1/ads? HTTP/1.0" 304 - "-" "okhttp/4.9.2"
::ffff:127.0.0.1 - - [17/Jun/2023:03:46:28 +0000] "GET /api/v1/users/me? HTTP/1.0" 500 117 "-" "okhttp/4.9.2"
::1 - - [17/Jun/2023:03:46:39 +0000] "GET /api/v1/articles? HTTP/1.0" 500 117 "-" "okhttp/4.9.2"
::ffff:127.0.0.1 - - [17/Jun/2023:03:46:39 +0000] "GET /api/v1/ads? HTTP/1.0" 304 - "-" "okhttp/4.9.2"
::ffff:127.0.0.1 - - [17/Jun/2023:03:46:39 +0000] "GET /api/v1/users/me? HTTP/1.0" 500 117 "-" "okhttp/4.9.2"
::1 - - [17/Jun/2023:03:46:39 +0000] "GET /api/v1/users/me? HTTP/1.0" 500 117 "-" "okhttp/4.9.2"
::ffff:127.0.0.1 - - [17/Jun/2023:03:49:11 +0000] "GET /api/v1/users/me? HTTP/1.0" 500 117 "-" "okhttp/4.9.2"
::1 - - [17/Jun/2023:03:53:49 +0000] "GET /api/v1/users/me? HTTP/1.0" 304 - "-" "Sedu/1 CFNetwork/1335.0.3.2 Darwin/21.6.0"
::1 - - [17/Jun/2023:03:53:50 +0000] "GET /api/v1/ads? HTTP/1.0" 304 - "-" "Sedu/1 CFNetwork/1335.0.3.2 Darwin/21.6.0"
::ffff:127.0.0.1 - - [17/Jun/2023:03:53:50 +0000] "GET /api/v1/articles? HTTP/1.0" 304 - "-" "Sedu/1 CFNetwork/1335.0.3.2 Darwin/21.6.0"
::1 - - [17/Jun/2023:03:54:04 +0000] "GET /api/v1/users/me? HTTP/1.0" 304 - "-" "Sedu/1 CFNetwork/1335.0.3.2 Darwin/21.6.0"
::ffff:127.0.0.1 - - [17/Jun/2023:03:54:04 +0000] "GET /api/v1/ads? HTTP/1.0" 304 - "-" "Sedu/1 CFNetwork/1335.0.3.2 Darwin/21.6.0"
::1 - - [17/Jun/2023:03:54:04 +0000] "GET /api/v1/articles? HTTP/1.0" 304 - "-" "Sedu/1 CFNetwork/1335.0.3.2 Darwin/21.6.0"
::ffff:127.0.0.1 - - [17/Jun/2023:03:54:11 +0000] "GET /api/v1/users/me? HTTP/1.0" 401 283 "-" "Sedu/1 CFNetwork/1335.0.3 Darwin/21.6.0"
::1 - - [17/Jun/2023:03:54:20 +0000] "POST /api/v1/users/login HTTP/1.0" 200 501 "-" "Sedu/1 CFNetwork/1335.0.3 Darwin/21.6.0"
::ffff:127.0.0.1 - - [17/Jun/2023:03:54:20 +0000] "GET /api/v1/users/me? HTTP/1.0" 304 - "-" "Sedu/1 CFNetwork/1335.0.3 Darwin/21.6.0"
::1 - - [17/Jun/2023:03:54:21 +0000] "GET /api/v1/articles? HTTP/1.0" 304 - "-" "Sedu/1 CFNetwork/1335.0.3 Darwin/21.6.0"
::ffff:127.0.0.1 - - [17/Jun/2023:03:54:21 +0000] "GET /api/v1/ads? HTTP/1.0" 304 - "-" "Sedu/1 CFNetwork/1335.0.3.2 Darwin/21.6.0"
::1 - - [17/Jun/2023:03:54:21 +0000] "GET /api/v1/articles? HTTP/1.0" 304 - "-" "Sedu/1 CFNetwork/1335.0.3.2 Darwin/21.6.0"
::ffff:127.0.0.1 - - [17/Jun/2023:03:54:22 +0000] "GET /api/v1/ads? HTTP/1.0" 304 - "-" "Sedu/1 CFNetwork/1335.0.3 Darwin/21.6.0"
::1 - - [17/Jun/2023:03:54:22 +0000] "GET /api/v1/users/me? HTTP/1.0" 304 - "-" "Sedu/1 CFNetwork/1335.0.3.2 Darwin/21.6.0"
::ffff:127.0.0.1 - - [17/Jun/2023:03:54:23 +0000] "GET /api/v1/articles/642d4c587c1330814fb76297? HTTP/1.0" 200 22271 "-" "Sedu/1 CFNetwork/1335.0.3 Darwin/21.6.0"
::1 - - [17/Jun/2023:03:54:58 +0000] "GET /api/v1/users/me? HTTP/1.0" 304 - "-" "Sedu/1 CFNetwork/1335.0.3.2 Darwin/21.6.0"
::1 - - [17/Jun/2023:03:54:58 +0000] "GET /api/v1/ads? HTTP/1.0" 304 - "-" "Sedu/1 CFNetwork/1335.0.3.2 Darwin/21.6.0"
::ffff:127.0.0.1 - - [17/Jun/2023:03:54:58 +0000] "GET /api/v1/articles? HTTP/1.0" 304 - "-" "Sedu/1 CFNetwork/1335.0.3.2 Darwin/21.6.0"
::ffff:127.0.0.1 - - [17/Jun/2023:03:55:05 +0000] "GET /api/v1/articles/642d56517c1330814fb7635e? HTTP/1.0" 200 16235 "-" "Sedu/1 CFNetwork/1335.0.3.2 Darwin/21.6.0"
::1 - - [17/Jun/2023:03:55:35 +0000] "GET /api/v1/users/me? HTTP/1.0" 304 - "-" "Sedu/1 CFNetwork/1335.0.3 Darwin/21.6.0"
::1 - - [17/Jun/2023:03:55:35 +0000] "GET /api/v1/articles/642d4c587c1330814fb76297? HTTP/1.0" 304 - "-" "Sedu/1 CFNetwork/1335.0.3 Darwin/21.6.0"
::ffff:127.0.0.1 - - [17/Jun/2023:03:55:35 +0000] "GET /api/v1/ads? HTTP/1.0" 304 - "-" "Sedu/1 CFNetwork/1335.0.3 Darwin/21.6.0"
::ffff:127.0.0.1 - - [17/Jun/2023:03:55:35 +0000] "GET /api/v1/articles? HTTP/1.0" 304 - "-" "Sedu/1 CFNetwork/1335.0.3 Darwin/21.6.0"
::1 - - [17/Jun/2023:03:56:54 +0000] "GET /api/v1/users/me? HTTP/1.0" 304 - "-" "Sedu/1 CFNetwork/1404.0.5 Darwin/22.3.0"
::1 - - [17/Jun/2023:03:56:54 +0000] "GET /api/v1/ads? HTTP/1.0" 304 - "-" "Sedu/1 CFNetwork/1404.0.5 Darwin/22.3.0"
::ffff:127.0.0.1 - - [17/Jun/2023:03:56:55 +0000] "GET /api/v1/articles? HTTP/1.0" 200 443373 "-" "Sedu/1 CFNetwork/1404.0.5 Darwin/22.3.0"
::1 - - [17/Jun/2023:03:58:07 +0000] "POST / HTTP/1.0" 404 140 "-" "Mozilla/5.0 (X11; Linux x86_64) AppleWebKit/537.36 (KHTML, like Gecko) Chrome/81.0.4044.129 Safari/537.36"
::ffff:127.0.0.1 - - [17/Jun/2023:03:58:08 +0000] "GET /.env HTTP/1.0" 404 143 "-" "Mozilla/5.0 (X11; Linux x86_64) AppleWebKit/537.36 (KHTML, like Gecko) Chrome/81.0.4044.129 Safari/537.36"
::1 - - [17/Jun/2023:04:00:50 +0000] "GET /api/v1/users/me? HTTP/1.0" 304 - "-" "Sedu/1 CFNetwork/1408.0.4 Darwin/22.5.0"
::ffff:127.0.0.1 - - [17/Jun/2023:04:05:20 +0000] "GET /api/v1/users/me? HTTP/1.0" 304 - "-" "Sedu/1 CFNetwork/1399 Darwin/22.1.0"
::1 - - [17/Jun/2023:04:05:20 +0000] "GET /api/v1/articles? HTTP/1.0" 200 443373 "-" "Sedu/1 CFNetwork/1399 Darwin/22.1.0"
::ffff:127.0.0.1 - - [17/Jun/2023:04:05:22 +0000] "GET /api/v1/ads? HTTP/1.0" 304 - "-" "Sedu/1 CFNetwork/1399 Darwin/22.1.0"
::1 - - [17/Jun/2023:04:11:26 +0000] "GET /api/v1/users/me? HTTP/1.0" 304 - "-" "Sedu/1 CFNetwork/1335.0.3.2 Darwin/21.6.0"
::ffff:127.0.0.1 - - [17/Jun/2023:04:11:26 +0000] "GET /api/v1/ads? HTTP/1.0" 304 - "-" "Sedu/1 CFNetwork/1335.0.3.2 Darwin/21.6.0"
::ffff:127.0.0.1 - - [17/Jun/2023:04:11:27 +0000] "GET /api/v1/articles? HTTP/1.0" 304 - "-" "Sedu/1 CFNetwork/1335.0.3.2 Darwin/21.6.0"
::1 - - [17/Jun/2023:04:11:27 +0000] "GET /api/v1/articles/642d56517c1330814fb7635e? HTTP/1.0" 304 - "-" "Sedu/1 CFNetwork/1335.0.3.2 Darwin/21.6.0"
::1 - - [17/Jun/2023:04:13:57 +0000] "GET /api/v1/users/me? HTTP/1.0" 304 - "-" "Sedu/1 CFNetwork/1335.0.3.2 Darwin/21.6.0"
::1 - - [17/Jun/2023:04:13:57 +0000] "GET /api/v1/ads? HTTP/1.0" 304 - "-" "Sedu/1 CFNetwork/1335.0.3.2 Darwin/21.6.0"
::ffff:127.0.0.1 - - [17/Jun/2023:04:13:57 +0000] "GET /api/v1/articles/642d56517c1330814fb7635e? HTTP/1.0" 304 - "-" "Sedu/1 CFNetwork/1335.0.3.2 Darwin/21.6.0"
::ffff:127.0.0.1 - - [17/Jun/2023:04:13:57 +0000] "GET /api/v1/articles? HTTP/1.0" 304 - "-" "Sedu/1 CFNetwork/1335.0.3.2 Darwin/21.6.0"
::1 - - [17/Jun/2023:04:18:31 +0000] "GET /api/v1/users/me? HTTP/1.0" 401 283 "-" "Sedu/1 CFNetwork/1404.0.5 Darwin/22.3.0"
::1 - - [17/Jun/2023:04:22:17 +0000] "GET /api/v1/articles/642d56517c1330814fb7635e? HTTP/1.0" 304 - "-" "Sedu/1 CFNetwork/1335.0.3.2 Darwin/21.6.0"
::ffff:127.0.0.1 - - [17/Jun/2023:04:22:17 +0000] "GET /api/v1/ads? HTTP/1.0" 304 - "-" "Sedu/1 CFNetwork/1335.0.3.2 Darwin/21.6.0"
::1 - - [17/Jun/2023:04:22:17 +0000] "GET /api/v1/articles? HTTP/1.0" 304 - "-" "Sedu/1 CFNetwork/1335.0.3.2 Darwin/21.6.0"
::ffff:127.0.0.1 - - [17/Jun/2023:04:22:18 +0000] "GET /api/v1/users/me? HTTP/1.0" 304 - "-" "Sedu/1 CFNetwork/1335.0.3.2 Darwin/21.6.0"
::ffff:127.0.0.1 - - [17/Jun/2023:04:23:51 +0000] "GET /api/v1/users/me? HTTP/1.0" 304 - "-" "Sedu/1 CFNetwork/1335.0.3.2 Darwin/21.6.0"
::1 - - [17/Jun/2023:04:27:06 +0000] "GET /api/v1/users/me? HTTP/1.0" 401 283 "-" "Sedu/1 CFNetwork/1404.0.5 Darwin/22.3.0"
::ffff:127.0.0.1 - - [17/Jun/2023:04:28:07 +0000] "GET /api/v1/users/me? HTTP/1.0" 304 - "-" "Sedu/1 CFNetwork/1408.0.4 Darwin/22.5.0"
::ffff:127.0.0.1 - - [17/Jun/2023:04:28:08 +0000] "GET /api/v1/ads? HTTP/1.0" 304 - "-" "Sedu/1 CFNetwork/1408.0.4 Darwin/22.5.0"
::1 - - [17/Jun/2023:04:28:08 +0000] "GET /api/v1/articles? HTTP/1.0" 200 443373 "-" "Sedu/1 CFNetwork/1408.0.4 Darwin/22.5.0"
::ffff:127.0.0.1 - - [17/Jun/2023:04:28:45 +0000] "GET /api/v1/articles/642d55bf7c1330814fb76345? HTTP/1.0" 200 17955 "-" "Sedu/1 CFNetwork/1408.0.4 Darwin/22.5.0"
::1 - - [17/Jun/2023:04:35:46 +0000] "GET /api/v1/users/me? HTTP/1.0" 500 117 "-" "Sedu/1 CFNetwork/1408.0.4 Darwin/22.5.0"
::ffff:127.0.0.1 - - [17/Jun/2023:04:35:47 +0000] "GET /api/v1/articles? HTTP/1.0" 500 117 "-" "Sedu/1 CFNetwork/1408.0.4 Darwin/22.5.0"
::1 - - [17/Jun/2023:04:35:47 +0000] "GET /api/v1/ads? HTTP/1.0" 304 - "-" "Sedu/1 CFNetwork/1408.0.4 Darwin/22.5.0"
::1 - - [17/Jun/2023:04:35:57 +0000] "GET /api/v1/users/me? HTTP/1.0" 500 117 "-" "Sedu/1 CFNetwork/1408.0.4 Darwin/22.5.0"
::ffff:127.0.0.1 - - [17/Jun/2023:04:39:07 +0000] "GET /api/v1/users/me? HTTP/1.0" 401 283 "-" "Sedu/1 CFNetwork/1408.0.4 Darwin/22.5.0"
::1 - - [17/Jun/2023:04:39:24 +0000] "POST /api/v1/users/register HTTP/1.0" 500 248 "-" "Sedu/1 CFNetwork/1408.0.4 Darwin/22.5.0"
::ffff:127.0.0.1 - - [17/Jun/2023:04:39:26 +0000] "POST /api/v1/users/register HTTP/1.0" 500 248 "-" "Sedu/1 CFNetwork/1408.0.4 Darwin/22.5.0"
::1 - - [17/Jun/2023:04:39:27 +0000] "POST /api/v1/users/register HTTP/1.0" 500 248 "-" "Sedu/1 CFNetwork/1408.0.4 Darwin/22.5.0"
::ffff:127.0.0.1 - - [17/Jun/2023:04:39:30 +0000] "POST /api/v1/users/register HTTP/1.0" 500 248 "-" "Sedu/1 CFNetwork/1408.0.4 Darwin/22.5.0"
::1 - - [17/Jun/2023:04:39:45 +0000] "POST /api/v1/users/login HTTP/1.0" 401 123 "-" "Sedu/1 CFNetwork/1408.0.4 Darwin/22.5.0"
::1 - - [17/Jun/2023:04:50:32 +0000] "GET /api/v1/users/me? HTTP/1.0" 401 283 "-" "Sedu/1 CFNetwork/1406.0.4 Darwin/22.4.0"
::ffff:127.0.0.1 - - [17/Jun/2023:04:50:47 +0000] "POST /api/v1/users/register HTTP/1.0" 500 250 "-" "Sedu/1 CFNetwork/1406.0.4 Darwin/22.4.0"
::1 - - [17/Jun/2023:04:51:00 +0000] "POST /api/v1/users/register HTTP/1.0" 200 466 "-" "Sedu/1 CFNetwork/1406.0.4 Darwin/22.4.0"
::ffff:127.0.0.1 - - [17/Jun/2023:04:51:01 +0000] "GET /api/v1/users/me? HTTP/1.0" 200 192 "-" "Sedu/1 CFNetwork/1406.0.4 Darwin/22.4.0"
::1 - - [17/Jun/2023:04:51:07 +0000] "GET /api/v1/users/logout? HTTP/1.0" 200 39 "-" "Sedu/1 CFNetwork/1406.0.4 Darwin/22.4.0"
::ffff:127.0.0.1 - - [17/Jun/2023:04:51:07 +0000] "GET /api/v1/users/me? HTTP/1.0" 401 283 "-" "Sedu/1 CFNetwork/1406.0.4 Darwin/22.4.0"
::1 - - [17/Jun/2023:04:52:18 +0000] "POST / HTTP/1.0" 404 140 "-" "Mozilla/5.0 (X11; Linux x86_64) AppleWebKit/537.36 (KHTML, like Gecko) Chrome/81.0.4044.129 Safari/537.36"
::ffff:127.0.0.1 - - [17/Jun/2023:04:52:18 +0000] "GET /.env HTTP/1.0" 404 143 "-" "Mozilla/5.0 (X11; Linux x86_64) AppleWebKit/537.36 (KHTML, like Gecko) Chrome/81.0.4044.129 Safari/537.36"
::1 - - [17/Jun/2023:04:53:49 +0000] "GET /api/v1/users/me? HTTP/1.0" 401 283 "-" "Sedu/1 CFNetwork/1399 Darwin/22.1.0"
::ffff:127.0.0.1 - - [17/Jun/2023:04:54:20 +0000] "POST /api/v1/users/register HTTP/1.0" 500 245 "-" "Sedu/1 CFNetwork/1399 Darwin/22.1.0"
::1 - - [17/Jun/2023:04:54:34 +0000] "GET /api/v1/users/me? HTTP/1.0" 500 117 "-" "Sedu/1 CFNetwork/1406.0.4 Darwin/22.4.0"
::ffff:127.0.0.1 - - [17/Jun/2023:04:54:35 +0000] "POST /api/v1/users/login HTTP/1.0" 401 123 "-" "Sedu/1 CFNetwork/1399 Darwin/22.1.0"
::1 - - [17/Jun/2023:04:55:01 +0000] "POST /api/v1/users/login HTTP/1.0" 401 123 "-" "Sedu/1 CFNetwork/1399 Darwin/22.1.0"
::ffff:127.0.0.1 - - [17/Jun/2023:04:55:23 +0000] "POST /api/v1/users/register HTTP/1.0" 200 465 "-" "Sedu/1 CFNetwork/1399 Darwin/22.1.0"
::1 - - [17/Jun/2023:04:55:23 +0000] "GET /api/v1/users/me? HTTP/1.0" 200 191 "-" "Sedu/1 CFNetwork/1399 Darwin/22.1.0"
::ffff:127.0.0.1 - - [17/Jun/2023:04:55:29 +0000] "GET /api/v1/users/me? HTTP/1.0" 304 - "-" "Sedu/1 CFNetwork/1399 Darwin/22.1.0"
::1 - - [17/Jun/2023:04:56:04 +0000] "POST /api/v1/users/invoice/648d3cbba32e8316d8276976 HTTP/1.0" 200 50 "-" "Sedu/1 CFNetwork/1399 Darwin/22.1.0"
::ffff:127.0.0.1 - - [17/Jun/2023:04:56:05 +0000] "GET /api/v1/wallets/648d3ce4a32e8316d827697b? HTTP/1.0" 200 16185 "-" "Sedu/1 CFNetwork/1399 Darwin/22.1.0"
::1 - - [17/Jun/2023:04:56:29 +0000] "GET /api/v1/users/callbacks/648d3cbba32e8316d8276976/20000?qpay_payment_id=293562521768009 HTTP/1.0" 200 230 "-" "node-fetch/1.0 (+https://github.com/bitinn/node-fetch)"
::ffff:127.0.0.1 - - [17/Jun/2023:04:56:33 +0000] "GET /api/v1/users/me? HTTP/1.0" 200 230 "-" "Sedu/1 CFNetwork/1399 Darwin/22.1.0"
::1 - - [17/Jun/2023:04:56:34 +0000] "GET /api/v1/wallets/648d3ce4a32e8316d827697b? HTTP/1.0" 304 - "-" "Sedu/1 CFNetwork/1399 Darwin/22.1.0"
::ffff:127.0.0.1 - - [17/Jun/2023:04:56:40 +0000] "POST /api/v1/users/invoice/648d3cbba32e8316d8276976 HTTP/1.0" 200 50 "-" "Sedu/1 CFNetwork/1399 Darwin/22.1.0"
::1 - - [17/Jun/2023:04:56:41 +0000] "GET /api/v1/wallets/648d3d08a32e8316d8276991? HTTP/1.0" 200 16157 "-" "Sedu/1 CFNetwork/1399 Darwin/22.1.0"
::ffff:127.0.0.1 - - [17/Jun/2023:04:56:46 +0000] "GET /api/v1/users/logout? HTTP/1.0" 200 39 "-" "Sedu/1 CFNetwork/1399 Darwin/22.1.0"
::1 - - [17/Jun/2023:04:56:46 +0000] "GET /api/v1/users/me? HTTP/1.0" 401 283 "-" "Sedu/1 CFNetwork/1399 Darwin/22.1.0"
::ffff:127.0.0.1 - - [17/Jun/2023:04:56:57 +0000] "POST /api/v1/users/login HTTP/1.0" 200 504 "-" "Sedu/1 CFNetwork/1399 Darwin/22.1.0"
::1 - - [17/Jun/2023:04:56:58 +0000] "GET /api/v1/users/me? HTTP/1.0" 200 230 "-" "Sedu/1 CFNetwork/1399 Darwin/22.1.0"
::1 - - [17/Jun/2023:04:56:59 +0000] "GET /api/v1/ads? HTTP/1.0" 200 633 "-" "Sedu/1 CFNetwork/1399 Darwin/22.1.0"
::ffff:127.0.0.1 - - [17/Jun/2023:04:57:00 +0000] "GET /api/v1/articles? HTTP/1.0" 200 443373 "-" "Sedu/1 CFNetwork/1399 Darwin/22.1.0"
::ffff:127.0.0.1 - - [17/Jun/2023:04:57:21 +0000] "GET /api/v1/articles/642d55507c1330814fb76325? HTTP/1.0" 200 3410 "-" "Sedu/1 CFNetwork/1399 Darwin/22.1.0"
::1 - - [17/Jun/2023:04:58:37 +0000] "GET /api/v1/users/me? HTTP/1.0" 401 283 "-" "Sedu/1 CFNetwork/1404.0.5 Darwin/22.3.0"
::1 - - [17/Jun/2023:04:58:42 +0000] "GET /api/v1/articles/642d55bf7c1330814fb76345? HTTP/1.0" 200 17955 "-" "Sedu/1 CFNetwork/1399 Darwin/22.1.0"
::ffff:127.0.0.1 - - [17/Jun/2023:04:59:03 +0000] "POST /api/v1/users/register HTTP/1.0" 500 246 "-" "Sedu/1 CFNetwork/1404.0.5 Darwin/22.3.0"
::1 - - [17/Jun/2023:04:59:23 +0000] "POST /api/v1/users/register HTTP/1.0" 200 463 "-" "Sedu/1 CFNetwork/1404.0.5 Darwin/22.3.0"
::ffff:127.0.0.1 - - [17/Jun/2023:04:59:23 +0000] "GET /api/v1/users/me? HTTP/1.0" 200 189 "-" "Sedu/1 CFNetwork/1404.0.5 Darwin/22.3.0"
::1 - - [17/Jun/2023:04:59:26 +0000] "GET /api/v1/users/logout? HTTP/1.0" 200 39 "-" "Sedu/1 CFNetwork/1404.0.5 Darwin/22.3.0"
::ffff:127.0.0.1 - - [17/Jun/2023:04:59:26 +0000] "GET /api/v1/users/me? HTTP/1.0" 401 283 "-" "Sedu/1 CFNetwork/1404.0.5 Darwin/22.3.0"
::1 - - [17/Jun/2023:04:59:38 +0000] "POST /api/v1/users/login HTTP/1.0" 401 123 "-" "Sedu/1 CFNetwork/1404.0.5 Darwin/22.3.0"
::ffff:127.0.0.1 - - [17/Jun/2023:04:59:41 +0000] "GET /api/v1/users/me? HTTP/1.0" 401 283 "-" "Sedu/1 CFNetwork/1399 Darwin/22.1.0"
::1 - - [17/Jun/2023:04:59:52 +0000] "POST /api/v1/users/login HTTP/1.0" 200 463 "-" "Sedu/1 CFNetwork/1404.0.5 Darwin/22.3.0"
::ffff:127.0.0.1 - - [17/Jun/2023:04:59:52 +0000] "GET /api/v1/users/me? HTTP/1.0" 304 - "-" "Sedu/1 CFNetwork/1404.0.5 Darwin/22.3.0"
::1 - - [17/Jun/2023:05:00:03 +0000] "GET /api/v1/users/me? HTTP/1.0" 304 - "-" "Sedu/1 CFNetwork/1404.0.5 Darwin/22.3.0"
::ffff:127.0.0.1 - - [17/Jun/2023:05:00:09 +0000] "POST /api/v1/users/invoice/648d3daba32e8316d82769ac HTTP/1.0" 200 50 "-" "Sedu/1 CFNetwork/1404.0.5 Darwin/22.3.0"
::1 - - [17/Jun/2023:05:00:09 +0000] "GET /api/v1/wallets/648d3dd9a32e8316d82769b4? HTTP/1.0" 200 16031 "-" "Sedu/1 CFNetwork/1404.0.5 Darwin/22.3.0"
::ffff:127.0.0.1 - - [17/Jun/2023:05:00:31 +0000] "GET /api/v1/users/me? HTTP/1.0" 200 228 "-" "Sedu/1 CFNetwork/1404.0.5 Darwin/22.3.0"
::1 - - [17/Jun/2023:05:00:31 +0000] "GET /api/v1/wallets/648d3dd9a32e8316d82769b4? HTTP/1.0" 304 - "-" "Sedu/1 CFNetwork/1404.0.5 Darwin/22.3.0"
::1 - - [17/Jun/2023:05:01:01 +0000] "GET /api/v1/ads? HTTP/1.0" 304 - "-" "Sedu/1 CFNetwork/1399 Darwin/22.1.0"
::ffff:127.0.0.1 - - [17/Jun/2023:05:01:01 +0000] "GET /api/v1/users/me? HTTP/1.0" 304 - "-" "Sedu/1 CFNetwork/1399 Darwin/22.1.0"
::1 - - [17/Jun/2023:05:01:01 +0000] "GET /api/v1/articles? HTTP/1.0" 304 - "-" "Sedu/1 CFNetwork/1399 Darwin/22.1.0"
::ffff:127.0.0.1 - - [17/Jun/2023:05:01:01 +0000] "GET /api/v1/articles/642d55bf7c1330814fb76345? HTTP/1.0" 304 - "-" "Sedu/1 CFNetwork/1399 Darwin/22.1.0"
::ffff:127.0.0.1 - - [17/Jun/2023:05:02:01 +0000] "GET /api/v1/users/me? HTTP/1.0" 304 - "-" "Sedu/1 CFNetwork/1399 Darwin/22.1.0"
::1 - - [17/Jun/2023:05:02:01 +0000] "GET /api/v1/ads? HTTP/1.0" 304 - "-" "Sedu/1 CFNetwork/1399 Darwin/22.1.0"
::1 - - [17/Jun/2023:05:02:01 +0000] "GET /api/v1/articles/642d55bf7c1330814fb76345? HTTP/1.0" 304 - "-" "Sedu/1 CFNetwork/1399 Darwin/22.1.0"
::ffff:127.0.0.1 - - [17/Jun/2023:05:02:01 +0000] "GET /api/v1/articles? HTTP/1.0" 304 - "-" "Sedu/1 CFNetwork/1399 Darwin/22.1.0"
::1 - - [17/Jun/2023:05:06:12 +0000] "GET /geoip/ HTTP/1.0" 404 145 "-" "Mozilla/5.0 (Windows NT 10.0; Win64; x64) AppleWebKit/537.36 (KHTML, like Gecko) Chrome/108.0.0.0 Safari/537.36"
::1 - - [17/Jun/2023:05:06:15 +0000] "GET /favicon.ico HTTP/1.0" 404 150 "-" "Mozilla/5.0 (Windows NT 10.0; Win64; x64) AppleWebKit/537.36 (KHTML, like Gecko) Chrome/108.0.0.0 Safari/537.36"
::ffff:127.0.0.1 - - [17/Jun/2023:05:06:15 +0000] "GET /1.php HTTP/1.0" 404 144 "-" "Mozilla/5.0 (Windows NT 10.0; Win64; x64) AppleWebKit/537.36 (KHTML, like Gecko) Chrome/108.0.0.0 Safari/537.36"
::1 - - [17/Jun/2023:05:06:16 +0000] "GET /bundle.js HTTP/1.0" 404 148 "-" "Mozilla/5.0 (Windows NT 10.0; Win64; x64) AppleWebKit/537.36 (KHTML, like Gecko) Chrome/108.0.0.0 Safari/537.36"
::ffff:127.0.0.1 - - [17/Jun/2023:05:06:16 +0000] "GET /files/ HTTP/1.0" 404 145 "-" "Mozilla/5.0 (Windows NT 10.0; Win64; x64) AppleWebKit/537.36 (KHTML, like Gecko) Chrome/108.0.0.0 Safari/537.36"
::1 - - [17/Jun/2023:05:06:36 +0000] "GET /api/v1/articles/642d56517c1330814fb7635e? HTTP/1.0" 200 16235 "-" "Sedu/1 CFNetwork/1399 Darwin/22.1.0"
::ffff:127.0.0.1 - - [17/Jun/2023:05:08:28 +0000] "POST / HTTP/1.0" 404 140 "-" "Mozilla/5.0 (X11; Linux x86_64) AppleWebKit/537.36 (KHTML, like Gecko) Chrome/81.0.4044.129 Safari/537.36"
::1 - - [17/Jun/2023:05:08:29 +0000] "GET /.env HTTP/1.0" 404 143 "-" "Mozilla/5.0 (X11; Linux x86_64) AppleWebKit/537.36 (KHTML, like Gecko) Chrome/81.0.4044.129 Safari/537.36"
::ffff:127.0.0.1 - - [17/Jun/2023:05:11:11 +0000] "GET /api/v1/users/me? HTTP/1.0" 304 - "-" "Sedu/1 CFNetwork/1220.1 Darwin/20.3.0"
::1 - - [17/Jun/2023:05:11:11 +0000] "GET /api/v1/articles? HTTP/1.0" 304 - "-" "Sedu/1 CFNetwork/1220.1 Darwin/20.3.0"
::ffff:127.0.0.1 - - [17/Jun/2023:05:11:12 +0000] "GET /api/v1/ads? HTTP/1.0" 304 - "-" "Sedu/1 CFNetwork/1220.1 Darwin/20.3.0"
::ffff:127.0.0.1 - - [17/Jun/2023:05:11:31 +0000] "GET /api/v1/articles/642e3f507c1330814fb764ef? HTTP/1.0" 200 1467 "-" "Sedu/1 CFNetwork/1220.1 Darwin/20.3.0"
::1 - - [17/Jun/2023:05:11:46 +0000] "GET /api/v1/users/me? HTTP/1.0" 304 - "-" "Sedu/1 CFNetwork/1399 Darwin/22.1.0"
::1 - - [17/Jun/2023:05:11:46 +0000] "GET /api/v1/ads? HTTP/1.0" 304 - "-" "Sedu/1 CFNetwork/1399 Darwin/22.1.0"
::ffff:127.0.0.1 - - [17/Jun/2023:05:11:46 +0000] "GET /api/v1/articles/642d56517c1330814fb7635e? HTTP/1.0" 304 - "-" "Sedu/1 CFNetwork/1399 Darwin/22.1.0"
::ffff:127.0.0.1 - - [17/Jun/2023:05:11:46 +0000] "GET /api/v1/articles? HTTP/1.0" 304 - "-" "Sedu/1 CFNetwork/1399 Darwin/22.1.0"
::ffff:127.0.0.1 - - [17/Jun/2023:05:11:59 +0000] "GET /api/v1/articles/642d59727c1330814fb76396? HTTP/1.0" 200 10524 "-" "Sedu/1 CFNetwork/1399 Darwin/22.1.0"
::1 - - [17/Jun/2023:05:12:07 +0000] "GET /api/v1/users/me? HTTP/1.0" 304 - "-" "Sedu/1 CFNetwork/1408.0.4 Darwin/22.5.0"
::1 - - [17/Jun/2023:05:12:08 +0000] "GET /api/v1/ads? HTTP/1.0" 304 - "-" "Sedu/1 CFNetwork/1408.0.4 Darwin/22.5.0"
::ffff:127.0.0.1 - - [17/Jun/2023:05:12:08 +0000] "GET /api/v1/articles? HTTP/1.0" 200 443373 "-" "Sedu/1 CFNetwork/1408.0.4 Darwin/22.5.0"
::ffff:127.0.0.1 - - [17/Jun/2023:05:12:31 +0000] "GET /api/v1/users/me? HTTP/1.0" 401 283 "-" "Sedu/1 CFNetwork/1399 Darwin/22.1.0"
::1 - - [17/Jun/2023:05:12:31 +0000] "GET /api/v1/articles/6459d34ca32e8316d8228b17? HTTP/1.0" 200 9114 "-" "Sedu/1 CFNetwork/1220.1 Darwin/20.3.0"
::ffff:127.0.0.1 - - [17/Jun/2023:05:12:38 +0000] "GET /api/v1/users/me? HTTP/1.0" 304 - "-" "Sedu/1 CFNetwork/1408.0.4 Darwin/22.5.0"
::1 - - [17/Jun/2023:05:12:44 +0000] "POST /api/v1/users/invoice/64539119a4c26797f426db49 HTTP/1.0" 200 50 "-" "Sedu/1 CFNetwork/1408.0.4 Darwin/22.5.0"
::ffff:127.0.0.1 - - [17/Jun/2023:05:12:44 +0000] "GET /api/v1/wallets/648d40cca32e8316d82769e9? HTTP/1.0" 200 16211 "-" "Sedu/1 CFNetwork/1408.0.4 Darwin/22.5.0"
::1 - - [17/Jun/2023:05:12:59 +0000] "POST /api/v1/users/login HTTP/1.0" 401 123 "-" "Sedu/1 CFNetwork/1399 Darwin/22.1.0"
::ffff:127.0.0.1 - - [17/Jun/2023:05:13:15 +0000] "GET /api/v1/users/me? HTTP/1.0" 304 - "-" "Sedu/1 CFNetwork/1408.0.4 Darwin/22.5.0"
::1 - - [17/Jun/2023:05:13:16 +0000] "GET /api/v1/articles? HTTP/1.0" 200 443373 "-" "Sedu/1 CFNetwork/1408.0.4 Darwin/22.5.0"
::ffff:127.0.0.1 - - [17/Jun/2023:05:13:16 +0000] "GET /api/v1/ads? HTTP/1.0" 304 - "-" "Sedu/1 CFNetwork/1408.0.4 Darwin/22.5.0"
::ffff:127.0.0.1 - - [17/Jun/2023:05:13:25 +0000] "POST /api/v1/users/register HTTP/1.0" 200 474 "-" "Sedu/1 CFNetwork/1399 Darwin/22.1.0"
::1 - - [17/Jun/2023:05:13:25 +0000] "GET /api/v1/users/me? HTTP/1.0" 200 200 "-" "Sedu/1 CFNetwork/1399 Darwin/22.1.0"
::ffff:127.0.0.1 - - [17/Jun/2023:05:13:36 +0000] "GET /api/v1/articles/642d59727c1330814fb76396? HTTP/1.0" 200 10524 "-" "Sedu/1 CFNetwork/1408.0.4 Darwin/22.5.0"
::ffff:127.0.0.1 - - [17/Jun/2023:05:13:38 +0000] "GET /api/v1/users/callbacks/64539119a4c26797f426db49/20000?qpay_payment_id=777814167319387 HTTP/1.0" 200 228 "-" "node-fetch/1.0 (+https://github.com/bitinn/node-fetch)"
::1 - - [17/Jun/2023:05:13:40 +0000] "GET /api/v1/users/me? HTTP/1.0" 304 - "-" "Sedu/1 CFNetwork/1399 Darwin/22.1.0"
::1 - - [17/Jun/2023:05:13:46 +0000] "GET /api/v1/users/me? HTTP/1.0" 200 228 "-" "Sedu/1 CFNetwork/1408.0.4 Darwin/22.5.0"
::ffff:127.0.0.1 - - [17/Jun/2023:05:13:46 +0000] "GET /api/v1/wallets/648d40cca32e8316d82769e9? HTTP/1.0" 304 - "-" "Sedu/1 CFNetwork/1408.0.4 Darwin/22.5.0"
::ffff:127.0.0.1 - - [17/Jun/2023:05:13:47 +0000] "GET /api/v1/articles/6460657ba32e8316d822e39d? HTTP/1.0" 200 5291 "-" "Sedu/1 CFNetwork/1220.1 Darwin/20.3.0"
::1 - - [17/Jun/2023:05:13:47 +0000] "POST /api/v1/users/invoice/648d40f5a32e8316d8276a00 HTTP/1.0" 200 50 "-" "Sedu/1 CFNetwork/1399 Darwin/22.1.0"
::1 - - [17/Jun/2023:05:13:48 +0000] "GET /api/v1/wallets/648d410ba32e8316d8276a0b? HTTP/1.0" 200 16168 "-" "Sedu/1 CFNetwork/1399 Darwin/22.1.0"
::ffff:127.0.0.1 - - [17/Jun/2023:05:13:53 +0000] "POST /api/v1/users/invoice/64539119a4c26797f426db49 HTTP/1.0" 200 50 "-" "Sedu/1 CFNetwork/1408.0.4 Darwin/22.5.0"
::1 - - [17/Jun/2023:05:13:54 +0000] "GET /api/v1/wallets/648d4111a32e8316d8276a1d? HTTP/1.0" 200 16103 "-" "Sedu/1 CFNetwork/1408.0.4 Darwin/22.5.0"
::ffff:127.0.0.1 - - [17/Jun/2023:05:14:02 +0000] "GET /api/v1/users/me? HTTP/1.0" 200 228 "-" "Sedu/1 CFNetwork/1408.0.4 Darwin/22.5.0"
::1 - - [17/Jun/2023:05:14:05 +0000] "POST /api/v1/users/invoice/64539119a4c26797f426db49 HTTP/1.0" 200 50 "-" "Sedu/1 CFNetwork/1408.0.4 Darwin/22.5.0"
::ffff:127.0.0.1 - - [17/Jun/2023:05:14:05 +0000] "GET /api/v1/wallets/648d411da32e8316d8276a30? HTTP/1.0" 200 16311 "-" "Sedu/1 CFNetwork/1408.0.4 Darwin/22.5.0"
::1 - - [17/Jun/2023:05:14:16 +0000] "GET /api/v1/users/me? HTTP/1.0" 200 228 "-" "Sedu/1 CFNetwork/1408.0.4 Darwin/22.5.0"
::ffff:127.0.0.1 - - [17/Jun/2023:05:14:19 +0000] "POST /api/v1/users/invoice/64539119a4c26797f426db49 HTTP/1.0" 200 50 "-" "Sedu/1 CFNetwork/1408.0.4 Darwin/22.5.0"
::1 - - [17/Jun/2023:05:14:19 +0000] "GET /api/v1/wallets/648d412ba32e8316d8276a43? HTTP/1.0" 200 16255 "-" "Sedu/1 CFNetwork/1408.0.4 Darwin/22.5.0"
::ffff:127.0.0.1 - - [17/Jun/2023:05:14:36 +0000] "POST /api/v1/users/invoice/648d40f5a32e8316d8276a00 HTTP/1.0" 200 50 "-" "Sedu/1 CFNetwork/1399 Darwin/22.1.0"
::1 - - [17/Jun/2023:05:14:36 +0000] "GET /api/v1/wallets/648d413ca32e8316d8276a55? HTTP/1.0" 200 16716 "-" "Sedu/1 CFNetwork/1399 Darwin/22.1.0"
::1 - - [17/Jun/2023:05:15:56 +0000] "GET /api/v1/users/me? HTTP/1.0" 200 228 "-" "Sedu/1 CFNetwork/1408.0.4 Darwin/22.5.0"
::ffff:127.0.0.1 - - [17/Jun/2023:05:16:00 +0000] "GET /api/v1/users/logout? HTTP/1.0" 304 - "-" "Sedu/1 CFNetwork/1408.0.4 Darwin/22.5.0"
::1 - - [17/Jun/2023:05:16:00 +0000] "GET /api/v1/users/me? HTTP/1.0" 401 283 "-" "Sedu/1 CFNetwork/1408.0.4 Darwin/22.5.0"
::ffff:127.0.0.1 - - [17/Jun/2023:05:16:03 +0000] "GET /api/v1/users/me? HTTP/1.0" 304 - "-" "Sedu/1 CFNetwork/1399 Darwin/22.1.0"
::1 - - [17/Jun/2023:05:16:18 +0000] "POST /api/v1/users/login HTTP/1.0" 200 502 "-" "Sedu/1 CFNetwork/1408.0.4 Darwin/22.5.0"
::ffff:127.0.0.1 - - [17/Jun/2023:05:16:18 +0000] "GET /api/v1/users/me? HTTP/1.0" 304 - "-" "Sedu/1 CFNetwork/1408.0.4 Darwin/22.5.0"
::ffff:127.0.0.1 - - [17/Jun/2023:05:16:18 +0000] "GET /api/v1/ads? HTTP/1.0" 304 - "-" "Sedu/1 CFNetwork/1408.0.4 Darwin/22.5.0"
::1 - - [17/Jun/2023:05:16:18 +0000] "GET /api/v1/users/me? HTTP/1.0" 304 - "-" "Sedu/1 CFNetwork/1408.0.4 Darwin/22.5.0"
::1 - - [17/Jun/2023:05:16:18 +0000] "GET /api/v1/articles? HTTP/1.0" 304 - "-" "Sedu/1 CFNetwork/1408.0.4 Darwin/22.5.0"
::ffff:127.0.0.1 - - [17/Jun/2023:05:16:19 +0000] "GET /api/v1/ads? HTTP/1.0" 200 633 "-" "Sedu/1 CFNetwork/1408.0.4 Darwin/22.5.0"
::1 - - [17/Jun/2023:05:16:19 +0000] "GET /api/v1/articles? HTTP/1.0" 200 443373 "-" "Sedu/1 CFNetwork/1408.0.4 Darwin/22.5.0"
::1 - - [17/Jun/2023:05:17:35 +0000] "GET /api/v1/users/me? HTTP/1.0" 304 - "-" "Sedu/1 CFNetwork/1408.0.4 Darwin/22.5.0"
::ffff:127.0.0.1 - - [17/Jun/2023:05:17:35 +0000] "GET /api/v1/ads? HTTP/1.0" 304 - "-" "Sedu/1 CFNetwork/1408.0.4 Darwin/22.5.0"
::1 - - [17/Jun/2023:05:17:35 +0000] "GET /api/v1/articles? HTTP/1.0" 304 - "-" "Sedu/1 CFNetwork/1408.0.4 Darwin/22.5.0"
::1 - - [17/Jun/2023:05:17:55 +0000] "GET /api/v1/users/me? HTTP/1.0" 304 - "-" "Sedu/1 CFNetwork/1408.0.4 Darwin/22.5.0"
::ffff:127.0.0.1 - - [17/Jun/2023:05:18:00 +0000] "GET /api/v1/articles/642d789c7c1330814fb763e7? HTTP/1.0" 200 6163 "-" "Sedu/1 CFNetwork/1408.0.4 Darwin/22.5.0"
::ffff:127.0.0.1 - - [17/Jun/2023:05:18:42 +0000] "GET /api/v1/users/me? HTTP/1.0" 304 - "-" "Sedu/1 CFNetwork/1408.0.4 Darwin/22.5.0"
::ffff:127.0.0.1 - - [17/Jun/2023:05:18:42 +0000] "GET /api/v1/users/me? HTTP/1.0" 304 - "-" "Sedu/1 CFNetwork/1408.0.4 Darwin/22.5.0"
::1 - - [17/Jun/2023:05:18:42 +0000] "GET /api/v1/ads? HTTP/1.0" 304 - "-" "Sedu/1 CFNetwork/1408.0.4 Darwin/22.5.0"
::1 - - [17/Jun/2023:05:18:42 +0000] "GET /api/v1/articles? HTTP/1.0" 304 - "-" "Sedu/1 CFNetwork/1408.0.4 Darwin/22.5.0"
::1 - - [17/Jun/2023:05:18:54 +0000] "GET /api/v1/users/me? HTTP/1.0" 304 - "-" "Sedu/1 CFNetwork/1408.0.4 Darwin/22.5.0"
::ffff:127.0.0.1 - - [17/Jun/2023:05:19:09 +0000] "GET /api/v1/users/me? HTTP/1.0" 401 283 "-" "Sedu/1 CFNetwork/1406.0.4 Darwin/22.4.0"
::1 - - [17/Jun/2023:05:19:22 +0000] "POST /api/v1/users/register HTTP/1.0" 200 463 "-" "Sedu/1 CFNetwork/1406.0.4 Darwin/22.4.0"
::ffff:127.0.0.1 - - [17/Jun/2023:05:19:22 +0000] "GET /api/v1/users/me? HTTP/1.0" 200 189 "-" "Sedu/1 CFNetwork/1406.0.4 Darwin/22.4.0"
::1 - - [17/Jun/2023:05:19:34 +0000] "GET /api/v1/users/me? HTTP/1.0" 401 283 "-" "Sedu/1 CFNetwork/1335.0.3.2 Darwin/21.6.0"
::ffff:127.0.0.1 - - [17/Jun/2023:05:19:43 +0000] "GET /api/v1/users/me? HTTP/1.0" 304 - "-" "Sedu/1 CFNetwork/1406.0.4 Darwin/22.4.0"
::1 - - [17/Jun/2023:05:19:45 +0000] "POST /api/v1/users/login HTTP/1.0" 200 508 "-" "Sedu/1 CFNetwork/1335.0.3.2 Darwin/21.6.0"
::ffff:127.0.0.1 - - [17/Jun/2023:05:19:45 +0000] "GET /api/v1/users/me? HTTP/1.0" 200 234 "-" "Sedu/1 CFNetwork/1335.0.3.2 Darwin/21.6.0"
::ffff:127.0.0.1 - - [17/Jun/2023:05:19:45 +0000] "GET /api/v1/ads? HTTP/1.0" 200 633 "-" "Sedu/1 CFNetwork/1335.0.3.2 Darwin/21.6.0"
::1 - - [17/Jun/2023:05:19:45 +0000] "GET /api/v1/articles? HTTP/1.0" 200 443373 "-" "Sedu/1 CFNetwork/1335.0.3.2 Darwin/21.6.0"
::1 - - [17/Jun/2023:05:19:50 +0000] "POST /api/v1/users/invoice/648d425aa32e8316d8276a81 HTTP/1.0" 200 50 "-" "Sedu/1 CFNetwork/1406.0.4 Darwin/22.4.0"
::ffff:127.0.0.1 - - [17/Jun/2023:05:19:51 +0000] "GET /api/v1/wallets/648d4276a32e8316d8276a8c? HTTP/1.0" 200 16215 "-" "Sedu/1 CFNetwork/1406.0.4 Darwin/22.4.0"
::1 - - [17/Jun/2023:05:20:08 +0000] "GET /api/v1/users/me? HTTP/1.0" 200 228 "-" "Sedu/1 CFNetwork/1406.0.4 Darwin/22.4.0"
::ffff:127.0.0.1 - - [17/Jun/2023:05:20:08 +0000] "GET /api/v1/wallets/648d4276a32e8316d8276a8c? HTTP/1.0" 304 - "-" "Sedu/1 CFNetwork/1406.0.4 Darwin/22.4.0"
::1 - - [17/Jun/2023:05:20:13 +0000] "GET /api/v1/articles/642d55507c1330814fb76325? HTTP/1.0" 200 3410 "-" "Sedu/1 CFNetwork/1335.0.3.2 Darwin/21.6.0"
::ffff:127.0.0.1 - - [17/Jun/2023:05:20:24 +0000] "GET /api/v1/users/callbacks/648d425aa32e8316d8276a81/20000?qpay_payment_id=338767271126016 HTTP/1.0" 200 228 "-" "node-fetch/1.0 (+https://github.com/bitinn/node-fetch)"
::1 - - [17/Jun/2023:05:20:27 +0000] "GET /api/v1/users/me? HTTP/1.0" 200 228 "-" "Sedu/1 CFNetwork/1406.0.4 Darwin/22.4.0"
::ffff:127.0.0.1 - - [17/Jun/2023:05:20:28 +0000] "GET /api/v1/wallets/648d4276a32e8316d8276a8c? HTTP/1.0" 304 - "-" "Sedu/1 CFNetwork/1406.0.4 Darwin/22.4.0"
::1 - - [17/Jun/2023:05:20:38 +0000] "GET /api/v1/users/me? HTTP/1.0" 304 - "-" "Sedu/1 CFNetwork/1406.0.4 Darwin/22.4.0"
::1 - - [17/Jun/2023:05:20:38 +0000] "GET /api/v1/ads? HTTP/1.0" 200 633 "-" "Sedu/1 CFNetwork/1406.0.4 Darwin/22.4.0"
::ffff:127.0.0.1 - - [17/Jun/2023:05:20:38 +0000] "GET /api/v1/articles? HTTP/1.0" 200 443373 "-" "Sedu/1 CFNetwork/1406.0.4 Darwin/22.4.0"
::1 - - [17/Jun/2023:05:21:19 +0000] "GET /api/v1/users/me? HTTP/1.0" 304 - "-" "Sedu/1 CFNetwork/1406.0.4 Darwin/22.4.0"
::1 - - [17/Jun/2023:05:21:45 +0000] "GET /api/v1/articles/642d4c587c1330814fb76297? HTTP/1.0" 200 22271 "-" "Sedu/1 CFNetwork/1406.0.4 Darwin/22.4.0"
::ffff:127.0.0.1 - - [17/Jun/2023:05:22:26 +0000] "GET /api/v1/articles/642d56517c1330814fb7635e? HTTP/1.0" 200 16235 "-" "Sedu/1 CFNetwork/1335.0.3.2 Darwin/21.6.0"
::1 - - [17/Jun/2023:05:23:33 +0000] "GET /api/v1/users/me? HTTP/1.0" 304 - "-" "Sedu/1 CFNetwork/1390 Darwin/22.0.0"
::1 - - [17/Jun/2023:05:23:34 +0000] "GET /api/v1/ads? HTTP/1.0" 304 - "-" "Sedu/1 CFNetwork/1390 Darwin/22.0.0"
::ffff:127.0.0.1 - - [17/Jun/2023:05:23:34 +0000] "GET /api/v1/articles? HTTP/1.0" 200 443373 "-" "Sedu/1 CFNetwork/1390 Darwin/22.0.0"
::1 - - [17/Jun/2023:05:24:05 +0000] "GET /api/v1/users/me? HTTP/1.0" 304 - "-" "Sedu/1 CFNetwork/1390 Darwin/22.0.0"
::ffff:127.0.0.1 - - [17/Jun/2023:05:24:26 +0000] "GET /api/v1/articles/642d4efb7c1330814fb762cf? HTTP/1.0" 200 10100 "-" "Sedu/1 CFNetwork/1390 Darwin/22.0.0"
::1 - - [17/Jun/2023:05:29:20 +0000] "GET /api/v1/users/me? HTTP/1.0" 304 - "-" "Sedu/1 CFNetwork/1399 Darwin/22.1.0"
::ffff:127.0.0.1 - - [17/Jun/2023:05:29:21 +0000] "GET /api/v1/articles? HTTP/1.0" 200 443373 "-" "Sedu/1 CFNetwork/1399 Darwin/22.1.0"
::1 - - [17/Jun/2023:05:29:21 +0000] "GET /api/v1/ads? HTTP/1.0" 304 - "-" "Sedu/1 CFNetwork/1399 Darwin/22.1.0"
::1 - - [17/Jun/2023:05:30:21 +0000] "GET /api/v1/users/me? HTTP/1.0" 401 283 "-" "Sedu/1 CFNetwork/1408.0.4 Darwin/22.5.0"
::ffff:127.0.0.1 - - [17/Jun/2023:05:30:37 +0000] "POST /api/v1/users/login HTTP/1.0" 200 503 "-" "Sedu/1 CFNetwork/1408.0.4 Darwin/22.5.0"
::1 - - [17/Jun/2023:05:30:38 +0000] "GET /api/v1/users/me? HTTP/1.0" 200 229 "-" "Sedu/1 CFNetwork/1408.0.4 Darwin/22.5.0"
::1 - - [17/Jun/2023:05:30:38 +0000] "GET /api/v1/ads? HTTP/1.0" 200 633 "-" "Sedu/1 CFNetwork/1408.0.4 Darwin/22.5.0"
::ffff:127.0.0.1 - - [17/Jun/2023:05:30:38 +0000] "GET /api/v1/articles? HTTP/1.0" 200 443373 "-" "Sedu/1 CFNetwork/1408.0.4 Darwin/22.5.0"
::ffff:127.0.0.1 - - [17/Jun/2023:05:30:41 +0000] "GET /api/v1/users/me? HTTP/1.0" 304 - "-" "Sedu/1 CFNetwork/1408.0.4 Darwin/22.5.0"
::1 - - [17/Jun/2023:05:32:18 +0000] "GET /api/v1/users/me? HTTP/1.0" 401 283 "-" "Sedu/1 CFNetwork/1406.0.4 Darwin/22.4.0"
::1 - - [17/Jun/2023:05:32:33 +0000] "POST /api/v1/users/register HTTP/1.0" 200 463 "-" "Sedu/1 CFNetwork/1406.0.4 Darwin/22.4.0"
::1 - - [17/Jun/2023:05:32:33 +0000] "GET /api/v1/users/me? HTTP/1.0" 200 189 "-" "Sedu/1 CFNetwork/1406.0.4 Darwin/22.4.0"
::ffff:127.0.0.1 - - [17/Jun/2023:05:32:33 +0000] "POST /api/v1/users/register HTTP/1.0" 500 249 "-" "Sedu/1 CFNetwork/1406.0.4 Darwin/22.4.0"
::1 - - [17/Jun/2023:05:32:41 +0000] "GET /api/v1/users/me? HTTP/1.0" 304 - "-" "Sedu/1 CFNetwork/1406.0.4 Darwin/22.4.0"
