::ffff:127.0.0.1 - - [10/May/2023:00:00:37 +0000] "GET /api/v1/users/me? HTTP/1.0" 304 - "-" "Sedu/1 CFNetwork/1402.0.8 Darwin/22.2.0"
::1 - - [10/May/2023:00:01:15 +0000] "GET /api/v1/users/me? HTTP/1.0" 401 283 "-" "Sedu/1 CFNetwork/1390 Darwin/22.0.0"
::ffff:127.0.0.1 - - [10/May/2023:00:01:32 +0000] "POST /api/v1/users/register HTTP/1.0" 200 462 "-" "Sedu/1 CFNetwork/1390 Darwin/22.0.0"
::1 - - [10/May/2023:00:01:32 +0000] "GET /api/v1/users/me? HTTP/1.0" 200 188 "-" "Sedu/1 CFNetwork/1390 Darwin/22.0.0"
::1 - - [10/May/2023:00:01:41 +0000] "GET /api/v1/users/me? HTTP/1.0" 304 - "-" "Sedu/1 CFNetwork/1390 Darwin/22.0.0"
::ffff:127.0.0.1 - - [10/May/2023:00:01:50 +0000] "POST /api/v1/users/invoice/645adedca32e8316d8229b25 HTTP/1.0" 200 50 "-" "Sedu/1 CFNetwork/1390 Darwin/22.0.0"
::1 - - [10/May/2023:00:01:50 +0000] "GET /api/v1/wallets/645adeeea32e8316d8229b2a? HTTP/1.0" 200 15950 "-" "Sedu/1 CFNetwork/1390 Darwin/22.0.0"
::ffff:127.0.0.1 - - [10/May/2023:00:01:54 +0000] "GET /api/v1/users/logout? HTTP/1.0" 200 39 "-" "Sedu/1 CFNetwork/1390 Darwin/22.0.0"
::1 - - [10/May/2023:00:01:54 +0000] "GET /api/v1/users/me? HTTP/1.0" 401 283 "-" "Sedu/1 CFNetwork/1390 Darwin/22.0.0"
::ffff:127.0.0.1 - - [10/May/2023:00:02:05 +0000] "POST /api/v1/users/login HTTP/1.0" 401 123 "-" "Sedu/1 CFNetwork/1390 Darwin/22.0.0"
::1 - - [10/May/2023:00:02:07 +0000] "POST /api/v1/users/login HTTP/1.0" 401 123 "-" "Sedu/1 CFNetwork/1390 Darwin/22.0.0"
::ffff:127.0.0.1 - - [10/May/2023:00:02:18 +0000] "POST /api/v1/users/login HTTP/1.0" 401 123 "-" "Sedu/1 CFNetwork/1390 Darwin/22.0.0"
::1 - - [10/May/2023:00:08:01 +0000] "GET /api/v1/users/me? HTTP/1.0" 304 - "-" "okhttp/4.9.2"
::1 - - [10/May/2023:00:08:02 +0000] "GET /api/v1/ads? HTTP/1.0" 304 - "-" "okhttp/4.9.2"
::ffff:127.0.0.1 - - [10/May/2023:00:08:02 +0000] "GET /api/v1/articles? HTTP/1.0" 200 344855 "-" "okhttp/4.9.2"
::1 - - [10/May/2023:00:09:52 +0000] "GET /api/v1/users/me? HTTP/1.0" 401 283 "-" "Sedu/1 CFNetwork/1404.0.5 Darwin/22.3.0"
::ffff:127.0.0.1 - - [10/May/2023:00:09:56 +0000] "GET /api/v1/users/me? HTTP/1.0" 401 283 "-" "Sedu/1 CFNetwork/1404.0.5 Darwin/22.3.0"
::1 - - [10/May/2023:00:09:58 +0000] "POST /api/v1/users/login HTTP/1.0" 401 123 "-" "Sedu/1 CFNetwork/1404.0.5 Darwin/22.3.0"
::ffff:127.0.0.1 - - [10/May/2023:00:09:58 +0000] "POST /api/v1/users/login HTTP/1.0" 401 123 "-" "Sedu/1 CFNetwork/1404.0.5 Darwin/22.3.0"
::1 - - [10/May/2023:00:10:24 +0000] "POST /api/v1/users/register HTTP/1.0" 200 463 "-" "Sedu/1 CFNetwork/1404.0.5 Darwin/22.3.0"
::ffff:127.0.0.1 - - [10/May/2023:00:10:25 +0000] "GET /api/v1/users/me? HTTP/1.0" 200 189 "-" "Sedu/1 CFNetwork/1404.0.5 Darwin/22.3.0"
::1 - - [10/May/2023:00:10:48 +0000] "GET /api/v1/users/me? HTTP/1.0" 304 - "-" "Sedu/1 CFNetwork/1404.0.5 Darwin/22.3.0"
::ffff:127.0.0.1 - - [10/May/2023:00:11:00 +0000] "POST /api/v1/users/invoice/645ae0f0a32e8316d8229b45 HTTP/1.0" 200 50 "-" "Sedu/1 CFNetwork/1404.0.5 Darwin/22.3.0"
::1 - - [10/May/2023:00:11:01 +0000] "GET /api/v1/wallets/645ae114a32e8316d8229b4a? HTTP/1.0" 200 16091 "-" "Sedu/1 CFNetwork/1404.0.5 Darwin/22.3.0"
::ffff:127.0.0.1 - - [10/May/2023:00:11:39 +0000] "GET /api/v1/users/me? HTTP/1.0" 304 - "-" "okhttp/4.9.2"
::1 - - [10/May/2023:00:13:36 +0000] "GET /api/v1/users/me? HTTP/1.0" 304 - "-" "Sedu/1 CFNetwork/1402.0.8 Darwin/22.2.0"
::ffff:127.0.0.1 - - [10/May/2023:00:15:20 +0000] "GET /api/v1/users/me? HTTP/1.0" 401 283 "-" "Sedu/1 CFNetwork/1333.0.4 Darwin/21.5.0"
::1 - - [10/May/2023:00:15:47 +0000] "POST /api/v1/users/login HTTP/1.0" 401 123 "-" "Sedu/1 CFNetwork/1333.0.4 Darwin/21.5.0"
::ffff:127.0.0.1 - - [10/May/2023:00:16:00 +0000] "POST / HTTP/1.0" 404 140 "-" "Mozilla/5.0 (X11; Linux x86_64) AppleWebKit/537.36 (KHTML, like Gecko) Chrome/81.0.4044.129 Safari/537.36"
::1 - - [10/May/2023:00:16:00 +0000] "GET /.env HTTP/1.0" 404 143 "-" "Mozilla/5.0 (X11; Linux x86_64) AppleWebKit/537.36 (KHTML, like Gecko) Chrome/81.0.4044.129 Safari/537.36"
::ffff:127.0.0.1 - - [10/May/2023:00:16:17 +0000] "POST /api/v1/users/register HTTP/1.0" 200 465 "-" "Sedu/1 CFNetwork/1333.0.4 Darwin/21.5.0"
::1 - - [10/May/2023:00:16:17 +0000] "GET /api/v1/users/me? HTTP/1.0" 200 191 "-" "Sedu/1 CFNetwork/1333.0.4 Darwin/21.5.0"
::ffff:127.0.0.1 - - [10/May/2023:00:16:32 +0000] "GET /api/v1/users/logout? HTTP/1.0" 200 39 "-" "Sedu/1 CFNetwork/1333.0.4 Darwin/21.5.0"
::1 - - [10/May/2023:00:16:32 +0000] "GET /api/v1/users/me? HTTP/1.0" 401 283 "-" "Sedu/1 CFNetwork/1333.0.4 Darwin/21.5.0"
::1 - - [10/May/2023:00:19:44 +0000] "GET /api/v1/users/me? HTTP/1.0" 401 283 "-" "Sedu/1 CFNetwork/1406.0.4 Darwin/22.4.0"
::ffff:127.0.0.1 - - [10/May/2023:00:20:24 +0000] "POST /api/v1/users/register HTTP/1.0" 200 471 "-" "Sedu/1 CFNetwork/1406.0.4 Darwin/22.4.0"
::1 - - [10/May/2023:00:20:25 +0000] "GET /api/v1/users/me? HTTP/1.0" 200 197 "-" "Sedu/1 CFNetwork/1406.0.4 Darwin/22.4.0"
::ffff:127.0.0.1 - - [10/May/2023:00:20:34 +0000] "GET /api/v1/users/me? HTTP/1.0" 304 - "-" "Sedu/1 CFNetwork/1406.0.4 Darwin/22.4.0"
::1 - - [10/May/2023:00:20:42 +0000] "POST /api/v1/users/invoice/645ae348a32e8316d8229b61 HTTP/1.0" 200 50 "-" "Sedu/1 CFNetwork/1406.0.4 Darwin/22.4.0"
::ffff:127.0.0.1 - - [10/May/2023:00:20:42 +0000] "GET /api/v1/wallets/645ae35aa32e8316d8229b66? HTTP/1.0" 200 17050 "-" "Sedu/1 CFNetwork/1406.0.4 Darwin/22.4.0"
::1 - - [10/May/2023:00:20:49 +0000] "GET /api/v1/users/logout? HTTP/1.0" 200 39 "-" "Sedu/1 CFNetwork/1406.0.4 Darwin/22.4.0"
::ffff:127.0.0.1 - - [10/May/2023:00:20:49 +0000] "GET /api/v1/users/me? HTTP/1.0" 401 283 "-" "Sedu/1 CFNetwork/1406.0.4 Darwin/22.4.0"
::1 - - [10/May/2023:00:20:51 +0000] "GET /api/v1/users/me? HTTP/1.0" 401 283 "-" "Sedu/1 CFNetwork/1399 Darwin/22.1.0"
::ffff:127.0.0.1 - - [10/May/2023:00:21:03 +0000] "GET /api/v1/users/me? HTTP/1.0" 401 283 "-" "Sedu/1 CFNetwork/1406.0.4 Darwin/22.4.0"
::1 - - [10/May/2023:00:21:05 +0000] "GET /api/v1/users/me? HTTP/1.0" 401 283 "-" "Sedu/1 CFNetwork/1406.0.4 Darwin/22.4.0"
::ffff:127.0.0.1 - - [10/May/2023:00:21:09 +0000] "POST /api/v1/users/register HTTP/1.0" 500 249 "-" "Sedu/1 CFNetwork/1399 Darwin/22.1.0"
::1 - - [10/May/2023:00:21:22 +0000] "POST /api/v1/users/register HTTP/1.0" 200 465 "-" "Sedu/1 CFNetwork/1399 Darwin/22.1.0"
::ffff:127.0.0.1 - - [10/May/2023:00:21:22 +0000] "GET /api/v1/users/me? HTTP/1.0" 200 191 "-" "Sedu/1 CFNetwork/1399 Darwin/22.1.0"
::1 - - [10/May/2023:00:21:36 +0000] "GET /api/v1/users/me? HTTP/1.0" 304 - "-" "Sedu/1 CFNetwork/1399 Darwin/22.1.0"
::ffff:127.0.0.1 - - [10/May/2023:00:21:52 +0000] "POST /api/v1/users/invoice/645ae382a32e8316d8229b79 HTTP/1.0" 200 50 "-" "Sedu/1 CFNetwork/1399 Darwin/22.1.0"
::1 - - [10/May/2023:00:21:52 +0000] "GET /api/v1/wallets/645ae3a0a32e8316d8229b7e? HTTP/1.0" 200 16021 "-" "Sedu/1 CFNetwork/1399 Darwin/22.1.0"
::ffff:127.0.0.1 - - [10/May/2023:00:22:09 +0000] "GET /api/v1/users/logout? HTTP/1.0" 200 39 "-" "Sedu/1 CFNetwork/1399 Darwin/22.1.0"
::1 - - [10/May/2023:00:22:09 +0000] "GET /api/v1/users/me? HTTP/1.0" 401 283 "-" "Sedu/1 CFNetwork/1399 Darwin/22.1.0"
::ffff:127.0.0.1 - - [10/May/2023:00:22:21 +0000] "POST /api/v1/users/login HTTP/1.0" 401 123 "-" "Sedu/1 CFNetwork/1399 Darwin/22.1.0"
::1 - - [10/May/2023:00:24:40 +0000] "GET /api/v1/users/me? HTTP/1.0" 304 - "-" "Sedu/1 CFNetwork/1406.0.4 Darwin/22.4.0"
::ffff:127.0.0.1 - - [10/May/2023:00:24:41 +0000] "GET /api/v1/articles? HTTP/1.0" 200 344855 "-" "Sedu/1 CFNetwork/1406.0.4 Darwin/22.4.0"
::1 - - [10/May/2023:00:24:41 +0000] "GET /api/v1/ads? HTTP/1.0" 304 - "-" "Sedu/1 CFNetwork/1406.0.4 Darwin/22.4.0"
::ffff:127.0.0.1 - - [10/May/2023:00:25:14 +0000] "GET /api/v1/articles/642d7b217c1330814fb76434? HTTP/1.0" 200 4133 "-" "Sedu/1 CFNetwork/1406.0.4 Darwin/22.4.0"
::1 - - [10/May/2023:00:25:53 +0000] "GET /api/v1/articles/642d7be67c1330814fb7643d? HTTP/1.0" 200 5356 "-" "Sedu/1 CFNetwork/1406.0.4 Darwin/22.4.0"
::1 - - [10/May/2023:00:32:09 +0000] "GET /api/v1/users/me? HTTP/1.0" 304 - "-" "okhttp/4.9.2"
::ffff:127.0.0.1 - - [10/May/2023:00:37:26 +0000] "GET /api/v1/users/me? HTTP/1.0" 401 283 "-" "Sedu/1 CFNetwork/1402.0.8 Darwin/22.2.0"
::1 - - [10/May/2023:00:37:33 +0000] "GET /api/v1/users/me? HTTP/1.0" 401 283 "-" "Sedu/1 CFNetwork/1402.0.8 Darwin/22.2.0"
::ffff:127.0.0.1 - - [10/May/2023:00:37:46 +0000] "POST /api/v1/users/register HTTP/1.0" 500 248 "-" "Sedu/1 CFNetwork/1402.0.8 Darwin/22.2.0"
::1 - - [10/May/2023:00:37:57 +0000] "POST /api/v1/users/register HTTP/1.0" 200 462 "-" "Sedu/1 CFNetwork/1402.0.8 Darwin/22.2.0"
::ffff:127.0.0.1 - - [10/May/2023:00:37:57 +0000] "GET /api/v1/users/me? HTTP/1.0" 200 188 "-" "Sedu/1 CFNetwork/1402.0.8 Darwin/22.2.0"
::1 - - [10/May/2023:00:38:03 +0000] "GET /api/v1/users/logout? HTTP/1.0" 200 39 "-" "Sedu/1 CFNetwork/1402.0.8 Darwin/22.2.0"
::ffff:127.0.0.1 - - [10/May/2023:00:38:03 +0000] "GET /api/v1/users/me? HTTP/1.0" 401 283 "-" "Sedu/1 CFNetwork/1402.0.8 Darwin/22.2.0"
::1 - - [10/May/2023:00:38:13 +0000] "POST /api/v1/users/login HTTP/1.0" 200 462 "-" "Sedu/1 CFNetwork/1402.0.8 Darwin/22.2.0"
::ffff:127.0.0.1 - - [10/May/2023:00:38:14 +0000] "GET /api/v1/users/me? HTTP/1.0" 304 - "-" "Sedu/1 CFNetwork/1402.0.8 Darwin/22.2.0"
::1 - - [10/May/2023:00:38:19 +0000] "POST /api/v1/users/invoice/645ae765a32e8316d8229b9a HTTP/1.0" 200 50 "-" "Sedu/1 CFNetwork/1402.0.8 Darwin/22.2.0"
::ffff:127.0.0.1 - - [10/May/2023:00:38:20 +0000] "GET /api/v1/wallets/645ae77ba32e8316d8229ba0? HTTP/1.0" 200 16002 "-" "Sedu/1 CFNetwork/1402.0.8 Darwin/22.2.0"
::1 - - [10/May/2023:00:39:02 +0000] "GET /api/v1/users/me? HTTP/1.0" 304 - "-" "okhttp/4.9.2"
::ffff:127.0.0.1 - - [10/May/2023:00:39:33 +0000] "GET /api/v1/users/me? HTTP/1.0" 401 283 "-" "Sedu/1 CFNetwork/1406.0.4 Darwin/22.4.0"
::1 - - [10/May/2023:00:39:35 +0000] "GET /api/v1/users/me? HTTP/1.0" 304 - "-" "Sedu/1 CFNetwork/1406.0.4 Darwin/22.4.0"
::1 - - [10/May/2023:00:39:36 +0000] "GET /api/v1/ads? HTTP/1.0" 304 - "-" "Sedu/1 CFNetwork/1406.0.4 Darwin/22.4.0"
::ffff:127.0.0.1 - - [10/May/2023:00:39:36 +0000] "GET /api/v1/articles? HTTP/1.0" 200 344855 "-" "Sedu/1 CFNetwork/1406.0.4 Darwin/22.4.0"
::1 - - [10/May/2023:00:39:46 +0000] "POST /api/v1/users/register HTTP/1.0" 200 461 "-" "Sedu/1 CFNetwork/1406.0.4 Darwin/22.4.0"
::ffff:127.0.0.1 - - [10/May/2023:00:39:46 +0000] "GET /api/v1/users/me? HTTP/1.0" 200 187 "-" "Sedu/1 CFNetwork/1406.0.4 Darwin/22.4.0"
::1 - - [10/May/2023:00:39:55 +0000] "GET /api/v1/users/me? HTTP/1.0" 304 - "-" "Sedu/1 CFNetwork/1406.0.4 Darwin/22.4.0"
::ffff:127.0.0.1 - - [10/May/2023:00:40:00 +0000] "POST /api/v1/users/invoice/645ae7d2a32e8316d8229bb7 HTTP/1.0" 200 50 "-" "Sedu/1 CFNetwork/1406.0.4 Darwin/22.4.0"
::1 - - [10/May/2023:00:40:00 +0000] "GET /api/v1/wallets/645ae7e0a32e8316d8229bbc? HTTP/1.0" 200 16105 "-" "Sedu/1 CFNetwork/1406.0.4 Darwin/22.4.0"
::ffff:127.0.0.1 - - [10/May/2023:00:40:07 +0000] "GET /api/v1/users/me? HTTP/1.0" 304 - "-" "Sedu/1 CFNetwork/1402.0.8 Darwin/22.2.0"
::1 - - [10/May/2023:00:40:11 +0000] "GET /api/v1/users/logout? HTTP/1.0" 200 39 "-" "Sedu/1 CFNetwork/1406.0.4 Darwin/22.4.0"
::ffff:127.0.0.1 - - [10/May/2023:00:40:11 +0000] "GET /api/v1/users/me? HTTP/1.0" 401 283 "-" "Sedu/1 CFNetwork/1406.0.4 Darwin/22.4.0"
::1 - - [10/May/2023:00:48:28 +0000] "GET /api/v1/users/me? HTTP/1.0" 304 - "-" "Sedu/1 CFNetwork/1406.0.4 Darwin/22.4.0"
::ffff:127.0.0.1 - - [10/May/2023:00:48:29 +0000] "GET /api/v1/articles? HTTP/1.0" 200 344855 "-" "Sedu/1 CFNetwork/1406.0.4 Darwin/22.4.0"
::1 - - [10/May/2023:00:48:29 +0000] "GET /api/v1/ads? HTTP/1.0" 304 - "-" "Sedu/1 CFNetwork/1406.0.4 Darwin/22.4.0"
::1 - - [10/May/2023:00:48:31 +0000] "GET /api/v1/articles/642d4c587c1330814fb76297? HTTP/1.0" 304 - "-" "Sedu/1 CFNetwork/1406.0.4 Darwin/22.4.0"
::ffff:127.0.0.1 - - [10/May/2023:00:49:22 +0000] "GET /api/v1/users/me? HTTP/1.0" 401 283 "-" "Sedu/1 CFNetwork/1406.0.4 Darwin/22.4.0"
::1 - - [10/May/2023:00:49:27 +0000] "GET /api/v1/users/me? HTTP/1.0" 401 283 "-" "Sedu/1 CFNetwork/1404.0.5 Darwin/22.3.0"
::ffff:127.0.0.1 - - [10/May/2023:00:49:36 +0000] "POST /api/v1/users/login HTTP/1.0" 401 123 "-" "Sedu/1 CFNetwork/1406.0.4 Darwin/22.4.0"
::1 - - [10/May/2023:00:49:43 +0000] "POST /api/v1/users/login HTTP/1.0" 200 506 "-" "Sedu/1 CFNetwork/1406.0.4 Darwin/22.4.0"
::ffff:127.0.0.1 - - [10/May/2023:00:49:43 +0000] "GET /api/v1/users/me? HTTP/1.0" 304 - "-" "Sedu/1 CFNetwork/1406.0.4 Darwin/22.4.0"
::1 - - [10/May/2023:00:49:44 +0000] "GET /api/v1/articles? HTTP/1.0" 200 344855 "-" "Sedu/1 CFNetwork/1406.0.4 Darwin/22.4.0"
::ffff:127.0.0.1 - - [10/May/2023:00:49:44 +0000] "GET /api/v1/ads? HTTP/1.0" 304 - "-" "Sedu/1 CFNetwork/1406.0.4 Darwin/22.4.0"
::1 - - [10/May/2023:00:50:00 +0000] "GET /api/v1/articles/642d56517c1330814fb7635e? HTTP/1.0" 200 16235 "-" "Sedu/1 CFNetwork/1406.0.4 Darwin/22.4.0"
::ffff:127.0.0.1 - - [10/May/2023:00:50:08 +0000] "GET /api/v1/users/me? HTTP/1.0" 401 283 "-" "Sedu/1 CFNetwork/1406.0.4 Darwin/22.4.0"
::1 - - [10/May/2023:00:50:41 +0000] "GET /api/v1/articles/642d7ac57c1330814fb76424? HTTP/1.0" 200 9288 "-" "Sedu/1 CFNetwork/1406.0.4 Darwin/22.4.0"
::ffff:127.0.0.1 - - [10/May/2023:00:50:42 +0000] "POST /api/v1/users/register HTTP/1.0" 200 460 "-" "Sedu/1 CFNetwork/1404.0.5 Darwin/22.3.0"
::1 - - [10/May/2023:00:50:43 +0000] "GET /api/v1/users/me? HTTP/1.0" 200 186 "-" "Sedu/1 CFNetwork/1404.0.5 Darwin/22.3.0"
::ffff:127.0.0.1 - - [10/May/2023:00:50:44 +0000] "POST /api/v1/users/register HTTP/1.0" 500 246 "-" "Sedu/1 CFNetwork/1404.0.5 Darwin/22.3.0"
::1 - - [10/May/2023:00:50:52 +0000] "GET /api/v1/articles/642d789c7c1330814fb763e7? HTTP/1.0" 200 6163 "-" "Sedu/1 CFNetwork/1406.0.4 Darwin/22.4.0"
::ffff:127.0.0.1 - - [10/May/2023:00:50:56 +0000] "GET /api/v1/users/logout? HTTP/1.0" 200 39 "-" "Sedu/1 CFNetwork/1404.0.5 Darwin/22.3.0"
::1 - - [10/May/2023:00:50:57 +0000] "GET /api/v1/users/me? HTTP/1.0" 401 283 "-" "Sedu/1 CFNetwork/1404.0.5 Darwin/22.3.0"
::ffff:127.0.0.1 - - [10/May/2023:00:51:09 +0000] "POST /api/v1/users/login HTTP/1.0" 200 460 "-" "Sedu/1 CFNetwork/1404.0.5 Darwin/22.3.0"
::1 - - [10/May/2023:00:51:09 +0000] "GET /api/v1/users/me? HTTP/1.0" 304 - "-" "Sedu/1 CFNetwork/1404.0.5 Darwin/22.3.0"
::ffff:127.0.0.1 - - [10/May/2023:00:51:15 +0000] "GET /api/v1/users/me? HTTP/1.0" 401 283 "-" "Sedu/1 CFNetwork/1406.0.4 Darwin/22.4.0"
::ffff:127.0.0.1 - - [10/May/2023:00:51:27 +0000] "GET /api/v1/articles/642d56517c1330814fb7635e? HTTP/1.0" 304 - "-" "Sedu/1 CFNetwork/1406.0.4 Darwin/22.4.0"
::1 - - [10/May/2023:00:51:32 +0000] "POST /api/v1/users/register HTTP/1.0" 200 462 "-" "Sedu/1 CFNetwork/1406.0.4 Darwin/22.4.0"
::ffff:127.0.0.1 - - [10/May/2023:00:51:32 +0000] "GET /api/v1/users/me? HTTP/1.0" 200 188 "-" "Sedu/1 CFNetwork/1406.0.4 Darwin/22.4.0"
::1 - - [10/May/2023:00:51:40 +0000] "GET /api/v1/users/me? HTTP/1.0" 304 - "-" "Sedu/1 CFNetwork/1406.0.4 Darwin/22.4.0"
::1 - - [10/May/2023:00:51:48 +0000] "GET /api/v1/users/me? HTTP/1.0" 401 283 "-" "okhttp/4.9.2"
::ffff:127.0.0.1 - - [10/May/2023:00:51:49 +0000] "POST /api/v1/users/invoice/645aea94a32e8316d8229be6 HTTP/1.0" 200 50 "-" "Sedu/1 CFNetwork/1406.0.4 Darwin/22.4.0"
::ffff:127.0.0.1 - - [10/May/2023:00:51:50 +0000] "GET /api/v1/wallets/645aeaa5a32e8316d8229beb? HTTP/1.0" 200 15981 "-" "Sedu/1 CFNetwork/1406.0.4 Darwin/22.4.0"
::1 - - [10/May/2023:00:51:55 +0000] "POST /api/v1/users/invoice/645aea94a32e8316d8229be6 HTTP/1.0" 200 50 "-" "Sedu/1 CFNetwork/1406.0.4 Darwin/22.4.0"
::ffff:127.0.0.1 - - [10/May/2023:00:51:55 +0000] "GET /api/v1/wallets/645aeaaba32e8316d8229bfd? HTTP/1.0" 200 16073 "-" "Sedu/1 CFNetwork/1406.0.4 Darwin/22.4.0"
::1 - - [10/May/2023:00:51:59 +0000] "POST /api/v1/users/login HTTP/1.0" 200 508 "-" "okhttp/4.9.2"
::ffff:127.0.0.1 - - [10/May/2023:00:51:59 +0000] "GET /api/v1/users/me? HTTP/1.0" 304 - "-" "okhttp/4.9.2"
::1 - - [10/May/2023:00:52:01 +0000] "GET /api/v1/users/logout? HTTP/1.0" 304 - "-" "okhttp/4.9.2"
::ffff:127.0.0.1 - - [10/May/2023:00:52:01 +0000] "GET /api/v1/users/me? HTTP/1.0" 401 283 "-" "okhttp/4.9.2"
::1 - - [10/May/2023:00:52:17 +0000] "GET /api/v1/articles/642e321a7c1330814fb7648b? HTTP/1.0" 200 2221 "-" "Sedu/1 CFNetwork/1406.0.4 Darwin/22.4.0"
::ffff:127.0.0.1 - - [10/May/2023:00:53:09 +0000] "GET /api/v1/users/me? HTTP/1.0" 304 - "-" "Sedu/1 CFNetwork/1406.0.4 Darwin/22.4.0"
::1 - - [10/May/2023:00:53:09 +0000] "GET /api/v1/ads? HTTP/1.0" 304 - "-" "Sedu/1 CFNetwork/1406.0.4 Darwin/22.4.0"
::ffff:127.0.0.1 - - [10/May/2023:00:53:09 +0000] "GET /api/v1/articles? HTTP/1.0" 304 - "-" "Sedu/1 CFNetwork/1406.0.4 Darwin/22.4.0"
::1 - - [10/May/2023:00:53:10 +0000] "GET /api/v1/users/me? HTTP/1.0" 304 - "-" "Sedu/1 CFNetwork/1406.0.4 Darwin/22.4.0"
::ffff:127.0.0.1 - - [10/May/2023:00:53:11 +0000] "GET /api/v1/users/logout? HTTP/1.0" 304 - "-" "Sedu/1 CFNetwork/1406.0.4 Darwin/22.4.0"
::1 - - [10/May/2023:00:53:11 +0000] "GET /api/v1/articles? HTTP/1.0" 401 283 "-" "Sedu/1 CFNetwork/1406.0.4 Darwin/22.4.0"
::ffff:127.0.0.1 - - [10/May/2023:00:53:11 +0000] "GET /api/v1/users/me? HTTP/1.0" 401 283 "-" "Sedu/1 CFNetwork/1406.0.4 Darwin/22.4.0"
::ffff:127.0.0.1 - - [10/May/2023:00:53:11 +0000] "GET /api/v1/users/me? HTTP/1.0" 401 283 "-" "Sedu/1 CFNetwork/1406.0.4 Darwin/22.4.0"
::1 - - [10/May/2023:00:53:11 +0000] "GET /api/v1/ads? HTTP/1.0" 304 - "-" "Sedu/1 CFNetwork/1406.0.4 Darwin/22.4.0"
::ffff:127.0.0.1 - - [10/May/2023:00:54:40 +0000] "GET /api/v1/users/me? HTTP/1.0" 401 283 "-" "okhttp/4.9.2"
::1 - - [10/May/2023:00:54:47 +0000] "GET /api/v1/articles/642d75b97c1330814fb763bb? HTTP/1.0" 200 12199 "-" "Sedu/1 CFNetwork/1406.0.4 Darwin/22.4.0"
::ffff:127.0.0.1 - - [10/May/2023:00:56:01 +0000] "POST /api/v1/users/register HTTP/1.0" 200 470 "-" "okhttp/4.9.2"
::1 - - [10/May/2023:00:56:01 +0000] "GET /api/v1/users/me? HTTP/1.0" 200 196 "-" "okhttp/4.9.2"
::ffff:127.0.0.1 - - [10/May/2023:00:56:20 +0000] "GET /api/v1/users/me? HTTP/1.0" 304 - "-" "okhttp/4.9.2"
::1 - - [10/May/2023:00:56:32 +0000] "POST /api/v1/users/invoice/645aeba1a32e8316d8229c1a HTTP/1.0" 200 50 "-" "okhttp/4.9.2"
::ffff:127.0.0.1 - - [10/May/2023:00:56:32 +0000] "GET /api/v1/wallets/645aebc0a32e8316d8229c1f? HTTP/1.0" 200 16077 "-" "okhttp/4.9.2"
::1 - - [10/May/2023:00:56:48 +0000] "POST /api/v1/users/invoice/645aeba1a32e8316d8229c1a HTTP/1.0" 200 50 "-" "okhttp/4.9.2"
::ffff:127.0.0.1 - - [10/May/2023:00:56:48 +0000] "GET /api/v1/wallets/645aebd0a32e8316d8229c31? HTTP/1.0" 200 15953 "-" "okhttp/4.9.2"
::1 - - [10/May/2023:00:57:08 +0000] "POST /api/v1/users/invoice/645aeba1a32e8316d8229c1a HTTP/1.0" 200 50 "-" "okhttp/4.9.2"
::ffff:127.0.0.1 - - [10/May/2023:00:57:08 +0000] "GET /api/v1/wallets/645aebe4a32e8316d8229c43? HTTP/1.0" 200 16189 "-" "okhttp/4.9.2"
::1 - - [10/May/2023:00:59:56 +0000] "GET /api/v1/users/me? HTTP/1.0" 304 - "-" "Sedu/1 CFNetwork/1406.0.4 Darwin/22.4.0"
::1 - - [10/May/2023:01:08:31 +0000] "GET /api/v1/users/me? HTTP/1.0" 401 283 "-" "Sedu/1 CFNetwork/1404.0.5 Darwin/22.3.0"
::ffff:127.0.0.1 - - [10/May/2023:01:10:44 +0000] "GET /api/v1/users/me? HTTP/1.0" 304 - "-" "okhttp/4.9.2"
::1 - - [10/May/2023:01:10:44 +0000] "GET /api/v1/articles? HTTP/1.0" 200 344855 "-" "okhttp/4.9.2"
::ffff:127.0.0.1 - - [10/May/2023:01:10:45 +0000] "GET /api/v1/ads? HTTP/1.0" 304 - "-" "okhttp/4.9.2"
::1 - - [10/May/2023:01:10:54 +0000] "GET /api/v1/articles/642d4ce07c1330814fb762a6? HTTP/1.0" 200 10683 "-" "okhttp/4.9.2"
::ffff:127.0.0.1 - - [10/May/2023:01:11:14 +0000] "GET /.env HTTP/1.0" 404 143 "-" "Mozilla/5.0 (Linux; U; Android 4.4.2; en-US; HM NOTE 1W Build/KOT49H) AppleWebKit/534.30 (KHTML, like Gecko) Version/4.0 UCBrowser/11.0.5.850 U3/0.8.0 Mobile Safari/534.30"
::1 - - [10/May/2023:01:11:14 +0000] "POST / HTTP/1.0" 404 140 "-" "Mozilla/5.0 (Linux; U; Android 4.4.2; en-US; HM NOTE 1W Build/KOT49H) AppleWebKit/534.30 (KHTML, like Gecko) Version/4.0 UCBrowser/11.0.5.850 U3/0.8.0 Mobile Safari/534.30"
::ffff:127.0.0.1 - - [10/May/2023:01:12:27 +0000] "GET /api/v1/users/me? HTTP/1.0" 401 283 "-" "Sedu/1 CFNetwork/1404.0.5 Darwin/22.3.0"
::1 - - [10/May/2023:01:14:40 +0000] "GET /api/v1/users/me? HTTP/1.0" 401 283 "-" "Sedu/1 CFNetwork/1399 Darwin/22.1.0"
::ffff:127.0.0.1 - - [10/May/2023:01:22:18 +0000] "GET /api/v1/users/me? HTTP/1.0" 401 283 "-" "Sedu/1 CFNetwork/1335.0.3.1 Darwin/21.6.0"
::1 - - [10/May/2023:01:23:44 +0000] "GET /api/v1/users/me? HTTP/1.0" 200 230 "-" "Sedu/1 CFNetwork/1399 Darwin/22.1.0"
::ffff:127.0.0.1 - - [10/May/2023:01:23:48 +0000] "GET /api/v1/users/logout? HTTP/1.0" 200 39 "-" "Sedu/1 CFNetwork/1399 Darwin/22.1.0"
::1 - - [10/May/2023:01:23:48 +0000] "GET /api/v1/users/me? HTTP/1.0" 401 283 "-" "Sedu/1 CFNetwork/1399 Darwin/22.1.0"
::ffff:127.0.0.1 - - [10/May/2023:01:23:48 +0000] "GET /api/v1/users/logout? HTTP/1.0" 304 - "-" "Sedu/1 CFNetwork/1399 Darwin/22.1.0"
::1 - - [10/May/2023:01:28:41 +0000] "GET /api/v1/users/me? HTTP/1.0" 401 283 "-" "Sedu/1 CFNetwork/1399 Darwin/22.1.0"
::ffff:127.0.0.1 - - [10/May/2023:01:29:11 +0000] "POST /api/v1/users/register HTTP/1.0" 500 249 "-" "Sedu/1 CFNetwork/1399 Darwin/22.1.0"
::1 - - [10/May/2023:01:29:36 +0000] "POST /api/v1/users/register HTTP/1.0" 200 465 "-" "Sedu/1 CFNetwork/1399 Darwin/22.1.0"
::ffff:127.0.0.1 - - [10/May/2023:01:29:36 +0000] "GET /api/v1/users/me? HTTP/1.0" 200 191 "-" "Sedu/1 CFNetwork/1399 Darwin/22.1.0"
::1 - - [10/May/2023:01:29:48 +0000] "GET /api/v1/users/me? HTTP/1.0" 304 - "-" "Sedu/1 CFNetwork/1399 Darwin/22.1.0"
::ffff:127.0.0.1 - - [10/May/2023:01:30:03 +0000] "POST /api/v1/users/invoice/645af380a32e8316d8229c5e HTTP/1.0" 200 50 "-" "Sedu/1 CFNetwork/1399 Darwin/22.1.0"
::1 - - [10/May/2023:01:30:04 +0000] "GET /api/v1/wallets/645af39ba32e8316d8229c63? HTTP/1.0" 200 16385 "-" "Sedu/1 CFNetwork/1399 Darwin/22.1.0"
::ffff:127.0.0.1 - - [10/May/2023:01:34:56 +0000] "GET /api/v1/users/me? HTTP/1.0" 401 283 "-" "Sedu/1 CFNetwork/1402.0.8 Darwin/22.2.0"
::1 - - [10/May/2023:01:35:19 +0000] "POST / HTTP/1.0" 404 140 "-" "Mozilla/5.0 (X11; Linux x86_64) AppleWebKit/537.36 (KHTML, like Gecko) Chrome/81.0.4044.129 Safari/537.36"
::ffff:127.0.0.1 - - [10/May/2023:01:35:19 +0000] "GET /.env HTTP/1.0" 404 143 "-" "Mozilla/5.0 (X11; Linux x86_64) AppleWebKit/537.36 (KHTML, like Gecko) Chrome/81.0.4044.129 Safari/537.36"
::1 - - [10/May/2023:01:39:18 +0000] "GET /api/v1/users/me? HTTP/1.0" 401 283 "-" "Sedu/1 CFNetwork/1390 Darwin/22.0.0"
::ffff:127.0.0.1 - - [10/May/2023:01:42:46 +0000] "GET /api/v1/users/me? HTTP/1.0" 200 194 "-" "Sedu/1 CFNetwork/1335.0.3.1 Darwin/21.6.0"
::1 - - [10/May/2023:01:42:55 +0000] "GET /api/v1/users/me? HTTP/1.0" 304 - "-" "Sedu/1 CFNetwork/1335.0.3.1 Darwin/21.6.0"
::ffff:127.0.0.1 - - [10/May/2023:01:43:52 +0000] "POST /api/v1/users/invoice/64521946a4c26797f4266505 HTTP/1.0" 200 50 "-" "Sedu/1 CFNetwork/1335.0.3.1 Darwin/21.6.0"
::1 - - [10/May/2023:01:43:52 +0000] "GET /api/v1/wallets/645af6d8a32e8316d8229c77? HTTP/1.0" 200 16083 "-" "Sedu/1 CFNetwork/1335.0.3.1 Darwin/21.6.0"
::ffff:127.0.0.1 - - [10/May/2023:01:44:39 +0000] "GET /api/v1/users/callbacks/64521946a4c26797f4266505/20000?qpay_payment_id=988391137695971 HTTP/1.0" 200 233 "-" "node-fetch/1.0 (+https://github.com/bitinn/node-fetch)"
::ffff:127.0.0.1 - - [10/May/2023:01:44:44 +0000] "GET /api/v1/users/me? HTTP/1.0" 200 233 "-" "Sedu/1 CFNetwork/1335.0.3.1 Darwin/21.6.0"
::1 - - [10/May/2023:01:44:44 +0000] "GET /api/v1/wallets/645af6d8a32e8316d8229c77? HTTP/1.0" 304 - "-" "Sedu/1 CFNetwork/1335.0.3.1 Darwin/21.6.0"
::1 - - [10/May/2023:01:44:53 +0000] "GET /api/v1/users/logout? HTTP/1.0" 200 39 "-" "Sedu/1 CFNetwork/1335.0.3.1 Darwin/21.6.0"
::ffff:127.0.0.1 - - [10/May/2023:01:44:53 +0000] "GET /api/v1/users/me? HTTP/1.0" 401 283 "-" "Sedu/1 CFNetwork/1335.0.3.1 Darwin/21.6.0"
::1 - - [10/May/2023:01:45:21 +0000] "GET /api/v1/users/me? HTTP/1.0" 200 232 "-" "Sedu/1 CFNetwork/1404.0.5 Darwin/22.3.0"
::ffff:127.0.0.1 - - [10/May/2023:01:45:26 +0000] "POST /api/v1/users/register HTTP/1.0" 200 467 "-" "Sedu/1 CFNetwork/1335.0.3.1 Darwin/21.6.0"
::1 - - [10/May/2023:01:45:27 +0000] "GET /api/v1/users/me? HTTP/1.0" 200 193 "-" "Sedu/1 CFNetwork/1335.0.3.1 Darwin/21.6.0"
::ffff:127.0.0.1 - - [10/May/2023:01:45:31 +0000] "GET /api/v1/users/me? HTTP/1.0" 304 - "-" "Sedu/1 CFNetwork/1335.0.3.1 Darwin/21.6.0"
::1 - - [10/May/2023:01:46:11 +0000] "GET /api/v1/users/me? HTTP/1.0" 304 - "-" "Sedu/1 CFNetwork/1335.0.3.1 Darwin/21.6.0"
::ffff:127.0.0.1 - - [10/May/2023:01:46:29 +0000] "GET /api/v1/users/me? HTTP/1.0" 304 - "-" "Sedu/1 CFNetwork/1402.0.8 Darwin/22.2.0"
::ffff:127.0.0.1 - - [10/May/2023:01:46:29 +0000] "GET /api/v1/ads? HTTP/1.0" 304 - "-" "Sedu/1 CFNetwork/1402.0.8 Darwin/22.2.0"
::1 - - [10/May/2023:01:46:29 +0000] "GET /api/v1/articles? HTTP/1.0" 200 344855 "-" "Sedu/1 CFNetwork/1402.0.8 Darwin/22.2.0"
::ffff:127.0.0.1 - - [10/May/2023:01:46:34 +0000] "GET /api/v1/users/me? HTTP/1.0" 304 - "-" "Sedu/1 CFNetwork/1335.0.3.1 Darwin/21.6.0"
::1 - - [10/May/2023:01:46:47 +0000] "GET /api/v1/users/me? HTTP/1.0" 401 283 "-" "Sedu/1 CFNetwork/1406.0.4 Darwin/22.4.0"
::1 - - [10/May/2023:01:47:06 +0000] "GET /api/v1/users/logout? HTTP/1.0" 304 - "-" "Sedu/1 CFNetwork/1335.0.3.1 Darwin/21.6.0"
::ffff:127.0.0.1 - - [10/May/2023:01:47:06 +0000] "GET /api/v1/users/me? HTTP/1.0" 401 283 "-" "Sedu/1 CFNetwork/1335.0.3.1 Darwin/21.6.0"
::1 - - [10/May/2023:01:47:08 +0000] "GET /api/v1/articles/64532f9ea4c26797f426b446? HTTP/1.0" 200 5699 "-" "Sedu/1 CFNetwork/1402.0.8 Darwin/22.2.0"
::ffff:127.0.0.1 - - [10/May/2023:01:47:20 +0000] "POST /api/v1/users/login HTTP/1.0" 200 467 "-" "Sedu/1 CFNetwork/1335.0.3.1 Darwin/21.6.0"
::1 - - [10/May/2023:01:47:20 +0000] "GET /api/v1/users/me? HTTP/1.0" 304 - "-" "Sedu/1 CFNetwork/1335.0.3.1 Darwin/21.6.0"
::ffff:127.0.0.1 - - [10/May/2023:01:47:24 +0000] "GET /api/v1/users/me? HTTP/1.0" 304 - "-" "Sedu/1 CFNetwork/1335.0.3.1 Darwin/21.6.0"
::1 - - [10/May/2023:01:47:27 +0000] "POST /api/v1/users/invoice/645af736a32e8316d8229c8d HTTP/1.0" 200 50 "-" "Sedu/1 CFNetwork/1335.0.3.1 Darwin/21.6.0"
::ffff:127.0.0.1 - - [10/May/2023:01:47:28 +0000] "GET /api/v1/wallets/645af7afa32e8316d8229c9d? HTTP/1.0" 200 15947 "-" "Sedu/1 CFNetwork/1335.0.3.1 Darwin/21.6.0"
::1 - - [10/May/2023:01:47:34 +0000] "GET /api/v1/users/logout? HTTP/1.0" 304 - "-" "Sedu/1 CFNetwork/1335.0.3.1 Darwin/21.6.0"
::ffff:127.0.0.1 - - [10/May/2023:01:47:34 +0000] "GET /api/v1/users/me? HTTP/1.0" 401 283 "-" "Sedu/1 CFNetwork/1335.0.3.1 Darwin/21.6.0"
::1 - - [10/May/2023:01:47:47 +0000] "GET /api/v1/users/me? HTTP/1.0" 304 - "-" "Sedu/1 CFNetwork/1402.0.8 Darwin/22.2.0"
::ffff:127.0.0.1 - - [10/May/2023:01:48:00 +0000] "GET /api/v1/users/me? HTTP/1.0" 401 283 "-" "Sedu/1 CFNetwork/1335.0.3.1 Darwin/21.6.0"
::1 - - [10/May/2023:01:48:28 +0000] "POST /api/v1/users/login HTTP/1.0" 401 123 "-" "Sedu/1 CFNetwork/1335.0.3.1 Darwin/21.6.0"
::ffff:127.0.0.1 - - [10/May/2023:01:48:38 +0000] "POST /api/v1/users/login HTTP/1.0" 401 123 "-" "Sedu/1 CFNetwork/1335.0.3.1 Darwin/21.6.0"
::1 - - [10/May/2023:01:48:58 +0000] "POST /api/v1/users/login HTTP/1.0" 401 123 "-" "Sedu/1 CFNetwork/1335.0.3.1 Darwin/21.6.0"
::ffff:127.0.0.1 - - [10/May/2023:01:49:00 +0000] "POST /api/v1/users/login HTTP/1.0" 401 123 "-" "Sedu/1 CFNetwork/1335.0.3.1 Darwin/21.6.0"
::1 - - [10/May/2023:01:49:00 +0000] "POST /api/v1/users/login HTTP/1.0" 401 123 "-" "Sedu/1 CFNetwork/1335.0.3.1 Darwin/21.6.0"
::ffff:127.0.0.1 - - [10/May/2023:01:49:08 +0000] "GET /api/v1/users/me? HTTP/1.0" 401 283 "-" "Sedu/1 CFNetwork/1335.0.3.1 Darwin/21.6.0"
::1 - - [10/May/2023:01:49:48 +0000] "POST /api/v1/users/login HTTP/1.0" 401 123 "-" "Sedu/1 CFNetwork/1335.0.3.1 Darwin/21.6.0"
::ffff:127.0.0.1 - - [10/May/2023:01:49:50 +0000] "POST /api/v1/users/login HTTP/1.0" 401 123 "-" "Sedu/1 CFNetwork/1335.0.3.1 Darwin/21.6.0"
::1 - - [10/May/2023:01:50:21 +0000] "GET /api/v1/users/me? HTTP/1.0" 401 283 "-" "Sedu/1 CFNetwork/1406.0.4 Darwin/22.4.0"
::ffff:127.0.0.1 - - [10/May/2023:01:50:22 +0000] "GET /api/v1/users/me? HTTP/1.0" 401 283 "-" "Sedu/1 CFNetwork/1335.0.3.1 Darwin/21.6.0"
::1 - - [10/May/2023:01:50:36 +0000] "POST /api/v1/users/register HTTP/1.0" 200 461 "-" "Sedu/1 CFNetwork/1406.0.4 Darwin/22.4.0"
::ffff:127.0.0.1 - - [10/May/2023:01:50:36 +0000] "GET /api/v1/users/me? HTTP/1.0" 200 187 "-" "Sedu/1 CFNetwork/1406.0.4 Darwin/22.4.0"
::1 - - [10/May/2023:01:50:46 +0000] "GET /api/v1/users/me? HTTP/1.0" 401 283 "-" "Sedu/1 CFNetwork/1335.0.3.1 Darwin/21.6.0"
::ffff:127.0.0.1 - - [10/May/2023:01:50:53 +0000] "GET /api/v1/users/logout? HTTP/1.0" 200 39 "-" "Sedu/1 CFNetwork/1406.0.4 Darwin/22.4.0"
::1 - - [10/May/2023:01:50:53 +0000] "GET /api/v1/users/me? HTTP/1.0" 401 283 "-" "Sedu/1 CFNetwork/1406.0.4 Darwin/22.4.0"
::ffff:127.0.0.1 - - [10/May/2023:01:51:01 +0000] "POST /api/v1/users/login HTTP/1.0" 401 123 "-" "Sedu/1 CFNetwork/1335.0.3.1 Darwin/21.6.0"
::1 - - [10/May/2023:01:51:02 +0000] "POST /api/v1/users/login HTTP/1.0" 401 123 "-" "Sedu/1 CFNetwork/1335.0.3.1 Darwin/21.6.0"
::ffff:127.0.0.1 - - [10/May/2023:01:51:29 +0000] "POST /api/v1/users/login HTTP/1.0" 401 123 "-" "Sedu/1 CFNetwork/1335.0.3.1 Darwin/21.6.0"
::1 - - [10/May/2023:01:51:30 +0000] "POST /api/v1/users/login HTTP/1.0" 401 123 "-" "Sedu/1 CFNetwork/1335.0.3.1 Darwin/21.6.0"
::ffff:127.0.0.1 - - [10/May/2023:01:51:43 +0000] "POST /api/v1/users/login HTTP/1.0" 401 123 "-" "Sedu/1 CFNetwork/1335.0.3.1 Darwin/21.6.0"
::1 - - [10/May/2023:01:51:44 +0000] "POST /api/v1/users/login HTTP/1.0" 401 123 "-" "Sedu/1 CFNetwork/1335.0.3.1 Darwin/21.6.0"
::ffff:127.0.0.1 - - [10/May/2023:01:51:54 +0000] "GET /api/v1/users/me? HTTP/1.0" 401 283 "-" "Sedu/1 CFNetwork/1406.0.4 Darwin/22.4.0"
::1 - - [10/May/2023:01:52:09 +0000] "POST /api/v1/users/login HTTP/1.0" 401 123 "-" "Sedu/1 CFNetwork/1335.0.3.1 Darwin/21.6.0"
::ffff:127.0.0.1 - - [10/May/2023:01:52:20 +0000] "POST /api/v1/users/login HTTP/1.0" 401 123 "-" "Sedu/1 CFNetwork/1335.0.3.1 Darwin/21.6.0"
::1 - - [10/May/2023:01:52:21 +0000] "POST /api/v1/users/login HTTP/1.0" 401 123 "-" "Sedu/1 CFNetwork/1335.0.3.1 Darwin/21.6.0"
::ffff:127.0.0.1 - - [10/May/2023:01:52:22 +0000] "POST /api/v1/users/login HTTP/1.0" 401 123 "-" "Sedu/1 CFNetwork/1335.0.3.1 Darwin/21.6.0"
::1 - - [10/May/2023:01:52:31 +0000] "POST /api/v1/users/login HTTP/1.0" 401 123 "-" "Sedu/1 CFNetwork/1335.0.3.1 Darwin/21.6.0"
::ffff:127.0.0.1 - - [10/May/2023:01:52:44 +0000] "POST /api/v1/users/login HTTP/1.0" 401 123 "-" "Sedu/1 CFNetwork/1335.0.3.1 Darwin/21.6.0"
::1 - - [10/May/2023:01:52:56 +0000] "POST /api/v1/users/login HTTP/1.0" 401 123 "-" "Sedu/1 CFNetwork/1335.0.3.1 Darwin/21.6.0"
::ffff:127.0.0.1 - - [10/May/2023:01:52:57 +0000] "POST /api/v1/users/login HTTP/1.0" 401 123 "-" "Sedu/1 CFNetwork/1335.0.3.1 Darwin/21.6.0"
::1 - - [10/May/2023:01:53:13 +0000] "POST /api/v1/users/login HTTP/1.0" 401 123 "-" "Sedu/1 CFNetwork/1335.0.3.1 Darwin/21.6.0"
::ffff:127.0.0.1 - - [10/May/2023:01:53:14 +0000] "POST /api/v1/users/login HTTP/1.0" 401 123 "-" "Sedu/1 CFNetwork/1335.0.3.1 Darwin/21.6.0"
::1 - - [10/May/2023:01:53:28 +0000] "POST /api/v1/users/login HTTP/1.0" 401 123 "-" "Sedu/1 CFNetwork/1335.0.3.1 Darwin/21.6.0"
::ffff:127.0.0.1 - - [10/May/2023:01:53:29 +0000] "POST /api/v1/users/login HTTP/1.0" 401 123 "-" "Sedu/1 CFNetwork/1335.0.3.1 Darwin/21.6.0"
::1 - - [10/May/2023:01:56:06 +0000] "GET /api/v1/users/me? HTTP/1.0" 401 283 "-" "Sedu/1 CFNetwork/1335.0.3.1 Darwin/21.6.0"
::ffff:127.0.0.1 - - [10/May/2023:01:56:32 +0000] "POST /api/v1/users/register HTTP/1.0" 200 465 "-" "Sedu/1 CFNetwork/1335.0.3.1 Darwin/21.6.0"
::1 - - [10/May/2023:01:56:32 +0000] "GET /api/v1/users/me? HTTP/1.0" 200 191 "-" "Sedu/1 CFNetwork/1335.0.3.1 Darwin/21.6.0"
::ffff:127.0.0.1 - - [10/May/2023:01:56:35 +0000] "GET /api/v1/users/me? HTTP/1.0" 304 - "-" "Sedu/1 CFNetwork/1390 Darwin/22.0.0"
::1 - - [10/May/2023:01:56:35 +0000] "GET /api/v1/users/me? HTTP/1.0" 304 - "-" "Sedu/1 CFNetwork/1335.0.3.1 Darwin/21.6.0"
::ffff:127.0.0.1 - - [10/May/2023:01:56:41 +0000] "POST /api/v1/users/invoice/645af9d0a32e8316d8229ccb HTTP/1.0" 200 50 "-" "Sedu/1 CFNetwork/1335.0.3.1 Darwin/21.6.0"
::1 - - [10/May/2023:01:56:41 +0000] "GET /api/v1/wallets/645af9d9a32e8316d8229cd1? HTTP/1.0" 200 16265 "-" "Sedu/1 CFNetwork/1335.0.3.1 Darwin/21.6.0"
::ffff:127.0.0.1 - - [10/May/2023:01:56:57 +0000] "GET /api/v1/users/me? HTTP/1.0" 304 - "-" "Sedu/1 CFNetwork/1402.0.8 Darwin/22.2.0"
::1 - - [10/May/2023:01:57:16 +0000] "GET /api/v1/users/me? HTTP/1.0" 304 - "-" "Sedu/1 CFNetwork/1402.0.8 Darwin/22.2.0"
::ffff:127.0.0.1 - - [10/May/2023:01:57:27 +0000] "GET /api/v1/users/logout? HTTP/1.0" 304 - "-" "Sedu/1 CFNetwork/1335.0.3.1 Darwin/21.6.0"
::1 - - [10/May/2023:01:57:27 +0000] "GET /api/v1/users/me? HTTP/1.0" 401 283 "-" "Sedu/1 CFNetwork/1335.0.3.1 Darwin/21.6.0"
::ffff:127.0.0.1 - - [10/May/2023:01:57:42 +0000] "POST /api/v1/users/login HTTP/1.0" 200 504 "-" "Sedu/1 CFNetwork/1335.0.3.1 Darwin/21.6.0"
::1 - - [10/May/2023:01:57:42 +0000] "GET /api/v1/users/me? HTTP/1.0" 200 230 "-" "Sedu/1 CFNetwork/1335.0.3.1 Darwin/21.6.0"
::ffff:127.0.0.1 - - [10/May/2023:01:57:49 +0000] "GET /api/v1/users/me? HTTP/1.0" 304 - "-" "Sedu/1 CFNetwork/1335.0.3.1 Darwin/21.6.0"
::1 - - [10/May/2023:01:57:52 +0000] "POST /api/v1/users/invoice/645af9d0a32e8316d8229ccb HTTP/1.0" 200 50 "-" "Sedu/1 CFNetwork/1335.0.3.1 Darwin/21.6.0"
::ffff:127.0.0.1 - - [10/May/2023:01:57:52 +0000] "GET /api/v1/wallets/645afa20a32e8316d8229ce8? HTTP/1.0" 200 16253 "-" "Sedu/1 CFNetwork/1335.0.3.1 Darwin/21.6.0"
::1 - - [10/May/2023:02:00:05 +0000] "GET /.env HTTP/1.0" 404 143 "-" "Mozilla/5.0 (X11; Linux x86_64) AppleWebKit/537.36 (KHTML, like Gecko) Chrome/81.0.4044.129 Safari/537.36"
::ffff:127.0.0.1 - - [10/May/2023:02:00:06 +0000] "POST / HTTP/1.0" 404 140 "-" "Mozilla/5.0 (X11; Linux x86_64) AppleWebKit/537.36 (KHTML, like Gecko) Chrome/81.0.4044.129 Safari/537.36"
::1 - - [10/May/2023:02:00:39 +0000] "GET /api/v1/users/me? HTTP/1.0" 200 230 "-" "Sedu/1 CFNetwork/1335.0.3.1 Darwin/21.6.0"
::ffff:127.0.0.1 - - [10/May/2023:02:00:40 +0000] "GET /api/v1/users/logout? HTTP/1.0" 304 - "-" "Sedu/1 CFNetwork/1335.0.3.1 Darwin/21.6.0"
::1 - - [10/May/2023:02:00:40 +0000] "GET /api/v1/users/me? HTTP/1.0" 401 283 "-" "Sedu/1 CFNetwork/1335.0.3.1 Darwin/21.6.0"
::ffff:127.0.0.1 - - [10/May/2023:02:01:02 +0000] "GET /api/v1/users/me? HTTP/1.0" 401 283 "-" "Sedu/1 CFNetwork/1406.0.4 Darwin/22.4.0"
::1 - - [10/May/2023:02:01:23 +0000] "POST /api/v1/users/register HTTP/1.0" 500 248 "-" "Sedu/1 CFNetwork/1406.0.4 Darwin/22.4.0"
::ffff:127.0.0.1 - - [10/May/2023:02:01:23 +0000] "POST /api/v1/users/register HTTP/1.0" 500 248 "-" "Sedu/1 CFNetwork/1406.0.4 Darwin/22.4.0"
::1 - - [10/May/2023:02:01:28 +0000] "POST /api/v1/users/register HTTP/1.0" 500 248 "-" "Sedu/1 CFNetwork/1406.0.4 Darwin/22.4.0"
::1 - - [10/May/2023:02:09:25 +0000] "GET /api/v1/users/me? HTTP/1.0" 401 283 "-" "Sedu/1 CFNetwork/1335.0.3.1 Darwin/21.6.0"
::ffff:127.0.0.1 - - [10/May/2023:02:09:38 +0000] "POST /api/v1/users/register HTTP/1.0" 500 248 "-" "Sedu/1 CFNetwork/1335.0.3.1 Darwin/21.6.0"
::1 - - [10/May/2023:02:09:50 +0000] "POST /api/v1/users/register HTTP/1.0" 200 464 "-" "Sedu/1 CFNetwork/1335.0.3.1 Darwin/21.6.0"
::ffff:127.0.0.1 - - [10/May/2023:02:09:50 +0000] "GET /api/v1/users/me? HTTP/1.0" 200 190 "-" "Sedu/1 CFNetwork/1335.0.3.1 Darwin/21.6.0"
::1 - - [10/May/2023:02:10:00 +0000] "GET /api/v1/users/me? HTTP/1.0" 304 - "-" "Sedu/1 CFNetwork/1335.0.3.1 Darwin/21.6.0"
::ffff:127.0.0.1 - - [10/May/2023:02:10:04 +0000] "POST /api/v1/users/invoice/645afceea32e8316d8229d02 HTTP/1.0" 200 50 "-" "Sedu/1 CFNetwork/1335.0.3.1 Darwin/21.6.0"
::1 - - [10/May/2023:02:10:04 +0000] "GET /api/v1/wallets/645afcfca32e8316d8229d07? HTTP/1.0" 200 16015 "-" "Sedu/1 CFNetwork/1335.0.3.1 Darwin/21.6.0"
::ffff:127.0.0.1 - - [10/May/2023:02:10:16 +0000] "GET /api/v1/users/me? HTTP/1.0" 304 - "-" "Sedu/1 CFNetwork/1404.0.5 Darwin/22.3.0"
::1 - - [10/May/2023:02:10:16 +0000] "GET /api/v1/articles? HTTP/1.0" 304 - "-" "Sedu/1 CFNetwork/1404.0.5 Darwin/22.3.0"
::ffff:127.0.0.1 - - [10/May/2023:02:10:16 +0000] "GET /api/v1/ads? HTTP/1.0" 304 - "-" "Sedu/1 CFNetwork/1404.0.5 Darwin/22.3.0"
::1 - - [10/May/2023:02:17:01 +0000] "GET /api/v1/users/me? HTTP/1.0" 304 - "-" "okhttp/4.9.2"
::ffff:127.0.0.1 - - [10/May/2023:02:17:04 +0000] "GET /api/v1/users/logout? HTTP/1.0" 304 - "-" "okhttp/4.9.2"
::1 - - [10/May/2023:02:17:04 +0000] "GET /api/v1/users/me? HTTP/1.0" 401 283 "-" "okhttp/4.9.2"
::ffff:127.0.0.1 - - [10/May/2023:02:17:06 +0000] "GET /api/v1/users/logout? HTTP/1.0" 304 - "-" "okhttp/4.9.2"
::1 - - [10/May/2023:02:17:06 +0000] "GET /api/v1/users/logout? HTTP/1.0" 304 - "-" "okhttp/4.9.2"
::ffff:127.0.0.1 - - [10/May/2023:02:18:27 +0000] "GET /api/v1/users/me? HTTP/1.0" 304 - "-" "okhttp/4.9.2"
::ffff:127.0.0.1 - - [10/May/2023:02:18:28 +0000] "GET /api/v1/ads? HTTP/1.0" 304 - "-" "okhttp/4.9.2"
::1 - - [10/May/2023:02:18:28 +0000] "GET /api/v1/articles? HTTP/1.0" 200 344855 "-" "okhttp/4.9.2"
::ffff:127.0.0.1 - - [10/May/2023:02:18:34 +0000] "GET /api/v1/users/me? HTTP/1.0" 304 - "-" "okhttp/4.9.2"
::1 - - [10/May/2023:02:19:00 +0000] "GET /api/v1/articles/642d581c7c1330814fb76387? HTTP/1.0" 200 7596 "-" "okhttp/4.9.2"
::ffff:127.0.0.1 - - [10/May/2023:02:19:04 +0000] "GET /api/v1/articles/642d59727c1330814fb76396? HTTP/1.0" 200 10524 "-" "okhttp/4.9.2"
::1 - - [10/May/2023:02:19:11 +0000] "GET /api/v1/articles/642d4c587c1330814fb76297? HTTP/1.0" 200 22242 "-" "okhttp/4.9.2"
::ffff:127.0.0.1 - - [10/May/2023:02:24:20 +0000] "GET /.well-known/acme-challenge/0W07KTRHU1Z7YMA5CR6BJ06_7R6H2NZD HTTP/1.0" 404 198 "-" "Cpanel-HTTP-Client/1.0"
::1 - - [10/May/2023:02:25:52 +0000] "GET /api/v1/users/me? HTTP/1.0" 304 - "-" "Sedu/1 CFNetwork/1399 Darwin/22.1.0"
::1 - - [10/May/2023:02:25:52 +0000] "GET /api/v1/ads? HTTP/1.0" 304 - "-" "Sedu/1 CFNetwork/1399 Darwin/22.1.0"
::ffff:127.0.0.1 - - [10/May/2023:02:25:52 +0000] "GET /api/v1/articles? HTTP/1.0" 200 344855 "-" "Sedu/1 CFNetwork/1399 Darwin/22.1.0"
::1 - - [10/May/2023:02:26:19 +0000] "GET /api/v1/users/me? HTTP/1.0" 401 283 "-" "Sedu/1 CFNetwork/1406.0.4 Darwin/22.4.0"
::ffff:127.0.0.1 - - [10/May/2023:02:26:30 +0000] "POST /api/v1/users/register HTTP/1.0" 200 462 "-" "Sedu/1 CFNetwork/1406.0.4 Darwin/22.4.0"
::1 - - [10/May/2023:02:26:30 +0000] "GET /api/v1/users/me? HTTP/1.0" 200 188 "-" "Sedu/1 CFNetwork/1406.0.4 Darwin/22.4.0"
::ffff:127.0.0.1 - - [10/May/2023:02:26:39 +0000] "GET /api/v1/users/me? HTTP/1.0" 304 - "-" "Sedu/1 CFNetwork/1399 Darwin/22.1.0"
::1 - - [10/May/2023:02:26:39 +0000] "GET /api/v1/ads? HTTP/1.0" 304 - "-" "Sedu/1 CFNetwork/1399 Darwin/22.1.0"
::ffff:127.0.0.1 - - [10/May/2023:02:26:39 +0000] "GET /api/v1/articles? HTTP/1.0" 304 - "-" "Sedu/1 CFNetwork/1399 Darwin/22.1.0"
::1 - - [10/May/2023:02:26:40 +0000] "GET /api/v1/users/me? HTTP/1.0" 304 - "-" "Sedu/1 CFNetwork/1406.0.4 Darwin/22.4.0"
::ffff:127.0.0.1 - - [10/May/2023:02:26:45 +0000] "GET /api/v1/users/logout? HTTP/1.0" 200 39 "-" "Sedu/1 CFNetwork/1406.0.4 Darwin/22.4.0"
::1 - - [10/May/2023:02:26:45 +0000] "GET /api/v1/users/me? HTTP/1.0" 401 283 "-" "Sedu/1 CFNetwork/1406.0.4 Darwin/22.4.0"
::ffff:127.0.0.1 - - [10/May/2023:02:31:49 +0000] "GET /api/v1/users/me? HTTP/1.0" 200 232 "-" "Sedu/1 CFNetwork/1126 Darwin/19.5.0"
::1 - - [10/May/2023:02:31:58 +0000] "GET /api/v1/users/me? HTTP/1.0" 304 - "-" "Sedu/1 CFNetwork/1406.0.4 Darwin/22.4.0"
::1 - - [10/May/2023:02:31:59 +0000] "GET /api/v1/ads? HTTP/1.0" 304 - "-" "Sedu/1 CFNetwork/1406.0.4 Darwin/22.4.0"
::ffff:127.0.0.1 - - [10/May/2023:02:31:59 +0000] "GET /api/v1/articles? HTTP/1.0" 200 344855 "-" "Sedu/1 CFNetwork/1406.0.4 Darwin/22.4.0"
::1 - - [10/May/2023:02:32:09 +0000] "GET /api/v1/users/me? HTTP/1.0" 401 283 "-" "Sedu/1 CFNetwork/1390 Darwin/22.0.0"
::ffff:127.0.0.1 - - [10/May/2023:02:32:11 +0000] "GET /api/v1/users/me? HTTP/1.0" 304 - "-" "Sedu/1 CFNetwork/1406.0.4 Darwin/22.4.0"
::1 - - [10/May/2023:02:32:11 +0000] "GET /api/v1/ads? HTTP/1.0" 304 - "-" "Sedu/1 CFNetwork/1406.0.4 Darwin/22.4.0"
::ffff:127.0.0.1 - - [10/May/2023:02:32:11 +0000] "GET /api/v1/articles? HTTP/1.0" 304 - "-" "Sedu/1 CFNetwork/1406.0.4 Darwin/22.4.0"
::1 - - [10/May/2023:02:32:22 +0000] "POST /api/v1/users/register HTTP/1.0" 200 465 "-" "Sedu/1 CFNetwork/1390 Darwin/22.0.0"
::ffff:127.0.0.1 - - [10/May/2023:02:32:23 +0000] "GET /api/v1/users/me? HTTP/1.0" 200 191 "-" "Sedu/1 CFNetwork/1390 Darwin/22.0.0"
::1 - - [10/May/2023:02:32:25 +0000] "GET /api/v1/users/me? HTTP/1.0" 200 231 "-" "okhttp/4.9.2"
::ffff:127.0.0.1 - - [10/May/2023:02:32:26 +0000] "GET /api/v1/users/me? HTTP/1.0" 304 - "-" "Sedu/1 CFNetwork/1390 Darwin/22.0.0"
::1 - - [10/May/2023:02:32:33 +0000] "GET /api/v1/users/logout? HTTP/1.0" 200 39 "-" "Sedu/1 CFNetwork/1390 Darwin/22.0.0"
::ffff:127.0.0.1 - - [10/May/2023:02:32:33 +0000] "GET /api/v1/users/me? HTTP/1.0" 401 283 "-" "Sedu/1 CFNetwork/1390 Darwin/22.0.0"
::1 - - [10/May/2023:02:32:43 +0000] "POST /api/v1/users/login HTTP/1.0" 200 465 "-" "Sedu/1 CFNetwork/1390 Darwin/22.0.0"
::ffff:127.0.0.1 - - [10/May/2023:02:32:43 +0000] "GET /api/v1/users/me? HTTP/1.0" 304 - "-" "Sedu/1 CFNetwork/1390 Darwin/22.0.0"
::1 - - [10/May/2023:02:32:46 +0000] "GET /api/v1/users/me? HTTP/1.0" 304 - "-" "Sedu/1 CFNetwork/1390 Darwin/22.0.0"
::ffff:127.0.0.1 - - [10/May/2023:02:32:52 +0000] "POST /api/v1/users/invoice/645b0236a32e8316d8229d40 HTTP/1.0" 200 50 "-" "Sedu/1 CFNetwork/1390 Darwin/22.0.0"
::1 - - [10/May/2023:02:32:53 +0000] "GET /api/v1/wallets/645b0254a32e8316d8229d49? HTTP/1.0" 200 16081 "-" "Sedu/1 CFNetwork/1390 Darwin/22.0.0"
::ffff:127.0.0.1 - - [10/May/2023:02:32:59 +0000] "GET /api/v1/users/me? HTTP/1.0" 200 230 "-" "Sedu/1 CFNetwork/1390 Darwin/22.0.0"
::1 - - [10/May/2023:02:36:28 +0000] "GET /api/v1/users/me? HTTP/1.0" 304 - "-" "Sedu/1 CFNetwork/1404.0.5 Darwin/22.3.0"
::1 - - [10/May/2023:02:36:28 +0000] "GET /api/v1/ads? HTTP/1.0" 304 - "-" "Sedu/1 CFNetwork/1404.0.5 Darwin/22.3.0"
::ffff:127.0.0.1 - - [10/May/2023:02:36:28 +0000] "GET /api/v1/articles? HTTP/1.0" 200 344855 "-" "Sedu/1 CFNetwork/1404.0.5 Darwin/22.3.0"
::1 - - [10/May/2023:02:36:45 +0000] "GET /api/v1/users/me? HTTP/1.0" 304 - "-" "Sedu/1 CFNetwork/1220.1 Darwin/20.3.0"
::1 - - [10/May/2023:02:36:45 +0000] "GET /api/v1/ads? HTTP/1.0" 304 - "-" "Sedu/1 CFNetwork/1220.1 Darwin/20.3.0"
::ffff:127.0.0.1 - - [10/May/2023:02:36:45 +0000] "GET /api/v1/articles? HTTP/1.0" 200 344855 "-" "Sedu/1 CFNetwork/1220.1 Darwin/20.3.0"
::1 - - [10/May/2023:02:36:48 +0000] "GET /api/v1/users/me? HTTP/1.0" 200 231 "-" "okhttp/4.9.2"
::ffff:127.0.0.1 - - [10/May/2023:02:36:52 +0000] "GET /api/v1/articles/642d4ce07c1330814fb762a6? HTTP/1.0" 200 10683 "-" "Sedu/1 CFNetwork/1220.1 Darwin/20.3.0"
::1 - - [10/May/2023:02:36:54 +0000] "GET /api/v1/users/me? HTTP/1.0" 304 - "-" "okhttp/4.9.2"
::ffff:127.0.0.1 - - [10/May/2023:02:37:02 +0000] "POST /api/v1/users/invoice/64534167a4c26797f426b9a1 HTTP/1.0" 200 50 "-" "okhttp/4.9.2"
::1 - - [10/May/2023:02:37:03 +0000] "GET /api/v1/wallets/645b034ea32e8316d8229d69? HTTP/1.0" 200 16049 "-" "okhttp/4.9.2"
::ffff:127.0.0.1 - - [10/May/2023:02:42:52 +0000] "GET /api/v1/users/me? HTTP/1.0" 401 283 "-" "Sedu/1 CFNetwork/1399 Darwin/22.1.0"
::1 - - [10/May/2023:02:43:07 +0000] "POST /api/v1/users/register HTTP/1.0" 500 253 "-" "Sedu/1 CFNetwork/1399 Darwin/22.1.0"
::ffff:127.0.0.1 - - [10/May/2023:02:43:18 +0000] "POST /api/v1/users/register HTTP/1.0" 200 471 "-" "Sedu/1 CFNetwork/1399 Darwin/22.1.0"
::1 - - [10/May/2023:02:43:18 +0000] "GET /api/v1/users/me? HTTP/1.0" 200 197 "-" "Sedu/1 CFNetwork/1399 Darwin/22.1.0"
::ffff:127.0.0.1 - - [10/May/2023:02:43:28 +0000] "GET /api/v1/users/me? HTTP/1.0" 304 - "-" "Sedu/1 CFNetwork/1399 Darwin/22.1.0"
::1 - - [10/May/2023:02:43:39 +0000] "GET /api/v1/users/me? HTTP/1.0" 304 - "-" "Sedu/1 CFNetwork/1406.0.4 Darwin/22.4.0"
::1 - - [10/May/2023:02:43:40 +0000] "GET /api/v1/ads? HTTP/1.0" 304 - "-" "Sedu/1 CFNetwork/1406.0.4 Darwin/22.4.0"
::ffff:127.0.0.1 - - [10/May/2023:02:43:40 +0000] "GET /api/v1/articles? HTTP/1.0" 200 344855 "-" "Sedu/1 CFNetwork/1406.0.4 Darwin/22.4.0"
::ffff:127.0.0.1 - - [10/May/2023:02:43:57 +0000] "GET /api/v1/users/me? HTTP/1.0" 304 - "-" "Sedu/1 CFNetwork/1406.0.4 Darwin/22.4.0"
::1 - - [10/May/2023:02:55:23 +0000] "GET /api/v1/users/me? HTTP/1.0" 401 283 "-" "Sedu/1 CFNetwork/1406.0.4 Darwin/22.4.0"
::ffff:127.0.0.1 - - [10/May/2023:02:55:42 +0000] "GET /api/v1/users/me? HTTP/1.0" 401 283 "-" "Sedu/1 CFNetwork/1406.0.4 Darwin/22.4.0"
::1 - - [10/May/2023:02:55:53 +0000] "POST /api/v1/users/register HTTP/1.0" 200 460 "-" "Sedu/1 CFNetwork/1406.0.4 Darwin/22.4.0"
::ffff:127.0.0.1 - - [10/May/2023:02:55:53 +0000] "GET /api/v1/users/me? HTTP/1.0" 200 186 "-" "Sedu/1 CFNetwork/1406.0.4 Darwin/22.4.0"
::1 - - [10/May/2023:02:55:55 +0000] "POST /api/v1/users/login HTTP/1.0" 200 503 "-" "Sedu/1 CFNetwork/1406.0.4 Darwin/22.4.0"
::ffff:127.0.0.1 - - [10/May/2023:02:55:55 +0000] "GET /api/v1/users/me? HTTP/1.0" 304 - "-" "Sedu/1 CFNetwork/1406.0.4 Darwin/22.4.0"
::1 - - [10/May/2023:02:55:55 +0000] "GET /api/v1/articles? HTTP/1.0" 200 344855 "-" "Sedu/1 CFNetwork/1406.0.4 Darwin/22.4.0"
::ffff:127.0.0.1 - - [10/May/2023:02:55:55 +0000] "GET /api/v1/ads? HTTP/1.0" 304 - "-" "Sedu/1 CFNetwork/1406.0.4 Darwin/22.4.0"
::ffff:127.0.0.1 - - [10/May/2023:02:56:05 +0000] "GET /api/v1/users/logout? HTTP/1.0" 200 39 "-" "Sedu/1 CFNetwork/1406.0.4 Darwin/22.4.0"
::1 - - [10/May/2023:02:56:05 +0000] "GET /api/v1/users/me? HTTP/1.0" 401 283 "-" "Sedu/1 CFNetwork/1406.0.4 Darwin/22.4.0"
::ffff:127.0.0.1 - - [10/May/2023:02:56:09 +0000] "GET /api/v1/users/me? HTTP/1.0" 401 283 "-" "Sedu/1 CFNetwork/1406.0.4 Darwin/22.4.0"
::ffff:127.0.0.1 - - [10/May/2023:02:56:39 +0000] "GET /api/v1/articles/6459d34ca32e8316d8228b17? HTTP/1.0" 200 9143 "-" "Sedu/1 CFNetwork/1406.0.4 Darwin/22.4.0"
::1 - - [10/May/2023:02:56:44 +0000] "GET /api/v1/articles/6459ceeda32e8316d8228aaf? HTTP/1.0" 200 7377 "-" "Sedu/1 CFNetwork/1406.0.4 Darwin/22.4.0"
::ffff:127.0.0.1 - - [10/May/2023:02:56:56 +0000] "GET /api/v1/articles/6459ceeda32e8316d8228aaf? HTTP/1.0" 304 - "-" "Sedu/1 CFNetwork/1406.0.4 Darwin/22.4.0"
::1 - - [10/May/2023:02:57:39 +0000] "POST / HTTP/1.0" 404 140 "-" "Mozilla/5.0 (X11; Linux x86_64) AppleWebKit/537.36 (KHTML, like Gecko) Chrome/81.0.4044.129 Safari/537.36"
::ffff:127.0.0.1 - - [10/May/2023:02:57:40 +0000] "GET /.env HTTP/1.0" 404 143 "-" "Mozilla/5.0 (X11; Linux x86_64) AppleWebKit/537.36 (KHTML, like Gecko) Chrome/81.0.4044.129 Safari/537.36"
::1 - - [10/May/2023:02:57:42 +0000] "GET /api/v1/users/me? HTTP/1.0" 304 - "-" "Sedu/1 CFNetwork/1406.0.4 Darwin/22.4.0"
::ffff:127.0.0.1 - - [10/May/2023:02:57:43 +0000] "GET /api/v1/users/logout? HTTP/1.0" 304 - "-" "Sedu/1 CFNetwork/1406.0.4 Darwin/22.4.0"
::1 - - [10/May/2023:02:57:44 +0000] "GET /api/v1/articles? HTTP/1.0" 401 283 "-" "Sedu/1 CFNetwork/1406.0.4 Darwin/22.4.0"
::1 - - [10/May/2023:02:57:44 +0000] "GET /api/v1/users/me? HTTP/1.0" 401 283 "-" "Sedu/1 CFNetwork/1406.0.4 Darwin/22.4.0"
::ffff:127.0.0.1 - - [10/May/2023:02:57:44 +0000] "GET /api/v1/users/me? HTTP/1.0" 401 283 "-" "Sedu/1 CFNetwork/1406.0.4 Darwin/22.4.0"
::ffff:127.0.0.1 - - [10/May/2023:02:57:44 +0000] "GET /api/v1/ads? HTTP/1.0" 304 - "-" "Sedu/1 CFNetwork/1406.0.4 Darwin/22.4.0"
::ffff:127.0.0.1 - - [10/May/2023:03:01:26 +0000] "GET /api/v1/users/me? HTTP/1.0" 304 - "-" "okhttp/4.9.2"
::1 - - [10/May/2023:03:02:29 +0000] "GET /api/v1/users/me? HTTP/1.0" 304 - "-" "Sedu/1 CFNetwork/1406.0.4 Darwin/22.4.0"
::1 - - [10/May/2023:03:02:30 +0000] "GET /api/v1/ads? HTTP/1.0" 304 - "-" "Sedu/1 CFNetwork/1406.0.4 Darwin/22.4.0"
::ffff:127.0.0.1 - - [10/May/2023:03:02:30 +0000] "GET /api/v1/articles? HTTP/1.0" 200 344855 "-" "Sedu/1 CFNetwork/1406.0.4 Darwin/22.4.0"
::1 - - [10/May/2023:03:02:46 +0000] "GET /api/v1/articles/642d56517c1330814fb7635e? HTTP/1.0" 200 16235 "-" "Sedu/1 CFNetwork/1406.0.4 Darwin/22.4.0"
::ffff:127.0.0.1 - - [10/May/2023:03:03:15 +0000] "GET /api/v1/articles/642d76ab7c1330814fb763c4? HTTP/1.0" 200 12395 "-" "Sedu/1 CFNetwork/1406.0.4 Darwin/22.4.0"
::1 - - [10/May/2023:03:03:50 +0000] "GET /api/v1/articles/642e2e6d7c1330814fb7646b? HTTP/1.0" 200 1619 "-" "Sedu/1 CFNetwork/1406.0.4 Darwin/22.4.0"
::ffff:127.0.0.1 - - [10/May/2023:03:04:51 +0000] "GET /api/v1/articles/642e3f507c1330814fb764ef? HTTP/1.0" 200 1496 "-" "Sedu/1 CFNetwork/1406.0.4 Darwin/22.4.0"
::1 - - [10/May/2023:03:04:58 +0000] "GET /api/v1/users/me? HTTP/1.0" 304 - "-" "Sedu/1 CFNetwork/1406.0.4 Darwin/22.4.0"
::1 - - [10/May/2023:03:06:29 +0000] "GET /api/v1/users/me? HTTP/1.0" 401 283 "-" "Sedu/1 CFNetwork/1402.0.8 Darwin/22.2.0"
::ffff:127.0.0.1 - - [10/May/2023:03:06:38 +0000] "POST /api/v1/users/login HTTP/1.0" 401 123 "-" "Sedu/1 CFNetwork/1402.0.8 Darwin/22.2.0"
::1 - - [10/May/2023:03:08:02 +0000] "POST /api/v1/users/register HTTP/1.0" 200 467 "-" "Sedu/1 CFNetwork/1402.0.8 Darwin/22.2.0"
::ffff:127.0.0.1 - - [10/May/2023:03:08:02 +0000] "GET /api/v1/users/me? HTTP/1.0" 200 193 "-" "Sedu/1 CFNetwork/1402.0.8 Darwin/22.2.0"
::1 - - [10/May/2023:03:08:04 +0000] "GET /api/v1/users/logout? HTTP/1.0" 304 - "-" "Sedu/1 CFNetwork/1402.0.8 Darwin/22.2.0"
::ffff:127.0.0.1 - - [10/May/2023:03:08:05 +0000] "GET /api/v1/users/me? HTTP/1.0" 401 283 "-" "Sedu/1 CFNetwork/1402.0.8 Darwin/22.2.0"
::1 - - [10/May/2023:03:08:30 +0000] "POST /api/v1/users/login HTTP/1.0" 200 467 "-" "Sedu/1 CFNetwork/1402.0.8 Darwin/22.2.0"
::ffff:127.0.0.1 - - [10/May/2023:03:08:30 +0000] "GET /api/v1/users/me? HTTP/1.0" 200 193 "-" "Sedu/1 CFNetwork/1402.0.8 Darwin/22.2.0"
::ffff:127.0.0.1 - - [10/May/2023:03:08:30 +0000] "GET /api/v1/ads? HTTP/1.0" 304 - "-" "Sedu/1 CFNetwork/1402.0.8 Darwin/22.2.0"
::1 - - [10/May/2023:03:08:30 +0000] "GET /api/v1/articles? HTTP/1.0" 200 344855 "-" "Sedu/1 CFNetwork/1402.0.8 Darwin/22.2.0"
