::ffff:127.0.0.1 - - [05/May/2023:05:41:40 +0000] "GET /api/v1/users/me? HTTP/1.0" 200 233 "-" "Sedu/1 CFNetwork/1197 Darwin/20.0.0"
::ffff:127.0.0.1 - - [05/May/2023:05:41:40 +0000] "GET /api/v1/ads? HTTP/1.0" 200 633 "-" "Sedu/1 CFNetwork/1197 Darwin/20.0.0"
::1 - - [05/May/2023:05:41:40 +0000] "GET /api/v1/articles? HTTP/1.0" 200 318230 "-" "Sedu/1 CFNetwork/1197 Darwin/20.0.0"
::ffff:127.0.0.1 - - [05/May/2023:05:41:40 +0000] "GET /api/v1/users/me? HTTP/1.0" 401 283 "-" "okhttp/4.9.2"
::ffff:127.0.0.1 - - [05/May/2023:05:41:52 +0000] "POST /api/v1/users/login HTTP/1.0" 200 462 "-" "okhttp/4.9.2"
::ffff:127.0.0.1 - - [05/May/2023:05:41:52 +0000] "GET /api/v1/users/me? HTTP/1.0" 200 188 "-" "okhttp/4.9.2"
::1 - - [05/May/2023:05:41:56 +0000] "GET /api/v1/users/me? HTTP/1.0" 304 - "-" "okhttp/4.9.2"
::ffff:127.0.0.1 - - [05/May/2023:05:41:59 +0000] "GET /api/v1/articles/642d4ce07c1330814fb762a6? HTTP/1.0" 200 10712 "-" "Sedu/1 CFNetwork/1197 Darwin/20.0.0"
::1 - - [05/May/2023:05:42:05 +0000] "GET /api/v1/users/me? HTTP/1.0" 304 - "-" "okhttp/4.9.2"
::ffff:127.0.0.1 - - [05/May/2023:05:42:16 +0000] "GET /api/v1/users/logout? HTTP/1.0" 304 - "-" "okhttp/4.9.2"
::1 - - [05/May/2023:05:42:16 +0000] "GET /api/v1/users/me? HTTP/1.0" 401 283 "-" "okhttp/4.9.2"
::ffff:127.0.0.1 - - [05/May/2023:05:42:21 +0000] "GET /api/v1/users/me? HTTP/1.0" 401 283 "-" "okhttp/4.9.2"
::1 - - [05/May/2023:05:42:26 +0000] "POST /api/v1/users/register HTTP/1.0" 200 473 "-" "okhttp/4.9.2"
::1 - - [05/May/2023:05:42:32 +0000] "POST /api/v1/users/login HTTP/1.0" 200 462 "-" "okhttp/4.9.2"
::ffff:127.0.0.1 - - [05/May/2023:05:42:33 +0000] "GET /api/v1/users/me? HTTP/1.0" 304 - "-" "okhttp/4.9.2"
::1 - - [05/May/2023:05:42:34 +0000] "GET /api/v1/users/me? HTTP/1.0" 304 - "-" "okhttp/4.9.2"
::ffff:127.0.0.1 - - [05/May/2023:05:42:34 +0000] "GET /api/v1/articles? HTTP/1.0" 304 - "-" "okhttp/4.9.2"
::1 - - [05/May/2023:05:42:34 +0000] "GET /api/v1/ads? HTTP/1.0" 304 - "-" "okhttp/4.9.2"
::ffff:127.0.0.1 - - [05/May/2023:05:42:36 +0000] "GET /api/v1/users/me? HTTP/1.0" 401 283 "-" "okhttp/4.9.2"
::1 - - [05/May/2023:05:42:38 +0000] "GET /api/v1/users/me? HTTP/1.0" 304 - "-" "okhttp/4.9.2"
::ffff:127.0.0.1 - - [05/May/2023:05:42:43 +0000] "POST /api/v1/users/invoice/645495eca4c26797f42727b8 HTTP/1.0" 200 50 "-" "okhttp/4.9.2"
::1 - - [05/May/2023:05:42:43 +0000] "GET /api/v1/wallets/64549753a4c26797f4272889? HTTP/1.0" 200 16182 "-" "okhttp/4.9.2"
::ffff:127.0.0.1 - - [05/May/2023:05:43:03 +0000] "GET /api/v1/users/me? HTTP/1.0" 200 227 "-" "okhttp/4.9.2"
::1 - - [05/May/2023:05:43:03 +0000] "GET /api/v1/wallets/64549753a4c26797f4272889? HTTP/1.0" 304 - "-" "okhttp/4.9.2"
::ffff:127.0.0.1 - - [05/May/2023:05:43:08 +0000] "GET /api/v1/articles/642d59727c1330814fb76396? HTTP/1.0" 200 10552 "-" "okhttp/4.9.2"
::1 - - [05/May/2023:05:43:17 +0000] "GET /api/v1/users/me? HTTP/1.0" 304 - "-" "okhttp/4.9.2"
::ffff:127.0.0.1 - - [05/May/2023:05:43:25 +0000] "GET /api/v1/users/me? HTTP/1.0" 304 - "-" "okhttp/4.9.2"
::1 - - [05/May/2023:05:43:37 +0000] "GET /api/v1/users/me? HTTP/1.0" 401 283 "-" "Sedu/1 CFNetwork/1390 Darwin/22.0.0"
::ffff:127.0.0.1 - - [05/May/2023:05:43:52 +0000] "POST /api/v1/users/register HTTP/1.0" 200 462 "-" "Sedu/1 CFNetwork/1390 Darwin/22.0.0"
::1 - - [05/May/2023:05:43:52 +0000] "GET /api/v1/users/me? HTTP/1.0" 200 188 "-" "Sedu/1 CFNetwork/1390 Darwin/22.0.0"
::ffff:127.0.0.1 - - [05/May/2023:05:43:54 +0000] "GET /api/v1/users/me? HTTP/1.0" 304 - "-" "Sedu/1 CFNetwork/1406.0.4 Darwin/22.4.0"
::1 - - [05/May/2023:05:43:55 +0000] "GET /api/v1/articles? HTTP/1.0" 200 318230 "-" "Sedu/1 CFNetwork/1406.0.4 Darwin/22.4.0"
::ffff:127.0.0.1 - - [05/May/2023:05:43:55 +0000] "GET /api/v1/ads? HTTP/1.0" 304 - "-" "Sedu/1 CFNetwork/1406.0.4 Darwin/22.4.0"
::ffff:127.0.0.1 - - [05/May/2023:05:43:56 +0000] "GET /api/v1/users/logout? HTTP/1.0" 200 39 "-" "Sedu/1 CFNetwork/1390 Darwin/22.0.0"
::1 - - [05/May/2023:05:43:56 +0000] "GET /api/v1/users/me? HTTP/1.0" 401 283 "-" "Sedu/1 CFNetwork/1390 Darwin/22.0.0"
::1 - - [05/May/2023:05:43:57 +0000] "GET /api/v1/users/me? HTTP/1.0" 304 - "-" "Sedu/1 CFNetwork/1197 Darwin/20.0.0"
::1 - - [05/May/2023:05:43:57 +0000] "GET /api/v1/articles/642d4ce07c1330814fb762a6? HTTP/1.0" 304 - "-" "Sedu/1 CFNetwork/1197 Darwin/20.0.0"
::ffff:127.0.0.1 - - [05/May/2023:05:43:57 +0000] "GET /api/v1/ads? HTTP/1.0" 304 - "-" "Sedu/1 CFNetwork/1197 Darwin/20.0.0"
::ffff:127.0.0.1 - - [05/May/2023:05:43:57 +0000] "GET /api/v1/articles? HTTP/1.0" 304 - "-" "Sedu/1 CFNetwork/1197 Darwin/20.0.0"
::1 - - [05/May/2023:05:44:05 +0000] "POST /api/v1/users/login HTTP/1.0" 200 462 "-" "Sedu/1 CFNetwork/1390 Darwin/22.0.0"
::ffff:127.0.0.1 - - [05/May/2023:05:44:05 +0000] "GET /api/v1/users/me? HTTP/1.0" 304 - "-" "Sedu/1 CFNetwork/1390 Darwin/22.0.0"
::ffff:127.0.0.1 - - [05/May/2023:05:44:08 +0000] "GET /api/v1/users/logout? HTTP/1.0" 304 - "-" "Sedu/1 CFNetwork/1390 Darwin/22.0.0"
::1 - - [05/May/2023:05:44:08 +0000] "GET /api/v1/users/me? HTTP/1.0" 401 283 "-" "Sedu/1 CFNetwork/1390 Darwin/22.0.0"
::ffff:127.0.0.1 - - [05/May/2023:05:44:16 +0000] "GET /api/v1/articles/642d4fba7c1330814fb762d8? HTTP/1.0" 304 - "-" "Sedu/1 CFNetwork/1406.0.4 Darwin/22.4.0"
::1 - - [05/May/2023:05:44:22 +0000] "GET /api/v1/users/me? HTTP/1.0" 401 283 "-" "Sedu/1 CFNetwork/1399 Darwin/22.1.0"
::ffff:127.0.0.1 - - [05/May/2023:05:44:33 +0000] "POST /api/v1/users/register HTTP/1.0" 500 253 "-" "Sedu/1 CFNetwork/1399 Darwin/22.1.0"
::1 - - [05/May/2023:05:44:45 +0000] "POST /api/v1/users/register HTTP/1.0" 200 463 "-" "Sedu/1 CFNetwork/1399 Darwin/22.1.0"
::ffff:127.0.0.1 - - [05/May/2023:05:44:45 +0000] "GET /api/v1/users/me? HTTP/1.0" 200 189 "-" "Sedu/1 CFNetwork/1399 Darwin/22.1.0"
::1 - - [05/May/2023:05:44:53 +0000] "GET /api/v1/users/logout? HTTP/1.0" 200 39 "-" "Sedu/1 CFNetwork/1399 Darwin/22.1.0"
::ffff:127.0.0.1 - - [05/May/2023:05:44:54 +0000] "GET /api/v1/users/me? HTTP/1.0" 401 283 "-" "Sedu/1 CFNetwork/1399 Darwin/22.1.0"
::1 - - [05/May/2023:05:45:05 +0000] "GET /api/v1/users/me? HTTP/1.0" 304 - "-" "Sedu/1 CFNetwork/1402.0.8 Darwin/22.2.0"
::1 - - [05/May/2023:05:45:05 +0000] "GET /api/v1/ads? HTTP/1.0" 304 - "-" "Sedu/1 CFNetwork/1402.0.8 Darwin/22.2.0"
::ffff:127.0.0.1 - - [05/May/2023:05:45:05 +0000] "GET /api/v1/articles? HTTP/1.0" 304 - "-" "Sedu/1 CFNetwork/1402.0.8 Darwin/22.2.0"
::1 - - [05/May/2023:05:45:06 +0000] "GET /api/v1/users/me? HTTP/1.0" 304 - "-" "Sedu/1 CFNetwork/1402.0.8 Darwin/22.2.0"
::ffff:127.0.0.1 - - [05/May/2023:05:45:07 +0000] "GET /api/v1/users/logout? HTTP/1.0" 200 39 "-" "Sedu/1 CFNetwork/1402.0.8 Darwin/22.2.0"
::ffff:127.0.0.1 - - [05/May/2023:05:45:07 +0000] "GET /api/v1/users/me? HTTP/1.0" 401 283 "-" "Sedu/1 CFNetwork/1402.0.8 Darwin/22.2.0"
::1 - - [05/May/2023:05:45:07 +0000] "GET /api/v1/articles? HTTP/1.0" 401 283 "-" "Sedu/1 CFNetwork/1402.0.8 Darwin/22.2.0"
::ffff:127.0.0.1 - - [05/May/2023:05:45:07 +0000] "GET /api/v1/users/me? HTTP/1.0" 401 283 "-" "Sedu/1 CFNetwork/1402.0.8 Darwin/22.2.0"
::1 - - [05/May/2023:05:45:07 +0000] "GET /api/v1/ads? HTTP/1.0" 304 - "-" "Sedu/1 CFNetwork/1402.0.8 Darwin/22.2.0"
::ffff:127.0.0.1 - - [05/May/2023:05:45:16 +0000] "POST /api/v1/users/login HTTP/1.0" 200 466 "-" "Sedu/1 CFNetwork/1402.0.8 Darwin/22.2.0"
::1 - - [05/May/2023:05:45:16 +0000] "GET /api/v1/users/me? HTTP/1.0" 200 192 "-" "Sedu/1 CFNetwork/1402.0.8 Darwin/22.2.0"
::ffff:127.0.0.1 - - [05/May/2023:05:45:40 +0000] "GET /api/v1/users/me? HTTP/1.0" 401 283 "-" "okhttp/4.9.2"
::1 - - [05/May/2023:05:45:59 +0000] "POST /api/v1/users/register HTTP/1.0" 200 466 "-" "okhttp/4.9.2"
::ffff:127.0.0.1 - - [05/May/2023:05:45:59 +0000] "GET /api/v1/users/me? HTTP/1.0" 200 192 "-" "okhttp/4.9.2"
::1 - - [05/May/2023:05:46:00 +0000] "GET /api/v1/users/me? HTTP/1.0" 304 - "-" "okhttp/4.9.2"
::ffff:127.0.0.1 - - [05/May/2023:05:46:03 +0000] "GET /api/v1/users/logout? HTTP/1.0" 304 - "-" "okhttp/4.9.2"
::1 - - [05/May/2023:05:46:03 +0000] "GET /api/v1/users/me? HTTP/1.0" 401 283 "-" "okhttp/4.9.2"
::ffff:127.0.0.1 - - [05/May/2023:05:46:05 +0000] "GET /api/v1/users/me? HTTP/1.0" 304 - "-" "okhttp/4.9.2"
::1 - - [05/May/2023:05:46:08 +0000] "POST /api/v1/users/invoice/64549817a4c26797f42728bf HTTP/1.0" 200 50 "-" "okhttp/4.9.2"
::ffff:127.0.0.1 - - [05/May/2023:05:46:09 +0000] "GET /api/v1/wallets/64549820a4c26797f42728c5? HTTP/1.0" 200 16046 "-" "okhttp/4.9.2"
::1 - - [05/May/2023:05:46:19 +0000] "POST /api/v1/users/login HTTP/1.0" 200 501 "-" "okhttp/4.9.2"
::ffff:127.0.0.1 - - [05/May/2023:05:46:19 +0000] "GET /api/v1/users/me? HTTP/1.0" 304 - "-" "okhttp/4.9.2"
::1 - - [05/May/2023:05:46:28 +0000] "GET /api/v1/users/me? HTTP/1.0" 200 192 "-" "Sedu/1 CFNetwork/1402.0.8 Darwin/22.2.0"
::ffff:127.0.0.1 - - [05/May/2023:05:46:28 +0000] "GET /api/v1/users/logout? HTTP/1.0" 304 - "-" "Sedu/1 CFNetwork/1402.0.8 Darwin/22.2.0"
::1 - - [05/May/2023:05:46:29 +0000] "GET /api/v1/users/me? HTTP/1.0" 401 283 "-" "Sedu/1 CFNetwork/1402.0.8 Darwin/22.2.0"
::ffff:127.0.0.1 - - [05/May/2023:05:46:30 +0000] "GET /api/v1/users/me? HTTP/1.0" 304 - "-" "okhttp/4.9.2"
::1 - - [05/May/2023:05:46:34 +0000] "GET /api/v1/users/logout? HTTP/1.0" 304 - "-" "okhttp/4.9.2"
::ffff:127.0.0.1 - - [05/May/2023:05:46:34 +0000] "GET /api/v1/users/me? HTTP/1.0" 401 283 "-" "okhttp/4.9.2"
::1 - - [05/May/2023:05:46:36 +0000] "GET /api/v1/articles/642d7be67c1330814fb7643d? HTTP/1.0" 200 5384 "-" "okhttp/4.9.2"
::ffff:127.0.0.1 - - [05/May/2023:05:46:38 +0000] "POST /api/v1/users/login HTTP/1.0" 200 466 "-" "Sedu/1 CFNetwork/1402.0.8 Darwin/22.2.0"
::1 - - [05/May/2023:05:46:39 +0000] "GET /api/v1/users/me? HTTP/1.0" 304 - "-" "Sedu/1 CFNetwork/1402.0.8 Darwin/22.2.0"
::ffff:127.0.0.1 - - [05/May/2023:05:46:39 +0000] "GET /api/v1/articles? HTTP/1.0" 304 - "-" "Sedu/1 CFNetwork/1402.0.8 Darwin/22.2.0"
::1 - - [05/May/2023:05:46:39 +0000] "GET /api/v1/ads? HTTP/1.0" 304 - "-" "Sedu/1 CFNetwork/1402.0.8 Darwin/22.2.0"
::1 - - [05/May/2023:05:46:44 +0000] "GET /api/v1/users/callbacks/64549817a4c26797f42728bf/20000?qpay_payment_id=213083126618755 HTTP/1.0" 200 231 "-" "node-fetch/1.0 (+https://github.com/bitinn/node-fetch)"
::ffff:127.0.0.1 - - [05/May/2023:05:46:46 +0000] "GET /api/v1/articles/642d7b217c1330814fb76434? HTTP/1.0" 200 4161 "-" "okhttp/4.9.2"
::1 - - [05/May/2023:05:46:54 +0000] "GET /api/v1/users/me? HTTP/1.0" 200 231 "-" "okhttp/4.9.2"
::ffff:127.0.0.1 - - [05/May/2023:05:46:54 +0000] "GET /api/v1/users/me? HTTP/1.0" 304 - "-" "Sedu/1 CFNetwork/1402.0.8 Darwin/22.2.0"
::ffff:127.0.0.1 - - [05/May/2023:05:46:54 +0000] "GET /api/v1/ads? HTTP/1.0" 304 - "-" "Sedu/1 CFNetwork/1402.0.8 Darwin/22.2.0"
::1 - - [05/May/2023:05:46:54 +0000] "GET /api/v1/articles? HTTP/1.0" 304 - "-" "Sedu/1 CFNetwork/1402.0.8 Darwin/22.2.0"
::ffff:127.0.0.1 - - [05/May/2023:05:46:55 +0000] "GET /api/v1/users/me? HTTP/1.0" 304 - "-" "Sedu/1 CFNetwork/1402.0.8 Darwin/22.2.0"
::1 - - [05/May/2023:05:46:57 +0000] "GET /api/v1/users/logout? HTTP/1.0" 304 - "-" "Sedu/1 CFNetwork/1402.0.8 Darwin/22.2.0"
::ffff:127.0.0.1 - - [05/May/2023:05:46:57 +0000] "GET /api/v1/articles? HTTP/1.0" 401 283 "-" "Sedu/1 CFNetwork/1402.0.8 Darwin/22.2.0"
::1 - - [05/May/2023:05:46:57 +0000] "GET /api/v1/ads? HTTP/1.0" 304 - "-" "Sedu/1 CFNetwork/1402.0.8 Darwin/22.2.0"
::ffff:127.0.0.1 - - [05/May/2023:05:46:57 +0000] "GET /api/v1/users/me? HTTP/1.0" 401 283 "-" "Sedu/1 CFNetwork/1402.0.8 Darwin/22.2.0"
::ffff:127.0.0.1 - - [05/May/2023:05:46:57 +0000] "GET /api/v1/users/me? HTTP/1.0" 401 283 "-" "Sedu/1 CFNetwork/1402.0.8 Darwin/22.2.0"
::ffff:127.0.0.1 - - [05/May/2023:05:46:59 +0000] "POST /api/v1/users/invoice/64549817a4c26797f42728bf HTTP/1.0" 200 50 "-" "okhttp/4.9.2"
::1 - - [05/May/2023:05:46:59 +0000] "GET /api/v1/users/me? HTTP/1.0" 304 - "-" "okhttp/4.9.2"
::ffff:127.0.0.1 - - [05/May/2023:05:46:59 +0000] "GET /api/v1/wallets/64549853a4c26797f42728ee? HTTP/1.0" 200 16142 "-" "okhttp/4.9.2"
::1 - - [05/May/2023:05:47:00 +0000] "GET /api/v1/articles? HTTP/1.0" 200 318230 "-" "okhttp/4.9.2"
::ffff:127.0.0.1 - - [05/May/2023:05:47:00 +0000] "GET /api/v1/ads? HTTP/1.0" 304 - "-" "okhttp/4.9.2"
::1 - - [05/May/2023:05:47:03 +0000] "POST /api/v1/users/login HTTP/1.0" 200 503 "-" "Sedu/1 CFNetwork/1402.0.8 Darwin/22.2.0"
::ffff:127.0.0.1 - - [05/May/2023:05:47:03 +0000] "GET /api/v1/users/me? HTTP/1.0" 200 227 "-" "Sedu/1 CFNetwork/1402.0.8 Darwin/22.2.0"
::ffff:127.0.0.1 - - [05/May/2023:05:47:04 +0000] "GET /api/v1/ads? HTTP/1.0" 304 - "-" "Sedu/1 CFNetwork/1402.0.8 Darwin/22.2.0"
::1 - - [05/May/2023:05:47:04 +0000] "GET /api/v1/articles? HTTP/1.0" 304 - "-" "Sedu/1 CFNetwork/1402.0.8 Darwin/22.2.0"
::ffff:127.0.0.1 - - [05/May/2023:05:47:12 +0000] "GET /api/v1/users/me? HTTP/1.0" 200 231 "-" "okhttp/4.9.2"
::ffff:127.0.0.1 - - [05/May/2023:05:47:13 +0000] "GET /api/v1/ads? HTTP/1.0" 200 633 "-" "okhttp/4.9.2"
::1 - - [05/May/2023:05:47:13 +0000] "GET /api/v1/articles? HTTP/1.0" 200 318230 "-" "okhttp/4.9.2"
::ffff:127.0.0.1 - - [05/May/2023:05:47:14 +0000] "GET /api/v1/users/me? HTTP/1.0" 401 283 "-" "Sedu/1 CFNetwork/1402.0.8 Darwin/22.2.0"
::ffff:127.0.0.1 - - [05/May/2023:05:47:18 +0000] "GET /api/v1/users/me? HTTP/1.0" 304 - "-" "okhttp/4.9.2"
::ffff:127.0.0.1 - - [05/May/2023:05:47:32 +0000] "GET /api/v1/users/me? HTTP/1.0" 200 192 "-" "okhttp/4.9.2"
::ffff:127.0.0.1 - - [05/May/2023:05:47:32 +0000] "GET /api/v1/ads? HTTP/1.0" 200 633 "-" "okhttp/4.9.2"
::1 - - [05/May/2023:05:47:32 +0000] "GET /api/v1/articles? HTTP/1.0" 200 318230 "-" "okhttp/4.9.2"
::1 - - [05/May/2023:05:47:35 +0000] "POST /api/v1/users/register HTTP/1.0" 500 252 "-" "Sedu/1 CFNetwork/1402.0.8 Darwin/22.2.0"
::1 - - [05/May/2023:05:47:36 +0000] "GET /api/v1/articles/642d4fba7c1330814fb762d8? HTTP/1.0" 200 8079 "-" "okhttp/4.9.2"
::ffff:127.0.0.1 - - [05/May/2023:05:47:39 +0000] "GET /api/v1/users/me? HTTP/1.0" 304 - "-" "okhttp/4.9.2"
::ffff:127.0.0.1 - - [05/May/2023:05:47:48 +0000] "GET /api/v1/articles/642e2e6d7c1330814fb7646b? HTTP/1.0" 304 - "-" "okhttp/4.9.2"
::1 - - [05/May/2023:05:47:50 +0000] "GET /api/v1/users/me? HTTP/1.0" 200 231 "-" "okhttp/4.9.2"
::ffff:127.0.0.1 - - [05/May/2023:05:47:51 +0000] "GET /api/v1/articles? HTTP/1.0" 200 318230 "-" "okhttp/4.9.2"
::1 - - [05/May/2023:05:47:51 +0000] "GET /api/v1/ads? HTTP/1.0" 200 633 "-" "okhttp/4.9.2"
::1 - - [05/May/2023:05:47:56 +0000] "GET /api/v1/articles/642d4c587c1330814fb76297? HTTP/1.0" 200 22271 "-" "okhttp/4.9.2"
::ffff:127.0.0.1 - - [05/May/2023:05:48:02 +0000] "POST /api/v1/users/register HTTP/1.0" 200 462 "-" "Sedu/1 CFNetwork/1402.0.8 Darwin/22.2.0"
::1 - - [05/May/2023:05:48:02 +0000] "GET /api/v1/users/me? HTTP/1.0" 200 188 "-" "Sedu/1 CFNetwork/1402.0.8 Darwin/22.2.0"
::1 - - [05/May/2023:05:48:03 +0000] "GET /api/v1/articles/642e31187c1330814fb76474? HTTP/1.0" 200 3066 "-" "okhttp/4.9.2"
::ffff:127.0.0.1 - - [05/May/2023:05:48:09 +0000] "GET /api/v1/articles/642d59727c1330814fb76396? HTTP/1.0" 200 10552 "-" "okhttp/4.9.2"
::ffff:127.0.0.1 - - [05/May/2023:05:48:15 +0000] "GET /api/v1/users/logout? HTTP/1.0" 200 39 "-" "Sedu/1 CFNetwork/1402.0.8 Darwin/22.2.0"
::1 - - [05/May/2023:05:48:15 +0000] "GET /api/v1/users/me? HTTP/1.0" 401 283 "-" "Sedu/1 CFNetwork/1402.0.8 Darwin/22.2.0"
::ffff:127.0.0.1 - - [05/May/2023:05:48:16 +0000] "GET /api/v1/articles/642d581c7c1330814fb76387? HTTP/1.0" 200 7624 "-" "okhttp/4.9.2"
::1 - - [05/May/2023:05:48:18 +0000] "GET /api/v1/articles/642d56517c1330814fb7635e? HTTP/1.0" 304 - "-" "okhttp/4.9.2"
::1 - - [05/May/2023:05:48:30 +0000] "GET /api/v1/articles/642d55507c1330814fb76325? HTTP/1.0" 200 3439 "-" "okhttp/4.9.2"
::ffff:127.0.0.1 - - [05/May/2023:05:48:32 +0000] "GET /api/v1/users/logout? HTTP/1.0" 304 - "-" "okhttp/4.9.2"
::1 - - [05/May/2023:05:48:32 +0000] "GET /api/v1/articles? HTTP/1.0" 401 283 "-" "okhttp/4.9.2"
::ffff:127.0.0.1 - - [05/May/2023:05:48:32 +0000] "GET /api/v1/ads? HTTP/1.0" 304 - "-" "okhttp/4.9.2"
::1 - - [05/May/2023:05:48:33 +0000] "GET /api/v1/users/me? HTTP/1.0" 401 283 "-" "okhttp/4.9.2"
::ffff:127.0.0.1 - - [05/May/2023:05:48:33 +0000] "GET /api/v1/users/me? HTTP/1.0" 401 283 "-" "okhttp/4.9.2"
::ffff:127.0.0.1 - - [05/May/2023:05:48:35 +0000] "POST /api/v1/users/login HTTP/1.0" 200 462 "-" "Sedu/1 CFNetwork/1402.0.8 Darwin/22.2.0"
::1 - - [05/May/2023:05:48:35 +0000] "GET /api/v1/users/me? HTTP/1.0" 401 283 "-" "okhttp/4.9.2"
::ffff:127.0.0.1 - - [05/May/2023:05:48:35 +0000] "GET /api/v1/users/me? HTTP/1.0" 304 - "-" "Sedu/1 CFNetwork/1402.0.8 Darwin/22.2.0"
::1 - - [05/May/2023:05:48:37 +0000] "GET /api/v1/users/me? HTTP/1.0" 304 - "-" "Sedu/1 CFNetwork/1402.0.8 Darwin/22.2.0"
::ffff:127.0.0.1 - - [05/May/2023:05:48:39 +0000] "GET /api/v1/users/me? HTTP/1.0" 304 - "-" "okhttp/4.9.2"
::1 - - [05/May/2023:05:48:40 +0000] "GET /api/v1/articles/642e31187c1330814fb76474? HTTP/1.0" 304 - "-" "okhttp/4.9.2"
::1 - - [05/May/2023:05:48:40 +0000] "GET /api/v1/ads? HTTP/1.0" 304 - "-" "okhttp/4.9.2"
::ffff:127.0.0.1 - - [05/May/2023:05:48:40 +0000] "GET /api/v1/articles? HTTP/1.0" 304 - "-" "okhttp/4.9.2"
::1 - - [05/May/2023:05:48:42 +0000] "POST /api/v1/users/login HTTP/1.0" 200 466 "-" "okhttp/4.9.2"
::ffff:127.0.0.1 - - [05/May/2023:05:48:43 +0000] "GET /api/v1/users/me? HTTP/1.0" 304 - "-" "okhttp/4.9.2"
::ffff:127.0.0.1 - - [05/May/2023:05:48:43 +0000] "GET /api/v1/ads? HTTP/1.0" 304 - "-" "okhttp/4.9.2"
::1 - - [05/May/2023:05:48:43 +0000] "GET /api/v1/articles? HTTP/1.0" 304 - "-" "okhttp/4.9.2"
::1 - - [05/May/2023:05:48:47 +0000] "POST /api/v1/users/login HTTP/1.0" 401 123 "-" "okhttp/4.9.2"
::ffff:127.0.0.1 - - [05/May/2023:05:48:57 +0000] "POST /api/v1/users/login HTTP/1.0" 200 501 "-" "okhttp/4.9.2"
::1 - - [05/May/2023:05:48:57 +0000] "GET /api/v1/users/me? HTTP/1.0" 304 - "-" "okhttp/4.9.2"
::1 - - [05/May/2023:05:49:00 +0000] "GET /api/v1/users/me? HTTP/1.0" 304 - "-" "Sedu/1 CFNetwork/1399 Darwin/22.1.0"
::ffff:127.0.0.1 - - [05/May/2023:05:49:00 +0000] "GET /api/v1/ads? HTTP/1.0" 304 - "-" "Sedu/1 CFNetwork/1399 Darwin/22.1.0"
::ffff:127.0.0.1 - - [05/May/2023:05:49:00 +0000] "GET /api/v1/articles? HTTP/1.0" 304 - "-" "Sedu/1 CFNetwork/1399 Darwin/22.1.0"
::ffff:127.0.0.1 - - [05/May/2023:05:49:02 +0000] "GET /api/v1/articles/642d4ce07c1330814fb762a6? HTTP/1.0" 304 - "-" "Sedu/1 CFNetwork/1399 Darwin/22.1.0"
::1 - - [05/May/2023:05:49:02 +0000] "GET /api/v1/users/me? HTTP/1.0" 304 - "-" "okhttp/4.9.2"
::1 - - [05/May/2023:05:49:09 +0000] "GET /api/v1/articles/642d581c7c1330814fb76387? HTTP/1.0" 304 - "-" "okhttp/4.9.2"
::ffff:127.0.0.1 - - [05/May/2023:05:49:09 +0000] "POST /api/v1/users/invoice/645495eca4c26797f42727b8 HTTP/1.0" 200 50 "-" "okhttp/4.9.2"
::ffff:127.0.0.1 - - [05/May/2023:05:49:10 +0000] "GET /api/v1/wallets/645498d5a4c26797f4272945? HTTP/1.0" 200 16169 "-" "okhttp/4.9.2"
::1 - - [05/May/2023:05:49:19 +0000] "GET /api/v1/articles/642d7b217c1330814fb76434? HTTP/1.0" 200 4161 "-" "Sedu/1 CFNetwork/1406.0.4 Darwin/22.4.0"
::ffff:127.0.0.1 - - [05/May/2023:05:49:20 +0000] "GET /api/v1/articles/642d59727c1330814fb76396? HTTP/1.0" 200 10552 "-" "okhttp/4.9.2"
::1 - - [05/May/2023:05:49:32 +0000] "GET /api/v1/users/me? HTTP/1.0" 401 283 "-" "Sedu/1 CFNetwork/1399 Darwin/22.1.0"
::ffff:127.0.0.1 - - [05/May/2023:05:49:40 +0000] "GET /api/v1/users/me? HTTP/1.0" 304 - "-" "okhttp/4.9.2"
::1 - - [05/May/2023:05:49:42 +0000] "POST /api/v1/users/register HTTP/1.0" 500 248 "-" "Sedu/1 CFNetwork/1399 Darwin/22.1.0"
::ffff:127.0.0.1 - - [05/May/2023:05:49:48 +0000] "GET /api/v1/articles/642d4c587c1330814fb76297? HTTP/1.0" 304 - "-" "okhttp/4.9.2"
::1 - - [05/May/2023:05:49:48 +0000] "POST /api/v1/users/register HTTP/1.0" 500 247 "-" "Sedu/1 CFNetwork/1399 Darwin/22.1.0"
::ffff:127.0.0.1 - - [05/May/2023:05:49:55 +0000] "POST /api/v1/users/register HTTP/1.0" 500 247 "-" "Sedu/1 CFNetwork/1399 Darwin/22.1.0"
::1 - - [05/May/2023:05:50:01 +0000] "GET /api/v1/articles/642d55bf7c1330814fb76345? HTTP/1.0" 200 17984 "-" "okhttp/4.9.2"
::ffff:127.0.0.1 - - [05/May/2023:05:50:02 +0000] "GET /api/v1/articles/645328aba4c26797f426b363? HTTP/1.0" 200 5796 "-" "okhttp/4.9.2"
::1 - - [05/May/2023:05:50:10 +0000] "POST /api/v1/users/register HTTP/1.0" 500 248 "-" "Sedu/1 CFNetwork/1399 Darwin/22.1.0"
::ffff:127.0.0.1 - - [05/May/2023:05:50:15 +0000] "POST /api/v1/users/register HTTP/1.0" 200 462 "-" "Sedu/1 CFNetwork/1399 Darwin/22.1.0"
::1 - - [05/May/2023:05:50:15 +0000] "GET /api/v1/users/me? HTTP/1.0" 304 - "-" "okhttp/4.9.2"
::ffff:127.0.0.1 - - [05/May/2023:05:50:15 +0000] "GET /api/v1/users/me? HTTP/1.0" 200 188 "-" "Sedu/1 CFNetwork/1399 Darwin/22.1.0"
::1 - - [05/May/2023:05:50:15 +0000] "GET /api/v1/articles? HTTP/1.0" 200 318230 "-" "okhttp/4.9.2"
::ffff:127.0.0.1 - - [05/May/2023:05:50:15 +0000] "GET /api/v1/ads? HTTP/1.0" 304 - "-" "okhttp/4.9.2"
::1 - - [05/May/2023:05:50:18 +0000] "GET /api/v1/users/logout? HTTP/1.0" 200 39 "-" "Sedu/1 CFNetwork/1399 Darwin/22.1.0"
::ffff:127.0.0.1 - - [05/May/2023:05:50:19 +0000] "GET /api/v1/users/me? HTTP/1.0" 401 283 "-" "Sedu/1 CFNetwork/1399 Darwin/22.1.0"
::ffff:127.0.0.1 - - [05/May/2023:05:50:28 +0000] "POST /api/v1/users/login HTTP/1.0" 200 462 "-" "Sedu/1 CFNetwork/1399 Darwin/22.1.0"
::1 - - [05/May/2023:05:50:28 +0000] "GET /api/v1/users/me? HTTP/1.0" 304 - "-" "Sedu/1 CFNetwork/1399 Darwin/22.1.0"
::1 - - [05/May/2023:05:50:38 +0000] "GET /api/v1/articles/642d4c587c1330814fb76297? HTTP/1.0" 200 22271 "-" "okhttp/4.9.2"
::ffff:127.0.0.1 - - [05/May/2023:05:50:40 +0000] "POST /api/v1/users/invoice/64549916a4c26797f4272964 HTTP/1.0" 200 50 "-" "Sedu/1 CFNetwork/1399 Darwin/22.1.0"
::1 - - [05/May/2023:05:50:40 +0000] "GET /api/v1/wallets/64549930a4c26797f4272970? HTTP/1.0" 200 16290 "-" "Sedu/1 CFNetwork/1399 Darwin/22.1.0"
::ffff:127.0.0.1 - - [05/May/2023:05:50:41 +0000] "GET /api/v1/articles/642d55507c1330814fb76325? HTTP/1.0" 200 3439 "-" "okhttp/4.9.2"
::1 - - [05/May/2023:05:51:09 +0000] "GET /api/v1/users/me? HTTP/1.0" 401 283 "-" "Sedu/1 CFNetwork/1331.0.7 Darwin/21.4.0"
::ffff:127.0.0.1 - - [05/May/2023:05:51:19 +0000] "GET /api/v1/articles/642d55f77c1330814fb7634f? HTTP/1.0" 200 7052 "-" "okhttp/4.9.2"
::1 - - [05/May/2023:05:51:19 +0000] "GET /api/v1/users/me? HTTP/1.0" 401 283 "-" "Sedu/1 CFNetwork/1331.0.7 Darwin/21.4.0"
::1 - - [05/May/2023:05:52:02 +0000] "POST / HTTP/1.0" 404 140 "-" "Mozilla/5.0 (X11; Linux x86_64) AppleWebKit/537.36 (KHTML, like Gecko) Chrome/81.0.4044.129 Safari/537.36"
::ffff:127.0.0.1 - - [05/May/2023:05:52:03 +0000] "GET /.env HTTP/1.0" 404 143 "-" "Mozilla/5.0 (X11; Linux x86_64) AppleWebKit/537.36 (KHTML, like Gecko) Chrome/81.0.4044.129 Safari/537.36"
::1 - - [05/May/2023:05:52:11 +0000] "GET /api/v1/articles/642d4c587c1330814fb76297? HTTP/1.0" 304 - "-" "okhttp/4.9.2"
::ffff:127.0.0.1 - - [05/May/2023:05:52:13 +0000] "GET /api/v1/articles/642d4c587c1330814fb76297? HTTP/1.0" 304 - "-" "okhttp/4.9.2"
::1 - - [05/May/2023:05:52:23 +0000] "GET /api/v1/ads? HTTP/1.0" 304 - "-" "okhttp/4.9.2"
::1 - - [05/May/2023:05:52:23 +0000] "GET /api/v1/users/me? HTTP/1.0" 304 - "-" "okhttp/4.9.2"
::ffff:127.0.0.1 - - [05/May/2023:05:52:23 +0000] "GET /api/v1/users/me? HTTP/1.0" 304 - "-" "okhttp/4.9.2"
::ffff:127.0.0.1 - - [05/May/2023:05:52:23 +0000] "GET /api/v1/articles? HTTP/1.0" 304 - "-" "okhttp/4.9.2"
::1 - - [05/May/2023:05:52:31 +0000] "GET /api/v1/articles/642d55bf7c1330814fb76345? HTTP/1.0" 200 17984 "-" "okhttp/4.9.2"
::ffff:127.0.0.1 - - [05/May/2023:05:52:41 +0000] "GET /api/v1/articles/642d55f77c1330814fb7634f? HTTP/1.0" 304 - "-" "okhttp/4.9.2"
::1 - - [05/May/2023:05:52:49 +0000] "GET /api/v1/articles/642d56517c1330814fb7635e? HTTP/1.0" 304 - "-" "okhttp/4.9.2"
::ffff:127.0.0.1 - - [05/May/2023:05:52:56 +0000] "GET /api/v1/users/me? HTTP/1.0" 401 283 "-" "Sedu/1 CFNetwork/1331.0.7 Darwin/21.4.0"
::1 - - [05/May/2023:05:52:59 +0000] "GET /api/v1/articles/642d59727c1330814fb76396? HTTP/1.0" 200 10552 "-" "okhttp/4.9.2"
::ffff:127.0.0.1 - - [05/May/2023:05:54:25 +0000] "GET /api/v1/articles/642d4c587c1330814fb76297? HTTP/1.0" 200 22271 "-" "Sedu/1 CFNetwork/1399 Darwin/22.1.0"
::1 - - [05/May/2023:05:54:35 +0000] "GET /api/v1/users/me? HTTP/1.0" 401 283 "-" "okhttp/4.9.2"
::ffff:127.0.0.1 - - [05/May/2023:05:54:50 +0000] "GET /api/v1/users/me? HTTP/1.0" 304 - "-" "okhttp/4.9.2"
::ffff:127.0.0.1 - - [05/May/2023:05:54:51 +0000] "GET /api/v1/ads? HTTP/1.0" 304 - "-" "okhttp/4.9.2"
::1 - - [05/May/2023:05:54:51 +0000] "GET /api/v1/articles? HTTP/1.0" 304 - "-" "okhttp/4.9.2"
::1 - - [05/May/2023:05:54:56 +0000] "GET /api/v1/users/me? HTTP/1.0" 304 - "-" "okhttp/4.9.2"
::ffff:127.0.0.1 - - [05/May/2023:05:54:58 +0000] "GET /api/v1/users/logout? HTTP/1.0" 304 - "-" "okhttp/4.9.2"
::ffff:127.0.0.1 - - [05/May/2023:05:54:58 +0000] "GET /api/v1/articles? HTTP/1.0" 401 283 "-" "okhttp/4.9.2"
::1 - - [05/May/2023:05:54:58 +0000] "GET /api/v1/ads? HTTP/1.0" 304 - "-" "okhttp/4.9.2"
::1 - - [05/May/2023:05:54:58 +0000] "GET /api/v1/users/me? HTTP/1.0" 401 283 "-" "okhttp/4.9.2"
::ffff:127.0.0.1 - - [05/May/2023:05:54:58 +0000] "GET /api/v1/users/me? HTTP/1.0" 401 283 "-" "okhttp/4.9.2"
::1 - - [05/May/2023:05:55:09 +0000] "POST /api/v1/users/login HTTP/1.0" 200 466 "-" "okhttp/4.9.2"
::ffff:127.0.0.1 - - [05/May/2023:05:55:09 +0000] "GET /api/v1/users/me? HTTP/1.0" 304 - "-" "okhttp/4.9.2"
::ffff:127.0.0.1 - - [05/May/2023:05:55:09 +0000] "GET /api/v1/ads? HTTP/1.0" 304 - "-" "okhttp/4.9.2"
::1 - - [05/May/2023:05:55:10 +0000] "GET /api/v1/articles? HTTP/1.0" 304 - "-" "okhttp/4.9.2"
::1 - - [05/May/2023:05:55:21 +0000] "GET /api/v1/articles/642d4c587c1330814fb76297? HTTP/1.0" 304 - "-" "okhttp/4.9.2"
::ffff:127.0.0.1 - - [05/May/2023:05:55:42 +0000] "GET /api/v1/users/me? HTTP/1.0" 401 283 "-" "Sedu/1 CFNetwork/1329 Darwin/21.3.0"
::1 - - [05/May/2023:05:55:47 +0000] "GET /api/v1/articles/642d55507c1330814fb76325? HTTP/1.0" 200 3439 "-" "okhttp/4.9.2"
::ffff:127.0.0.1 - - [05/May/2023:05:56:46 +0000] "GET /api/v1/users/me? HTTP/1.0" 401 283 "-" "okhttp/4.9.2"
::ffff:127.0.0.1 - - [05/May/2023:05:57:25 +0000] "GET /api/v1/users/me? HTTP/1.0" 304 - "-" "okhttp/4.9.2"
::1 - - [05/May/2023:05:57:25 +0000] "GET /api/v1/ads? HTTP/1.0" 304 - "-" "okhttp/4.9.2"
::1 - - [05/May/2023:05:57:25 +0000] "GET /api/v1/articles? HTTP/1.0" 304 - "-" "okhttp/4.9.2"
::ffff:127.0.0.1 - - [05/May/2023:05:57:30 +0000] "GET /api/v1/users/me? HTTP/1.0" 401 283 "-" "okhttp/4.9.2"
::1 - - [05/May/2023:05:57:45 +0000] "GET /api/v1/articles/642d55f77c1330814fb7634f? HTTP/1.0" 304 - "-" "okhttp/4.9.2"
::ffff:127.0.0.1 - - [05/May/2023:05:57:50 +0000] "GET /api/v1/users/me? HTTP/1.0" 401 283 "-" "okhttp/4.9.2"
::1 - - [05/May/2023:05:58:01 +0000] "GET /api/v1/articles/642d55f77c1330814fb7634f? HTTP/1.0" 304 - "-" "okhttp/4.9.2"
::ffff:127.0.0.1 - - [05/May/2023:05:58:10 +0000] "POST /api/v1/users/register HTTP/1.0" 200 469 "-" "okhttp/4.9.2"
::1 - - [05/May/2023:05:58:11 +0000] "GET /api/v1/users/me? HTTP/1.0" 200 195 "-" "okhttp/4.9.2"
::ffff:127.0.0.1 - - [05/May/2023:05:58:17 +0000] "PUT /api/v1/articles/642d4c587c1330814fb76297/photo HTTP/1.0" 404 185 "-" "PostmanRuntime/7.32.2"
::1 - - [05/May/2023:05:58:20 +0000] "GET /api/v1/users/me? HTTP/1.0" 304 - "-" "okhttp/4.9.2"
::ffff:127.0.0.1 - - [05/May/2023:05:58:23 +0000] "POST /api/v1/users/invoice/64549af2a4c26797f42729a7 HTTP/1.0" 200 50 "-" "okhttp/4.9.2"
::1 - - [05/May/2023:05:58:23 +0000] "GET /api/v1/articles/642d55f77c1330814fb7634f? HTTP/1.0" 304 - "-" "okhttp/4.9.2"
::ffff:127.0.0.1 - - [05/May/2023:05:58:24 +0000] "GET /api/v1/wallets/64549affa4c26797f42729ac? HTTP/1.0" 200 16415 "-" "okhttp/4.9.2"
::1 - - [05/May/2023:05:58:34 +0000] "GET /api/v1/articles/642d56517c1330814fb7635e? HTTP/1.0" 200 16264 "-" "okhttp/4.9.2"
::1 - - [05/May/2023:05:58:56 +0000] "GET /api/v1/users/me? HTTP/1.0" 304 - "-" "Sedu/1 CFNetwork/1399 Darwin/22.1.0"
::ffff:127.0.0.1 - - [05/May/2023:05:58:56 +0000] "GET /api/v1/ads? HTTP/1.0" 304 - "-" "Sedu/1 CFNetwork/1399 Darwin/22.1.0"
::1 - - [05/May/2023:05:58:56 +0000] "GET /api/v1/articles/642d4c587c1330814fb76297? HTTP/1.0" 304 - "-" "Sedu/1 CFNetwork/1399 Darwin/22.1.0"
::ffff:127.0.0.1 - - [05/May/2023:05:58:56 +0000] "GET /api/v1/articles? HTTP/1.0" 304 - "-" "Sedu/1 CFNetwork/1399 Darwin/22.1.0"
::ffff:127.0.0.1 - - [05/May/2023:05:59:07 +0000] "GET /api/v1/users/me? HTTP/1.0" 304 - "-" "okhttp/4.9.2"
::1 - - [05/May/2023:05:59:07 +0000] "GET /api/v1/articles/642d56517c1330814fb7635e? HTTP/1.0" 304 - "-" "okhttp/4.9.2"
::ffff:127.0.0.1 - - [05/May/2023:05:59:07 +0000] "GET /api/v1/ads? HTTP/1.0" 304 - "-" "okhttp/4.9.2"
::1 - - [05/May/2023:05:59:07 +0000] "GET /api/v1/articles? HTTP/1.0" 304 - "-" "okhttp/4.9.2"
::ffff:127.0.0.1 - - [05/May/2023:05:59:16 +0000] "GET /api/v1/users/me? HTTP/1.0" 304 - "-" "okhttp/4.9.2"
::1 - - [05/May/2023:05:59:16 +0000] "GET /api/v1/articles? HTTP/1.0" 304 - "-" "okhttp/4.9.2"
::ffff:127.0.0.1 - - [05/May/2023:05:59:16 +0000] "GET /api/v1/ads? HTTP/1.0" 304 - "-" "okhttp/4.9.2"
::1 - - [05/May/2023:05:59:20 +0000] "GET /api/v1/users/me? HTTP/1.0" 304 - "-" "okhttp/4.9.2"
::ffff:127.0.0.1 - - [05/May/2023:05:59:21 +0000] "GET /api/v1/users/logout? HTTP/1.0" 304 - "-" "okhttp/4.9.2"
::ffff:127.0.0.1 - - [05/May/2023:05:59:21 +0000] "GET /api/v1/articles? HTTP/1.0" 401 283 "-" "okhttp/4.9.2"
::1 - - [05/May/2023:05:59:21 +0000] "GET /api/v1/ads? HTTP/1.0" 304 - "-" "okhttp/4.9.2"
::1 - - [05/May/2023:05:59:21 +0000] "GET /api/v1/users/me? HTTP/1.0" 401 283 "-" "okhttp/4.9.2"
::ffff:127.0.0.1 - - [05/May/2023:05:59:21 +0000] "GET /api/v1/users/me? HTTP/1.0" 401 283 "-" "okhttp/4.9.2"
::ffff:127.0.0.1 - - [05/May/2023:05:59:39 +0000] "PUT /api/v1/articles/642d4c587c1330814fb76297/upload-photo HTTP/1.0" 200 60 "-" "PostmanRuntime/7.32.2"
::1 - - [05/May/2023:05:59:45 +0000] "GET /api/v1/users/me? HTTP/1.0" 304 - "-" "okhttp/4.9.2"
::1 - - [05/May/2023:05:59:45 +0000] "GET /api/v1/ads? HTTP/1.0" 304 - "-" "okhttp/4.9.2"
::ffff:127.0.0.1 - - [05/May/2023:05:59:46 +0000] "GET /api/v1/articles? HTTP/1.0" 200 318230 "-" "okhttp/4.9.2"
::ffff:127.0.0.1 - - [05/May/2023:05:59:51 +0000] "GET /api/v1/users/me? HTTP/1.0" 304 - "-" "okhttp/4.9.2"
::1 - - [05/May/2023:05:59:52 +0000] "GET /api/v1/articles? HTTP/1.0" 304 - "-" "okhttp/4.9.2"
::ffff:127.0.0.1 - - [05/May/2023:05:59:52 +0000] "GET /api/v1/ads? HTTP/1.0" 304 - "-" "okhttp/4.9.2"
::ffff:127.0.0.1 - - [05/May/2023:06:00:27 +0000] "GET /api/v1/users/me? HTTP/1.0" 401 283 "-" "okhttp/4.9.2"
::1 - - [05/May/2023:06:00:30 +0000] "GET /api/v1/articles/642d4c587c1330814fb76297/upload-photo HTTP/1.0" 404 192 "-" "facebookexternalhit/1.1 (+http://www.facebook.com/externalhit_uatext.php)"
::ffff:127.0.0.1 - - [05/May/2023:06:00:32 +0000] "GET /api/v1/articles/642d4c587c1330814fb76297/upload-photo HTTP/1.0" 404 192 "-" "facebookexternalhit/1.1 (+http://www.facebook.com/externalhit_uatext.php)"
::1 - - [05/May/2023:06:00:37 +0000] "GET /api/v1/users/me? HTTP/1.0" 304 - "-" "okhttp/4.9.2"
::ffff:127.0.0.1 - - [05/May/2023:06:00:37 +0000] "GET /api/v1/ads? HTTP/1.0" 304 - "-" "okhttp/4.9.2"
::1 - - [05/May/2023:06:00:37 +0000] "GET /api/v1/articles? HTTP/1.0" 200 318230 "-" "okhttp/4.9.2"
::ffff:127.0.0.1 - - [05/May/2023:06:01:06 +0000] "GET /api/v1/users/me? HTTP/1.0" 401 283 "-" "Sedu/1 CFNetwork/1390 Darwin/22.0.0"
::1 - - [05/May/2023:06:02:00 +0000] "GET /api/v1/users/me? HTTP/1.0" 304 - "-" "okhttp/4.9.2"
::1 - - [05/May/2023:06:02:00 +0000] "GET /api/v1/ads? HTTP/1.0" 304 - "-" "okhttp/4.9.2"
::ffff:127.0.0.1 - - [05/May/2023:06:02:01 +0000] "GET /api/v1/articles? HTTP/1.0" 200 318230 "-" "okhttp/4.9.2"
::ffff:127.0.0.1 - - [05/May/2023:06:02:04 +0000] "GET /api/v1/users/me? HTTP/1.0" 401 283 "-" "Sedu/1 CFNetwork/1404.0.5 Darwin/22.3.0"
::1 - - [05/May/2023:06:02:13 +0000] "POST /api/v1/users/register HTTP/1.0" 200 461 "-" "Sedu/1 CFNetwork/1404.0.5 Darwin/22.3.0"
::ffff:127.0.0.1 - - [05/May/2023:06:02:13 +0000] "GET /api/v1/users/me? HTTP/1.0" 200 187 "-" "Sedu/1 CFNetwork/1404.0.5 Darwin/22.3.0"
::1 - - [05/May/2023:06:02:19 +0000] "GET /api/v1/users/logout? HTTP/1.0" 200 39 "-" "Sedu/1 CFNetwork/1404.0.5 Darwin/22.3.0"
::ffff:127.0.0.1 - - [05/May/2023:06:02:20 +0000] "GET /api/v1/users/me? HTTP/1.0" 401 283 "-" "Sedu/1 CFNetwork/1404.0.5 Darwin/22.3.0"
::1 - - [05/May/2023:06:02:28 +0000] "POST /api/v1/users/login HTTP/1.0" 200 461 "-" "Sedu/1 CFNetwork/1404.0.5 Darwin/22.3.0"
::ffff:127.0.0.1 - - [05/May/2023:06:02:28 +0000] "GET /api/v1/users/me? HTTP/1.0" 304 - "-" "Sedu/1 CFNetwork/1404.0.5 Darwin/22.3.0"
::1 - - [05/May/2023:06:02:30 +0000] "GET /api/v1/users/me? HTTP/1.0" 304 - "-" "Sedu/1 CFNetwork/1404.0.5 Darwin/22.3.0"
::ffff:127.0.0.1 - - [05/May/2023:06:02:35 +0000] "POST /api/v1/users/invoice/64549be5a4c26797f42729e9 HTTP/1.0" 200 50 "-" "Sedu/1 CFNetwork/1404.0.5 Darwin/22.3.0"
::1 - - [05/May/2023:06:02:35 +0000] "GET /api/v1/wallets/64549bfba4c26797f42729f0? HTTP/1.0" 200 16241 "-" "Sedu/1 CFNetwork/1404.0.5 Darwin/22.3.0"
::1 - - [05/May/2023:06:04:05 +0000] "GET /api/v1/users/me? HTTP/1.0" 401 283 "-" "Sedu/1 CFNetwork/1404.0.5 Darwin/22.3.0"
::ffff:127.0.0.1 - - [05/May/2023:06:04:20 +0000] "GET /api/v1/users/me? HTTP/1.0" 304 - "-" "okhttp/4.9.2"
::ffff:127.0.0.1 - - [05/May/2023:06:04:20 +0000] "GET /api/v1/ads? HTTP/1.0" 304 - "-" "okhttp/4.9.2"
::1 - - [05/May/2023:06:04:20 +0000] "GET /api/v1/articles? HTTP/1.0" 200 318230 "-" "okhttp/4.9.2"
::ffff:127.0.0.1 - - [05/May/2023:06:04:26 +0000] "POST /api/v1/users/register HTTP/1.0" 200 465 "-" "Sedu/1 CFNetwork/1404.0.5 Darwin/22.3.0"
::1 - - [05/May/2023:06:04:27 +0000] "GET /api/v1/users/me? HTTP/1.0" 200 191 "-" "Sedu/1 CFNetwork/1404.0.5 Darwin/22.3.0"
::ffff:127.0.0.1 - - [05/May/2023:06:04:37 +0000] "GET /api/v1/users/me? HTTP/1.0" 304 - "-" "Sedu/1 CFNetwork/1404.0.5 Darwin/22.3.0"
::1 - - [05/May/2023:06:04:41 +0000] "GET /api/v1/users/me? HTTP/1.0" 304 - "-" "Sedu/1 CFNetwork/1404.0.5 Darwin/22.3.0"
::ffff:127.0.0.1 - - [05/May/2023:06:04:44 +0000] "POST /api/v1/users/invoice/64549c6aa4c26797f4272a06 HTTP/1.0" 200 50 "-" "Sedu/1 CFNetwork/1404.0.5 Darwin/22.3.0"
::1 - - [05/May/2023:06:04:45 +0000] "GET /api/v1/wallets/64549c7ca4c26797f4272a0c? HTTP/1.0" 200 16497 "-" "Sedu/1 CFNetwork/1404.0.5 Darwin/22.3.0"
::1 - - [05/May/2023:06:04:48 +0000] "GET /api/v1/users/me? HTTP/1.0" 304 - "-" "Sedu/1 CFNetwork/1406.0.4 Darwin/22.4.0"
::ffff:127.0.0.1 - - [05/May/2023:06:04:48 +0000] "GET /api/v1/users/me? HTTP/1.0" 304 - "-" "Sedu/1 CFNetwork/1406.0.4 Darwin/22.4.0"
::1 - - [05/May/2023:06:04:48 +0000] "GET /api/v1/ads? HTTP/1.0" 304 - "-" "Sedu/1 CFNetwork/1406.0.4 Darwin/22.4.0"
::ffff:127.0.0.1 - - [05/May/2023:06:04:48 +0000] "GET /api/v1/articles? HTTP/1.0" 200 318230 "-" "Sedu/1 CFNetwork/1406.0.4 Darwin/22.4.0"
::1 - - [05/May/2023:06:04:54 +0000] "GET /api/v1/users/me? HTTP/1.0" 200 230 "-" "Sedu/1 CFNetwork/1404.0.5 Darwin/22.3.0"
::ffff:127.0.0.1 - - [05/May/2023:06:04:57 +0000] "GET /api/v1/users/logout? HTTP/1.0" 200 39 "-" "Sedu/1 CFNetwork/1404.0.5 Darwin/22.3.0"
::1 - - [05/May/2023:06:04:57 +0000] "GET /api/v1/users/me? HTTP/1.0" 401 283 "-" "Sedu/1 CFNetwork/1404.0.5 Darwin/22.3.0"
::ffff:127.0.0.1 - - [05/May/2023:06:05:03 +0000] "GET /api/v1/articles/642d4ce07c1330814fb762a6? HTTP/1.0" 200 10712 "-" "Sedu/1 CFNetwork/1406.0.4 Darwin/22.4.0"
::1 - - [05/May/2023:06:05:07 +0000] "GET /api/v1/articles/642e321a7c1330814fb7648b? HTTP/1.0" 304 - "-" "okhttp/4.9.2"
::ffff:127.0.0.1 - - [05/May/2023:06:05:09 +0000] "GET /api/v1/users/me? HTTP/1.0" 401 283 "-" "okhttp/4.9.2"
::1 - - [05/May/2023:06:05:17 +0000] "GET /api/v1/users/me? HTTP/1.0" 304 - "-" "Sedu/1 CFNetwork/1402.0.8 Darwin/22.2.0"
::1 - - [05/May/2023:06:05:17 +0000] "GET /api/v1/ads? HTTP/1.0" 304 - "-" "Sedu/1 CFNetwork/1402.0.8 Darwin/22.2.0"
::ffff:127.0.0.1 - - [05/May/2023:06:05:17 +0000] "GET /api/v1/articles? HTTP/1.0" 200 318230 "-" "Sedu/1 CFNetwork/1402.0.8 Darwin/22.2.0"
::1 - - [05/May/2023:06:05:56 +0000] "GET /api/v1/users/me? HTTP/1.0" 401 283 "-" "Sedu/1 CFNetwork/1325.0.1 Darwin/21.1.0"
::ffff:127.0.0.1 - - [05/May/2023:06:06:07 +0000] "POST /api/v1/users/register HTTP/1.0" 500 249 "-" "Sedu/1 CFNetwork/1325.0.1 Darwin/21.1.0"
::1 - - [05/May/2023:06:06:12 +0000] "GET /api/v1/users/me? HTTP/1.0" 401 283 "-" "okhttp/4.9.2"
::ffff:127.0.0.1 - - [05/May/2023:06:06:14 +0000] "POST /api/v1/users/register HTTP/1.0" 200 465 "-" "okhttp/4.9.2"
::1 - - [05/May/2023:06:06:14 +0000] "GET /api/v1/users/me? HTTP/1.0" 200 191 "-" "okhttp/4.9.2"
::1 - - [05/May/2023:06:06:17 +0000] "GET /api/v1/users/me? HTTP/1.0" 401 283 "-" "okhttp/4.9.2"
::ffff:127.0.0.1 - - [05/May/2023:06:06:21 +0000] "POST /api/v1/users/login HTTP/1.0" 401 123 "-" "Sedu/1 CFNetwork/1325.0.1 Darwin/21.1.0"
::1 - - [05/May/2023:06:06:22 +0000] "POST /api/v1/users/login HTTP/1.0" 401 123 "-" "Sedu/1 CFNetwork/1325.0.1 Darwin/21.1.0"
::ffff:127.0.0.1 - - [05/May/2023:06:06:23 +0000] "POST /api/v1/users/login HTTP/1.0" 401 123 "-" "Sedu/1 CFNetwork/1325.0.1 Darwin/21.1.0"
::1 - - [05/May/2023:06:06:28 +0000] "GET /api/v1/articles/64532f9ea4c26797f426b446? HTTP/1.0" 304 - "-" "Sedu/1 CFNetwork/1406.0.4 Darwin/22.4.0"
::ffff:127.0.0.1 - - [05/May/2023:06:06:37 +0000] "GET /api/v1/users/me? HTTP/1.0" 401 283 "-" "Sedu/1 CFNetwork/1399 Darwin/22.1.0"
::1 - - [05/May/2023:06:06:39 +0000] "POST /api/v1/users/register HTTP/1.0" 500 255 "-" "Sedu/1 CFNetwork/1325.0.1 Darwin/21.1.0"
::ffff:127.0.0.1 - - [05/May/2023:06:06:41 +0000] "POST /api/v1/users/register HTTP/1.0" 500 255 "-" "Sedu/1 CFNetwork/1325.0.1 Darwin/21.1.0"
::1 - - [05/May/2023:06:06:45 +0000] "GET /api/v1/users/me? HTTP/1.0" 304 - "-" "okhttp/4.9.2"
::ffff:127.0.0.1 - - [05/May/2023:06:07:03 +0000] "POST /api/v1/users/register HTTP/1.0" 500 248 "-" "Sedu/1 CFNetwork/1399 Darwin/22.1.0"
::1 - - [05/May/2023:06:07:13 +0000] "POST /api/v1/users/invoice/64549cd5a4c26797f4272a2d HTTP/1.0" 200 50 "-" "okhttp/4.9.2"
::ffff:127.0.0.1 - - [05/May/2023:06:07:14 +0000] "GET /api/v1/wallets/64549d11a4c26797f4272a3c? HTTP/1.0" 200 16333 "-" "okhttp/4.9.2"
::1 - - [05/May/2023:06:07:44 +0000] "POST /api/v1/users/register HTTP/1.0" 200 468 "-" "Sedu/1 CFNetwork/1399 Darwin/22.1.0"
::ffff:127.0.0.1 - - [05/May/2023:06:07:44 +0000] "GET /api/v1/users/me? HTTP/1.0" 200 194 "-" "Sedu/1 CFNetwork/1399 Darwin/22.1.0"
::1 - - [05/May/2023:06:08:09 +0000] "GET /api/v1/users/me? HTTP/1.0" 304 - "-" "Sedu/1 CFNetwork/1333.0.4 Darwin/21.5.0"
::1 - - [05/May/2023:06:08:09 +0000] "GET /api/v1/ads? HTTP/1.0" 304 - "-" "Sedu/1 CFNetwork/1333.0.4 Darwin/21.5.0"
::ffff:127.0.0.1 - - [05/May/2023:06:08:09 +0000] "GET /api/v1/articles? HTTP/1.0" 200 318230 "-" "Sedu/1 CFNetwork/1333.0.4 Darwin/21.5.0"
::ffff:127.0.0.1 - - [05/May/2023:06:08:16 +0000] "GET /api/v1/articles/642d4efb7c1330814fb762cf? HTTP/1.0" 200 10129 "-" "Sedu/1 CFNetwork/1333.0.4 Darwin/21.5.0"
::1 - - [05/May/2023:06:08:16 +0000] "GET /api/v1/users/me? HTTP/1.0" 401 283 "-" "okhttp/4.9.2"
::ffff:127.0.0.1 - - [05/May/2023:06:08:23 +0000] "GET /api/v1/users/me? HTTP/1.0" 304 - "-" "Sedu/1 CFNetwork/1399 Darwin/22.1.0"
::1 - - [05/May/2023:06:08:29 +0000] "GET /api/v1/users/me? HTTP/1.0" 401 283 "-" "okhttp/4.9.2"
::ffff:127.0.0.1 - - [05/May/2023:06:08:57 +0000] "GET /api/v1/users/me? HTTP/1.0" 304 - "-" "Sedu/1 CFNetwork/1333.0.4 Darwin/21.5.0"
::1 - - [05/May/2023:06:08:57 +0000] "GET /api/v1/articles/642d4efb7c1330814fb762cf? HTTP/1.0" 304 - "-" "Sedu/1 CFNetwork/1333.0.4 Darwin/21.5.0"
::1 - - [05/May/2023:06:08:57 +0000] "GET /api/v1/ads? HTTP/1.0" 304 - "-" "Sedu/1 CFNetwork/1333.0.4 Darwin/21.5.0"
::ffff:127.0.0.1 - - [05/May/2023:06:08:57 +0000] "GET /api/v1/articles? HTTP/1.0" 304 - "-" "Sedu/1 CFNetwork/1333.0.4 Darwin/21.5.0"
::1 - - [05/May/2023:06:09:09 +0000] "GET /api/v1/articles/642d55507c1330814fb76325? HTTP/1.0" 304 - "-" "Sedu/1 CFNetwork/1333.0.4 Darwin/21.5.0"
::ffff:127.0.0.1 - - [05/May/2023:06:09:23 +0000] "GET /api/v1/users/me? HTTP/1.0" 401 283 "-" "Sedu/1 CFNetwork/1335.0.3 Darwin/21.6.0"
::1 - - [05/May/2023:06:09:24 +0000] "POST /api/v1/users/invoice/64549d2fa4c26797f4272a4d HTTP/1.0" 200 50 "-" "Sedu/1 CFNetwork/1399 Darwin/22.1.0"
::ffff:127.0.0.1 - - [05/May/2023:06:09:25 +0000] "GET /api/v1/wallets/64549d94a4c26797f4272a5f? HTTP/1.0" 200 16291 "-" "Sedu/1 CFNetwork/1399 Darwin/22.1.0"
::1 - - [05/May/2023:06:09:40 +0000] "GET /api/v1/articles/642d56517c1330814fb7635e? HTTP/1.0" 304 - "-" "Sedu/1 CFNetwork/1333.0.4 Darwin/21.5.0"
::ffff:127.0.0.1 - - [05/May/2023:06:09:42 +0000] "POST /api/v1/users/register HTTP/1.0" 500 251 "-" "Sedu/1 CFNetwork/1335.0.3 Darwin/21.6.0"
::1 - - [05/May/2023:06:09:56 +0000] "POST /api/v1/users/register HTTP/1.0" 200 465 "-" "Sedu/1 CFNetwork/1335.0.3 Darwin/21.6.0"
::ffff:127.0.0.1 - - [05/May/2023:06:09:56 +0000] "GET /api/v1/users/me? HTTP/1.0" 200 191 "-" "Sedu/1 CFNetwork/1335.0.3 Darwin/21.6.0"
::1 - - [05/May/2023:06:10:03 +0000] "GET /api/v1/users/me? HTTP/1.0" 304 - "-" "Sedu/1 CFNetwork/1335.0.3 Darwin/21.6.0"
::ffff:127.0.0.1 - - [05/May/2023:06:10:13 +0000] "GET /api/v1/users/logout? HTTP/1.0" 200 39 "-" "Sedu/1 CFNetwork/1335.0.3 Darwin/21.6.0"
::1 - - [05/May/2023:06:10:13 +0000] "GET /api/v1/users/me? HTTP/1.0" 401 283 "-" "Sedu/1 CFNetwork/1335.0.3 Darwin/21.6.0"
::ffff:127.0.0.1 - - [05/May/2023:06:10:23 +0000] "GET /api/v1/users/me? HTTP/1.0" 401 283 "-" "Sedu/1 CFNetwork/1404.0.5 Darwin/22.3.0"
::1 - - [05/May/2023:06:10:28 +0000] "POST /api/v1/users/login HTTP/1.0" 401 123 "-" "Sedu/1 CFNetwork/1335.0.3 Darwin/21.6.0"
::ffff:127.0.0.1 - - [05/May/2023:06:11:04 +0000] "POST /api/v1/users/register HTTP/1.0" 200 468 "-" "Sedu/1 CFNetwork/1404.0.5 Darwin/22.3.0"
::1 - - [05/May/2023:06:11:04 +0000] "GET /api/v1/users/me? HTTP/1.0" 200 194 "-" "Sedu/1 CFNetwork/1404.0.5 Darwin/22.3.0"
::ffff:127.0.0.1 - - [05/May/2023:06:11:15 +0000] "GET /api/v1/users/callbacks/64549d2fa4c26797f4272a4d/20000?qpay_payment_id=059586882017815 HTTP/1.0" 200 233 "-" "node-fetch/1.0 (+https://github.com/bitinn/node-fetch)"
::1 - - [05/May/2023:06:11:18 +0000] "GET /api/v1/users/logout? HTTP/1.0" 200 39 "-" "Sedu/1 CFNetwork/1404.0.5 Darwin/22.3.0"
::ffff:127.0.0.1 - - [05/May/2023:06:11:18 +0000] "GET /api/v1/users/me? HTTP/1.0" 401 283 "-" "Sedu/1 CFNetwork/1404.0.5 Darwin/22.3.0"
::1 - - [05/May/2023:06:11:20 +0000] "GET /api/v1/users/me? HTTP/1.0" 401 283 "-" "okhttp/4.9.2"
::ffff:127.0.0.1 - - [05/May/2023:06:11:27 +0000] "GET /api/v1/users/me? HTTP/1.0" 200 233 "-" "Sedu/1 CFNetwork/1399 Darwin/22.1.0"
::1 - - [05/May/2023:06:11:27 +0000] "GET /api/v1/wallets/64549d94a4c26797f4272a5f? HTTP/1.0" 304 - "-" "Sedu/1 CFNetwork/1399 Darwin/22.1.0"
::ffff:127.0.0.1 - - [05/May/2023:06:11:33 +0000] "POST /api/v1/users/register HTTP/1.0" 500 248 "-" "okhttp/4.9.2"
::1 - - [05/May/2023:06:11:37 +0000] "GET /api/v1/users/logout? HTTP/1.0" 200 39 "-" "Sedu/1 CFNetwork/1399 Darwin/22.1.0"
::ffff:127.0.0.1 - - [05/May/2023:06:11:37 +0000] "GET /api/v1/users/me? HTTP/1.0" 401 283 "-" "Sedu/1 CFNetwork/1399 Darwin/22.1.0"
::1 - - [05/May/2023:06:11:40 +0000] "POST /api/v1/users/register HTTP/1.0" 200 464 "-" "okhttp/4.9.2"
::ffff:127.0.0.1 - - [05/May/2023:06:11:40 +0000] "GET /api/v1/users/me? HTTP/1.0" 200 190 "-" "okhttp/4.9.2"
::1 - - [05/May/2023:06:11:49 +0000] "POST /api/v1/users/login HTTP/1.0" 200 507 "-" "Sedu/1 CFNetwork/1399 Darwin/22.1.0"
::ffff:127.0.0.1 - - [05/May/2023:06:11:49 +0000] "GET /api/v1/users/me? HTTP/1.0" 304 - "-" "Sedu/1 CFNetwork/1399 Darwin/22.1.0"
::1 - - [05/May/2023:06:11:50 +0000] "GET /api/v1/articles? HTTP/1.0" 200 318230 "-" "Sedu/1 CFNetwork/1399 Darwin/22.1.0"
::ffff:127.0.0.1 - - [05/May/2023:06:11:50 +0000] "GET /api/v1/ads? HTTP/1.0" 200 633 "-" "Sedu/1 CFNetwork/1399 Darwin/22.1.0"
::ffff:127.0.0.1 - - [05/May/2023:06:11:53 +0000] "GET /api/v1/users/me? HTTP/1.0" 304 - "-" "okhttp/4.9.2"
::1 - - [05/May/2023:06:12:04 +0000] "POST /api/v1/users/invoice/64549e1ba4c26797f4272a81 HTTP/1.0" 200 50 "-" "okhttp/4.9.2"
::ffff:127.0.0.1 - - [05/May/2023:06:12:04 +0000] "GET /api/v1/wallets/64549e33a4c26797f4272a8c? HTTP/1.0" 200 16384 "-" "okhttp/4.9.2"
::1 - - [05/May/2023:06:12:13 +0000] "GET /api/v1/articles/64532f9ea4c26797f426b446? HTTP/1.0" 200 5699 "-" "Sedu/1 CFNetwork/1399 Darwin/22.1.0"
::ffff:127.0.0.1 - - [05/May/2023:06:12:38 +0000] "GET /api/v1/users/me? HTTP/1.0" 401 283 "-" "Sedu/1 CFNetwork/1406.0.4 Darwin/22.4.0"
::1 - - [05/May/2023:06:12:57 +0000] "POST /api/v1/users/register HTTP/1.0" 500 248 "-" "Sedu/1 CFNetwork/1406.0.4 Darwin/22.4.0"
::ffff:127.0.0.1 - - [05/May/2023:06:12:58 +0000] "GET /api/v1/articles/642d4c587c1330814fb76297/upload-photo?fbclid=IwAR1S7VKcO16NIO4VVy5B05OeMA1lEwhqlC7YASd3F3inNqW4kgYvx0aPFK4 HTTP/1.0" 404 192 "https://l.facebook.com/" "Mozilla/5.0 (Windows NT 10.0; Win64; x64) AppleWebKit/537.36 (KHTML, like Gecko) Chrome/112.0.0.0 Safari/537.36"
::1 - - [05/May/2023:06:13:10 +0000] "GET /api/v1/users/me? HTTP/1.0" 304 - "-" "Sedu/1 CFNetwork/1399 Darwin/22.1.0"
::1 - - [05/May/2023:06:13:10 +0000] "GET /api/v1/ads? HTTP/1.0" 304 - "-" "Sedu/1 CFNetwork/1399 Darwin/22.1.0"
::1 - - [05/May/2023:06:13:10 +0000] "GET /api/v1/articles/642d4c587c1330814fb76297? HTTP/1.0" 200 22271 "-" "Sedu/1 CFNetwork/1399 Darwin/22.1.0"
::ffff:127.0.0.1 - - [05/May/2023:06:13:10 +0000] "GET /api/v1/articles? HTTP/1.0" 200 318230 "-" "Sedu/1 CFNetwork/1399 Darwin/22.1.0"
::ffff:127.0.0.1 - - [05/May/2023:06:13:11 +0000] "POST /api/v1/users/register HTTP/1.0" 200 464 "-" "Sedu/1 CFNetwork/1406.0.4 Darwin/22.4.0"
::1 - - [05/May/2023:06:13:11 +0000] "GET /api/v1/users/me? HTTP/1.0" 200 190 "-" "Sedu/1 CFNetwork/1406.0.4 Darwin/22.4.0"
::ffff:127.0.0.1 - - [05/May/2023:06:13:15 +0000] "GET /api/v1/users/me? HTTP/1.0" 304 - "-" "Sedu/1 CFNetwork/1402.0.8 Darwin/22.2.0"
::1 - - [05/May/2023:06:13:15 +0000] "GET /api/v1/ads? HTTP/1.0" 304 - "-" "Sedu/1 CFNetwork/1402.0.8 Darwin/22.2.0"
::1 - - [05/May/2023:06:13:15 +0000] "GET /api/v1/articles? HTTP/1.0" 304 - "-" "Sedu/1 CFNetwork/1402.0.8 Darwin/22.2.0"
::ffff:127.0.0.1 - - [05/May/2023:06:13:20 +0000] "GET /api/v1/articles/642d4c587c1330814fb76297? HTTP/1.0" 200 22271 "-" "Sedu/1 CFNetwork/1402.0.8 Darwin/22.2.0"
::1 - - [05/May/2023:06:13:22 +0000] "GET /api/v1/users/logout? HTTP/1.0" 200 39 "-" "Sedu/1 CFNetwork/1406.0.4 Darwin/22.4.0"
::ffff:127.0.0.1 - - [05/May/2023:06:13:22 +0000] "GET /api/v1/users/me? HTTP/1.0" 401 283 "-" "Sedu/1 CFNetwork/1406.0.4 Darwin/22.4.0"
::ffff:127.0.0.1 - - [05/May/2023:06:13:31 +0000] "GET /api/v1/users/me? HTTP/1.0" 304 - "-" "Sedu/1 CFNetwork/1402.0.8 Darwin/22.2.0"
::1 - - [05/May/2023:06:14:10 +0000] "GET /api/v1/users/me? HTTP/1.0" 304 - "-" "Sedu/1 CFNetwork/1406.0.4 Darwin/22.4.0"
::1 - - [05/May/2023:06:14:10 +0000] "GET /api/v1/ads? HTTP/1.0" 304 - "-" "Sedu/1 CFNetwork/1406.0.4 Darwin/22.4.0"
::ffff:127.0.0.1 - - [05/May/2023:06:14:11 +0000] "GET /api/v1/articles? HTTP/1.0" 200 318230 "-" "Sedu/1 CFNetwork/1406.0.4 Darwin/22.4.0"
::ffff:127.0.0.1 - - [05/May/2023:06:14:12 +0000] "GET /api/v1/users/me? HTTP/1.0" 304 - "-" "Sedu/1 CFNetwork/1406.0.4 Darwin/22.4.0"
::1 - - [05/May/2023:06:14:40 +0000] "GET /api/v1/users/me? HTTP/1.0" 401 283 "-" "okhttp/4.9.2"
::ffff:127.0.0.1 - - [05/May/2023:06:15:06 +0000] "POST /api/v1/users/login HTTP/1.0" 200 504 "-" "okhttp/4.9.2"
::1 - - [05/May/2023:06:15:06 +0000] "GET /api/v1/users/me? HTTP/1.0" 304 - "-" "okhttp/4.9.2"
::ffff:127.0.0.1 - - [05/May/2023:06:15:07 +0000] "GET /api/v1/articles? HTTP/1.0" 200 318230 "-" "okhttp/4.9.2"
::1 - - [05/May/2023:06:15:07 +0000] "GET /api/v1/ads? HTTP/1.0" 304 - "-" "okhttp/4.9.2"
::1 - - [05/May/2023:06:15:13 +0000] "PUT /api/v1/articles/642d4c587c1330814fb76297/upload-photo HTTP/1.0" 200 60 "-" "PostmanRuntime/7.32.2"
::ffff:127.0.0.1 - - [05/May/2023:06:15:17 +0000] "GET /api/v1/users/me? HTTP/1.0" 304 - "-" "Sedu/1 CFNetwork/1402.0.8 Darwin/22.2.0"
::1 - - [05/May/2023:06:15:17 +0000] "GET /api/v1/users/me? HTTP/1.0" 304 - "-" "Sedu/1 CFNetwork/1402.0.8 Darwin/22.2.0"
::1 - - [05/May/2023:06:15:17 +0000] "GET /api/v1/ads? HTTP/1.0" 304 - "-" "Sedu/1 CFNetwork/1402.0.8 Darwin/22.2.0"
::ffff:127.0.0.1 - - [05/May/2023:06:15:17 +0000] "GET /api/v1/articles? HTTP/1.0" 200 318230 "-" "Sedu/1 CFNetwork/1402.0.8 Darwin/22.2.0"
::ffff:127.0.0.1 - - [05/May/2023:06:15:39 +0000] "PUT /api/v1/articles/642d4c587c1330814fb76297/upload-photo HTTP/1.0" 200 60 "-" "PostmanRuntime/7.32.2"
::1 - - [05/May/2023:06:15:43 +0000] "GET /api/v1/users/me? HTTP/1.0" 304 - "-" "okhttp/4.9.2"
::ffff:127.0.0.1 - - [05/May/2023:06:15:43 +0000] "GET /api/v1/articles? HTTP/1.0" 200 318230 "-" "okhttp/4.9.2"
::1 - - [05/May/2023:06:15:43 +0000] "GET /api/v1/ads? HTTP/1.0" 304 - "-" "okhttp/4.9.2"
::ffff:127.0.0.1 - - [05/May/2023:06:15:45 +0000] "GET /api/v1/articles/642d4c587c1330814fb76297? HTTP/1.0" 200 22271 "-" "Sedu/1 CFNetwork/1402.0.8 Darwin/22.2.0"
::1 - - [05/May/2023:06:15:54 +0000] "GET /api/v1/articles/642e3f507c1330814fb764ef? HTTP/1.0" 304 - "-" "okhttp/4.9.2"
::ffff:127.0.0.1 - - [05/May/2023:06:15:55 +0000] "GET /api/v1/articles/642d4c587c1330814fb76297? HTTP/1.0" 304 - "-" "Sedu/1 CFNetwork/1402.0.8 Darwin/22.2.0"
::1 - - [05/May/2023:06:15:57 +0000] "GET /api/v1/users/me? HTTP/1.0" 304 - "-" "okhttp/4.9.2"
::ffff:127.0.0.1 - - [05/May/2023:06:16:13 +0000] "GET /api/v1/users/me? HTTP/1.0" 304 - "-" "okhttp/4.9.2"
::1 - - [05/May/2023:06:16:18 +0000] "GET /api/v1/users/logout? HTTP/1.0" 304 - "-" "okhttp/4.9.2"
::1 - - [05/May/2023:06:16:18 +0000] "GET /api/v1/users/me? HTTP/1.0" 401 283 "-" "okhttp/4.9.2"
::ffff:127.0.0.1 - - [05/May/2023:06:16:18 +0000] "GET /api/v1/articles? HTTP/1.0" 401 283 "-" "okhttp/4.9.2"
::ffff:127.0.0.1 - - [05/May/2023:06:16:18 +0000] "GET /api/v1/ads? HTTP/1.0" 304 - "-" "okhttp/4.9.2"
::1 - - [05/May/2023:06:16:19 +0000] "GET /api/v1/users/me? HTTP/1.0" 401 283 "-" "okhttp/4.9.2"
::ffff:127.0.0.1 - - [05/May/2023:06:16:52 +0000] "GET /api/v1/users/me? HTTP/1.0" 200 227 "-" "okhttp/4.9.2"
