::ffff:127.0.0.1 - - [10/Jun/2023:03:34:52 +0000] "GET /api/v1/wallets/6483ef5ca32e8316d8266aa8? HTTP/1.0" 200 16286 "-" "Sedu/1 CFNetwork/1402.0.8 Darwin/22.2.0"
::1 - - [10/Jun/2023:03:34:59 +0000] "GET /api/v1/users/me? HTTP/1.0" 401 283 "-" "Sedu/1 CFNetwork/1335.0.3 Darwin/21.6.0"
::ffff:127.0.0.1 - - [10/Jun/2023:03:35:31 +0000] "GET /api/v1/users/me? HTTP/1.0" 200 231 "-" "Sedu/1 CFNetwork/1402.0.8 Darwin/22.2.0"
::1 - - [10/Jun/2023:03:35:35 +0000] "POST /api/v1/users/invoice/6483ef32a32e8316d8266a9f HTTP/1.0" 200 50 "-" "Sedu/1 CFNetwork/1402.0.8 Darwin/22.2.0"
::ffff:127.0.0.1 - - [10/Jun/2023:03:35:35 +0000] "GET /api/v1/wallets/6483ef87a32e8316d8266abb? HTTP/1.0" 200 16158 "-" "Sedu/1 CFNetwork/1402.0.8 Darwin/22.2.0"
::ffff:127.0.0.1 - - [10/Jun/2023:03:36:06 +0000] "GET /api/v1/users/me? HTTP/1.0" 304 - "-" "Sedu/1 CFNetwork/1408.0.4 Darwin/22.5.0"
::ffff:127.0.0.1 - - [10/Jun/2023:03:36:06 +0000] "GET /api/v1/users/me? HTTP/1.0" 304 - "-" "Sedu/1 CFNetwork/1408.0.4 Darwin/22.5.0"
::1 - - [10/Jun/2023:03:36:06 +0000] "GET /api/v1/ads? HTTP/1.0" 304 - "-" "Sedu/1 CFNetwork/1408.0.4 Darwin/22.5.0"
::1 - - [10/Jun/2023:03:36:06 +0000] "GET /api/v1/articles? HTTP/1.0" 304 - "-" "Sedu/1 CFNetwork/1408.0.4 Darwin/22.5.0"
::ffff:127.0.0.1 - - [10/Jun/2023:03:36:08 +0000] "GET /api/v1/users/callbacks/6483ef32a32e8316d8266a9f/20000?qpay_payment_id=448443213283759 HTTP/1.0" 200 231 "-" "node-fetch/1.0 (+https://github.com/bitinn/node-fetch)"
::ffff:127.0.0.1 - - [10/Jun/2023:03:36:15 +0000] "GET /api/v1/users/me? HTTP/1.0" 200 231 "-" "Sedu/1 CFNetwork/1402.0.8 Darwin/22.2.0"
::1 - - [10/Jun/2023:03:36:15 +0000] "GET /api/v1/wallets/6483ef87a32e8316d8266abb? HTTP/1.0" 304 - "-" "Sedu/1 CFNetwork/1402.0.8 Darwin/22.2.0"
::1 - - [10/Jun/2023:03:36:18 +0000] "POST /api/v1/users/invoice/6483ef32a32e8316d8266a9f HTTP/1.0" 200 50 "-" "Sedu/1 CFNetwork/1402.0.8 Darwin/22.2.0"
::ffff:127.0.0.1 - - [10/Jun/2023:03:36:18 +0000] "GET /api/v1/wallets/6483efb2a32e8316d8266ad7? HTTP/1.0" 200 16289 "-" "Sedu/1 CFNetwork/1402.0.8 Darwin/22.2.0"
::1 - - [10/Jun/2023:03:36:22 +0000] "GET /api/v1/users/logout? HTTP/1.0" 304 - "-" "Sedu/1 CFNetwork/1402.0.8 Darwin/22.2.0"
::ffff:127.0.0.1 - - [10/Jun/2023:03:36:22 +0000] "GET /api/v1/users/me? HTTP/1.0" 401 283 "-" "Sedu/1 CFNetwork/1402.0.8 Darwin/22.2.0"
::1 - - [10/Jun/2023:03:36:33 +0000] "POST /api/v1/users/login HTTP/1.0" 200 505 "-" "Sedu/1 CFNetwork/1402.0.8 Darwin/22.2.0"
::ffff:127.0.0.1 - - [10/Jun/2023:03:36:34 +0000] "GET /api/v1/users/me? HTTP/1.0" 200 231 "-" "Sedu/1 CFNetwork/1402.0.8 Darwin/22.2.0"
::ffff:127.0.0.1 - - [10/Jun/2023:03:36:34 +0000] "GET /api/v1/ads? HTTP/1.0" 200 633 "-" "Sedu/1 CFNetwork/1402.0.8 Darwin/22.2.0"
::1 - - [10/Jun/2023:03:36:34 +0000] "GET /api/v1/articles? HTTP/1.0" 200 432680 "-" "Sedu/1 CFNetwork/1402.0.8 Darwin/22.2.0"
::1 - - [10/Jun/2023:03:36:47 +0000] "GET /api/v1/articles/642d56517c1330814fb7635e? HTTP/1.0" 200 16235 "-" "Sedu/1 CFNetwork/1402.0.8 Darwin/22.2.0"
::ffff:127.0.0.1 - - [10/Jun/2023:03:37:00 +0000] "GET /api/v1/articles/642d4c587c1330814fb76297? HTTP/1.0" 200 22271 "-" "Sedu/1 CFNetwork/1402.0.8 Darwin/22.2.0"
::1 - - [10/Jun/2023:03:37:23 +0000] "GET /api/v1/users/me? HTTP/1.0" 304 - "-" "Sedu/1 CFNetwork/1402.0.8 Darwin/22.2.0"
::ffff:127.0.0.1 - - [10/Jun/2023:03:37:23 +0000] "GET /api/v1/users/me? HTTP/1.0" 401 283 "-" "Sedu/1 CFNetwork/1408.0.4 Darwin/22.5.0"
::1 - - [10/Jun/2023:03:37:32 +0000] "GET /api/v1/articles/642d581c7c1330814fb76387? HTTP/1.0" 200 7596 "-" "Sedu/1 CFNetwork/1402.0.8 Darwin/22.2.0"
::ffff:127.0.0.1 - - [10/Jun/2023:03:37:42 +0000] "GET /api/v1/users/me? HTTP/1.0" 304 - "-" "Sedu/1 CFNetwork/1408.0.4 Darwin/22.5.0"
::ffff:127.0.0.1 - - [10/Jun/2023:03:37:42 +0000] "GET /api/v1/ads? HTTP/1.0" 304 - "-" "Sedu/1 CFNetwork/1408.0.4 Darwin/22.5.0"
::1 - - [10/Jun/2023:03:37:42 +0000] "GET /api/v1/articles? HTTP/1.0" 304 - "-" "Sedu/1 CFNetwork/1408.0.4 Darwin/22.5.0"
::ffff:127.0.0.1 - - [10/Jun/2023:03:37:46 +0000] "GET /api/v1/users/me? HTTP/1.0" 304 - "-" "Sedu/1 CFNetwork/1408.0.4 Darwin/22.5.0"
::1 - - [10/Jun/2023:03:37:55 +0000] "POST /api/v1/users/register HTTP/1.0" 200 463 "-" "Sedu/1 CFNetwork/1408.0.4 Darwin/22.5.0"
::ffff:127.0.0.1 - - [10/Jun/2023:03:37:55 +0000] "GET /api/v1/users/me? HTTP/1.0" 200 189 "-" "Sedu/1 CFNetwork/1408.0.4 Darwin/22.5.0"
::1 - - [10/Jun/2023:03:38:01 +0000] "GET /api/v1/users/me? HTTP/1.0" 304 - "-" "Sedu/1 CFNetwork/1408.0.4 Darwin/22.5.0"
::ffff:127.0.0.1 - - [10/Jun/2023:03:38:07 +0000] "GET /api/v1/users/me? HTTP/1.0" 401 283 "-" "Sedu/1 CFNetwork/1406.0.4 Darwin/22.4.0"
::1 - - [10/Jun/2023:03:38:07 +0000] "GET /api/v1/users/logout? HTTP/1.0" 200 39 "-" "Sedu/1 CFNetwork/1408.0.4 Darwin/22.5.0"
::ffff:127.0.0.1 - - [10/Jun/2023:03:38:08 +0000] "GET /api/v1/users/me? HTTP/1.0" 401 283 "-" "Sedu/1 CFNetwork/1408.0.4 Darwin/22.5.0"
::1 - - [10/Jun/2023:03:38:27 +0000] "POST /api/v1/users/register HTTP/1.0" 200 464 "-" "Sedu/1 CFNetwork/1406.0.4 Darwin/22.4.0"
::ffff:127.0.0.1 - - [10/Jun/2023:03:38:28 +0000] "GET /api/v1/users/me? HTTP/1.0" 200 190 "-" "Sedu/1 CFNetwork/1406.0.4 Darwin/22.4.0"
::1 - - [10/Jun/2023:03:38:45 +0000] "GET /api/v1/users/me? HTTP/1.0" 304 - "-" "Sedu/1 CFNetwork/1406.0.4 Darwin/22.4.0"
::ffff:127.0.0.1 - - [10/Jun/2023:03:38:52 +0000] "GET /api/v1/users/me? HTTP/1.0" 401 283 "-" "Sedu/1 CFNetwork/1406.0.4 Darwin/22.4.0"
::1 - - [10/Jun/2023:03:39:04 +0000] "POST /api/v1/users/register HTTP/1.0" 500 248 "-" "Sedu/1 CFNetwork/1406.0.4 Darwin/22.4.0"
::1 - - [10/Jun/2023:03:39:11 +0000] "GET /api/v1/articles/642d59727c1330814fb76396? HTTP/1.0" 200 10524 "-" "Sedu/1 CFNetwork/1402.0.8 Darwin/22.2.0"
::ffff:127.0.0.1 - - [10/Jun/2023:03:39:19 +0000] "POST /api/v1/users/invoice/6483f033a32e8316d8266afc HTTP/1.0" 200 50 "-" "Sedu/1 CFNetwork/1406.0.4 Darwin/22.4.0"
::1 - - [10/Jun/2023:03:39:20 +0000] "GET /api/v1/wallets/6483f067a32e8316d8266b04? HTTP/1.0" 200 16228 "-" "Sedu/1 CFNetwork/1406.0.4 Darwin/22.4.0"
::ffff:127.0.0.1 - - [10/Jun/2023:03:39:24 +0000] "GET /api/v1/users/me? HTTP/1.0" 200 229 "-" "Sedu/1 CFNetwork/1406.0.4 Darwin/22.4.0"
::1 - - [10/Jun/2023:03:39:24 +0000] "GET /api/v1/wallets/6483f067a32e8316d8266b04? HTTP/1.0" 304 - "-" "Sedu/1 CFNetwork/1406.0.4 Darwin/22.4.0"
::ffff:127.0.0.1 - - [10/Jun/2023:03:39:29 +0000] "POST /api/v1/users/register HTTP/1.0" 500 248 "-" "Sedu/1 CFNetwork/1406.0.4 Darwin/22.4.0"
::1 - - [10/Jun/2023:03:39:39 +0000] "POST /api/v1/users/register HTTP/1.0" 200 467 "-" "Sedu/1 CFNetwork/1406.0.4 Darwin/22.4.0"
::ffff:127.0.0.1 - - [10/Jun/2023:03:39:39 +0000] "GET /api/v1/users/me? HTTP/1.0" 200 193 "-" "Sedu/1 CFNetwork/1406.0.4 Darwin/22.4.0"
::1 - - [10/Jun/2023:03:39:55 +0000] "GET /api/v1/users/me? HTTP/1.0" 304 - "-" "Sedu/1 CFNetwork/1406.0.4 Darwin/22.4.0"
::ffff:127.0.0.1 - - [10/Jun/2023:03:40:01 +0000] "POST /api/v1/users/invoice/6483f07ba32e8316d8266b19 HTTP/1.0" 200 50 "-" "Sedu/1 CFNetwork/1406.0.4 Darwin/22.4.0"
::1 - - [10/Jun/2023:03:40:01 +0000] "GET /api/v1/wallets/6483f091a32e8316d8266b1e? HTTP/1.0" 200 16315 "-" "Sedu/1 CFNetwork/1406.0.4 Darwin/22.4.0"
::ffff:127.0.0.1 - - [10/Jun/2023:03:40:11 +0000] "GET /api/v1/users/me? HTTP/1.0" 200 232 "-" "Sedu/1 CFNetwork/1406.0.4 Darwin/22.4.0"
::1 - - [10/Jun/2023:03:40:11 +0000] "GET /api/v1/wallets/6483f091a32e8316d8266b1e? HTTP/1.0" 304 - "-" "Sedu/1 CFNetwork/1406.0.4 Darwin/22.4.0"
::ffff:127.0.0.1 - - [10/Jun/2023:03:40:14 +0000] "GET /api/v1/users/logout? HTTP/1.0" 200 39 "-" "Sedu/1 CFNetwork/1406.0.4 Darwin/22.4.0"
::1 - - [10/Jun/2023:03:40:14 +0000] "GET /api/v1/users/me? HTTP/1.0" 401 283 "-" "Sedu/1 CFNetwork/1406.0.4 Darwin/22.4.0"
::ffff:127.0.0.1 - - [10/Jun/2023:03:40:22 +0000] "GET /api/v1/users/me? HTTP/1.0" 401 283 "-" "Sedu/1 CFNetwork/1406.0.4 Darwin/22.4.0"
::1 - - [10/Jun/2023:03:40:42 +0000] "GET /api/v1/users/me? HTTP/1.0" 304 - "-" "Sedu/1 CFNetwork/1406.0.4 Darwin/22.4.0"
::ffff:127.0.0.1 - - [10/Jun/2023:03:40:42 +0000] "GET /api/v1/wallets/6483f067a32e8316d8266b04? HTTP/1.0" 304 - "-" "Sedu/1 CFNetwork/1406.0.4 Darwin/22.4.0"
::1 - - [10/Jun/2023:03:41:01 +0000] "GET /api/v1/users/me? HTTP/1.0" 401 283 "-" "Sedu/1 CFNetwork/1335.0.3 Darwin/21.6.0"
::ffff:127.0.0.1 - - [10/Jun/2023:03:41:03 +0000] "GET /api/v1/users/callbacks/6483f033a32e8316d8266afc/20000?qpay_payment_id=468838288393826 HTTP/1.0" 200 229 "-" "node-fetch/1.0 (+https://github.com/bitinn/node-fetch)"
::ffff:127.0.0.1 - - [10/Jun/2023:03:41:07 +0000] "GET /api/v1/users/me? HTTP/1.0" 200 229 "-" "Sedu/1 CFNetwork/1406.0.4 Darwin/22.4.0"
::1 - - [10/Jun/2023:03:41:07 +0000] "GET /api/v1/wallets/6483f067a32e8316d8266b04? HTTP/1.0" 304 - "-" "Sedu/1 CFNetwork/1406.0.4 Darwin/22.4.0"
::1 - - [10/Jun/2023:03:41:19 +0000] "POST /api/v1/users/invoice/6483f033a32e8316d8266afc HTTP/1.0" 200 50 "-" "Sedu/1 CFNetwork/1406.0.4 Darwin/22.4.0"
::ffff:127.0.0.1 - - [10/Jun/2023:03:41:19 +0000] "GET /api/v1/wallets/6483f0dfa32e8316d8266b38? HTTP/1.0" 200 16208 "-" "Sedu/1 CFNetwork/1406.0.4 Darwin/22.4.0"
::1 - - [10/Jun/2023:03:41:37 +0000] "GET /api/v1/users/logout? HTTP/1.0" 200 39 "-" "Sedu/1 CFNetwork/1406.0.4 Darwin/22.4.0"
::ffff:127.0.0.1 - - [10/Jun/2023:03:41:37 +0000] "GET /api/v1/users/me? HTTP/1.0" 401 283 "-" "Sedu/1 CFNetwork/1406.0.4 Darwin/22.4.0"
::1 - - [10/Jun/2023:03:41:48 +0000] "POST /api/v1/users/login HTTP/1.0" 200 503 "-" "Sedu/1 CFNetwork/1406.0.4 Darwin/22.4.0"
::ffff:127.0.0.1 - - [10/Jun/2023:03:41:48 +0000] "GET /api/v1/users/me? HTTP/1.0" 200 229 "-" "Sedu/1 CFNetwork/1406.0.4 Darwin/22.4.0"
::ffff:127.0.0.1 - - [10/Jun/2023:03:41:49 +0000] "GET /api/v1/ads? HTTP/1.0" 200 633 "-" "Sedu/1 CFNetwork/1406.0.4 Darwin/22.4.0"
::1 - - [10/Jun/2023:03:41:49 +0000] "GET /api/v1/articles? HTTP/1.0" 200 432680 "-" "Sedu/1 CFNetwork/1406.0.4 Darwin/22.4.0"
::1 - - [10/Jun/2023:03:41:54 +0000] "GET /api/v1/users/me? HTTP/1.0" 401 283 "-" "Sedu/1 CFNetwork/1406.0.4 Darwin/22.4.0"
::ffff:127.0.0.1 - - [10/Jun/2023:03:42:08 +0000] "POST /api/v1/users/login HTTP/1.0" 401 123 "-" "Sedu/1 CFNetwork/1406.0.4 Darwin/22.4.0"
::1 - - [10/Jun/2023:03:42:09 +0000] "GET /api/v1/users/me? HTTP/1.0" 304 - "-" "Sedu/1 CFNetwork/1406.0.4 Darwin/22.4.0"
::1 - - [10/Jun/2023:03:42:28 +0000] "GET /api/v1/articles/642d7be67c1330814fb7643d? HTTP/1.0" 200 5356 "-" "Sedu/1 CFNetwork/1402.0.8 Darwin/22.2.0"
::ffff:127.0.0.1 - - [10/Jun/2023:03:42:30 +0000] "POST /api/v1/users/register HTTP/1.0" 500 249 "-" "Sedu/1 CFNetwork/1406.0.4 Darwin/22.4.0"
::1 - - [10/Jun/2023:03:42:36 +0000] "GET /api/v1/users/me? HTTP/1.0" 401 283 "-" "Sedu/1 CFNetwork/1335.0.3 Darwin/21.6.0"
::ffff:127.0.0.1 - - [10/Jun/2023:03:42:39 +0000] "POST /api/v1/users/register HTTP/1.0" 200 467 "-" "Sedu/1 CFNetwork/1406.0.4 Darwin/22.4.0"
::1 - - [10/Jun/2023:03:42:39 +0000] "GET /api/v1/users/me? HTTP/1.0" 200 193 "-" "Sedu/1 CFNetwork/1406.0.4 Darwin/22.4.0"
::ffff:127.0.0.1 - - [10/Jun/2023:03:42:41 +0000] "GET /api/v1/articles/642e2e6d7c1330814fb7646b? HTTP/1.0" 200 1619 "-" "Sedu/1 CFNetwork/1402.0.8 Darwin/22.2.0"
::1 - - [10/Jun/2023:03:42:45 +0000] "GET /api/v1/users/me? HTTP/1.0" 304 - "-" "Sedu/1 CFNetwork/1406.0.4 Darwin/22.4.0"
::ffff:127.0.0.1 - - [10/Jun/2023:03:42:51 +0000] "POST /api/v1/users/invoice/6483f12fa32e8316d8266b54 HTTP/1.0" 200 50 "-" "Sedu/1 CFNetwork/1406.0.4 Darwin/22.4.0"
::1 - - [10/Jun/2023:03:42:51 +0000] "GET /api/v1/wallets/6483f13ba32e8316d8266b5a? HTTP/1.0" 200 16163 "-" "Sedu/1 CFNetwork/1406.0.4 Darwin/22.4.0"
::ffff:127.0.0.1 - - [10/Jun/2023:03:43:30 +0000] "GET /api/v1/users/callbacks/6483f12fa32e8316d8266b54/20000?qpay_payment_id=334921452851378 HTTP/1.0" 200 232 "-" "node-fetch/1.0 (+https://github.com/bitinn/node-fetch)"
::1 - - [10/Jun/2023:03:43:39 +0000] "GET /api/v1/users/me? HTTP/1.0" 200 232 "-" "Sedu/1 CFNetwork/1406.0.4 Darwin/22.4.0"
::ffff:127.0.0.1 - - [10/Jun/2023:03:43:39 +0000] "GET /api/v1/wallets/6483f13ba32e8316d8266b5a? HTTP/1.0" 304 - "-" "Sedu/1 CFNetwork/1406.0.4 Darwin/22.4.0"
::1 - - [10/Jun/2023:03:43:42 +0000] "POST /api/v1/users/invoice/6483f12fa32e8316d8266b54 HTTP/1.0" 200 50 "-" "Sedu/1 CFNetwork/1406.0.4 Darwin/22.4.0"
::ffff:127.0.0.1 - - [10/Jun/2023:03:43:42 +0000] "GET /api/v1/wallets/6483f16ea32e8316d8266b70? HTTP/1.0" 200 16235 "-" "Sedu/1 CFNetwork/1406.0.4 Darwin/22.4.0"
::ffff:127.0.0.1 - - [10/Jun/2023:03:43:43 +0000] "GET /api/v1/users/me? HTTP/1.0" 500 117 "-" "Sedu/1 CFNetwork/1408.0.4 Darwin/22.5.0"
::1 - - [10/Jun/2023:03:43:43 +0000] "GET /api/v1/articles? HTTP/1.0" 500 117 "-" "Sedu/1 CFNetwork/1408.0.4 Darwin/22.5.0"
::1 - - [10/Jun/2023:03:43:43 +0000] "GET /api/v1/users/me? HTTP/1.0" 500 117 "-" "Sedu/1 CFNetwork/1408.0.4 Darwin/22.5.0"
::ffff:127.0.0.1 - - [10/Jun/2023:03:43:43 +0000] "GET /api/v1/ads? HTTP/1.0" 304 - "-" "Sedu/1 CFNetwork/1408.0.4 Darwin/22.5.0"
::1 - - [10/Jun/2023:03:43:48 +0000] "GET /api/v1/users/logout? HTTP/1.0" 200 39 "-" "Sedu/1 CFNetwork/1406.0.4 Darwin/22.4.0"
::ffff:127.0.0.1 - - [10/Jun/2023:03:43:48 +0000] "GET /api/v1/users/me? HTTP/1.0" 401 283 "-" "Sedu/1 CFNetwork/1406.0.4 Darwin/22.4.0"
::1 - - [10/Jun/2023:03:43:54 +0000] "GET /api/v1/articles/6460657ba32e8316d822e39d? HTTP/1.0" 200 5291 "-" "Sedu/1 CFNetwork/1402.0.8 Darwin/22.2.0"
::1 - - [10/Jun/2023:03:43:59 +0000] "POST /api/v1/users/login HTTP/1.0" 200 506 "-" "Sedu/1 CFNetwork/1406.0.4 Darwin/22.4.0"
::ffff:127.0.0.1 - - [10/Jun/2023:03:44:00 +0000] "GET /api/v1/users/me? HTTP/1.0" 200 232 "-" "Sedu/1 CFNetwork/1406.0.4 Darwin/22.4.0"
::ffff:127.0.0.1 - - [10/Jun/2023:03:44:00 +0000] "GET /api/v1/ads? HTTP/1.0" 200 633 "-" "Sedu/1 CFNetwork/1406.0.4 Darwin/22.4.0"
::1 - - [10/Jun/2023:03:44:00 +0000] "GET /api/v1/articles? HTTP/1.0" 200 432680 "-" "Sedu/1 CFNetwork/1406.0.4 Darwin/22.4.0"
::ffff:127.0.0.1 - - [10/Jun/2023:03:44:10 +0000] "GET /api/v1/users/me? HTTP/1.0" 500 117 "-" "Sedu/1 CFNetwork/1408.0.4 Darwin/22.5.0"
::1 - - [10/Jun/2023:03:44:53 +0000] "GET /api/v1/users/me? HTTP/1.0" 401 283 "-" "Sedu/1 CFNetwork/1335.0.3 Darwin/21.6.0"
::ffff:127.0.0.1 - - [10/Jun/2023:03:45:02 +0000] "GET /api/v1/articles/64607a73a32e8316d822e51b? HTTP/1.0" 200 8468 "-" "Sedu/1 CFNetwork/1402.0.8 Darwin/22.2.0"
::1 - - [10/Jun/2023:03:45:34 +0000] "GET /api/v1/users/logout? HTTP/1.0" 304 - "-" "Sedu/1 CFNetwork/1402.0.8 Darwin/22.2.0"
::ffff:127.0.0.1 - - [10/Jun/2023:03:45:35 +0000] "GET /api/v1/articles? HTTP/1.0" 401 283 "-" "Sedu/1 CFNetwork/1402.0.8 Darwin/22.2.0"
::1 - - [10/Jun/2023:03:45:35 +0000] "GET /api/v1/users/me? HTTP/1.0" 401 283 "-" "Sedu/1 CFNetwork/1402.0.8 Darwin/22.2.0"
::ffff:127.0.0.1 - - [10/Jun/2023:03:45:35 +0000] "GET /api/v1/users/me? HTTP/1.0" 401 283 "-" "Sedu/1 CFNetwork/1402.0.8 Darwin/22.2.0"
::1 - - [10/Jun/2023:03:45:35 +0000] "GET /api/v1/ads? HTTP/1.0" 304 - "-" "Sedu/1 CFNetwork/1402.0.8 Darwin/22.2.0"
::1 - - [10/Jun/2023:03:45:38 +0000] "GET /api/v1/users/me? HTTP/1.0" 401 283 "-" "Sedu/1 CFNetwork/1402.0.8 Darwin/22.2.0"
::ffff:127.0.0.1 - - [10/Jun/2023:03:45:55 +0000] "POST /api/v1/users/login HTTP/1.0" 200 505 "-" "Sedu/1 CFNetwork/1402.0.8 Darwin/22.2.0"
::1 - - [10/Jun/2023:03:45:55 +0000] "GET /api/v1/users/me? HTTP/1.0" 304 - "-" "Sedu/1 CFNetwork/1402.0.8 Darwin/22.2.0"
::1 - - [10/Jun/2023:03:45:55 +0000] "GET /api/v1/ads? HTTP/1.0" 304 - "-" "Sedu/1 CFNetwork/1402.0.8 Darwin/22.2.0"
::ffff:127.0.0.1 - - [10/Jun/2023:03:45:55 +0000] "GET /api/v1/articles? HTTP/1.0" 304 - "-" "Sedu/1 CFNetwork/1402.0.8 Darwin/22.2.0"
::1 - - [10/Jun/2023:03:46:00 +0000] "GET /api/v1/users/me? HTTP/1.0" 304 - "-" "Sedu/1 CFNetwork/1402.0.8 Darwin/22.2.0"
::1 - - [10/Jun/2023:03:46:32 +0000] "GET /api/v1/users/me? HTTP/1.0" 401 283 "-" "Sedu/1 CFNetwork/1404.0.5 Darwin/22.3.0"
::ffff:127.0.0.1 - - [10/Jun/2023:03:46:51 +0000] "GET /api/v1/users/me? HTTP/1.0" 401 283 "-" "Sedu/1 CFNetwork/1335.0.3 Darwin/21.6.0"
::1 - - [10/Jun/2023:03:46:53 +0000] "POST /api/v1/users/register HTTP/1.0" 200 464 "-" "Sedu/1 CFNetwork/1404.0.5 Darwin/22.3.0"
::ffff:127.0.0.1 - - [10/Jun/2023:03:46:53 +0000] "GET /api/v1/users/me? HTTP/1.0" 200 190 "-" "Sedu/1 CFNetwork/1404.0.5 Darwin/22.3.0"
::1 - - [10/Jun/2023:03:47:05 +0000] "GET /api/v1/users/me? HTTP/1.0" 304 - "-" "Sedu/1 CFNetwork/1404.0.5 Darwin/22.3.0"
::ffff:127.0.0.1 - - [10/Jun/2023:03:47:18 +0000] "POST /api/v1/users/invoice/6483f22da32e8316d8266b94 HTTP/1.0" 200 50 "-" "Sedu/1 CFNetwork/1404.0.5 Darwin/22.3.0"
::1 - - [10/Jun/2023:03:47:18 +0000] "GET /api/v1/wallets/6483f246a32e8316d8266b99? HTTP/1.0" 200 15884 "-" "Sedu/1 CFNetwork/1404.0.5 Darwin/22.3.0"
::ffff:127.0.0.1 - - [10/Jun/2023:03:49:28 +0000] "GET /api/v1/users/me? HTTP/1.0" 401 283 "-" "Sedu/1 CFNetwork/1399 Darwin/22.1.0"
::ffff:127.0.0.1 - - [10/Jun/2023:03:49:41 +0000] "GET /api/v1/users/me? HTTP/1.0" 304 - "-" "Sedu/1 CFNetwork/1402.0.8 Darwin/22.2.0"
::1 - - [10/Jun/2023:03:49:41 +0000] "GET /api/v1/users/me? HTTP/1.0" 304 - "-" "Sedu/1 CFNetwork/1402.0.8 Darwin/22.2.0"
::ffff:127.0.0.1 - - [10/Jun/2023:03:49:41 +0000] "GET /api/v1/ads? HTTP/1.0" 304 - "-" "Sedu/1 CFNetwork/1402.0.8 Darwin/22.2.0"
::1 - - [10/Jun/2023:03:49:42 +0000] "GET /api/v1/articles? HTTP/1.0" 304 - "-" "Sedu/1 CFNetwork/1402.0.8 Darwin/22.2.0"
::1 - - [10/Jun/2023:03:49:43 +0000] "GET /api/v1/articles/642d4c587c1330814fb76297? HTTP/1.0" 304 - "-" "Sedu/1 CFNetwork/1402.0.8 Darwin/22.2.0"
::ffff:127.0.0.1 - - [10/Jun/2023:03:49:54 +0000] "POST /api/v1/users/register HTTP/1.0" 200 468 "-" "Sedu/1 CFNetwork/1399 Darwin/22.1.0"
::1 - - [10/Jun/2023:03:49:54 +0000] "GET /api/v1/users/me? HTTP/1.0" 200 194 "-" "Sedu/1 CFNetwork/1399 Darwin/22.1.0"
::ffff:127.0.0.1 - - [10/Jun/2023:03:50:02 +0000] "GET /api/v1/users/me? HTTP/1.0" 304 - "-" "Sedu/1 CFNetwork/1399 Darwin/22.1.0"
::1 - - [10/Jun/2023:03:50:06 +0000] "GET /api/v1/users/me? HTTP/1.0" 304 - "-" "Sedu/1 CFNetwork/1399 Darwin/22.1.0"
::ffff:127.0.0.1 - - [10/Jun/2023:03:50:07 +0000] "POST /api/v1/users/invoice/6483f2e2a32e8316d8266bb1 HTTP/1.0" 200 50 "-" "Sedu/1 CFNetwork/1399 Darwin/22.1.0"
::1 - - [10/Jun/2023:03:50:07 +0000] "GET /api/v1/wallets/6483f2efa32e8316d8266bb7? HTTP/1.0" 200 16272 "-" "Sedu/1 CFNetwork/1399 Darwin/22.1.0"
::ffff:127.0.0.1 - - [10/Jun/2023:03:51:43 +0000] "GET /api/v1/articles/642d4efb7c1330814fb762cf? HTTP/1.0" 200 10100 "-" "Sedu/1 CFNetwork/1402.0.8 Darwin/22.2.0"
::1 - - [10/Jun/2023:03:51:53 +0000] "GET /api/v1/articles/642d55507c1330814fb76325? HTTP/1.0" 200 3410 "-" "Sedu/1 CFNetwork/1402.0.8 Darwin/22.2.0"
::ffff:127.0.0.1 - - [10/Jun/2023:03:52:18 +0000] "GET /api/v1/articles/642d55bf7c1330814fb76345? HTTP/1.0" 200 17955 "-" "Sedu/1 CFNetwork/1402.0.8 Darwin/22.2.0"
::1 - - [10/Jun/2023:03:53:35 +0000] "GET /api/v1/users/me? HTTP/1.0" 401 283 "-" "Sedu/1 CFNetwork/1408.0.4 Darwin/22.5.0"
::ffff:127.0.0.1 - - [10/Jun/2023:03:53:55 +0000] "POST /api/v1/users/register HTTP/1.0" 500 246 "-" "Sedu/1 CFNetwork/1408.0.4 Darwin/22.5.0"
::1 - - [10/Jun/2023:03:54:09 +0000] "GET /api/v1/users/me? HTTP/1.0" 401 283 "-" "Sedu/1 CFNetwork/1402.0.8 Darwin/22.2.0"
::ffff:127.0.0.1 - - [10/Jun/2023:03:54:14 +0000] "POST /api/v1/users/register HTTP/1.0" 200 463 "-" "Sedu/1 CFNetwork/1408.0.4 Darwin/22.5.0"
::1 - - [10/Jun/2023:03:54:14 +0000] "GET /api/v1/users/me? HTTP/1.0" 200 189 "-" "Sedu/1 CFNetwork/1408.0.4 Darwin/22.5.0"
::ffff:127.0.0.1 - - [10/Jun/2023:03:54:25 +0000] "GET /api/v1/articles/642d56517c1330814fb7635e? HTTP/1.0" 304 - "-" "Sedu/1 CFNetwork/1402.0.8 Darwin/22.2.0"
::1 - - [10/Jun/2023:03:54:31 +0000] "GET /api/v1/users/me? HTTP/1.0" 304 - "-" "Sedu/1 CFNetwork/1408.0.4 Darwin/22.5.0"
::ffff:127.0.0.1 - - [10/Jun/2023:03:54:32 +0000] "POST /api/v1/users/register HTTP/1.0" 500 246 "-" "Sedu/1 CFNetwork/1402.0.8 Darwin/22.2.0"
::1 - - [10/Jun/2023:03:54:45 +0000] "POST /api/v1/users/register HTTP/1.0" 200 469 "-" "Sedu/1 CFNetwork/1402.0.8 Darwin/22.2.0"
::ffff:127.0.0.1 - - [10/Jun/2023:03:54:45 +0000] "GET /api/v1/users/me? HTTP/1.0" 200 195 "-" "Sedu/1 CFNetwork/1402.0.8 Darwin/22.2.0"
::1 - - [10/Jun/2023:03:54:47 +0000] "POST /api/v1/users/invoice/6483f3e5a32e8316d8266bcd HTTP/1.0" 200 50 "-" "Sedu/1 CFNetwork/1408.0.4 Darwin/22.5.0"
::ffff:127.0.0.1 - - [10/Jun/2023:03:54:47 +0000] "GET /api/v1/wallets/6483f407a32e8316d8266bd8? HTTP/1.0" 200 16158 "-" "Sedu/1 CFNetwork/1408.0.4 Darwin/22.5.0"
::1 - - [10/Jun/2023:03:54:58 +0000] "GET /api/v1/users/me? HTTP/1.0" 304 - "-" "Sedu/1 CFNetwork/1402.0.8 Darwin/22.2.0"
::ffff:127.0.0.1 - - [10/Jun/2023:03:55:04 +0000] "POST /api/v1/users/invoice/6483f405a32e8316d8266bd4 HTTP/1.0" 200 50 "-" "Sedu/1 CFNetwork/1402.0.8 Darwin/22.2.0"
::1 - - [10/Jun/2023:03:55:04 +0000] "GET /api/v1/wallets/6483f418a32e8316d8266beb? HTTP/1.0" 200 16291 "-" "Sedu/1 CFNetwork/1402.0.8 Darwin/22.2.0"
::ffff:127.0.0.1 - - [10/Jun/2023:03:55:16 +0000] "GET /api/v1/users/logout? HTTP/1.0" 200 39 "-" "Sedu/1 CFNetwork/1402.0.8 Darwin/22.2.0"
::1 - - [10/Jun/2023:03:55:16 +0000] "GET /api/v1/users/me? HTTP/1.0" 401 283 "-" "Sedu/1 CFNetwork/1402.0.8 Darwin/22.2.0"
::ffff:127.0.0.1 - - [10/Jun/2023:03:55:29 +0000] "GET /api/v1/users/callbacks/6483f3e5a32e8316d8266bcd/20000?qpay_payment_id=161855192219502 HTTP/1.0" 200 228 "-" "node-fetch/1.0 (+https://github.com/bitinn/node-fetch)"
::1 - - [10/Jun/2023:03:55:33 +0000] "POST /api/v1/users/register HTTP/1.0" 500 255 "-" "Sedu/1 CFNetwork/1402.0.8 Darwin/22.2.0"
::ffff:127.0.0.1 - - [10/Jun/2023:03:55:36 +0000] "GET /api/v1/users/me? HTTP/1.0" 304 - "-" "Sedu/1 CFNetwork/1406.0.4 Darwin/22.4.0"
::1 - - [10/Jun/2023:03:55:36 +0000] "GET /api/v1/users/me? HTTP/1.0" 304 - "-" "Sedu/1 CFNetwork/1406.0.4 Darwin/22.4.0"
::ffff:127.0.0.1 - - [10/Jun/2023:03:55:36 +0000] "GET /api/v1/ads? HTTP/1.0" 304 - "-" "Sedu/1 CFNetwork/1406.0.4 Darwin/22.4.0"
::1 - - [10/Jun/2023:03:55:36 +0000] "GET /api/v1/articles? HTTP/1.0" 304 - "-" "Sedu/1 CFNetwork/1406.0.4 Darwin/22.4.0"
::1 - - [10/Jun/2023:03:55:46 +0000] "POST /api/v1/users/register HTTP/1.0" 200 471 "-" "Sedu/1 CFNetwork/1402.0.8 Darwin/22.2.0"
::ffff:127.0.0.1 - - [10/Jun/2023:03:55:46 +0000] "GET /api/v1/users/me? HTTP/1.0" 200 197 "-" "Sedu/1 CFNetwork/1402.0.8 Darwin/22.2.0"
::1 - - [10/Jun/2023:03:55:51 +0000] "GET /api/v1/users/me? HTTP/1.0" 200 228 "-" "Sedu/1 CFNetwork/1408.0.4 Darwin/22.5.0"
::1 - - [10/Jun/2023:03:55:51 +0000] "GET /api/v1/users/me? HTTP/1.0" 304 - "-" "Sedu/1 CFNetwork/1402.0.8 Darwin/22.2.0"
::ffff:127.0.0.1 - - [10/Jun/2023:03:55:51 +0000] "GET /api/v1/wallets/6483f407a32e8316d8266bd8? HTTP/1.0" 304 - "-" "Sedu/1 CFNetwork/1408.0.4 Darwin/22.5.0"
::1 - - [10/Jun/2023:03:55:53 +0000] "GET /api/v1/users/me? HTTP/1.0" 401 283 "-" "Sedu/1 CFNetwork/1408.0.4 Darwin/22.5.0"
::ffff:127.0.0.1 - - [10/Jun/2023:03:55:53 +0000] "POST /api/v1/users/invoice/6483f442a32e8316d8266c06 HTTP/1.0" 200 50 "-" "Sedu/1 CFNetwork/1402.0.8 Darwin/22.2.0"
::ffff:127.0.0.1 - - [10/Jun/2023:03:55:54 +0000] "GET /api/v1/wallets/6483f449a32e8316d8266c0d? HTTP/1.0" 200 16175 "-" "Sedu/1 CFNetwork/1402.0.8 Darwin/22.2.0"
::1 - - [10/Jun/2023:03:55:55 +0000] "POST /api/v1/users/invoice/6483f3e5a32e8316d8266bcd HTTP/1.0" 200 50 "-" "Sedu/1 CFNetwork/1408.0.4 Darwin/22.5.0"
::ffff:127.0.0.1 - - [10/Jun/2023:03:55:55 +0000] "GET /api/v1/wallets/6483f44ba32e8316d8266c1f? HTTP/1.0" 200 16258 "-" "Sedu/1 CFNetwork/1408.0.4 Darwin/22.5.0"
::1 - - [10/Jun/2023:03:56:07 +0000] "GET /api/v1/articles/642d4c587c1330814fb76297? HTTP/1.0" 200 22271 "-" "Sedu/1 CFNetwork/1406.0.4 Darwin/22.4.0"
::ffff:127.0.0.1 - - [10/Jun/2023:03:56:12 +0000] "GET /api/v1/users/me? HTTP/1.0" 200 228 "-" "Sedu/1 CFNetwork/1408.0.4 Darwin/22.5.0"
::ffff:127.0.0.1 - - [10/Jun/2023:03:56:12 +0000] "GET /api/v1/ads? HTTP/1.0" 200 633 "-" "Sedu/1 CFNetwork/1408.0.4 Darwin/22.5.0"
::1 - - [10/Jun/2023:03:56:12 +0000] "GET /api/v1/articles? HTTP/1.0" 200 432680 "-" "Sedu/1 CFNetwork/1408.0.4 Darwin/22.5.0"
::ffff:127.0.0.1 - - [10/Jun/2023:03:56:15 +0000] "GET /api/v1/users/me? HTTP/1.0" 200 236 "-" "Sedu/1 CFNetwork/1402.0.8 Darwin/22.2.0"
::1 - - [10/Jun/2023:03:56:15 +0000] "GET /api/v1/wallets/6483f449a32e8316d8266c0d? HTTP/1.0" 304 - "-" "Sedu/1 CFNetwork/1402.0.8 Darwin/22.2.0"
::ffff:127.0.0.1 - - [10/Jun/2023:03:56:35 +0000] "GET /api/v1/articles/642d56517c1330814fb7635e? HTTP/1.0" 304 - "-" "Sedu/1 CFNetwork/1402.0.8 Darwin/22.2.0"
::1 - - [10/Jun/2023:03:56:42 +0000] "GET /api/v1/articles/6460657ba32e8316d822e39d? HTTP/1.0" 200 5291 "-" "Sedu/1 CFNetwork/1406.0.4 Darwin/22.4.0"
::ffff:127.0.0.1 - - [10/Jun/2023:03:56:46 +0000] "GET /api/v1/articles/642d4c587c1330814fb76297? HTTP/1.0" 200 22271 "-" "Sedu/1 CFNetwork/1408.0.4 Darwin/22.5.0"
::1 - - [10/Jun/2023:03:56:48 +0000] "GET /api/v1/users/me? HTTP/1.0" 401 283 "-" "Sedu/1 CFNetwork/1128.0.1 Darwin/19.6.0"
::ffff:127.0.0.1 - - [10/Jun/2023:03:57:15 +0000] "POST /api/v1/users/register HTTP/1.0" 200 466 "-" "Sedu/1 CFNetwork/1128.0.1 Darwin/19.6.0"
::1 - - [10/Jun/2023:03:57:15 +0000] "GET /api/v1/users/me? HTTP/1.0" 200 192 "-" "Sedu/1 CFNetwork/1128.0.1 Darwin/19.6.0"
::ffff:127.0.0.1 - - [10/Jun/2023:03:57:30 +0000] "GET /api/v1/users/logout? HTTP/1.0" 200 39 "-" "Sedu/1 CFNetwork/1128.0.1 Darwin/19.6.0"
::1 - - [10/Jun/2023:03:57:31 +0000] "GET /api/v1/users/me? HTTP/1.0" 401 283 "-" "Sedu/1 CFNetwork/1128.0.1 Darwin/19.6.0"
::1 - - [10/Jun/2023:03:57:48 +0000] "POST /api/v1/users/login HTTP/1.0" 200 466 "-" "Sedu/1 CFNetwork/1128.0.1 Darwin/19.6.0"
::ffff:127.0.0.1 - - [10/Jun/2023:03:57:48 +0000] "GET /api/v1/users/me? HTTP/1.0" 304 - "-" "Sedu/1 CFNetwork/1128.0.1 Darwin/19.6.0"
::1 - - [10/Jun/2023:03:57:54 +0000] "GET /api/v1/users/me? HTTP/1.0" 304 - "-" "Sedu/1 CFNetwork/1128.0.1 Darwin/19.6.0"
::ffff:127.0.0.1 - - [10/Jun/2023:03:57:58 +0000] "GET /api/v1/articles/642e44a97c1330814fb764fe? HTTP/1.0" 200 8047 "-" "Sedu/1 CFNetwork/1408.0.4 Darwin/22.5.0"
::1 - - [10/Jun/2023:03:59:06 +0000] "GET /api/v1/users/me? HTTP/1.0" 304 - "-" "Sedu/1 CFNetwork/1406.0.4 Darwin/22.4.0"
::ffff:127.0.0.1 - - [10/Jun/2023:03:59:06 +0000] "GET /api/v1/users/me? HTTP/1.0" 304 - "-" "Sedu/1 CFNetwork/1406.0.4 Darwin/22.4.0"
::1 - - [10/Jun/2023:03:59:06 +0000] "GET /api/v1/ads? HTTP/1.0" 304 - "-" "Sedu/1 CFNetwork/1406.0.4 Darwin/22.4.0"
::1 - - [10/Jun/2023:03:59:06 +0000] "GET /api/v1/articles? HTTP/1.0" 304 - "-" "Sedu/1 CFNetwork/1406.0.4 Darwin/22.4.0"
::ffff:127.0.0.1 - - [10/Jun/2023:03:59:08 +0000] "GET /api/v1/users/me? HTTP/1.0" 304 - "-" "Sedu/1 CFNetwork/1408.0.4 Darwin/22.5.0"
::1 - - [10/Jun/2023:03:59:14 +0000] "GET /api/v1/articles/642d4c587c1330814fb76297? HTTP/1.0" 304 - "-" "Sedu/1 CFNetwork/1406.0.4 Darwin/22.4.0"
::ffff:127.0.0.1 - - [10/Jun/2023:03:59:21 +0000] "GET /api/v1/articles/642d4ce07c1330814fb762a6? HTTP/1.0" 200 10683 "-" "Sedu/1 CFNetwork/1406.0.4 Darwin/22.4.0"
::1 - - [10/Jun/2023:03:59:22 +0000] "GET /api/v1/users/me? HTTP/1.0" 401 283 "-" "Sedu/1 CFNetwork/1399 Darwin/22.1.0"
::ffff:127.0.0.1 - - [10/Jun/2023:03:59:28 +0000] "GET /api/v1/articles/642d55507c1330814fb76325? HTTP/1.0" 200 3410 "-" "Sedu/1 CFNetwork/1406.0.4 Darwin/22.4.0"
::ffff:127.0.0.1 - - [10/Jun/2023:03:59:51 +0000] "GET /api/v1/users/logout? HTTP/1.0" 304 - "-" "Sedu/1 CFNetwork/1406.0.4 Darwin/22.4.0"
::1 - - [10/Jun/2023:03:59:51 +0000] "GET /api/v1/articles? HTTP/1.0" 401 283 "-" "Sedu/1 CFNetwork/1406.0.4 Darwin/22.4.0"
::1 - - [10/Jun/2023:03:59:51 +0000] "GET /api/v1/users/me? HTTP/1.0" 401 283 "-" "Sedu/1 CFNetwork/1406.0.4 Darwin/22.4.0"
::ffff:127.0.0.1 - - [10/Jun/2023:03:59:51 +0000] "GET /api/v1/users/me? HTTP/1.0" 401 283 "-" "Sedu/1 CFNetwork/1406.0.4 Darwin/22.4.0"
::ffff:127.0.0.1 - - [10/Jun/2023:03:59:51 +0000] "GET /api/v1/ads? HTTP/1.0" 304 - "-" "Sedu/1 CFNetwork/1406.0.4 Darwin/22.4.0"
::ffff:127.0.0.1 - - [10/Jun/2023:04:00:55 +0000] "GET /api/v1/users/me? HTTP/1.0" 304 - "-" "Sedu/1 CFNetwork/1408.0.4 Darwin/22.5.0"
::ffff:127.0.0.1 - - [10/Jun/2023:04:00:56 +0000] "GET /api/v1/ads? HTTP/1.0" 304 - "-" "Sedu/1 CFNetwork/1408.0.4 Darwin/22.5.0"
::1 - - [10/Jun/2023:04:00:56 +0000] "GET /api/v1/articles? HTTP/1.0" 304 - "-" "Sedu/1 CFNetwork/1408.0.4 Darwin/22.5.0"
::1 - - [10/Jun/2023:04:01:09 +0000] "GET /api/v1/articles/642d5b327c1330814fb763a4? HTTP/1.0" 304 - "-" "Sedu/1 CFNetwork/1408.0.4 Darwin/22.5.0"
::ffff:127.0.0.1 - - [10/Jun/2023:04:02:01 +0000] "GET /api/v1/users/me? HTTP/1.0" 401 283 "-" "Sedu/1 CFNetwork/1406.0.4 Darwin/22.4.0"
::1 - - [10/Jun/2023:04:02:21 +0000] "POST /api/v1/users/register HTTP/1.0" 200 463 "-" "Sedu/1 CFNetwork/1406.0.4 Darwin/22.4.0"
::ffff:127.0.0.1 - - [10/Jun/2023:04:02:21 +0000] "GET /api/v1/users/me? HTTP/1.0" 200 189 "-" "Sedu/1 CFNetwork/1406.0.4 Darwin/22.4.0"
::1 - - [10/Jun/2023:04:02:26 +0000] "GET /api/v1/users/logout? HTTP/1.0" 200 39 "-" "Sedu/1 CFNetwork/1406.0.4 Darwin/22.4.0"
::ffff:127.0.0.1 - - [10/Jun/2023:04:02:26 +0000] "GET /api/v1/users/me? HTTP/1.0" 401 283 "-" "Sedu/1 CFNetwork/1406.0.4 Darwin/22.4.0"
::1 - - [10/Jun/2023:04:04:09 +0000] "GET /api/v1/users/me? HTTP/1.0" 401 283 "-" "Sedu/1 CFNetwork/1408.0.4 Darwin/22.5.0"
::ffff:127.0.0.1 - - [10/Jun/2023:04:04:19 +0000] "POST /api/v1/users/register HTTP/1.0" 500 246 "-" "Sedu/1 CFNetwork/1408.0.4 Darwin/22.5.0"
::1 - - [10/Jun/2023:04:04:21 +0000] "POST /api/v1/users/register HTTP/1.0" 500 246 "-" "Sedu/1 CFNetwork/1408.0.4 Darwin/22.5.0"
::ffff:127.0.0.1 - - [10/Jun/2023:04:04:28 +0000] "POST /api/v1/users/register HTTP/1.0" 500 246 "-" "Sedu/1 CFNetwork/1408.0.4 Darwin/22.5.0"
::1 - - [10/Jun/2023:04:04:39 +0000] "POST /api/v1/users/register HTTP/1.0" 200 463 "-" "Sedu/1 CFNetwork/1408.0.4 Darwin/22.5.0"
::ffff:127.0.0.1 - - [10/Jun/2023:04:04:40 +0000] "GET /api/v1/users/me? HTTP/1.0" 200 189 "-" "Sedu/1 CFNetwork/1408.0.4 Darwin/22.5.0"
::1 - - [10/Jun/2023:04:04:44 +0000] "GET /api/v1/users/logout? HTTP/1.0" 200 39 "-" "Sedu/1 CFNetwork/1408.0.4 Darwin/22.5.0"
::ffff:127.0.0.1 - - [10/Jun/2023:04:04:44 +0000] "GET /api/v1/users/me? HTTP/1.0" 401 283 "-" "Sedu/1 CFNetwork/1408.0.4 Darwin/22.5.0"
::1 - - [10/Jun/2023:04:04:54 +0000] "POST /api/v1/users/login HTTP/1.0" 200 463 "-" "Sedu/1 CFNetwork/1408.0.4 Darwin/22.5.0"
::ffff:127.0.0.1 - - [10/Jun/2023:04:04:54 +0000] "GET /api/v1/users/me? HTTP/1.0" 304 - "-" "Sedu/1 CFNetwork/1408.0.4 Darwin/22.5.0"
::1 - - [10/Jun/2023:04:04:57 +0000] "GET /api/v1/users/me? HTTP/1.0" 304 - "-" "Sedu/1 CFNetwork/1408.0.4 Darwin/22.5.0"
::ffff:127.0.0.1 - - [10/Jun/2023:04:05:03 +0000] "POST /api/v1/users/invoice/6483f657a32e8316d8266c5d HTTP/1.0" 200 50 "-" "Sedu/1 CFNetwork/1408.0.4 Darwin/22.5.0"
::1 - - [10/Jun/2023:04:05:03 +0000] "GET /api/v1/wallets/6483f66fa32e8316d8266c64? HTTP/1.0" 200 16102 "-" "Sedu/1 CFNetwork/1408.0.4 Darwin/22.5.0"
::ffff:127.0.0.1 - - [10/Jun/2023:04:05:26 +0000] "GET /api/v1/users/me? HTTP/1.0" 401 283 "-" "Sedu/1 CFNetwork/1408.0.4 Darwin/22.5.0"
::1 - - [10/Jun/2023:04:05:47 +0000] "POST /api/v1/users/register HTTP/1.0" 500 249 "-" "Sedu/1 CFNetwork/1408.0.4 Darwin/22.5.0"
::ffff:127.0.0.1 - - [10/Jun/2023:04:05:49 +0000] "POST /api/v1/users/register HTTP/1.0" 500 249 "-" "Sedu/1 CFNetwork/1408.0.4 Darwin/22.5.0"
::1 - - [10/Jun/2023:04:06:02 +0000] "POST /api/v1/users/register HTTP/1.0" 500 250 "-" "Sedu/1 CFNetwork/1408.0.4 Darwin/22.5.0"
::ffff:127.0.0.1 - - [10/Jun/2023:04:06:14 +0000] "POST /api/v1/users/register HTTP/1.0" 200 462 "-" "Sedu/1 CFNetwork/1408.0.4 Darwin/22.5.0"
::1 - - [10/Jun/2023:04:06:14 +0000] "GET /api/v1/users/me? HTTP/1.0" 200 188 "-" "Sedu/1 CFNetwork/1408.0.4 Darwin/22.5.0"
::ffff:127.0.0.1 - - [10/Jun/2023:04:06:27 +0000] "POST /api/v1/users/invoice/6483f6b6a32e8316d8266c7b HTTP/1.0" 200 50 "-" "Sedu/1 CFNetwork/1408.0.4 Darwin/22.5.0"
::1 - - [10/Jun/2023:04:06:27 +0000] "GET /api/v1/wallets/6483f6c3a32e8316d8266c7f? HTTP/1.0" 200 15966 "-" "Sedu/1 CFNetwork/1408.0.4 Darwin/22.5.0"
::ffff:127.0.0.1 - - [10/Jun/2023:04:06:27 +0000] "GET /api/v1/users/me? HTTP/1.0" 401 283 "-" "Sedu/1 CFNetwork/1406.0.4 Darwin/22.4.0"
::1 - - [10/Jun/2023:04:06:30 +0000] "GET /api/v1/users/me? HTTP/1.0" 200 227 "-" "Sedu/1 CFNetwork/1408.0.4 Darwin/22.5.0"
::ffff:127.0.0.1 - - [10/Jun/2023:04:06:30 +0000] "GET /api/v1/users/me? HTTP/1.0" 401 283 "-" "Sedu/1 CFNetwork/1406.0.4 Darwin/22.4.0"
::ffff:127.0.0.1 - - [10/Jun/2023:04:06:41 +0000] "GET /api/v1/users/me? HTTP/1.0" 304 - "-" "Sedu/1 CFNetwork/1408.0.4 Darwin/22.5.0"
::1 - - [10/Jun/2023:04:06:41 +0000] "GET /api/v1/wallets/6483f6c3a32e8316d8266c7f? HTTP/1.0" 304 - "-" "Sedu/1 CFNetwork/1408.0.4 Darwin/22.5.0"
::1 - - [10/Jun/2023:04:06:45 +0000] "POST /api/v1/users/register HTTP/1.0" 200 463 "-" "Sedu/1 CFNetwork/1406.0.4 Darwin/22.4.0"
::ffff:127.0.0.1 - - [10/Jun/2023:04:06:45 +0000] "GET /api/v1/users/me? HTTP/1.0" 200 189 "-" "Sedu/1 CFNetwork/1406.0.4 Darwin/22.4.0"
::1 - - [10/Jun/2023:04:06:49 +0000] "GET /api/v1/users/me? HTTP/1.0" 304 - "-" "Sedu/1 CFNetwork/1406.0.4 Darwin/22.4.0"
::ffff:127.0.0.1 - - [10/Jun/2023:04:06:53 +0000] "GET /api/v1/users/me? HTTP/1.0" 304 - "-" "Sedu/1 CFNetwork/1406.0.4 Darwin/22.4.0"
::1 - - [10/Jun/2023:04:07:21 +0000] "GET /api/v1/users/callbacks/6483f6b6a32e8316d8266c7b/20000?qpay_payment_id=099975977011310 HTTP/1.0" 200 227 "-" "node-fetch/1.0 (+https://github.com/bitinn/node-fetch)"
::ffff:127.0.0.1 - - [10/Jun/2023:04:07:30 +0000] "GET /api/v1/wallets/6483f6c3a32e8316d8266c7f? HTTP/1.0" 304 - "-" "Sedu/1 CFNetwork/1408.0.4 Darwin/22.5.0"
::1 - - [10/Jun/2023:04:07:30 +0000] "GET /api/v1/users/me? HTTP/1.0" 200 227 "-" "Sedu/1 CFNetwork/1408.0.4 Darwin/22.5.0"
::ffff:127.0.0.1 - - [10/Jun/2023:04:07:34 +0000] "POST /api/v1/users/invoice/6483f6b6a32e8316d8266c7b HTTP/1.0" 200 50 "-" "Sedu/1 CFNetwork/1408.0.4 Darwin/22.5.0"
::1 - - [10/Jun/2023:04:07:34 +0000] "GET /api/v1/wallets/6483f706a32e8316d8266c9d? HTTP/1.0" 200 16094 "-" "Sedu/1 CFNetwork/1408.0.4 Darwin/22.5.0"
::ffff:127.0.0.1 - - [10/Jun/2023:04:07:41 +0000] "POST /api/v1/users/invoice/6483f6b6a32e8316d8266c7b HTTP/1.0" 200 50 "-" "Sedu/1 CFNetwork/1408.0.4 Darwin/22.5.0"
::1 - - [10/Jun/2023:04:07:46 +0000] "GET /api/v1/wallets/6483f70da32e8316d8266caf? HTTP/1.0" 200 16230 "-" "Sedu/1 CFNetwork/1408.0.4 Darwin/22.5.0"
::ffff:127.0.0.1 - - [10/Jun/2023:04:08:02 +0000] "GET /api/v1/users/me? HTTP/1.0" 200 227 "-" "Sedu/1 CFNetwork/1408.0.4 Darwin/22.5.0"
::ffff:127.0.0.1 - - [10/Jun/2023:04:08:02 +0000] "GET /api/v1/ads? HTTP/1.0" 200 633 "-" "Sedu/1 CFNetwork/1408.0.4 Darwin/22.5.0"
::1 - - [10/Jun/2023:04:08:02 +0000] "GET /api/v1/articles? HTTP/1.0" 200 432680 "-" "Sedu/1 CFNetwork/1408.0.4 Darwin/22.5.0"
::1 - - [10/Jun/2023:04:08:42 +0000] "GET /api/v1/users/me? HTTP/1.0" 304 - "-" "Sedu/1 CFNetwork/1408.0.4 Darwin/22.5.0"
::ffff:127.0.0.1 - - [10/Jun/2023:04:08:42 +0000] "GET /api/v1/ads? HTTP/1.0" 304 - "-" "Sedu/1 CFNetwork/1408.0.4 Darwin/22.5.0"
::ffff:127.0.0.1 - - [10/Jun/2023:04:08:42 +0000] "GET /api/v1/articles? HTTP/1.0" 304 - "-" "Sedu/1 CFNetwork/1408.0.4 Darwin/22.5.0"
::1 - - [10/Jun/2023:04:10:50 +0000] "GET /api/v1/users/me? HTTP/1.0" 401 283 "-" "Sedu/1 CFNetwork/1399 Darwin/22.1.0"
::ffff:127.0.0.1 - - [10/Jun/2023:04:11:06 +0000] "POST /api/v1/users/register HTTP/1.0" 500 257 "-" "Sedu/1 CFNetwork/1399 Darwin/22.1.0"
::1 - - [10/Jun/2023:04:11:13 +0000] "GET /api/v1/users/me? HTTP/1.0" 304 - "-" "Sedu/1 CFNetwork/1408.0.4 Darwin/22.5.0"
::ffff:127.0.0.1 - - [10/Jun/2023:04:11:14 +0000] "GET /api/v1/articles? HTTP/1.0" 200 432680 "-" "Sedu/1 CFNetwork/1408.0.4 Darwin/22.5.0"
::1 - - [10/Jun/2023:04:11:14 +0000] "GET /api/v1/ads? HTTP/1.0" 304 - "-" "Sedu/1 CFNetwork/1408.0.4 Darwin/22.5.0"
::ffff:127.0.0.1 - - [10/Jun/2023:04:11:14 +0000] "GET /api/v1/users/me? HTTP/1.0" 401 283 "-" "Sedu/1 CFNetwork/1408.0.4 Darwin/22.5.0"
::ffff:127.0.0.1 - - [10/Jun/2023:04:11:16 +0000] "POST /api/v1/users/register HTTP/1.0" 200 473 "-" "Sedu/1 CFNetwork/1399 Darwin/22.1.0"
::1 - - [10/Jun/2023:04:11:17 +0000] "GET /api/v1/users/me? HTTP/1.0" 200 199 "-" "Sedu/1 CFNetwork/1399 Darwin/22.1.0"
::ffff:127.0.0.1 - - [10/Jun/2023:04:11:29 +0000] "GET /api/v1/users/me? HTTP/1.0" 304 - "-" "Sedu/1 CFNetwork/1399 Darwin/22.1.0"
::1 - - [10/Jun/2023:04:11:35 +0000] "POST /api/v1/users/invoice/6483f7e4a32e8316d8266cd1 HTTP/1.0" 200 50 "-" "Sedu/1 CFNetwork/1399 Darwin/22.1.0"
::ffff:127.0.0.1 - - [10/Jun/2023:04:11:35 +0000] "GET /api/v1/wallets/6483f7f7a32e8316d8266cd6? HTTP/1.0" 200 16245 "-" "Sedu/1 CFNetwork/1399 Darwin/22.1.0"
::ffff:127.0.0.1 - - [10/Jun/2023:04:12:07 +0000] "GET /api/v1/users/me? HTTP/1.0" 304 - "-" "Sedu/1 CFNetwork/1408.0.4 Darwin/22.5.0"
::1 - - [10/Jun/2023:04:12:07 +0000] "GET /api/v1/ads? HTTP/1.0" 304 - "-" "Sedu/1 CFNetwork/1408.0.4 Darwin/22.5.0"
::ffff:127.0.0.1 - - [10/Jun/2023:04:12:07 +0000] "GET /api/v1/users/callbacks/6483f7e4a32e8316d8266cd1/20000?qpay_payment_id=664681504462845 HTTP/1.0" 200 238 "-" "node-fetch/1.0 (+https://github.com/bitinn/node-fetch)"
::1 - - [10/Jun/2023:04:12:07 +0000] "GET /api/v1/articles? HTTP/1.0" 304 - "-" "Sedu/1 CFNetwork/1408.0.4 Darwin/22.5.0"
::ffff:127.0.0.1 - - [10/Jun/2023:04:12:17 +0000] "GET /api/v1/users/me? HTTP/1.0" 200 238 "-" "Sedu/1 CFNetwork/1399 Darwin/22.1.0"
::1 - - [10/Jun/2023:04:12:17 +0000] "GET /api/v1/wallets/6483f7f7a32e8316d8266cd6? HTTP/1.0" 304 - "-" "Sedu/1 CFNetwork/1399 Darwin/22.1.0"
::1 - - [10/Jun/2023:04:12:21 +0000] "POST /api/v1/users/invoice/6483f7e4a32e8316d8266cd1 HTTP/1.0" 200 50 "-" "Sedu/1 CFNetwork/1399 Darwin/22.1.0"
::ffff:127.0.0.1 - - [10/Jun/2023:04:12:21 +0000] "GET /api/v1/wallets/6483f825a32e8316d8266cf1? HTTP/1.0" 200 16145 "-" "Sedu/1 CFNetwork/1399 Darwin/22.1.0"
::1 - - [10/Jun/2023:04:12:24 +0000] "GET /api/v1/users/me? HTTP/1.0" 304 - "-" "Sedu/1 CFNetwork/1408.0.4 Darwin/22.5.0"
::ffff:127.0.0.1 - - [10/Jun/2023:04:12:29 +0000] "GET /api/v1/users/me? HTTP/1.0" 200 238 "-" "Sedu/1 CFNetwork/1399 Darwin/22.1.0"
::ffff:127.0.0.1 - - [10/Jun/2023:04:12:30 +0000] "GET /api/v1/ads? HTTP/1.0" 200 633 "-" "Sedu/1 CFNetwork/1399 Darwin/22.1.0"
::1 - - [10/Jun/2023:04:12:30 +0000] "GET /api/v1/articles? HTTP/1.0" 200 432680 "-" "Sedu/1 CFNetwork/1399 Darwin/22.1.0"
::1 - - [10/Jun/2023:04:12:42 +0000] "GET /api/v1/articles/642d4c587c1330814fb76297? HTTP/1.0" 200 22271 "-" "Sedu/1 CFNetwork/1399 Darwin/22.1.0"
::ffff:127.0.0.1 - - [10/Jun/2023:04:12:52 +0000] "GET /api/v1/articles/642d4ce07c1330814fb762a6? HTTP/1.0" 200 10683 "-" "Sedu/1 CFNetwork/1399 Darwin/22.1.0"
::ffff:127.0.0.1 - - [10/Jun/2023:04:13:13 +0000] "GET /api/v1/users/me? HTTP/1.0" 304 - "-" "Sedu/1 CFNetwork/1399 Darwin/22.1.0"
::1 - - [10/Jun/2023:04:13:23 +0000] "GET /api/v1/users/me? HTTP/1.0" 401 283 "-" "Sedu/1 CFNetwork/1404.0.5 Darwin/22.3.0"
::ffff:127.0.0.1 - - [10/Jun/2023:04:13:45 +0000] "GET /api/v1/users/me? HTTP/1.0" 304 - "-" "Sedu/1 CFNetwork/1408.0.4 Darwin/22.5.0"
::ffff:127.0.0.1 - - [10/Jun/2023:04:13:45 +0000] "GET /api/v1/ads? HTTP/1.0" 304 - "-" "Sedu/1 CFNetwork/1408.0.4 Darwin/22.5.0"
::1 - - [10/Jun/2023:04:13:45 +0000] "GET /api/v1/articles? HTTP/1.0" 304 - "-" "Sedu/1 CFNetwork/1408.0.4 Darwin/22.5.0"
::1 - - [10/Jun/2023:04:13:54 +0000] "GET /api/v1/articles/642d4c587c1330814fb76297? HTTP/1.0" 200 22271 "-" "Sedu/1 CFNetwork/1408.0.4 Darwin/22.5.0"
::ffff:127.0.0.1 - - [10/Jun/2023:04:14:07 +0000] "GET /api/v1/users/me? HTTP/1.0" 401 283 "-" "Sedu/1 CFNetwork/1408.0.4 Darwin/22.5.0"
::1 - - [10/Jun/2023:04:14:16 +0000] "GET /api/v1/users/me? HTTP/1.0" 401 283 "-" "Sedu/1 CFNetwork/1240.0.4 Darwin/20.6.0"
::1 - - [10/Jun/2023:04:14:25 +0000] "GET /api/v1/users/me? HTTP/1.0" 304 - "-" "Sedu/1 CFNetwork/1408.0.4 Darwin/22.5.0"
::ffff:127.0.0.1 - - [10/Jun/2023:04:14:25 +0000] "GET /api/v1/users/me? HTTP/1.0" 304 - "-" "Sedu/1 CFNetwork/1408.0.4 Darwin/22.5.0"
::ffff:127.0.0.1 - - [10/Jun/2023:04:14:25 +0000] "GET /api/v1/ads? HTTP/1.0" 304 - "-" "Sedu/1 CFNetwork/1408.0.4 Darwin/22.5.0"
::1 - - [10/Jun/2023:04:14:25 +0000] "GET /api/v1/articles? HTTP/1.0" 304 - "-" "Sedu/1 CFNetwork/1408.0.4 Darwin/22.5.0"
::1 - - [10/Jun/2023:04:14:55 +0000] "GET /api/v1/users/me? HTTP/1.0" 401 283 "-" "Sedu/1 CFNetwork/1408.0.4 Darwin/22.5.0"
::ffff:127.0.0.1 - - [10/Jun/2023:04:15:34 +0000] "GET /api/v1/users/me? HTTP/1.0" 304 - "-" "Sedu/1 CFNetwork/1408.0.4 Darwin/22.5.0"
::ffff:127.0.0.1 - - [10/Jun/2023:04:15:34 +0000] "GET /api/v1/users/me? HTTP/1.0" 304 - "-" "Sedu/1 CFNetwork/1408.0.4 Darwin/22.5.0"
::1 - - [10/Jun/2023:04:15:34 +0000] "GET /api/v1/ads? HTTP/1.0" 304 - "-" "Sedu/1 CFNetwork/1408.0.4 Darwin/22.5.0"
::1 - - [10/Jun/2023:04:15:35 +0000] "GET /api/v1/articles? HTTP/1.0" 304 - "-" "Sedu/1 CFNetwork/1408.0.4 Darwin/22.5.0"
::ffff:127.0.0.1 - - [10/Jun/2023:04:15:43 +0000] "GET /api/v1/articles/642d55bf7c1330814fb76345? HTTP/1.0" 200 17955 "-" "Sedu/1 CFNetwork/1408.0.4 Darwin/22.5.0"
::1 - - [10/Jun/2023:04:15:48 +0000] "GET /api/v1/users/me? HTTP/1.0" 401 283 "-" "Sedu/1 CFNetwork/1408.0.4 Darwin/22.5.0"
::ffff:127.0.0.1 - - [10/Jun/2023:04:15:55 +0000] "GET /api/v1/articles/642d581c7c1330814fb76387? HTTP/1.0" 200 7596 "-" "Sedu/1 CFNetwork/1408.0.4 Darwin/22.5.0"
::1 - - [10/Jun/2023:04:16:14 +0000] "POST /api/v1/users/register HTTP/1.0" 500 247 "-" "Sedu/1 CFNetwork/1408.0.4 Darwin/22.5.0"
::ffff:127.0.0.1 - - [10/Jun/2023:04:19:06 +0000] "GET /api/v1/users/me? HTTP/1.0" 304 - "-" "Sedu/1 CFNetwork/1408.0.4 Darwin/22.5.0"
::ffff:127.0.0.1 - - [10/Jun/2023:04:19:07 +0000] "GET /api/v1/ads? HTTP/1.0" 304 - "-" "Sedu/1 CFNetwork/1408.0.4 Darwin/22.5.0"
::1 - - [10/Jun/2023:04:19:07 +0000] "GET /api/v1/articles? HTTP/1.0" 200 432680 "-" "Sedu/1 CFNetwork/1408.0.4 Darwin/22.5.0"
::ffff:127.0.0.1 - - [10/Jun/2023:04:19:27 +0000] "GET /api/v1/users/me? HTTP/1.0" 304 - "-" "Sedu/1 CFNetwork/1408.0.4 Darwin/22.5.0"
::1 - - [10/Jun/2023:04:19:44 +0000] "GET /api/v1/users/me? HTTP/1.0" 401 283 "-" "Sedu/1 CFNetwork/1408.0.4 Darwin/22.5.0"
::ffff:127.0.0.1 - - [10/Jun/2023:04:20:02 +0000] "POST /api/v1/users/register HTTP/1.0" 200 464 "-" "Sedu/1 CFNetwork/1408.0.4 Darwin/22.5.0"
::1 - - [10/Jun/2023:04:20:02 +0000] "GET /api/v1/users/me? HTTP/1.0" 200 190 "-" "Sedu/1 CFNetwork/1408.0.4 Darwin/22.5.0"
::ffff:127.0.0.1 - - [10/Jun/2023:04:20:11 +0000] "GET /api/v1/users/me? HTTP/1.0" 304 - "-" "Sedu/1 CFNetwork/1408.0.4 Darwin/22.5.0"
::ffff:127.0.0.1 - - [10/Jun/2023:04:20:21 +0000] "GET /api/v1/users/me? HTTP/1.0" 304 - "-" "Sedu/1 CFNetwork/1408.0.4 Darwin/22.5.0"
::1 - - [10/Jun/2023:04:20:22 +0000] "POST /api/v1/users/invoice/6483f9f2a32e8316d8266d27 HTTP/1.0" 200 50 "-" "Sedu/1 CFNetwork/1408.0.4 Darwin/22.5.0"
::1 - - [10/Jun/2023:04:20:23 +0000] "GET /api/v1/wallets/6483fa06a32e8316d8266d2d? HTTP/1.0" 200 15896 "-" "Sedu/1 CFNetwork/1408.0.4 Darwin/22.5.0"
::1 - - [10/Jun/2023:04:21:10 +0000] "GET /api/v1/users/me? HTTP/1.0" 200 229 "-" "Sedu/1 CFNetwork/1408.0.4 Darwin/22.5.0"
::ffff:127.0.0.1 - - [10/Jun/2023:04:21:10 +0000] "GET /api/v1/wallets/6483fa06a32e8316d8266d2d? HTTP/1.0" 304 - "-" "Sedu/1 CFNetwork/1408.0.4 Darwin/22.5.0"
::ffff:127.0.0.1 - - [10/Jun/2023:04:21:50 +0000] "GET /api/v1/users/me? HTTP/1.0" 304 - "-" "Sedu/1 CFNetwork/1408.0.4 Darwin/22.5.0"
::ffff:127.0.0.1 - - [10/Jun/2023:04:21:50 +0000] "GET /api/v1/wallets/6483fa06a32e8316d8266d2d? HTTP/1.0" 304 - "-" "Sedu/1 CFNetwork/1408.0.4 Darwin/22.5.0"
::1 - - [10/Jun/2023:04:21:52 +0000] "POST / HTTP/1.0" 404 140 "-" "Mozilla/5.0 (X11; Linux x86_64) AppleWebKit/537.36 (KHTML, like Gecko) Chrome/81.0.4044.129 Safari/537.36"
::ffff:127.0.0.1 - - [10/Jun/2023:04:21:53 +0000] "GET /.env HTTP/1.0" 404 143 "-" "Mozilla/5.0 (X11; Linux x86_64) AppleWebKit/537.36 (KHTML, like Gecko) Chrome/81.0.4044.129 Safari/537.36"
::1 - - [10/Jun/2023:04:22:04 +0000] "GET /api/v1/users/me? HTTP/1.0" 304 - "-" "Sedu/1 CFNetwork/1399 Darwin/22.1.0"
::ffff:127.0.0.1 - - [10/Jun/2023:04:22:04 +0000] "GET /api/v1/users/me? HTTP/1.0" 304 - "-" "Sedu/1 CFNetwork/1399 Darwin/22.1.0"
::1 - - [10/Jun/2023:04:22:04 +0000] "GET /api/v1/ads? HTTP/1.0" 304 - "-" "Sedu/1 CFNetwork/1399 Darwin/22.1.0"
::ffff:127.0.0.1 - - [10/Jun/2023:04:22:04 +0000] "GET /api/v1/articles? HTTP/1.0" 304 - "-" "Sedu/1 CFNetwork/1399 Darwin/22.1.0"
::1 - - [10/Jun/2023:04:22:12 +0000] "GET /api/v1/articles/64816c33a32e8316d82604d8? HTTP/1.0" 200 5761 "-" "Sedu/1 CFNetwork/1399 Darwin/22.1.0"
::ffff:127.0.0.1 - - [10/Jun/2023:04:22:14 +0000] "GET /api/v1/users/callbacks/6483f9f2a32e8316d8266d27/20000?qpay_payment_id=937367639042529 HTTP/1.0" 200 229 "-" "node-fetch/1.0 (+https://github.com/bitinn/node-fetch)"
::1 - - [10/Jun/2023:04:22:28 +0000] "GET /api/v1/users/me? HTTP/1.0" 200 229 "-" "Sedu/1 CFNetwork/1408.0.4 Darwin/22.5.0"
::1 - - [10/Jun/2023:04:22:28 +0000] "GET /api/v1/wallets/6483fa06a32e8316d8266d2d? HTTP/1.0" 304 - "-" "Sedu/1 CFNetwork/1408.0.4 Darwin/22.5.0"
::ffff:127.0.0.1 - - [10/Jun/2023:04:22:41 +0000] "GET /api/v1/users/me? HTTP/1.0" 304 - "-" "Sedu/1 CFNetwork/1408.0.4 Darwin/22.5.0"
::1 - - [10/Jun/2023:04:22:41 +0000] "GET /api/v1/wallets/6483fa06a32e8316d8266d2d? HTTP/1.0" 304 - "-" "Sedu/1 CFNetwork/1408.0.4 Darwin/22.5.0"
::ffff:127.0.0.1 - - [10/Jun/2023:04:22:51 +0000] "GET /api/v1/users/logout? HTTP/1.0" 200 39 "-" "Sedu/1 CFNetwork/1408.0.4 Darwin/22.5.0"
::1 - - [10/Jun/2023:04:22:51 +0000] "GET /api/v1/users/me? HTTP/1.0" 401 283 "-" "Sedu/1 CFNetwork/1408.0.4 Darwin/22.5.0"
::ffff:127.0.0.1 - - [10/Jun/2023:04:23:05 +0000] "POST /api/v1/users/login HTTP/1.0" 200 503 "-" "Sedu/1 CFNetwork/1408.0.4 Darwin/22.5.0"
::1 - - [10/Jun/2023:04:23:06 +0000] "GET /api/v1/users/me? HTTP/1.0" 304 - "-" "Sedu/1 CFNetwork/1408.0.4 Darwin/22.5.0"
::1 - - [10/Jun/2023:04:23:06 +0000] "GET /api/v1/ads? HTTP/1.0" 200 633 "-" "Sedu/1 CFNetwork/1408.0.4 Darwin/22.5.0"
::ffff:127.0.0.1 - - [10/Jun/2023:04:23:06 +0000] "GET /api/v1/articles? HTTP/1.0" 200 432680 "-" "Sedu/1 CFNetwork/1408.0.4 Darwin/22.5.0"
::1 - - [10/Jun/2023:04:23:41 +0000] "GET /api/v1/articles/6460657ba32e8316d822e39d? HTTP/1.0" 200 5291 "-" "Sedu/1 CFNetwork/1399 Darwin/22.1.0"
::ffff:127.0.0.1 - - [10/Jun/2023:04:23:50 +0000] "GET /api/v1/articles/642d789c7c1330814fb763e7? HTTP/1.0" 200 6163 "-" "Sedu/1 CFNetwork/1408.0.4 Darwin/22.5.0"
::ffff:127.0.0.1 - - [10/Jun/2023:04:24:52 +0000] "GET /api/v1/articles/642e2e6d7c1330814fb7646b? HTTP/1.0" 200 1619 "-" "Sedu/1 CFNetwork/1408.0.4 Darwin/22.5.0"
::1 - - [10/Jun/2023:04:25:32 +0000] "GET /api/v1/users/me? HTTP/1.0" 401 283 "-" "Sedu/1 CFNetwork/1399 Darwin/22.1.0"
::ffff:127.0.0.1 - - [10/Jun/2023:04:26:00 +0000] "GET /api/v1/users/me? HTTP/1.0" 401 283 "-" "Sedu/1 CFNetwork/1335.0.3.2 Darwin/21.6.0"
::ffff:127.0.0.1 - - [10/Jun/2023:04:26:02 +0000] "POST /api/v1/users/login HTTP/1.0" 401 123 "-" "Sedu/1 CFNetwork/1399 Darwin/22.1.0"
::1 - - [10/Jun/2023:04:26:03 +0000] "POST /api/v1/users/login HTTP/1.0" 401 123 "-" "Sedu/1 CFNetwork/1399 Darwin/22.1.0"
::ffff:127.0.0.1 - - [10/Jun/2023:04:26:05 +0000] "POST /api/v1/users/login HTTP/1.0" 401 123 "-" "Sedu/1 CFNetwork/1399 Darwin/22.1.0"
::1 - - [10/Jun/2023:04:26:06 +0000] "GET /api/v1/articles/642e321a7c1330814fb7648b? HTTP/1.0" 200 2221 "-" "Sedu/1 CFNetwork/1408.0.4 Darwin/22.5.0"
::ffff:127.0.0.1 - - [10/Jun/2023:04:26:16 +0000] "POST /api/v1/users/login HTTP/1.0" 401 123 "-" "Sedu/1 CFNetwork/1399 Darwin/22.1.0"
::1 - - [10/Jun/2023:04:26:18 +0000] "POST /api/v1/users/register HTTP/1.0" 200 459 "-" "Sedu/1 CFNetwork/1335.0.3.2 Darwin/21.6.0"
::ffff:127.0.0.1 - - [10/Jun/2023:04:26:18 +0000] "GET /api/v1/articles/642e44a97c1330814fb764fe? HTTP/1.0" 304 - "-" "Sedu/1 CFNetwork/1399 Darwin/22.1.0"
::1 - - [10/Jun/2023:04:26:18 +0000] "GET /api/v1/users/me? HTTP/1.0" 200 185 "-" "Sedu/1 CFNetwork/1335.0.3.2 Darwin/21.6.0"
::ffff:127.0.0.1 - - [10/Jun/2023:04:26:18 +0000] "POST /api/v1/users/login HTTP/1.0" 401 123 "-" "Sedu/1 CFNetwork/1399 Darwin/22.1.0"
::1 - - [10/Jun/2023:04:26:27 +0000] "GET /api/v1/users/logout? HTTP/1.0" 200 39 "-" "Sedu/1 CFNetwork/1335.0.3.2 Darwin/21.6.0"
::ffff:127.0.0.1 - - [10/Jun/2023:04:26:27 +0000] "GET /api/v1/users/me? HTTP/1.0" 401 283 "-" "Sedu/1 CFNetwork/1335.0.3.2 Darwin/21.6.0"
::1 - - [10/Jun/2023:04:27:22 +0000] "GET /api/v1/users/me? HTTP/1.0" 401 283 "-" "Sedu/1 CFNetwork/1331.0.7 Darwin/21.4.0"
::ffff:127.0.0.1 - - [10/Jun/2023:04:27:42 +0000] "POST /api/v1/users/login HTTP/1.0" 401 123 "-" "Sedu/1 CFNetwork/1331.0.7 Darwin/21.4.0"
::1 - - [10/Jun/2023:04:27:43 +0000] "POST /api/v1/users/login HTTP/1.0" 401 123 "-" "Sedu/1 CFNetwork/1331.0.7 Darwin/21.4.0"
::ffff:127.0.0.1 - - [10/Jun/2023:04:27:43 +0000] "POST /api/v1/users/login HTTP/1.0" 401 123 "-" "Sedu/1 CFNetwork/1331.0.7 Darwin/21.4.0"
::1 - - [10/Jun/2023:04:27:56 +0000] "POST /api/v1/users/register HTTP/1.0" 200 464 "-" "Sedu/1 CFNetwork/1331.0.7 Darwin/21.4.0"
::ffff:127.0.0.1 - - [10/Jun/2023:04:27:56 +0000] "GET /api/v1/users/me? HTTP/1.0" 200 190 "-" "Sedu/1 CFNetwork/1331.0.7 Darwin/21.4.0"
::1 - - [10/Jun/2023:04:28:12 +0000] "GET /api/v1/users/me? HTTP/1.0" 304 - "-" "Sedu/1 CFNetwork/1331.0.7 Darwin/21.4.0"
::ffff:127.0.0.1 - - [10/Jun/2023:04:28:29 +0000] "POST /api/v1/users/invoice/6483fbcca32e8316d8266d65 HTTP/1.0" 200 50 "-" "Sedu/1 CFNetwork/1331.0.7 Darwin/21.4.0"
::1 - - [10/Jun/2023:04:28:29 +0000] "GET /api/v1/wallets/6483fbeda32e8316d8266d6a? HTTP/1.0" 200 16324 "-" "Sedu/1 CFNetwork/1331.0.7 Darwin/21.4.0"
::ffff:127.0.0.1 - - [10/Jun/2023:04:28:41 +0000] "GET /api/v1/users/me? HTTP/1.0" 401 283 "-" "Sedu/1 CFNetwork/1408.0.4 Darwin/22.5.0"
::1 - - [10/Jun/2023:04:29:01 +0000] "POST /api/v1/users/register HTTP/1.0" 500 250 "-" "Sedu/1 CFNetwork/1408.0.4 Darwin/22.5.0"
::ffff:127.0.0.1 - - [10/Jun/2023:04:29:12 +0000] "GET /api/v1/users/me? HTTP/1.0" 304 - "-" "Sedu/1 CFNetwork/1408.0.4 Darwin/22.5.0"
::ffff:127.0.0.1 - - [10/Jun/2023:04:29:12 +0000] "GET /api/v1/articles/642d581c7c1330814fb76387? HTTP/1.0" 304 - "-" "Sedu/1 CFNetwork/1408.0.4 Darwin/22.5.0"
::ffff:127.0.0.1 - - [10/Jun/2023:04:29:12 +0000] "GET /api/v1/users/me? HTTP/1.0" 304 - "-" "Sedu/1 CFNetwork/1408.0.4 Darwin/22.5.0"
