::1 - - [29/Apr/2023:13:40:36 +0000] "GET /api/v1/users/logout? HTTP/1.0" 304 - "-" "Sedu/1 CFNetwork/1406.0.4 Darwin/22.4.0"
::ffff:127.0.0.1 - - [29/Apr/2023:13:40:36 +0000] "GET /api/v1/users/me? HTTP/1.0" 401 283 "-" "Sedu/1 CFNetwork/1406.0.4 Darwin/22.4.0"
::1 - - [29/Apr/2023:13:40:40 +0000] "GET /api/v1/users/me? HTTP/1.0" 401 283 "-" "okhttp/4.9.2"
::ffff:127.0.0.1 - - [29/Apr/2023:13:40:44 +0000] "POST /api/v1/users/register HTTP/1.0" 200 460 "-" "okhttp/4.9.2"
::1 - - [29/Apr/2023:13:40:44 +0000] "GET /api/v1/users/me? HTTP/1.0" 200 186 "-" "okhttp/4.9.2"
::ffff:127.0.0.1 - - [29/Apr/2023:13:40:50 +0000] "POST /api/v1/users/login HTTP/1.0" 200 498 "-" "Sedu/1 CFNetwork/1406.0.4 Darwin/22.4.0"
::1 - - [29/Apr/2023:13:40:50 +0000] "GET /api/v1/users/me? HTTP/1.0" 200 224 "-" "Sedu/1 CFNetwork/1406.0.4 Darwin/22.4.0"
::1 - - [29/Apr/2023:13:40:51 +0000] "GET /api/v1/ads? HTTP/1.0" 200 633 "-" "Sedu/1 CFNetwork/1406.0.4 Darwin/22.4.0"
::ffff:127.0.0.1 - - [29/Apr/2023:13:40:51 +0000] "GET /api/v1/articles? HTTP/1.0" 200 303951 "-" "Sedu/1 CFNetwork/1406.0.4 Darwin/22.4.0"
::ffff:127.0.0.1 - - [29/Apr/2023:13:40:57 +0000] "GET /api/v1/users/me? HTTP/1.0" 304 - "-" "okhttp/4.9.2"
::ffff:127.0.0.1 - - [29/Apr/2023:13:41:03 +0000] "POST /api/v1/users/register HTTP/1.0" 200 461 "-" "okhttp/4.9.2"
::1 - - [29/Apr/2023:13:41:04 +0000] "GET /api/v1/users/me? HTTP/1.0" 200 187 "-" "okhttp/4.9.2"
::1 - - [29/Apr/2023:13:41:11 +0000] "POST /api/v1/users/invoice/644d1e5ba4c26797f424272a HTTP/1.0" 200 50 "-" "okhttp/4.9.2"
::ffff:127.0.0.1 - - [29/Apr/2023:13:41:12 +0000] "GET /api/v1/wallets/644d1e77a4c26797f4242738? HTTP/1.0" 200 15968 "-" "okhttp/4.9.2"
::ffff:127.0.0.1 - - [29/Apr/2023:13:41:19 +0000] "GET /api/v1/users/me? HTTP/1.0" 304 - "-" "okhttp/4.9.2"
::1 - - [29/Apr/2023:13:41:25 +0000] "GET /api/v1/users/logout? HTTP/1.0" 200 39 "-" "okhttp/4.9.2"
::ffff:127.0.0.1 - - [29/Apr/2023:13:41:25 +0000] "GET /api/v1/users/me? HTTP/1.0" 401 283 "-" "okhttp/4.9.2"
::1 - - [29/Apr/2023:13:41:31 +0000] "POST /api/v1/users/invoice/644d1e6fa4c26797f4242734 HTTP/1.0" 200 50 "-" "okhttp/4.9.2"
::ffff:127.0.0.1 - - [29/Apr/2023:13:41:31 +0000] "GET /api/v1/wallets/644d1e8ba4c26797f424274b? HTTP/1.0" 200 16137 "-" "okhttp/4.9.2"
::1 - - [29/Apr/2023:13:41:38 +0000] "GET /api/v1/users/me? HTTP/1.0" 401 283 "-" "okhttp/4.9.2"
::ffff:127.0.0.1 - - [29/Apr/2023:13:41:40 +0000] "POST /api/v1/users/login HTTP/1.0" 200 499 "-" "okhttp/4.9.2"
::1 - - [29/Apr/2023:13:41:40 +0000] "GET /api/v1/users/me? HTTP/1.0" 200 225 "-" "okhttp/4.9.2"
::ffff:127.0.0.1 - - [29/Apr/2023:13:41:44 +0000] "GET /api/v1/users/logout? HTTP/1.0" 304 - "-" "okhttp/4.9.2"
::1 - - [29/Apr/2023:13:41:44 +0000] "GET /api/v1/users/me? HTTP/1.0" 401 283 "-" "okhttp/4.9.2"
::ffff:127.0.0.1 - - [29/Apr/2023:13:41:56 +0000] "GET /api/v1/users/me? HTTP/1.0" 401 283 "-" "Sedu/1 CFNetwork/1399 Darwin/22.1.0"
::1 - - [29/Apr/2023:13:42:20 +0000] "POST /api/v1/users/register HTTP/1.0" 200 466 "-" "Sedu/1 CFNetwork/1399 Darwin/22.1.0"
::ffff:127.0.0.1 - - [29/Apr/2023:13:42:20 +0000] "GET /api/v1/users/me? HTTP/1.0" 200 192 "-" "Sedu/1 CFNetwork/1399 Darwin/22.1.0"
::1 - - [29/Apr/2023:13:42:24 +0000] "GET /api/v1/users/me? HTTP/1.0" 304 - "-" "Sedu/1 CFNetwork/1406.0.4 Darwin/22.4.0"
::ffff:127.0.0.1 - - [29/Apr/2023:13:42:24 +0000] "GET /api/v1/ads? HTTP/1.0" 304 - "-" "Sedu/1 CFNetwork/1406.0.4 Darwin/22.4.0"
::1 - - [29/Apr/2023:13:42:24 +0000] "GET /api/v1/articles? HTTP/1.0" 304 - "-" "Sedu/1 CFNetwork/1406.0.4 Darwin/22.4.0"
::1 - - [29/Apr/2023:13:42:28 +0000] "GET /api/v1/users/me? HTTP/1.0" 304 - "-" "Sedu/1 CFNetwork/1399 Darwin/22.1.0"
::ffff:127.0.0.1 - - [29/Apr/2023:13:42:35 +0000] "GET /api/v1/users/me? HTTP/1.0" 401 283 "-" "okhttp/4.9.2"
::1 - - [29/Apr/2023:13:42:37 +0000] "POST /api/v1/users/invoice/644d1ebca4c26797f424275e HTTP/1.0" 200 50 "-" "Sedu/1 CFNetwork/1399 Darwin/22.1.0"
::ffff:127.0.0.1 - - [29/Apr/2023:13:42:37 +0000] "GET /api/v1/wallets/644d1ecda4c26797f4242768? HTTP/1.0" 200 15946 "-" "Sedu/1 CFNetwork/1399 Darwin/22.1.0"
::ffff:127.0.0.1 - - [29/Apr/2023:13:42:42 +0000] "GET /api/v1/users/logout? HTTP/1.0" 200 39 "-" "Sedu/1 CFNetwork/1399 Darwin/22.1.0"
::1 - - [29/Apr/2023:13:42:42 +0000] "GET /api/v1/users/me? HTTP/1.0" 401 283 "-" "Sedu/1 CFNetwork/1399 Darwin/22.1.0"
::ffff:127.0.0.1 - - [29/Apr/2023:13:42:59 +0000] "POST /api/v1/users/login HTTP/1.0" 200 505 "-" "Sedu/1 CFNetwork/1399 Darwin/22.1.0"
::1 - - [29/Apr/2023:13:42:59 +0000] "GET /api/v1/users/me? HTTP/1.0" 200 231 "-" "Sedu/1 CFNetwork/1399 Darwin/22.1.0"
::ffff:127.0.0.1 - - [29/Apr/2023:13:43:04 +0000] "GET /api/v1/users/me? HTTP/1.0" 304 - "-" "Sedu/1 CFNetwork/1399 Darwin/22.1.0"
::1 - - [29/Apr/2023:13:43:07 +0000] "POST /api/v1/users/invoice/644d1ebca4c26797f424275e HTTP/1.0" 200 50 "-" "Sedu/1 CFNetwork/1399 Darwin/22.1.0"
::ffff:127.0.0.1 - - [29/Apr/2023:13:43:07 +0000] "POST /api/v1/users/register HTTP/1.0" 200 462 "-" "okhttp/4.9.2"
::1 - - [29/Apr/2023:13:43:07 +0000] "GET /api/v1/wallets/644d1eeba4c26797f424277d? HTTP/1.0" 200 16282 "-" "Sedu/1 CFNetwork/1399 Darwin/22.1.0"
::ffff:127.0.0.1 - - [29/Apr/2023:13:43:08 +0000] "GET /api/v1/users/me? HTTP/1.0" 200 188 "-" "okhttp/4.9.2"
::1 - - [29/Apr/2023:13:43:14 +0000] "GET /api/v1/users/me? HTTP/1.0" 401 283 "-" "okhttp/4.9.2"
::ffff:127.0.0.1 - - [29/Apr/2023:13:43:21 +0000] "GET /api/v1/articles/642d4efb7c1330814fb762cf? HTTP/1.0" 200 10129 "-" "okhttp/4.9.2"
::1 - - [29/Apr/2023:13:43:25 +0000] "GET /api/v1/users/logout? HTTP/1.0" 200 39 "-" "okhttp/4.9.2"
::ffff:127.0.0.1 - - [29/Apr/2023:13:43:25 +0000] "GET /api/v1/users/me? HTTP/1.0" 401 283 "-" "okhttp/4.9.2"
::1 - - [29/Apr/2023:13:43:27 +0000] "GET /api/v1/users/me? HTTP/1.0" 401 283 "-" "okhttp/4.9.2"
::ffff:127.0.0.1 - - [29/Apr/2023:13:43:37 +0000] "GET /api/v1/users/me? HTTP/1.0" 401 283 "-" "Sedu/1 CFNetwork/1390 Darwin/22.0.0"
::1 - - [29/Apr/2023:13:43:47 +0000] "POST /api/v1/users/register HTTP/1.0" 200 462 "-" "okhttp/4.9.2"
::ffff:127.0.0.1 - - [29/Apr/2023:13:43:47 +0000] "GET /api/v1/users/callbacks/644d1ebca4c26797f424275e/20000?qpay_payment_id=499851280086406 HTTP/1.0" 200 231 "-" "node-fetch/1.0 (+https://github.com/bitinn/node-fetch)"
::1 - - [29/Apr/2023:13:43:47 +0000] "GET /api/v1/users/me? HTTP/1.0" 200 188 "-" "okhttp/4.9.2"
::ffff:127.0.0.1 - - [29/Apr/2023:13:43:56 +0000] "GET /api/v1/users/me? HTTP/1.0" 304 - "-" "okhttp/4.9.2"
::1 - - [29/Apr/2023:13:44:00 +0000] "POST /api/v1/users/invoice/644d1f13a4c26797f4242792 HTTP/1.0" 200 50 "-" "okhttp/4.9.2"
::ffff:127.0.0.1 - - [29/Apr/2023:13:44:00 +0000] "GET /api/v1/wallets/644d1f20a4c26797f4242799? HTTP/1.0" 200 16162 "-" "okhttp/4.9.2"
::1 - - [29/Apr/2023:13:44:09 +0000] "POST /api/v1/users/register HTTP/1.0" 200 465 "-" "Sedu/1 CFNetwork/1390 Darwin/22.0.0"
::ffff:127.0.0.1 - - [29/Apr/2023:13:44:10 +0000] "GET /api/v1/users/me? HTTP/1.0" 200 191 "-" "Sedu/1 CFNetwork/1390 Darwin/22.0.0"
::1 - - [29/Apr/2023:13:44:15 +0000] "GET /api/v1/users/me? HTTP/1.0" 401 283 "-" "okhttp/4.9.2"
::1 - - [29/Apr/2023:13:44:15 +0000] "GET /api/v1/users/me? HTTP/1.0" 200 231 "-" "Sedu/1 CFNetwork/1399 Darwin/22.1.0"
::ffff:127.0.0.1 - - [29/Apr/2023:13:44:15 +0000] "GET /api/v1/wallets/644d1eeba4c26797f424277d? HTTP/1.0" 304 - "-" "Sedu/1 CFNetwork/1399 Darwin/22.1.0"
::ffff:127.0.0.1 - - [29/Apr/2023:13:44:16 +0000] "GET /api/v1/users/me? HTTP/1.0" 304 - "-" "Sedu/1 CFNetwork/1390 Darwin/22.0.0"
::1 - - [29/Apr/2023:13:44:18 +0000] "POST /api/v1/users/invoice/644d1ebca4c26797f424275e HTTP/1.0" 200 50 "-" "Sedu/1 CFNetwork/1399 Darwin/22.1.0"
::ffff:127.0.0.1 - - [29/Apr/2023:13:44:19 +0000] "GET /api/v1/wallets/644d1f32a4c26797f42427b1? HTTP/1.0" 200 15910 "-" "Sedu/1 CFNetwork/1399 Darwin/22.1.0"
::1 - - [29/Apr/2023:13:44:24 +0000] "GET /api/v1/users/logout? HTTP/1.0" 304 - "-" "Sedu/1 CFNetwork/1399 Darwin/22.1.0"
::ffff:127.0.0.1 - - [29/Apr/2023:13:44:24 +0000] "GET /api/v1/users/me? HTTP/1.0" 401 283 "-" "Sedu/1 CFNetwork/1399 Darwin/22.1.0"
::1 - - [29/Apr/2023:13:44:33 +0000] "POST /api/v1/users/login HTTP/1.0" 200 505 "-" "Sedu/1 CFNetwork/1399 Darwin/22.1.0"
::ffff:127.0.0.1 - - [29/Apr/2023:13:44:33 +0000] "GET /api/v1/users/me? HTTP/1.0" 200 231 "-" "Sedu/1 CFNetwork/1399 Darwin/22.1.0"
::ffff:127.0.0.1 - - [29/Apr/2023:13:44:34 +0000] "GET /api/v1/ads? HTTP/1.0" 200 633 "-" "Sedu/1 CFNetwork/1399 Darwin/22.1.0"
::1 - - [29/Apr/2023:13:44:34 +0000] "GET /api/v1/articles? HTTP/1.0" 200 303951 "-" "Sedu/1 CFNetwork/1399 Darwin/22.1.0"
::ffff:127.0.0.1 - - [29/Apr/2023:13:44:34 +0000] "GET /api/v1/users/me? HTTP/1.0" 304 - "-" "Sedu/1 CFNetwork/1406.0.4 Darwin/22.4.0"
::1 - - [29/Apr/2023:13:44:36 +0000] "POST /api/v1/users/invoice/644d1f29a4c26797f42427aa HTTP/1.0" 200 50 "-" "Sedu/1 CFNetwork/1390 Darwin/22.0.0"
::1 - - [29/Apr/2023:13:44:37 +0000] "GET /api/v1/wallets/644d1f44a4c26797f42427ca? HTTP/1.0" 200 16085 "-" "Sedu/1 CFNetwork/1390 Darwin/22.0.0"
::ffff:127.0.0.1 - - [29/Apr/2023:13:44:42 +0000] "POST /api/v1/users/register HTTP/1.0" 200 468 "-" "okhttp/4.9.2"
::1 - - [29/Apr/2023:13:44:43 +0000] "GET /api/v1/users/me? HTTP/1.0" 200 194 "-" "okhttp/4.9.2"
::ffff:127.0.0.1 - - [29/Apr/2023:13:44:45 +0000] "GET /api/v1/users/me? HTTP/1.0" 401 283 "-" "okhttp/4.9.2"
::1 - - [29/Apr/2023:13:44:57 +0000] "GET /api/v1/users/me? HTTP/1.0" 304 - "-" "okhttp/4.9.2"
::ffff:127.0.0.1 - - [29/Apr/2023:13:45:00 +0000] "POST /api/v1/users/login HTTP/1.0" 200 498 "-" "okhttp/4.9.2"
::1 - - [29/Apr/2023:13:45:01 +0000] "GET /api/v1/users/me? HTTP/1.0" 200 224 "-" "okhttp/4.9.2"
::1 - - [29/Apr/2023:13:45:01 +0000] "GET /api/v1/ads? HTTP/1.0" 200 633 "-" "okhttp/4.9.2"
::ffff:127.0.0.1 - - [29/Apr/2023:13:45:01 +0000] "GET /api/v1/articles? HTTP/1.0" 200 303951 "-" "okhttp/4.9.2"
::1 - - [29/Apr/2023:13:45:12 +0000] "POST /api/v1/users/invoice/644d1f4aa4c26797f42427db HTTP/1.0" 200 50 "-" "okhttp/4.9.2"
::ffff:127.0.0.1 - - [29/Apr/2023:13:45:13 +0000] "GET /api/v1/wallets/644d1f68a4c26797f42427e6? HTTP/1.0" 200 16291 "-" "okhttp/4.9.2"
::ffff:127.0.0.1 - - [29/Apr/2023:13:45:18 +0000] "GET /api/v1/users/me? HTTP/1.0" 304 - "-" "okhttp/4.9.2"
::1 - - [29/Apr/2023:13:45:18 +0000] "GET /api/v1/articles/642d4c587c1330814fb76297? HTTP/1.0" 304 - "-" "okhttp/4.9.2"
::ffff:127.0.0.1 - - [29/Apr/2023:13:45:18 +0000] "GET /api/v1/ads? HTTP/1.0" 304 - "-" "okhttp/4.9.2"
::1 - - [29/Apr/2023:13:45:18 +0000] "GET /api/v1/articles? HTTP/1.0" 304 - "-" "okhttp/4.9.2"
::ffff:127.0.0.1 - - [29/Apr/2023:13:45:25 +0000] "GET /api/v1/users/logout? HTTP/1.0" 200 39 "-" "okhttp/4.9.2"
::1 - - [29/Apr/2023:13:45:25 +0000] "GET /api/v1/users/me? HTTP/1.0" 401 283 "-" "okhttp/4.9.2"
::ffff:127.0.0.1 - - [29/Apr/2023:13:45:27 +0000] "GET /api/v1/users/me? HTTP/1.0" 401 283 "-" "Sedu/1 CFNetwork/1404.0.5 Darwin/22.3.0"
::ffff:127.0.0.1 - - [29/Apr/2023:13:45:30 +0000] "GET /api/v1/articles/642d5b327c1330814fb763a4? HTTP/1.0" 200 9645 "-" "okhttp/4.9.2"
::1 - - [29/Apr/2023:13:45:33 +0000] "GET /api/v1/articles/642d55bf7c1330814fb76345? HTTP/1.0" 200 17984 "-" "okhttp/4.9.2"
::ffff:127.0.0.1 - - [29/Apr/2023:13:45:33 +0000] "GET /api/v1/users/me? HTTP/1.0" 401 283 "-" "okhttp/4.9.2"
::1 - - [29/Apr/2023:13:45:34 +0000] "GET /api/v1/users/me? HTTP/1.0" 401 283 "-" "Sedu/1 CFNetwork/1404.0.5 Darwin/22.3.0"
::ffff:127.0.0.1 - - [29/Apr/2023:13:45:37 +0000] "POST /api/v1/users/register HTTP/1.0" 200 463 "-" "Sedu/1 CFNetwork/1404.0.5 Darwin/22.3.0"
::1 - - [29/Apr/2023:13:45:37 +0000] "GET /api/v1/users/me? HTTP/1.0" 200 189 "-" "Sedu/1 CFNetwork/1404.0.5 Darwin/22.3.0"
::ffff:127.0.0.1 - - [29/Apr/2023:13:45:45 +0000] "GET /api/v1/users/me? HTTP/1.0" 304 - "-" "Sedu/1 CFNetwork/1404.0.5 Darwin/22.3.0"
::1 - - [29/Apr/2023:13:45:49 +0000] "POST /api/v1/users/invoice/644d1f81a4c26797f42427ff HTTP/1.0" 200 50 "-" "Sedu/1 CFNetwork/1404.0.5 Darwin/22.3.0"
::ffff:127.0.0.1 - - [29/Apr/2023:13:45:49 +0000] "GET /api/v1/wallets/644d1f8ca4c26797f4242804? HTTP/1.0" 200 15999 "-" "Sedu/1 CFNetwork/1404.0.5 Darwin/22.3.0"
::1 - - [29/Apr/2023:13:45:57 +0000] "POST /api/v1/users/register HTTP/1.0" 200 461 "-" "okhttp/4.9.2"
::ffff:127.0.0.1 - - [29/Apr/2023:13:45:57 +0000] "GET /api/v1/users/me? HTTP/1.0" 200 187 "-" "okhttp/4.9.2"
::1 - - [29/Apr/2023:13:46:01 +0000] "GET /api/v1/users/me? HTTP/1.0" 401 283 "-" "okhttp/4.9.2"
::ffff:127.0.0.1 - - [29/Apr/2023:13:46:03 +0000] "GET /api/v1/users/me? HTTP/1.0" 304 - "-" "okhttp/4.9.2"
::1 - - [29/Apr/2023:13:46:03 +0000] "GET /api/v1/users/me? HTTP/1.0" 401 283 "-" "Sedu/1 CFNetwork/1406.0.4 Darwin/22.4.0"
::ffff:127.0.0.1 - - [29/Apr/2023:13:46:07 +0000] "POST /api/v1/users/invoice/644d1f95a4c26797f4242815 HTTP/1.0" 200 50 "-" "okhttp/4.9.2"
::1 - - [29/Apr/2023:13:46:08 +0000] "GET /api/v1/wallets/644d1f9fa4c26797f424281a? HTTP/1.0" 200 16133 "-" "okhttp/4.9.2"
::ffff:127.0.0.1 - - [29/Apr/2023:13:46:20 +0000] "POST /api/v1/users/invoice/644d1f95a4c26797f4242815 HTTP/1.0" 200 50 "-" "okhttp/4.9.2"
::1 - - [29/Apr/2023:13:46:20 +0000] "GET /api/v1/wallets/644d1faca4c26797f424282c? HTTP/1.0" 200 15965 "-" "okhttp/4.9.2"
::ffff:127.0.0.1 - - [29/Apr/2023:13:46:21 +0000] "POST /api/v1/users/register HTTP/1.0" 200 461 "-" "Sedu/1 CFNetwork/1406.0.4 Darwin/22.4.0"
::1 - - [29/Apr/2023:13:46:21 +0000] "GET /api/v1/users/me? HTTP/1.0" 200 187 "-" "Sedu/1 CFNetwork/1406.0.4 Darwin/22.4.0"
::ffff:127.0.0.1 - - [29/Apr/2023:13:46:28 +0000] "GET /api/v1/users/me? HTTP/1.0" 304 - "-" "Sedu/1 CFNetwork/1406.0.4 Darwin/22.4.0"
::1 - - [29/Apr/2023:13:46:33 +0000] "POST /api/v1/users/invoice/644d1fada4c26797f424283d HTTP/1.0" 200 50 "-" "Sedu/1 CFNetwork/1406.0.4 Darwin/22.4.0"
::ffff:127.0.0.1 - - [29/Apr/2023:13:46:33 +0000] "GET /api/v1/wallets/644d1fb9a4c26797f4242842? HTTP/1.0" 200 16037 "-" "Sedu/1 CFNetwork/1406.0.4 Darwin/22.4.0"
::1 - - [29/Apr/2023:13:46:33 +0000] "GET /api/v1/users/me? HTTP/1.0" 304 - "-" "Sedu/1 CFNetwork/1399 Darwin/22.1.0"
::1 - - [29/Apr/2023:13:46:34 +0000] "GET /api/v1/ads? HTTP/1.0" 304 - "-" "Sedu/1 CFNetwork/1399 Darwin/22.1.0"
::ffff:127.0.0.1 - - [29/Apr/2023:13:46:34 +0000] "GET /api/v1/articles? HTTP/1.0" 304 - "-" "Sedu/1 CFNetwork/1399 Darwin/22.1.0"
::ffff:127.0.0.1 - - [29/Apr/2023:13:46:45 +0000] "POST /api/v1/users/register HTTP/1.0" 200 466 "-" "okhttp/4.9.2"
::1 - - [29/Apr/2023:13:46:46 +0000] "GET /api/v1/users/me? HTTP/1.0" 200 192 "-" "okhttp/4.9.2"
::ffff:127.0.0.1 - - [29/Apr/2023:13:46:53 +0000] "GET /api/v1/articles/642d79f07c1330814fb76404? HTTP/1.0" 200 11883 "-" "Sedu/1 CFNetwork/1399 Darwin/22.1.0"
::1 - - [29/Apr/2023:13:47:02 +0000] "GET /api/v1/users/callbacks/644d1fada4c26797f424283d/20000?qpay_payment_id=186559508905679 HTTP/1.0" 200 226 "-" "node-fetch/1.0 (+https://github.com/bitinn/node-fetch)"
::1 - - [29/Apr/2023:13:47:07 +0000] "GET /api/v1/users/me? HTTP/1.0" 200 226 "-" "Sedu/1 CFNetwork/1406.0.4 Darwin/22.4.0"
::ffff:127.0.0.1 - - [29/Apr/2023:13:47:07 +0000] "GET /api/v1/wallets/644d1fb9a4c26797f4242842? HTTP/1.0" 304 - "-" "Sedu/1 CFNetwork/1406.0.4 Darwin/22.4.0"
::1 - - [29/Apr/2023:13:47:10 +0000] "GET /api/v1/users/me? HTTP/1.0" 401 283 "-" "okhttp/4.9.2"
::ffff:127.0.0.1 - - [29/Apr/2023:13:47:11 +0000] "POST /api/v1/users/invoice/644d1fada4c26797f424283d HTTP/1.0" 200 50 "-" "Sedu/1 CFNetwork/1406.0.4 Darwin/22.4.0"
::ffff:127.0.0.1 - - [29/Apr/2023:13:47:11 +0000] "GET /api/v1/wallets/644d1fdea4c26797f4242861? HTTP/1.0" 200 16453 "-" "Sedu/1 CFNetwork/1406.0.4 Darwin/22.4.0"
::1 - - [29/Apr/2023:13:47:18 +0000] "GET /api/v1/users/me? HTTP/1.0" 200 226 "-" "Sedu/1 CFNetwork/1406.0.4 Darwin/22.4.0"
::ffff:127.0.0.1 - - [29/Apr/2023:13:47:23 +0000] "POST /api/v1/users/invoice/644d1fada4c26797f424283d HTTP/1.0" 200 50 "-" "Sedu/1 CFNetwork/1406.0.4 Darwin/22.4.0"
::1 - - [29/Apr/2023:13:47:23 +0000] "GET /api/v1/wallets/644d1feba4c26797f4242874? HTTP/1.0" 200 16005 "-" "Sedu/1 CFNetwork/1406.0.4 Darwin/22.4.0"
::ffff:127.0.0.1 - - [29/Apr/2023:13:47:25 +0000] "POST /api/v1/users/register HTTP/1.0" 200 463 "-" "okhttp/4.9.2"
::1 - - [29/Apr/2023:13:47:26 +0000] "GET /api/v1/users/me? HTTP/1.0" 200 189 "-" "okhttp/4.9.2"
::ffff:127.0.0.1 - - [29/Apr/2023:13:47:27 +0000] "GET /api/v1/articles/642d4c587c1330814fb76297? HTTP/1.0" 200 22271 "-" "Sedu/1 CFNetwork/1399 Darwin/22.1.0"
::1 - - [29/Apr/2023:13:47:32 +0000] "GET /api/v1/users/me? HTTP/1.0" 200 226 "-" "Sedu/1 CFNetwork/1406.0.4 Darwin/22.4.0"
::1 - - [29/Apr/2023:13:47:32 +0000] "GET /api/v1/ads? HTTP/1.0" 200 633 "-" "Sedu/1 CFNetwork/1406.0.4 Darwin/22.4.0"
::ffff:127.0.0.1 - - [29/Apr/2023:13:47:32 +0000] "GET /api/v1/articles? HTTP/1.0" 200 303951 "-" "Sedu/1 CFNetwork/1406.0.4 Darwin/22.4.0"
::1 - - [29/Apr/2023:13:47:33 +0000] "GET /api/v1/users/logout? HTTP/1.0" 200 39 "-" "okhttp/4.9.2"
::ffff:127.0.0.1 - - [29/Apr/2023:13:47:33 +0000] "GET /api/v1/users/me? HTTP/1.0" 304 - "-" "Sedu/1 CFNetwork/1399 Darwin/22.1.0"
::1 - - [29/Apr/2023:13:47:34 +0000] "GET /api/v1/users/me? HTTP/1.0" 401 283 "-" "okhttp/4.9.2"
::1 - - [29/Apr/2023:13:47:36 +0000] "GET /api/v1/users/me? HTTP/1.0" 304 - "-" "Sedu/1 CFNetwork/1406.0.4 Darwin/22.4.0"
::ffff:127.0.0.1 - - [29/Apr/2023:13:47:41 +0000] "GET /api/v1/users/me? HTTP/1.0" 401 283 "-" "okhttp/4.9.2"
::ffff:127.0.0.1 - - [29/Apr/2023:13:47:42 +0000] "GET /api/v1/users/me? HTTP/1.0" 401 283 "-" "okhttp/4.9.2"
::ffff:127.0.0.1 - - [29/Apr/2023:13:47:52 +0000] "POST /api/v1/users/register HTTP/1.0" 200 462 "-" "okhttp/4.9.2"
::1 - - [29/Apr/2023:13:47:53 +0000] "GET /api/v1/users/me? HTTP/1.0" 200 188 "-" "okhttp/4.9.2"
::1 - - [29/Apr/2023:13:48:00 +0000] "GET /api/v1/users/me? HTTP/1.0" 304 - "-" "okhttp/4.9.2"
::ffff:127.0.0.1 - - [29/Apr/2023:13:48:06 +0000] "GET /api/v1/articles/642e58ad7c1330814fb76521? HTTP/1.0" 200 5252 "-" "Sedu/1 CFNetwork/1406.0.4 Darwin/22.4.0"
::1 - - [29/Apr/2023:13:48:09 +0000] "POST /api/v1/users/register HTTP/1.0" 200 466 "-" "okhttp/4.9.2"
::ffff:127.0.0.1 - - [29/Apr/2023:13:48:09 +0000] "GET /api/v1/users/me? HTTP/1.0" 200 192 "-" "okhttp/4.9.2"
::1 - - [29/Apr/2023:13:48:14 +0000] "GET /api/v1/users/logout? HTTP/1.0" 200 39 "-" "okhttp/4.9.2"
::ffff:127.0.0.1 - - [29/Apr/2023:13:48:14 +0000] "GET /api/v1/users/me? HTTP/1.0" 401 283 "-" "okhttp/4.9.2"
::1 - - [29/Apr/2023:13:48:15 +0000] "GET /api/v1/users/me? HTTP/1.0" 401 283 "-" "okhttp/4.9.2"
::ffff:127.0.0.1 - - [29/Apr/2023:13:48:20 +0000] "GET /api/v1/users/me? HTTP/1.0" 401 283 "-" "Sedu/1 CFNetwork/1406.0.4 Darwin/22.4.0"
::1 - - [29/Apr/2023:13:48:34 +0000] "POST /api/v1/users/register HTTP/1.0" 200 465 "-" "Sedu/1 CFNetwork/1406.0.4 Darwin/22.4.0"
::ffff:127.0.0.1 - - [29/Apr/2023:13:48:35 +0000] "GET /api/v1/users/me? HTTP/1.0" 200 191 "-" "Sedu/1 CFNetwork/1406.0.4 Darwin/22.4.0"
::1 - - [29/Apr/2023:13:48:38 +0000] "GET /api/v1/users/me? HTTP/1.0" 304 - "-" "Sedu/1 CFNetwork/1406.0.4 Darwin/22.4.0"
::ffff:127.0.0.1 - - [29/Apr/2023:13:48:42 +0000] "GET /api/v1/users/me? HTTP/1.0" 401 283 "-" "okhttp/4.9.2"
::1 - - [29/Apr/2023:13:48:50 +0000] "POST /api/v1/users/invoice/644d2032a4c26797f4242898 HTTP/1.0" 200 50 "-" "Sedu/1 CFNetwork/1406.0.4 Darwin/22.4.0"
::ffff:127.0.0.1 - - [29/Apr/2023:13:48:50 +0000] "GET /api/v1/wallets/644d2042a4c26797f424289d? HTTP/1.0" 200 16001 "-" "Sedu/1 CFNetwork/1406.0.4 Darwin/22.4.0"
::1 - - [29/Apr/2023:13:49:01 +0000] "POST /api/v1/users/register HTTP/1.0" 200 461 "-" "okhttp/4.9.2"
::ffff:127.0.0.1 - - [29/Apr/2023:13:49:01 +0000] "GET /api/v1/users/me? HTTP/1.0" 200 187 "-" "okhttp/4.9.2"
::1 - - [29/Apr/2023:13:49:06 +0000] "POST /api/v1/users/register HTTP/1.0" 200 465 "-" "okhttp/4.9.2"
::ffff:127.0.0.1 - - [29/Apr/2023:13:49:09 +0000] "POST /api/v1/users/register HTTP/1.0" 500 251 "-" "okhttp/4.9.2"
::1 - - [29/Apr/2023:13:49:11 +0000] "GET /api/v1/users/me? HTTP/1.0" 200 191 "-" "okhttp/4.9.2"
::ffff:127.0.0.1 - - [29/Apr/2023:13:49:12 +0000] "POST /api/v1/users/register HTTP/1.0" 500 251 "-" "okhttp/4.9.2"
::1 - - [29/Apr/2023:13:49:15 +0000] "POST /api/v1/users/register HTTP/1.0" 500 251 "-" "okhttp/4.9.2"
::ffff:127.0.0.1 - - [29/Apr/2023:13:49:15 +0000] "POST /api/v1/users/register HTTP/1.0" 500 251 "-" "okhttp/4.9.2"
::1 - - [29/Apr/2023:13:49:20 +0000] "GET /api/v1/users/me? HTTP/1.0" 304 - "-" "okhttp/4.9.2"
::ffff:127.0.0.1 - - [29/Apr/2023:13:49:26 +0000] "POST /api/v1/users/invoice/644d204da4c26797f42428ae HTTP/1.0" 200 50 "-" "okhttp/4.9.2"
::1 - - [29/Apr/2023:13:49:27 +0000] "GET /api/v1/wallets/644d2066a4c26797f42428be? HTTP/1.0" 200 16153 "-" "okhttp/4.9.2"
::ffff:127.0.0.1 - - [29/Apr/2023:13:49:34 +0000] "GET /api/v1/users/logout? HTTP/1.0" 200 39 "-" "okhttp/4.9.2"
::1 - - [29/Apr/2023:13:49:41 +0000] "GET /api/v1/users/me? HTTP/1.0" 401 283 "-" "okhttp/4.9.2"
::1 - - [29/Apr/2023:13:50:01 +0000] "GET /api/v1/users/me? HTTP/1.0" 304 - "-" "Sedu/1 CFNetwork/1406.0.4 Darwin/22.4.0"
::ffff:127.0.0.1 - - [29/Apr/2023:13:50:01 +0000] "GET /api/v1/users/me? HTTP/1.0" 304 - "-" "Sedu/1 CFNetwork/1406.0.4 Darwin/22.4.0"
::1 - - [29/Apr/2023:13:50:01 +0000] "GET /api/v1/ads? HTTP/1.0" 304 - "-" "Sedu/1 CFNetwork/1406.0.4 Darwin/22.4.0"
::ffff:127.0.0.1 - - [29/Apr/2023:13:50:01 +0000] "GET /api/v1/articles? HTTP/1.0" 304 - "-" "Sedu/1 CFNetwork/1406.0.4 Darwin/22.4.0"
::1 - - [29/Apr/2023:13:50:27 +0000] "GET /api/v1/users/me? HTTP/1.0" 304 - "-" "Sedu/1 CFNetwork/1406.0.4 Darwin/22.4.0"
::ffff:127.0.0.1 - - [29/Apr/2023:13:50:27 +0000] "GET /api/v1/users/me? HTTP/1.0" 304 - "-" "Sedu/1 CFNetwork/1406.0.4 Darwin/22.4.0"
::1 - - [29/Apr/2023:13:50:27 +0000] "GET /api/v1/ads? HTTP/1.0" 304 - "-" "Sedu/1 CFNetwork/1406.0.4 Darwin/22.4.0"
::ffff:127.0.0.1 - - [29/Apr/2023:13:50:27 +0000] "GET /api/v1/articles? HTTP/1.0" 304 - "-" "Sedu/1 CFNetwork/1406.0.4 Darwin/22.4.0"
::1 - - [29/Apr/2023:13:50:28 +0000] "GET /api/v1/users/me? HTTP/1.0" 401 283 "-" "okhttp/4.9.2"
::ffff:127.0.0.1 - - [29/Apr/2023:13:50:29 +0000] "GET /api/v1/users/me? HTTP/1.0" 401 283 "-" "Sedu/1 CFNetwork/1390 Darwin/22.0.0"
::1 - - [29/Apr/2023:13:50:33 +0000] "GET /api/v1/articles/642d55f77c1330814fb7634f? HTTP/1.0" 200 7052 "-" "Sedu/1 CFNetwork/1406.0.4 Darwin/22.4.0"
::ffff:127.0.0.1 - - [29/Apr/2023:13:50:43 +0000] "POST /api/v1/users/register HTTP/1.0" 500 248 "-" "Sedu/1 CFNetwork/1390 Darwin/22.0.0"
::1 - - [29/Apr/2023:13:50:52 +0000] "POST /api/v1/users/login HTTP/1.0" 401 123 "-" "okhttp/4.9.2"
::ffff:127.0.0.1 - - [29/Apr/2023:13:50:57 +0000] "POST /api/v1/users/register HTTP/1.0" 200 466 "-" "Sedu/1 CFNetwork/1390 Darwin/22.0.0"
::1 - - [29/Apr/2023:13:50:57 +0000] "GET /api/v1/users/me? HTTP/1.0" 200 192 "-" "Sedu/1 CFNetwork/1390 Darwin/22.0.0"
::ffff:127.0.0.1 - - [29/Apr/2023:13:51:10 +0000] "GET /api/v1/users/me? HTTP/1.0" 304 - "-" "Sedu/1 CFNetwork/1390 Darwin/22.0.0"
::1 - - [29/Apr/2023:13:51:11 +0000] "POST /api/v1/users/register HTTP/1.0" 200 465 "-" "okhttp/4.9.2"
::ffff:127.0.0.1 - - [29/Apr/2023:13:51:12 +0000] "GET /api/v1/users/me? HTTP/1.0" 200 191 "-" "okhttp/4.9.2"
::1 - - [29/Apr/2023:13:51:12 +0000] "GET /api/v1/users/me? HTTP/1.0" 304 - "-" "Sedu/1 CFNetwork/1406.0.4 Darwin/22.4.0"
::1 - - [29/Apr/2023:13:51:12 +0000] "GET /api/v1/ads? HTTP/1.0" 304 - "-" "Sedu/1 CFNetwork/1406.0.4 Darwin/22.4.0"
::ffff:127.0.0.1 - - [29/Apr/2023:13:51:12 +0000] "GET /api/v1/articles? HTTP/1.0" 304 - "-" "Sedu/1 CFNetwork/1406.0.4 Darwin/22.4.0"
::1 - - [29/Apr/2023:13:51:26 +0000] "GET /api/v1/articles/642d55f77c1330814fb7634f? HTTP/1.0" 200 7052 "-" "okhttp/4.9.2"
::ffff:127.0.0.1 - - [29/Apr/2023:13:51:27 +0000] "POST /api/v1/users/invoice/644d20c0a4c26797f42428df HTTP/1.0" 200 50 "-" "Sedu/1 CFNetwork/1390 Darwin/22.0.0"
::1 - - [29/Apr/2023:13:51:27 +0000] "GET /api/v1/wallets/644d20dfa4c26797f42428ed? HTTP/1.0" 200 16246 "-" "Sedu/1 CFNetwork/1390 Darwin/22.0.0"
::ffff:127.0.0.1 - - [29/Apr/2023:13:51:33 +0000] "GET /api/v1/users/me? HTTP/1.0" 304 - "-" "okhttp/4.9.2"
::1 - - [29/Apr/2023:13:51:37 +0000] "GET /api/v1/users/me? HTTP/1.0" 401 283 "-" "okhttp/4.9.2"
::ffff:127.0.0.1 - - [29/Apr/2023:13:51:43 +0000] "POST /api/v1/users/invoice/644d20cfa4c26797f42428e3 HTTP/1.0" 200 50 "-" "okhttp/4.9.2"
::1 - - [29/Apr/2023:13:51:44 +0000] "GET /api/v1/wallets/644d20efa4c26797f4242900? HTTP/1.0" 200 16132 "-" "okhttp/4.9.2"
::ffff:127.0.0.1 - - [29/Apr/2023:13:51:46 +0000] "GET /api/v1/users/me? HTTP/1.0" 401 283 "-" "okhttp/4.9.2"
::1 - - [29/Apr/2023:13:52:08 +0000] "POST /api/v1/users/login HTTP/1.0" 401 123 "-" "okhttp/4.9.2"
::ffff:127.0.0.1 - - [29/Apr/2023:13:52:14 +0000] "GET /api/v1/articles/642d57947c1330814fb76374? HTTP/1.0" 200 11534 "-" "okhttp/4.9.2"
::1 - - [29/Apr/2023:13:52:18 +0000] "GET /api/v1/articles/642d581c7c1330814fb76387? HTTP/1.0" 200 7624 "-" "okhttp/4.9.2"
::ffff:127.0.0.1 - - [29/Apr/2023:13:52:21 +0000] "POST /api/v1/users/register HTTP/1.0" 500 249 "-" "okhttp/4.9.2"
::1 - - [29/Apr/2023:13:52:23 +0000] "POST /api/v1/users/register HTTP/1.0" 500 249 "-" "okhttp/4.9.2"
::ffff:127.0.0.1 - - [29/Apr/2023:13:53:07 +0000] "GET /api/v1/articles/642d59727c1330814fb76396? HTTP/1.0" 200 10552 "-" "okhttp/4.9.2"
::1 - - [29/Apr/2023:13:53:35 +0000] "GET /api/v1/users/me? HTTP/1.0" 401 283 "-" "Sedu/1 CFNetwork/1240.0.4 Darwin/20.5.0"
::ffff:127.0.0.1 - - [29/Apr/2023:13:53:42 +0000] "GET /api/v1/users/me? HTTP/1.0" 401 283 "-" "Sedu/1 CFNetwork/1335.0.3.1 Darwin/21.6.0"
::1 - - [29/Apr/2023:13:53:49 +0000] "POST /api/v1/users/register HTTP/1.0" 200 472 "-" "Sedu/1 CFNetwork/1240.0.4 Darwin/20.5.0"
::ffff:127.0.0.1 - - [29/Apr/2023:13:53:49 +0000] "GET /api/v1/users/me? HTTP/1.0" 200 198 "-" "Sedu/1 CFNetwork/1240.0.4 Darwin/20.5.0"
::1 - - [29/Apr/2023:13:53:56 +0000] "GET /api/v1/users/me? HTTP/1.0" 304 - "-" "Sedu/1 CFNetwork/1240.0.4 Darwin/20.5.0"
::ffff:127.0.0.1 - - [29/Apr/2023:13:53:59 +0000] "GET /api/v1/users/logout? HTTP/1.0" 200 39 "-" "Sedu/1 CFNetwork/1240.0.4 Darwin/20.5.0"
::1 - - [29/Apr/2023:13:54:00 +0000] "GET /api/v1/users/me? HTTP/1.0" 401 283 "-" "Sedu/1 CFNetwork/1240.0.4 Darwin/20.5.0"
::ffff:127.0.0.1 - - [29/Apr/2023:13:54:11 +0000] "POST /api/v1/users/register HTTP/1.0" 200 468 "-" "Sedu/1 CFNetwork/1335.0.3.1 Darwin/21.6.0"
::1 - - [29/Apr/2023:13:54:11 +0000] "GET /api/v1/users/me? HTTP/1.0" 200 194 "-" "Sedu/1 CFNetwork/1335.0.3.1 Darwin/21.6.0"
::ffff:127.0.0.1 - - [29/Apr/2023:13:54:18 +0000] "GET /api/v1/users/me? HTTP/1.0" 401 283 "-" "okhttp/4.9.2"
::1 - - [29/Apr/2023:13:54:20 +0000] "GET /api/v1/users/logout? HTTP/1.0" 200 39 "-" "Sedu/1 CFNetwork/1335.0.3.1 Darwin/21.6.0"
::ffff:127.0.0.1 - - [29/Apr/2023:13:54:20 +0000] "GET /api/v1/users/me? HTTP/1.0" 401 283 "-" "Sedu/1 CFNetwork/1335.0.3.1 Darwin/21.6.0"
::1 - - [29/Apr/2023:13:54:27 +0000] "GET /api/v1/users/me? HTTP/1.0" 401 283 "-" "okhttp/4.9.2"
::ffff:127.0.0.1 - - [29/Apr/2023:13:54:35 +0000] "POST /api/v1/users/login HTTP/1.0" 200 468 "-" "Sedu/1 CFNetwork/1335.0.3.1 Darwin/21.6.0"
::1 - - [29/Apr/2023:13:54:35 +0000] "GET /api/v1/users/me? HTTP/1.0" 304 - "-" "Sedu/1 CFNetwork/1335.0.3.1 Darwin/21.6.0"
::ffff:127.0.0.1 - - [29/Apr/2023:13:54:41 +0000] "POST /api/v1/users/invoice/644d2183a4c26797f424291d HTTP/1.0" 200 50 "-" "Sedu/1 CFNetwork/1335.0.3.1 Darwin/21.6.0"
::1 - - [29/Apr/2023:13:54:42 +0000] "GET /api/v1/wallets/644d21a1a4c26797f4242923? HTTP/1.0" 200 16547 "-" "Sedu/1 CFNetwork/1335.0.3.1 Darwin/21.6.0"
::ffff:127.0.0.1 - - [29/Apr/2023:13:54:42 +0000] "GET /api/v1/users/me? HTTP/1.0" 401 283 "-" "Sedu/1 CFNetwork/1404.0.5 Darwin/22.3.0"
::1 - - [29/Apr/2023:13:54:47 +0000] "POST /api/v1/users/register HTTP/1.0" 200 464 "-" "okhttp/4.9.2"
::ffff:127.0.0.1 - - [29/Apr/2023:13:54:48 +0000] "GET /api/v1/users/me? HTTP/1.0" 200 190 "-" "okhttp/4.9.2"
::1 - - [29/Apr/2023:13:54:54 +0000] "GET /api/v1/users/me? HTTP/1.0" 304 - "-" "okhttp/4.9.2"
::ffff:127.0.0.1 - - [29/Apr/2023:13:54:58 +0000] "POST /api/v1/users/invoice/644d21a7a4c26797f4242934 HTTP/1.0" 200 50 "-" "okhttp/4.9.2"
::1 - - [29/Apr/2023:13:54:58 +0000] "GET /api/v1/wallets/644d21b2a4c26797f4242939? HTTP/1.0" 200 16024 "-" "okhttp/4.9.2"
::ffff:127.0.0.1 - - [29/Apr/2023:13:55:00 +0000] "POST /api/v1/users/register HTTP/1.0" 200 461 "-" "Sedu/1 CFNetwork/1404.0.5 Darwin/22.3.0"
::1 - - [29/Apr/2023:13:55:00 +0000] "GET /api/v1/users/me? HTTP/1.0" 200 187 "-" "Sedu/1 CFNetwork/1404.0.5 Darwin/22.3.0"
::ffff:127.0.0.1 - - [29/Apr/2023:13:55:01 +0000] "POST /api/v1/users/register HTTP/1.0" 200 465 "-" "okhttp/4.9.2"
::1 - - [29/Apr/2023:13:55:02 +0000] "GET /api/v1/users/me? HTTP/1.0" 200 191 "-" "okhttp/4.9.2"
::ffff:127.0.0.1 - - [29/Apr/2023:13:55:04 +0000] "POST /api/v1/users/invoice/644d2183a4c26797f424291d HTTP/1.0" 200 50 "-" "Sedu/1 CFNetwork/1335.0.3.1 Darwin/21.6.0"
::ffff:127.0.0.1 - - [29/Apr/2023:13:55:04 +0000] "GET /api/v1/wallets/644d21b8a4c26797f4242952? HTTP/1.0" 200 16127 "-" "Sedu/1 CFNetwork/1335.0.3.1 Darwin/21.6.0"
::1 - - [29/Apr/2023:13:55:04 +0000] "POST /api/v1/users/invoice/644d21a7a4c26797f4242934 HTTP/1.0" 200 50 "-" "okhttp/4.9.2"
::1 - - [29/Apr/2023:13:55:05 +0000] "GET /api/v1/wallets/644d21b8a4c26797f4242963? HTTP/1.0" 200 16332 "-" "okhttp/4.9.2"
::ffff:127.0.0.1 - - [29/Apr/2023:13:55:10 +0000] "POST /api/v1/users/invoice/644d2183a4c26797f424291d HTTP/1.0" 200 50 "-" "Sedu/1 CFNetwork/1335.0.3.1 Darwin/21.6.0"
::1 - - [29/Apr/2023:13:55:11 +0000] "GET /api/v1/wallets/644d21bea4c26797f4242975? HTTP/1.0" 200 16323 "-" "Sedu/1 CFNetwork/1335.0.3.1 Darwin/21.6.0"
::ffff:127.0.0.1 - - [29/Apr/2023:13:55:12 +0000] "GET /api/v1/users/me? HTTP/1.0" 304 - "-" "Sedu/1 CFNetwork/1404.0.5 Darwin/22.3.0"
::1 - - [29/Apr/2023:13:55:16 +0000] "GET /api/v1/users/logout? HTTP/1.0" 200 39 "-" "okhttp/4.9.2"
::ffff:127.0.0.1 - - [29/Apr/2023:13:55:16 +0000] "GET /api/v1/users/me? HTTP/1.0" 401 283 "-" "okhttp/4.9.2"
::1 - - [29/Apr/2023:13:55:23 +0000] "POST /api/v1/users/invoice/644d21b3a4c26797f424294a HTTP/1.0" 200 50 "-" "Sedu/1 CFNetwork/1404.0.5 Darwin/22.3.0"
::ffff:127.0.0.1 - - [29/Apr/2023:13:55:24 +0000] "GET /api/v1/wallets/644d21cba4c26797f4242988? HTTP/1.0" 200 16188 "-" "Sedu/1 CFNetwork/1404.0.5 Darwin/22.3.0"
::1 - - [29/Apr/2023:13:55:36 +0000] "GET /api/v1/users/me? HTTP/1.0" 200 229 "-" "okhttp/4.9.2"
::ffff:127.0.0.1 - - [29/Apr/2023:13:55:37 +0000] "GET /api/v1/users/me? HTTP/1.0" 200 226 "-" "Sedu/1 CFNetwork/1404.0.5 Darwin/22.3.0"
::1 - - [29/Apr/2023:13:55:39 +0000] "GET /api/v1/users/logout? HTTP/1.0" 200 39 "-" "Sedu/1 CFNetwork/1404.0.5 Darwin/22.3.0"
::ffff:127.0.0.1 - - [29/Apr/2023:13:55:39 +0000] "GET /api/v1/users/me? HTTP/1.0" 401 283 "-" "Sedu/1 CFNetwork/1404.0.5 Darwin/22.3.0"
::1 - - [29/Apr/2023:13:55:51 +0000] "POST /api/v1/users/login HTTP/1.0" 200 500 "-" "Sedu/1 CFNetwork/1404.0.5 Darwin/22.3.0"
::ffff:127.0.0.1 - - [29/Apr/2023:13:55:51 +0000] "GET /api/v1/users/me? HTTP/1.0" 304 - "-" "Sedu/1 CFNetwork/1404.0.5 Darwin/22.3.0"
::1 - - [29/Apr/2023:13:55:56 +0000] "GET /api/v1/users/callbacks/644d21a7a4c26797f4242934/20000?qpay_payment_id=363363876247604 HTTP/1.0" 200 229 "-" "node-fetch/1.0 (+https://github.com/bitinn/node-fetch)"
::ffff:127.0.0.1 - - [29/Apr/2023:13:56:00 +0000] "GET /api/v1/wallets/644d21b8a4c26797f4242963? HTTP/1.0" 304 - "-" "okhttp/4.9.2"
::1 - - [29/Apr/2023:13:56:06 +0000] "POST /api/v1/users/invoice/644d21a7a4c26797f4242934 HTTP/1.0" 200 50 "-" "okhttp/4.9.2"
::ffff:127.0.0.1 - - [29/Apr/2023:13:56:06 +0000] "GET /api/v1/wallets/644d21f6a4c26797f42429a1? HTTP/1.0" 200 15964 "-" "okhttp/4.9.2"
::1 - - [29/Apr/2023:13:56:12 +0000] "POST /api/v1/users/invoice/644d21a7a4c26797f4242934 HTTP/1.0" 200 50 "-" "okhttp/4.9.2"
::ffff:127.0.0.1 - - [29/Apr/2023:13:56:12 +0000] "GET /api/v1/wallets/644d21fca4c26797f42429b3? HTTP/1.0" 200 16264 "-" "okhttp/4.9.2"
::1 - - [29/Apr/2023:13:56:21 +0000] "POST /api/v1/users/invoice/644d21a7a4c26797f4242934 HTTP/1.0" 200 50 "-" "okhttp/4.9.2"
::ffff:127.0.0.1 - - [29/Apr/2023:13:56:21 +0000] "GET /api/v1/wallets/644d2205a4c26797f42429c5? HTTP/1.0" 200 16020 "-" "okhttp/4.9.2"
::1 - - [29/Apr/2023:13:56:24 +0000] "GET /api/v1/users/logout? HTTP/1.0" 200 39 "-" "okhttp/4.9.2"
::ffff:127.0.0.1 - - [29/Apr/2023:13:56:24 +0000] "GET /api/v1/users/me? HTTP/1.0" 401 283 "-" "okhttp/4.9.2"
::1 - - [29/Apr/2023:13:56:36 +0000] "POST /api/v1/users/login HTTP/1.0" 401 123 "-" "okhttp/4.9.2"
::ffff:127.0.0.1 - - [29/Apr/2023:13:56:57 +0000] "GET /api/v1/users/me? HTTP/1.0" 401 283 "-" "okhttp/4.9.2"
::1 - - [29/Apr/2023:13:56:58 +0000] "GET /api/v1/users/me? HTTP/1.0" 401 283 "-" "okhttp/4.9.2"
::1 - - [29/Apr/2023:13:57:08 +0000] "POST /api/v1/users/login HTTP/1.0" 401 123 "-" "okhttp/4.9.2"
::ffff:127.0.0.1 - - [29/Apr/2023:13:57:13 +0000] "POST /api/v1/users/login HTTP/1.0" 401 123 "-" "okhttp/4.9.2"
::1 - - [29/Apr/2023:13:57:19 +0000] "POST /api/v1/users/register HTTP/1.0" 200 463 "-" "okhttp/4.9.2"
::ffff:127.0.0.1 - - [29/Apr/2023:13:57:19 +0000] "GET /api/v1/users/me? HTTP/1.0" 200 189 "-" "okhttp/4.9.2"
::1 - - [29/Apr/2023:13:57:21 +0000] "GET /api/v1/users/me? HTTP/1.0" 401 283 "-" "okhttp/4.9.2"
::ffff:127.0.0.1 - - [29/Apr/2023:13:57:23 +0000] "GET /api/v1/users/me? HTTP/1.0" 401 283 "-" "okhttp/4.9.2"
::1 - - [29/Apr/2023:13:57:27 +0000] "GET /api/v1/users/me? HTTP/1.0" 401 283 "-" "okhttp/4.9.2"
::ffff:127.0.0.1 - - [29/Apr/2023:13:57:30 +0000] "GET /api/v1/users/logout? HTTP/1.0" 200 39 "-" "okhttp/4.9.2"
::1 - - [29/Apr/2023:13:57:30 +0000] "GET /api/v1/users/me? HTTP/1.0" 401 283 "-" "okhttp/4.9.2"
::ffff:127.0.0.1 - - [29/Apr/2023:13:57:31 +0000] "POST /api/v1/users/login HTTP/1.0" 401 123 "-" "okhttp/4.9.2"
::1 - - [29/Apr/2023:13:57:40 +0000] "GET /api/v1/users/me? HTTP/1.0" 401 283 "-" "okhttp/4.9.2"
::ffff:127.0.0.1 - - [29/Apr/2023:13:57:44 +0000] "POST /api/v1/users/register HTTP/1.0" 500 249 "-" "okhttp/4.9.2"
::1 - - [29/Apr/2023:13:57:50 +0000] "GET /api/v1/users/me? HTTP/1.0" 401 283 "-" "okhttp/4.9.2"
::ffff:127.0.0.1 - - [29/Apr/2023:13:57:52 +0000] "POST /api/v1/users/register HTTP/1.0" 200 462 "-" "okhttp/4.9.2"
::1 - - [29/Apr/2023:13:57:52 +0000] "GET /api/v1/users/me? HTTP/1.0" 200 188 "-" "okhttp/4.9.2"
::ffff:127.0.0.1 - - [29/Apr/2023:13:57:55 +0000] "POST /api/v1/users/register HTTP/1.0" 200 465 "-" "okhttp/4.9.2"
::1 - - [29/Apr/2023:13:57:55 +0000] "GET /api/v1/users/me? HTTP/1.0" 200 191 "-" "okhttp/4.9.2"
::ffff:127.0.0.1 - - [29/Apr/2023:13:58:03 +0000] "GET /api/v1/users/logout? HTTP/1.0" 200 39 "-" "okhttp/4.9.2"
::1 - - [29/Apr/2023:13:58:03 +0000] "GET /api/v1/users/me? HTTP/1.0" 401 283 "-" "okhttp/4.9.2"
::ffff:127.0.0.1 - - [29/Apr/2023:13:58:05 +0000] "GET /api/v1/users/me? HTTP/1.0" 401 283 "-" "okhttp/4.9.2"
::1 - - [29/Apr/2023:13:58:09 +0000] "GET /api/v1/users/me? HTTP/1.0" 304 - "-" "okhttp/4.9.2"
::ffff:127.0.0.1 - - [29/Apr/2023:13:58:09 +0000] "POST /api/v1/users/login HTTP/1.0" 401 123 "-" "okhttp/4.9.2"
::1 - - [29/Apr/2023:13:58:19 +0000] "POST /api/v1/users/login HTTP/1.0" 401 123 "-" "okhttp/4.9.2"
::ffff:127.0.0.1 - - [29/Apr/2023:13:58:20 +0000] "POST /api/v1/users/login HTTP/1.0" 401 123 "-" "okhttp/4.9.2"
::1 - - [29/Apr/2023:13:58:21 +0000] "POST /api/v1/users/login HTTP/1.0" 401 123 "-" "okhttp/4.9.2"
::ffff:127.0.0.1 - - [29/Apr/2023:13:58:22 +0000] "POST /api/v1/users/login HTTP/1.0" 401 123 "-" "okhttp/4.9.2"
::1 - - [29/Apr/2023:13:58:23 +0000] "POST /api/v1/users/login HTTP/1.0" 401 123 "-" "okhttp/4.9.2"
::ffff:127.0.0.1 - - [29/Apr/2023:13:58:26 +0000] "GET /api/v1/users/me? HTTP/1.0" 304 - "-" "okhttp/4.9.2"
::1 - - [29/Apr/2023:13:58:34 +0000] "GET /api/v1/users/me? HTTP/1.0" 401 283 "-" "okhttp/4.9.2"
::ffff:127.0.0.1 - - [29/Apr/2023:13:59:12 +0000] "GET /api/v1/users/me? HTTP/1.0" 401 283 "-" "okhttp/4.9.2"
::1 - - [29/Apr/2023:13:59:32 +0000] "GET /api/v1/users/me? HTTP/1.0" 401 283 "-" "okhttp/4.9.2"
::ffff:127.0.0.1 - - [29/Apr/2023:13:59:42 +0000] "POST /api/v1/users/register HTTP/1.0" 200 462 "-" "okhttp/4.9.2"
::1 - - [29/Apr/2023:13:59:42 +0000] "GET /api/v1/users/me? HTTP/1.0" 200 188 "-" "okhttp/4.9.2"
::ffff:127.0.0.1 - - [29/Apr/2023:13:59:49 +0000] "GET /api/v1/users/me? HTTP/1.0" 401 283 "-" "okhttp/4.9.2"
::1 - - [29/Apr/2023:14:00:00 +0000] "POST /api/v1/users/register HTTP/1.0" 200 464 "-" "okhttp/4.9.2"
::ffff:127.0.0.1 - - [29/Apr/2023:14:00:00 +0000] "GET /api/v1/users/me? HTTP/1.0" 200 190 "-" "okhttp/4.9.2"
::1 - - [29/Apr/2023:14:00:01 +0000] "GET /api/v1/users/logout? HTTP/1.0" 200 39 "-" "okhttp/4.9.2"
::ffff:127.0.0.1 - - [29/Apr/2023:14:00:02 +0000] "GET /api/v1/users/me? HTTP/1.0" 401 283 "-" "okhttp/4.9.2"
::ffff:127.0.0.1 - - [29/Apr/2023:14:00:05 +0000] "GET /api/v1/articles/642d59727c1330814fb76396? HTTP/1.0" 304 - "-" "okhttp/4.9.2"
::1 - - [29/Apr/2023:14:00:05 +0000] "GET /api/v1/ads? HTTP/1.0" 304 - "-" "okhttp/4.9.2"
::ffff:127.0.0.1 - - [29/Apr/2023:14:00:06 +0000] "GET /api/v1/users/me? HTTP/1.0" 304 - "-" "okhttp/4.9.2"
::1 - - [29/Apr/2023:14:00:06 +0000] "GET /api/v1/articles? HTTP/1.0" 304 - "-" "okhttp/4.9.2"
::1 - - [29/Apr/2023:14:00:12 +0000] "GET /api/v1/users/logout? HTTP/1.0" 200 39 "-" "okhttp/4.9.2"
::ffff:127.0.0.1 - - [29/Apr/2023:14:00:12 +0000] "GET /api/v1/users/me? HTTP/1.0" 401 283 "-" "okhttp/4.9.2"
::1 - - [29/Apr/2023:14:00:13 +0000] "GET /api/v1/users/me? HTTP/1.0" 401 283 "-" "okhttp/4.9.2"
::ffff:127.0.0.1 - - [29/Apr/2023:14:00:17 +0000] "POST /api/v1/users/login HTTP/1.0" 200 462 "-" "okhttp/4.9.2"
::1 - - [29/Apr/2023:14:00:17 +0000] "GET /api/v1/users/me? HTTP/1.0" 304 - "-" "okhttp/4.9.2"
::ffff:127.0.0.1 - - [29/Apr/2023:14:00:20 +0000] "GET /api/v1/users/me? HTTP/1.0" 304 - "-" "okhttp/4.9.2"
::1 - - [29/Apr/2023:14:00:27 +0000] "POST /api/v1/users/register HTTP/1.0" 200 464 "-" "okhttp/4.9.2"
::ffff:127.0.0.1 - - [29/Apr/2023:14:00:27 +0000] "GET /api/v1/users/me? HTTP/1.0" 200 190 "-" "okhttp/4.9.2"
::1 - - [29/Apr/2023:14:00:28 +0000] "POST /api/v1/users/login HTTP/1.0" 200 464 "-" "okhttp/4.9.2"
::ffff:127.0.0.1 - - [29/Apr/2023:14:00:28 +0000] "GET /api/v1/users/me? HTTP/1.0" 304 - "-" "okhttp/4.9.2"
::1 - - [29/Apr/2023:14:00:31 +0000] "GET /api/v1/users/me? HTTP/1.0" 304 - "-" "okhttp/4.9.2"
::ffff:127.0.0.1 - - [29/Apr/2023:14:00:33 +0000] "GET /api/v1/users/me? HTTP/1.0" 304 - "-" "okhttp/4.9.2"
::1 - - [29/Apr/2023:14:00:35 +0000] "POST /api/v1/users/invoice/644d22cea4c26797f42429ed HTTP/1.0" 200 50 "-" "okhttp/4.9.2"
::ffff:127.0.0.1 - - [29/Apr/2023:14:00:35 +0000] "POST /api/v1/users/invoice/644d22fba4c26797f42429fc HTTP/1.0" 200 50 "-" "okhttp/4.9.2"
::1 - - [29/Apr/2023:14:00:35 +0000] "GET /api/v1/wallets/644d2303a4c26797f4242a05? HTTP/1.0" 200 16178 "-" "okhttp/4.9.2"
::ffff:127.0.0.1 - - [29/Apr/2023:14:00:35 +0000] "GET /api/v1/wallets/644d2303a4c26797f4242a15? HTTP/1.0" 200 15987 "-" "okhttp/4.9.2"
::1 - - [29/Apr/2023:14:00:43 +0000] "POST /api/v1/users/invoice/644d22e0a4c26797f42429f0 HTTP/1.0" 200 50 "-" "okhttp/4.9.2"
::ffff:127.0.0.1 - - [29/Apr/2023:14:00:44 +0000] "GET /api/v1/wallets/644d230ba4c26797f4242a28? HTTP/1.0" 200 16008 "-" "okhttp/4.9.2"
::1 - - [29/Apr/2023:14:00:46 +0000] "GET /api/v1/users/logout? HTTP/1.0" 304 - "-" "okhttp/4.9.2"
::ffff:127.0.0.1 - - [29/Apr/2023:14:00:46 +0000] "GET /api/v1/users/me? HTTP/1.0" 401 283 "-" "okhttp/4.9.2"
::1 - - [29/Apr/2023:14:00:52 +0000] "POST /api/v1/users/login HTTP/1.0" 200 503 "-" "okhttp/4.9.2"
::ffff:127.0.0.1 - - [29/Apr/2023:14:00:53 +0000] "GET /api/v1/users/me? HTTP/1.0" 200 229 "-" "okhttp/4.9.2"
::1 - - [29/Apr/2023:14:01:04 +0000] "GET /api/v1/users/me? HTTP/1.0" 401 283 "-" "Sedu/1 CFNetwork/1404.0.5 Darwin/22.3.0"
::ffff:127.0.0.1 - - [29/Apr/2023:14:01:05 +0000] "GET /api/v1/users/me? HTTP/1.0" 304 - "-" "okhttp/4.9.2"
::1 - - [29/Apr/2023:14:01:28 +0000] "GET /api/v1/users/me? HTTP/1.0" 200 227 "-" "okhttp/4.9.2"
::ffff:127.0.0.1 - - [29/Apr/2023:14:01:29 +0000] "GET /api/v1/users/me? HTTP/1.0" 401 283 "-" "okhttp/4.9.2"
::1 - - [29/Apr/2023:14:01:54 +0000] "GET /api/v1/users/me? HTTP/1.0" 401 283 "-" "okhttp/4.9.2"
::ffff:127.0.0.1 - - [29/Apr/2023:14:02:00 +0000] "GET /api/v1/users/me? HTTP/1.0" 401 283 "-" "okhttp/4.9.2"
::1 - - [29/Apr/2023:14:02:07 +0000] "POST /api/v1/users/register HTTP/1.0" 200 466 "-" "okhttp/4.9.2"
::ffff:127.0.0.1 - - [29/Apr/2023:14:02:07 +0000] "GET /api/v1/users/me? HTTP/1.0" 200 192 "-" "okhttp/4.9.2"
::1 - - [29/Apr/2023:14:02:11 +0000] "GET /api/v1/users/logout? HTTP/1.0" 200 39 "-" "okhttp/4.9.2"
::ffff:127.0.0.1 - - [29/Apr/2023:14:02:11 +0000] "GET /api/v1/users/me? HTTP/1.0" 401 283 "-" "okhttp/4.9.2"
::1 - - [29/Apr/2023:14:02:19 +0000] "GET /api/v1/users/me? HTTP/1.0" 304 - "-" "okhttp/4.9.2"
::ffff:127.0.0.1 - - [29/Apr/2023:14:02:20 +0000] "POST /api/v1/users/register HTTP/1.0" 200 475 "-" "okhttp/4.9.2"
::1 - - [29/Apr/2023:14:02:21 +0000] "POST /api/v1/users/login HTTP/1.0" 200 466 "-" "okhttp/4.9.2"
::ffff:127.0.0.1 - - [29/Apr/2023:14:02:21 +0000] "GET /api/v1/users/me? HTTP/1.0" 304 - "-" "okhttp/4.9.2"
::1 - - [29/Apr/2023:14:02:23 +0000] "GET /api/v1/users/me? HTTP/1.0" 200 201 "-" "okhttp/4.9.2"
::ffff:127.0.0.1 - - [29/Apr/2023:14:02:23 +0000] "POST /api/v1/users/register HTTP/1.0" 500 261 "-" "okhttp/4.9.2"
::1 - - [29/Apr/2023:14:02:25 +0000] "GET /api/v1/users/me? HTTP/1.0" 304 - "-" "okhttp/4.9.2"
::ffff:127.0.0.1 - - [29/Apr/2023:14:02:26 +0000] "GET /api/v1/users/logout? HTTP/1.0" 304 - "-" "okhttp/4.9.2"
::1 - - [29/Apr/2023:14:02:26 +0000] "GET /api/v1/users/me? HTTP/1.0" 401 283 "-" "okhttp/4.9.2"
::ffff:127.0.0.1 - - [29/Apr/2023:14:02:27 +0000] "POST /api/v1/users/register HTTP/1.0" 200 468 "-" "Sedu/1 CFNetwork/1404.0.5 Darwin/22.3.0"
::1 - - [29/Apr/2023:14:02:27 +0000] "GET /api/v1/users/me? HTTP/1.0" 200 194 "-" "Sedu/1 CFNetwork/1404.0.5 Darwin/22.3.0"
::ffff:127.0.0.1 - - [29/Apr/2023:14:02:29 +0000] "POST /api/v1/users/invoice/644d235fa4c26797f4242a3d HTTP/1.0" 200 50 "-" "okhttp/4.9.2"
::1 - - [29/Apr/2023:14:02:29 +0000] "GET /api/v1/wallets/644d2375a4c26797f4242a4d? HTTP/1.0" 200 16032 "-" "okhttp/4.9.2"
::ffff:127.0.0.1 - - [29/Apr/2023:14:02:33 +0000] "POST /api/v1/users/login HTTP/1.0" 401 123 "-" "okhttp/4.9.2"
::1 - - [29/Apr/2023:14:02:37 +0000] "POST /api/v1/users/login HTTP/1.0" 200 503 "-" "okhttp/4.9.2"
::ffff:127.0.0.1 - - [29/Apr/2023:14:02:37 +0000] "GET /api/v1/users/me? HTTP/1.0" 304 - "-" "okhttp/4.9.2"
::1 - - [29/Apr/2023:14:02:39 +0000] "GET /api/v1/users/logout? HTTP/1.0" 200 39 "-" "Sedu/1 CFNetwork/1404.0.5 Darwin/22.3.0"
::ffff:127.0.0.1 - - [29/Apr/2023:14:02:39 +0000] "GET /api/v1/users/me? HTTP/1.0" 401 283 "-" "Sedu/1 CFNetwork/1404.0.5 Darwin/22.3.0"
::1 - - [29/Apr/2023:14:02:53 +0000] "POST /api/v1/users/register HTTP/1.0" 200 479 "-" "okhttp/4.9.2"
::ffff:127.0.0.1 - - [29/Apr/2023:14:02:53 +0000] "GET /api/v1/users/me? HTTP/1.0" 200 205 "-" "okhttp/4.9.2"
::1 - - [29/Apr/2023:14:03:01 +0000] "GET /api/v1/users/me? HTTP/1.0" 304 - "-" "okhttp/4.9.2"
::ffff:127.0.0.1 - - [29/Apr/2023:14:03:06 +0000] "POST /api/v1/users/invoice/644d238da4c26797f4242a61 HTTP/1.0" 200 50 "-" "okhttp/4.9.2"
::1 - - [29/Apr/2023:14:03:07 +0000] "GET /api/v1/wallets/644d239aa4c26797f4242a66? HTTP/1.0" 200 16371 "-" "okhttp/4.9.2"
::ffff:127.0.0.1 - - [29/Apr/2023:14:03:11 +0000] "GET /api/v1/users/logout? HTTP/1.0" 200 39 "-" "okhttp/4.9.2"
::1 - - [29/Apr/2023:14:03:11 +0000] "GET /api/v1/users/me? HTTP/1.0" 401 283 "-" "okhttp/4.9.2"
::ffff:127.0.0.1 - - [29/Apr/2023:14:03:15 +0000] "GET /api/v1/users/me? HTTP/1.0" 304 - "-" "okhttp/4.9.2"
::1 - - [29/Apr/2023:14:03:22 +0000] "GET /api/v1/users/me? HTTP/1.0" 401 283 "-" "Sedu/1 CFNetwork/1399 Darwin/22.1.0"
::ffff:127.0.0.1 - - [29/Apr/2023:14:03:42 +0000] "POST /api/v1/users/register HTTP/1.0" 500 249 "-" "Sedu/1 CFNetwork/1399 Darwin/22.1.0"
::1 - - [29/Apr/2023:14:03:50 +0000] "GET /api/v1/users/me? HTTP/1.0" 401 283 "-" "Sedu/1 CFNetwork/1390 Darwin/22.0.0"
::ffff:127.0.0.1 - - [29/Apr/2023:14:03:54 +0000] "POST /api/v1/users/register HTTP/1.0" 200 465 "-" "Sedu/1 CFNetwork/1399 Darwin/22.1.0"
::1 - - [29/Apr/2023:14:03:54 +0000] "GET /api/v1/users/me? HTTP/1.0" 200 191 "-" "Sedu/1 CFNetwork/1399 Darwin/22.1.0"
::ffff:127.0.0.1 - - [29/Apr/2023:14:04:03 +0000] "GET /api/v1/users/me? HTTP/1.0" 304 - "-" "Sedu/1 CFNetwork/1399 Darwin/22.1.0"
::1 - - [29/Apr/2023:14:04:09 +0000] "POST /api/v1/users/invoice/644d23c9a4c26797f4242a7a HTTP/1.0" 200 50 "-" "Sedu/1 CFNetwork/1399 Darwin/22.1.0"
::ffff:127.0.0.1 - - [29/Apr/2023:14:04:09 +0000] "GET /api/v1/wallets/644d23d9a4c26797f4242a7f? HTTP/1.0" 200 15949 "-" "Sedu/1 CFNetwork/1399 Darwin/22.1.0"
::1 - - [29/Apr/2023:14:04:38 +0000] "GET /api/v1/users/callbacks/644d23c9a4c26797f4242a7a/20000?qpay_payment_id=627128744901226 HTTP/1.0" 200 230 "-" "node-fetch/1.0 (+https://github.com/bitinn/node-fetch)"
::ffff:127.0.0.1 - - [29/Apr/2023:14:04:44 +0000] "GET /api/v1/users/logout? HTTP/1.0" 304 - "-" "okhttp/4.9.2"
::1 - - [29/Apr/2023:14:04:45 +0000] "GET /api/v1/users/me? HTTP/1.0" 401 283 "-" "okhttp/4.9.2"
::ffff:127.0.0.1 - - [29/Apr/2023:14:04:49 +0000] "GET /api/v1/users/me? HTTP/1.0" 401 283 "-" "okhttp/4.9.2"
::1 - - [29/Apr/2023:14:04:51 +0000] "GET /api/v1/users/me? HTTP/1.0" 200 230 "-" "Sedu/1 CFNetwork/1399 Darwin/22.1.0"
::ffff:127.0.0.1 - - [29/Apr/2023:14:04:51 +0000] "GET /api/v1/wallets/644d23d9a4c26797f4242a7f? HTTP/1.0" 304 - "-" "Sedu/1 CFNetwork/1399 Darwin/22.1.0"
::1 - - [29/Apr/2023:14:04:55 +0000] "POST /api/v1/users/invoice/644d23c9a4c26797f4242a7a HTTP/1.0" 200 50 "-" "Sedu/1 CFNetwork/1399 Darwin/22.1.0"
::ffff:127.0.0.1 - - [29/Apr/2023:14:04:55 +0000] "GET /api/v1/wallets/644d2407a4c26797f4242a95? HTTP/1.0" 200 16308 "-" "Sedu/1 CFNetwork/1399 Darwin/22.1.0"
::1 - - [29/Apr/2023:14:05:11 +0000] "GET /api/v1/users/me? HTTP/1.0" 200 230 "-" "Sedu/1 CFNetwork/1399 Darwin/22.1.0"
::ffff:127.0.0.1 - - [29/Apr/2023:14:05:14 +0000] "GET /api/v1/users/logout? HTTP/1.0" 200 39 "-" "Sedu/1 CFNetwork/1399 Darwin/22.1.0"
::1 - - [29/Apr/2023:14:05:14 +0000] "GET /api/v1/users/me? HTTP/1.0" 401 283 "-" "Sedu/1 CFNetwork/1399 Darwin/22.1.0"
::ffff:127.0.0.1 - - [29/Apr/2023:14:05:28 +0000] "POST /api/v1/users/login HTTP/1.0" 200 504 "-" "Sedu/1 CFNetwork/1399 Darwin/22.1.0"
::1 - - [29/Apr/2023:14:05:28 +0000] "GET /api/v1/users/me? HTTP/1.0" 304 - "-" "Sedu/1 CFNetwork/1399 Darwin/22.1.0"
::ffff:127.0.0.1 - - [29/Apr/2023:14:05:29 +0000] "GET /api/v1/articles? HTTP/1.0" 200 303951 "-" "Sedu/1 CFNetwork/1399 Darwin/22.1.0"
::1 - - [29/Apr/2023:14:05:29 +0000] "GET /api/v1/ads? HTTP/1.0" 200 633 "-" "Sedu/1 CFNetwork/1399 Darwin/22.1.0"
::ffff:127.0.0.1 - - [29/Apr/2023:14:05:51 +0000] "GET /api/v1/users/me? HTTP/1.0" 401 283 "-" "okhttp/4.9.2"
::1 - - [29/Apr/2023:14:06:08 +0000] "GET /api/v1/users/me? HTTP/1.0" 401 283 "-" "okhttp/4.9.2"
::ffff:127.0.0.1 - - [29/Apr/2023:14:06:17 +0000] "POST /api/v1/users/register HTTP/1.0" 200 479 "-" "okhttp/4.9.2"
::1 - - [29/Apr/2023:14:06:17 +0000] "GET /api/v1/users/me? HTTP/1.0" 200 205 "-" "okhttp/4.9.2"
::ffff:127.0.0.1 - - [29/Apr/2023:14:06:20 +0000] "POST /api/v1/users/register HTTP/1.0" 200 460 "-" "okhttp/4.9.2"
::1 - - [29/Apr/2023:14:06:20 +0000] "GET /api/v1/users/me? HTTP/1.0" 200 186 "-" "okhttp/4.9.2"
::ffff:127.0.0.1 - - [29/Apr/2023:14:06:23 +0000] "GET /api/v1/users/me? HTTP/1.0" 401 283 "-" "okhttp/4.9.2"
::1 - - [29/Apr/2023:14:06:27 +0000] "GET /api/v1/users/logout? HTTP/1.0" 200 39 "-" "okhttp/4.9.2"
::ffff:127.0.0.1 - - [29/Apr/2023:14:06:27 +0000] "GET /api/v1/users/me? HTTP/1.0" 401 283 "-" "okhttp/4.9.2"
::1 - - [29/Apr/2023:14:06:33 +0000] "GET /api/v1/users/me? HTTP/1.0" 304 - "-" "okhttp/4.9.2"
::ffff:127.0.0.1 - - [29/Apr/2023:14:06:37 +0000] "POST /api/v1/users/invoice/644d245ba4c26797f4242ab0 HTTP/1.0" 200 50 "-" "okhttp/4.9.2"
::1 - - [29/Apr/2023:14:06:37 +0000] "GET /api/v1/wallets/644d246da4c26797f4242ab5? HTTP/1.0" 200 16103 "-" "okhttp/4.9.2"
::ffff:127.0.0.1 - - [29/Apr/2023:14:06:39 +0000] "POST /api/v1/users/login HTTP/1.0" 200 479 "-" "okhttp/4.9.2"
::1 - - [29/Apr/2023:14:06:39 +0000] "GET /api/v1/users/me? HTTP/1.0" 304 - "-" "okhttp/4.9.2"
::ffff:127.0.0.1 - - [29/Apr/2023:14:06:47 +0000] "GET /api/v1/users/logout? HTTP/1.0" 200 39 "-" "okhttp/4.9.2"
::1 - - [29/Apr/2023:14:06:47 +0000] "GET /api/v1/users/me? HTTP/1.0" 401 283 "-" "okhttp/4.9.2"
::ffff:127.0.0.1 - - [29/Apr/2023:14:06:49 +0000] "POST /api/v1/users/invoice/644d2459a4c26797f4242aad HTTP/1.0" 200 50 "-" "okhttp/4.9.2"
::1 - - [29/Apr/2023:14:06:50 +0000] "GET /api/v1/wallets/644d2479a4c26797f4242ac9? HTTP/1.0" 200 16364 "-" "okhttp/4.9.2"
::ffff:127.0.0.1 - - [29/Apr/2023:14:07:20 +0000] "GET /api/v1/users/me? HTTP/1.0" 401 283 "-" "okhttp/4.9.2"
::1 - - [29/Apr/2023:14:07:44 +0000] "POST /api/v1/users/register HTTP/1.0" 200 462 "-" "okhttp/4.9.2"
::ffff:127.0.0.1 - - [29/Apr/2023:14:07:44 +0000] "GET /api/v1/users/me? HTTP/1.0" 200 188 "-" "okhttp/4.9.2"
::1 - - [29/Apr/2023:14:07:51 +0000] "GET /api/v1/users/me? HTTP/1.0" 304 - "-" "okhttp/4.9.2"
::ffff:127.0.0.1 - - [29/Apr/2023:14:08:00 +0000] "POST /api/v1/users/invoice/644d24b0a4c26797f4242ada HTTP/1.0" 200 50 "-" "okhttp/4.9.2"
::1 - - [29/Apr/2023:14:08:01 +0000] "GET /api/v1/wallets/644d24c0a4c26797f4242adf? HTTP/1.0" 200 16178 "-" "okhttp/4.9.2"
::ffff:127.0.0.1 - - [29/Apr/2023:14:08:43 +0000] "GET /api/v1/users/me? HTTP/1.0" 401 283 "-" "okhttp/4.9.2"
::1 - - [29/Apr/2023:14:08:43 +0000] "GET /api/v1/users/me? HTTP/1.0" 401 283 "-" "Sedu/1 CFNetwork/1390 Darwin/22.0.0"
::ffff:127.0.0.1 - - [29/Apr/2023:14:09:00 +0000] "POST /api/v1/users/register HTTP/1.0" 200 463 "-" "okhttp/4.9.2"
::1 - - [29/Apr/2023:14:09:00 +0000] "GET /api/v1/users/me? HTTP/1.0" 200 189 "-" "okhttp/4.9.2"
::ffff:127.0.0.1 - - [29/Apr/2023:14:09:01 +0000] "GET /api/v1/users/me? HTTP/1.0" 401 283 "-" "okhttp/4.9.2"
::1 - - [29/Apr/2023:14:09:07 +0000] "GET /api/v1/users/me? HTTP/1.0" 304 - "-" "okhttp/4.9.2"
::ffff:127.0.0.1 - - [29/Apr/2023:14:09:09 +0000] "GET /api/v1/users/logout? HTTP/1.0" 200 39 "-" "okhttp/4.9.2"
::1 - - [29/Apr/2023:14:09:09 +0000] "GET /api/v1/users/me? HTTP/1.0" 401 283 "-" "okhttp/4.9.2"
