::ffff:127.0.0.1 - - [28/May/2023:11:27:51 +0000] "POST /api/v1/users/login HTTP/1.0" 200 501 "-" "Sedu/1 CFNetwork/1408.0.4 Darwin/22.5.0"
::1 - - [28/May/2023:11:27:52 +0000] "GET /api/v1/users/me? HTTP/1.0" 304 - "-" "Sedu/1 CFNetwork/1408.0.4 Darwin/22.5.0"
::ffff:127.0.0.1 - - [28/May/2023:11:27:52 +0000] "GET /api/v1/articles? HTTP/1.0" 200 387210 "-" "Sedu/1 CFNetwork/1408.0.4 Darwin/22.5.0"
::1 - - [28/May/2023:11:27:52 +0000] "GET /api/v1/ads? HTTP/1.0" 200 633 "-" "Sedu/1 CFNetwork/1408.0.4 Darwin/22.5.0"
::1 - - [28/May/2023:11:28:01 +0000] "GET /api/v1/articles/642d75b97c1330814fb763bb? HTTP/1.0" 200 12199 "-" "Sedu/1 CFNetwork/1408.0.4 Darwin/22.5.0"
::ffff:127.0.0.1 - - [28/May/2023:11:29:06 +0000] "GET /api/v1/articles/642e36c67c1330814fb764a6? HTTP/1.0" 200 6465 "-" "Sedu/1 CFNetwork/1408.0.4 Darwin/22.5.0"
::1 - - [28/May/2023:11:29:17 +0000] "GET /api/v1/articles/642d5b917c1330814fb763ad? HTTP/1.0" 304 - "-" "okhttp/4.9.2"
::ffff:127.0.0.1 - - [28/May/2023:11:29:22 +0000] "GET /api/v1/articles/64608634a32e8316d822e5bd? HTTP/1.0" 200 3753 "-" "Sedu/1 CFNetwork/1408.0.4 Darwin/22.5.0"
::1 - - [28/May/2023:11:29:41 +0000] "GET /api/v1/users/me? HTTP/1.0" 304 - "-" "Sedu/1 CFNetwork/1408.0.4 Darwin/22.5.0"
::1 - - [28/May/2023:11:30:52 +0000] "GET /api/v1/users/me? HTTP/1.0" 304 - "-" "Sedu/1 CFNetwork/1408.0.4 Darwin/22.5.0"
::1 - - [28/May/2023:11:30:52 +0000] "GET /api/v1/users/me? HTTP/1.0" 304 - "-" "Sedu/1 CFNetwork/1408.0.4 Darwin/22.5.0"
::ffff:127.0.0.1 - - [28/May/2023:11:30:52 +0000] "GET /api/v1/ads? HTTP/1.0" 304 - "-" "Sedu/1 CFNetwork/1408.0.4 Darwin/22.5.0"
::ffff:127.0.0.1 - - [28/May/2023:11:30:52 +0000] "GET /api/v1/articles? HTTP/1.0" 304 - "-" "Sedu/1 CFNetwork/1408.0.4 Darwin/22.5.0"
::ffff:127.0.0.1 - - [28/May/2023:11:30:59 +0000] "GET /api/v1/articles/642d76ab7c1330814fb763c4? HTTP/1.0" 200 12382 "-" "okhttp/4.9.2"
::1 - - [28/May/2023:11:31:35 +0000] "GET /api/v1/articles/642d79f07c1330814fb76404? HTTP/1.0" 200 11855 "-" "okhttp/4.9.2"
::ffff:127.0.0.1 - - [28/May/2023:11:35:31 +0000] "GET /api/v1/users/me? HTTP/1.0" 304 - "-" "Sedu/1 CFNetwork/1335.0.3 Darwin/21.6.0"
::ffff:127.0.0.1 - - [28/May/2023:11:35:31 +0000] "GET /api/v1/ads? HTTP/1.0" 304 - "-" "Sedu/1 CFNetwork/1335.0.3 Darwin/21.6.0"
::1 - - [28/May/2023:11:35:31 +0000] "GET /api/v1/articles? HTTP/1.0" 200 387210 "-" "Sedu/1 CFNetwork/1335.0.3 Darwin/21.6.0"
::ffff:127.0.0.1 - - [28/May/2023:11:35:52 +0000] "GET /api/v1/articles/642d7ac57c1330814fb76424? HTTP/1.0" 304 - "-" "okhttp/4.9.2"
::1 - - [28/May/2023:11:36:02 +0000] "GET /api/v1/users/me? HTTP/1.0" 304 - "-" "okhttp/4.9.2"
::ffff:127.0.0.1 - - [28/May/2023:11:36:21 +0000] "GET /api/v1/articles/642e321a7c1330814fb7648b? HTTP/1.0" 304 - "-" "okhttp/4.9.2"
::1 - - [28/May/2023:11:38:16 +0000] "GET /api/v1/users/me? HTTP/1.0" 304 - "-" "okhttp/4.9.2"
::1 - - [28/May/2023:11:38:17 +0000] "GET /api/v1/ads? HTTP/1.0" 304 - "-" "okhttp/4.9.2"
::ffff:127.0.0.1 - - [28/May/2023:11:38:17 +0000] "GET /api/v1/articles? HTTP/1.0" 304 - "-" "okhttp/4.9.2"
::ffff:127.0.0.1 - - [28/May/2023:11:38:27 +0000] "GET /api/v1/users/me? HTTP/1.0" 304 - "-" "okhttp/4.9.2"
::1 - - [28/May/2023:11:38:28 +0000] "GET /api/v1/articles? HTTP/1.0" 304 - "-" "okhttp/4.9.2"
::ffff:127.0.0.1 - - [28/May/2023:11:38:28 +0000] "GET /api/v1/ads? HTTP/1.0" 304 - "-" "okhttp/4.9.2"
::1 - - [28/May/2023:11:39:29 +0000] "GET /api/v1/users/me? HTTP/1.0" 304 - "-" "okhttp/4.9.2"
::ffff:127.0.0.1 - - [28/May/2023:11:39:29 +0000] "GET /api/v1/articles? HTTP/1.0" 304 - "-" "okhttp/4.9.2"
::1 - - [28/May/2023:11:39:29 +0000] "GET /api/v1/ads? HTTP/1.0" 304 - "-" "okhttp/4.9.2"
::ffff:127.0.0.1 - - [28/May/2023:11:39:39 +0000] "GET /api/v1/users/me? HTTP/1.0" 304 - "-" "okhttp/4.9.2"
::1 - - [28/May/2023:11:39:48 +0000] "GET /api/v1/articles/642d4c587c1330814fb76297? HTTP/1.0" 200 22271 "-" "okhttp/4.9.2"
::ffff:127.0.0.1 - - [28/May/2023:11:40:13 +0000] "GET /api/v1/articles/642d56517c1330814fb7635e? HTTP/1.0" 200 16235 "-" "okhttp/4.9.2"
::1 - - [28/May/2023:11:40:45 +0000] "GET /api/v1/users/me? HTTP/1.0" 304 - "-" "Sedu/1 CFNetwork/1333.0.4 Darwin/21.5.0"
::1 - - [28/May/2023:11:40:45 +0000] "GET /api/v1/ads? HTTP/1.0" 304 - "-" "Sedu/1 CFNetwork/1333.0.4 Darwin/21.5.0"
::ffff:127.0.0.1 - - [28/May/2023:11:40:45 +0000] "GET /api/v1/articles? HTTP/1.0" 304 - "-" "Sedu/1 CFNetwork/1333.0.4 Darwin/21.5.0"
::1 - - [28/May/2023:11:41:14 +0000] "GET /api/v1/articles/642d789c7c1330814fb763e7? HTTP/1.0" 200 6163 "-" "okhttp/4.9.2"
::1 - - [28/May/2023:11:41:15 +0000] "GET /api/v1/users/me? HTTP/1.0" 304 - "-" "Sedu/1 CFNetwork/1399 Darwin/22.1.0"
::ffff:127.0.0.1 - - [28/May/2023:11:41:15 +0000] "GET /api/v1/wallets/64711f92a32e8316d824572d? HTTP/1.0" 304 - "-" "Sedu/1 CFNetwork/1399 Darwin/22.1.0"
::ffff:127.0.0.1 - - [28/May/2023:11:41:31 +0000] "POST /api/v1/users/invoice/64711f62a32e8316d8245728 HTTP/1.0" 200 50 "-" "Sedu/1 CFNetwork/1399 Darwin/22.1.0"
::1 - - [28/May/2023:11:41:31 +0000] "GET /api/v1/wallets/64733deba32e8316d8248aaf? HTTP/1.0" 200 16343 "-" "Sedu/1 CFNetwork/1399 Darwin/22.1.0"
::ffff:127.0.0.1 - - [28/May/2023:11:41:36 +0000] "GET /api/v1/users/me? HTTP/1.0" 200 228 "-" "Sedu/1 CFNetwork/1399 Darwin/22.1.0"
::1 - - [28/May/2023:11:41:36 +0000] "GET /api/v1/wallets/64733deba32e8316d8248aaf? HTTP/1.0" 304 - "-" "Sedu/1 CFNetwork/1399 Darwin/22.1.0"
::ffff:127.0.0.1 - - [28/May/2023:11:42:03 +0000] "GET /api/v1/articles/642e2e6d7c1330814fb7646b? HTTP/1.0" 200 1619 "-" "okhttp/4.9.2"
::1 - - [28/May/2023:11:42:03 +0000] "GET /api/v1/users/me? HTTP/1.0" 304 - "-" "okhttp/4.9.2"
::ffff:127.0.0.1 - - [28/May/2023:11:42:38 +0000] "GET /api/v1/articles/642e321a7c1330814fb7648b? HTTP/1.0" 200 2221 "-" "okhttp/4.9.2"
::1 - - [28/May/2023:11:43:11 +0000] "GET /api/v1/articles/642e38197c1330814fb764af? HTTP/1.0" 200 5954 "-" "okhttp/4.9.2"
::1 - - [28/May/2023:11:44:24 +0000] "GET /api/v1/users/me? HTTP/1.0" 304 - "-" "Sedu/1 CFNetwork/1399 Darwin/22.1.0"
::ffff:127.0.0.1 - - [28/May/2023:11:44:24 +0000] "GET /api/v1/wallets/64733deba32e8316d8248aaf? HTTP/1.0" 304 - "-" "Sedu/1 CFNetwork/1399 Darwin/22.1.0"
::ffff:127.0.0.1 - - [28/May/2023:11:44:29 +0000] "GET /api/v1/users/me? HTTP/1.0" 401 283 "-" "Sedu/1 CFNetwork/1408.0.4 Darwin/22.5.0"
::1 - - [28/May/2023:11:45:07 +0000] "POST /api/v1/users/register HTTP/1.0" 500 248 "-" "Sedu/1 CFNetwork/1408.0.4 Darwin/22.5.0"
::ffff:127.0.0.1 - - [28/May/2023:11:45:21 +0000] "POST /api/v1/users/register HTTP/1.0" 200 463 "-" "Sedu/1 CFNetwork/1408.0.4 Darwin/22.5.0"
::1 - - [28/May/2023:11:45:21 +0000] "GET /api/v1/users/me? HTTP/1.0" 200 189 "-" "Sedu/1 CFNetwork/1408.0.4 Darwin/22.5.0"
::ffff:127.0.0.1 - - [28/May/2023:11:45:30 +0000] "GET /api/v1/users/logout? HTTP/1.0" 200 39 "-" "Sedu/1 CFNetwork/1408.0.4 Darwin/22.5.0"
::1 - - [28/May/2023:11:45:31 +0000] "GET /api/v1/users/me? HTTP/1.0" 401 283 "-" "Sedu/1 CFNetwork/1408.0.4 Darwin/22.5.0"
::ffff:127.0.0.1 - - [28/May/2023:11:46:23 +0000] "GET /api/v1/users/me? HTTP/1.0" 401 283 "-" "Sedu/1 CFNetwork/1390 Darwin/22.0.0"
::1 - - [28/May/2023:11:46:40 +0000] "GET /api/v1/users/me? HTTP/1.0" 304 - "-" "Sedu/1 CFNetwork/1399 Darwin/22.1.0"
::ffff:127.0.0.1 - - [28/May/2023:11:46:40 +0000] "GET /api/v1/wallets/64733deba32e8316d8248aaf? HTTP/1.0" 304 - "-" "Sedu/1 CFNetwork/1399 Darwin/22.1.0"
::1 - - [28/May/2023:11:46:51 +0000] "POST /api/v1/users/register HTTP/1.0" 500 255 "-" "Sedu/1 CFNetwork/1390 Darwin/22.0.0"
::ffff:127.0.0.1 - - [28/May/2023:11:47:01 +0000] "GET /api/v1/users/me? HTTP/1.0" 401 283 "-" "Sedu/1 CFNetwork/1390 Darwin/22.0.0"
::1 - - [28/May/2023:11:47:12 +0000] "POST /api/v1/users/login HTTP/1.0" 200 469 "-" "Sedu/1 CFNetwork/1390 Darwin/22.0.0"
::ffff:127.0.0.1 - - [28/May/2023:11:47:12 +0000] "GET /api/v1/users/me? HTTP/1.0" 200 195 "-" "Sedu/1 CFNetwork/1390 Darwin/22.0.0"
::1 - - [28/May/2023:11:47:17 +0000] "GET /api/v1/users/me? HTTP/1.0" 304 - "-" "Sedu/1 CFNetwork/1390 Darwin/22.0.0"
::ffff:127.0.0.1 - - [28/May/2023:11:47:23 +0000] "GET /api/v1/users/logout? HTTP/1.0" 200 39 "-" "Sedu/1 CFNetwork/1390 Darwin/22.0.0"
::1 - - [28/May/2023:11:47:23 +0000] "GET /api/v1/users/me? HTTP/1.0" 401 283 "-" "Sedu/1 CFNetwork/1390 Darwin/22.0.0"
::ffff:127.0.0.1 - - [28/May/2023:11:47:40 +0000] "POST /api/v1/users/login HTTP/1.0" 401 123 "-" "Sedu/1 CFNetwork/1390 Darwin/22.0.0"
::1 - - [28/May/2023:11:47:47 +0000] "POST /api/v1/users/login HTTP/1.0" 200 469 "-" "Sedu/1 CFNetwork/1390 Darwin/22.0.0"
::ffff:127.0.0.1 - - [28/May/2023:11:47:48 +0000] "GET /api/v1/users/me? HTTP/1.0" 304 - "-" "Sedu/1 CFNetwork/1390 Darwin/22.0.0"
::1 - - [28/May/2023:11:47:56 +0000] "POST /api/v1/users/invoice/64733ec8d59c6219ea978156 HTTP/1.0" 200 50 "-" "Sedu/1 CFNetwork/1390 Darwin/22.0.0"
::ffff:127.0.0.1 - - [28/May/2023:11:47:57 +0000] "GET /api/v1/wallets/64733f6ca32e8316d8248ad8? HTTP/1.0" 200 16265 "-" "Sedu/1 CFNetwork/1390 Darwin/22.0.0"
::1 - - [28/May/2023:11:48:22 +0000] "GET /api/v1/users/me? HTTP/1.0" 401 283 "-" "Sedu/1 CFNetwork/1406.0.4 Darwin/22.4.0"
::ffff:127.0.0.1 - - [28/May/2023:11:48:29 +0000] "GET /api/v1/users/callbacks/64733ec8d59c6219ea978156/20000?qpay_payment_id=198200294962802 HTTP/1.0" 200 234 "-" "node-fetch/1.0 (+https://github.com/bitinn/node-fetch)"
::ffff:127.0.0.1 - - [28/May/2023:11:48:34 +0000] "GET /api/v1/users/me? HTTP/1.0" 200 234 "-" "Sedu/1 CFNetwork/1390 Darwin/22.0.0"
::1 - - [28/May/2023:11:48:35 +0000] "GET /api/v1/wallets/64733f6ca32e8316d8248ad8? HTTP/1.0" 304 - "-" "Sedu/1 CFNetwork/1390 Darwin/22.0.0"
::1 - - [28/May/2023:11:48:41 +0000] "GET /api/v1/users/me? HTTP/1.0" 304 - "-" "Sedu/1 CFNetwork/1390 Darwin/22.0.0"
::1 - - [28/May/2023:11:48:42 +0000] "GET /api/v1/ads? HTTP/1.0" 200 633 "-" "Sedu/1 CFNetwork/1390 Darwin/22.0.0"
::ffff:127.0.0.1 - - [28/May/2023:11:48:42 +0000] "GET /api/v1/articles? HTTP/1.0" 200 387210 "-" "Sedu/1 CFNetwork/1390 Darwin/22.0.0"
::ffff:127.0.0.1 - - [28/May/2023:11:48:54 +0000] "GET /api/v1/users/me? HTTP/1.0" 304 - "-" "Sedu/1 CFNetwork/1399 Darwin/22.1.0"
::1 - - [28/May/2023:11:48:54 +0000] "GET /api/v1/wallets/64733deba32e8316d8248aaf? HTTP/1.0" 304 - "-" "Sedu/1 CFNetwork/1399 Darwin/22.1.0"
::1 - - [28/May/2023:11:48:58 +0000] "GET /api/v1/articles/642d4c587c1330814fb76297? HTTP/1.0" 200 22271 "-" "Sedu/1 CFNetwork/1390 Darwin/22.0.0"
::ffff:127.0.0.1 - - [28/May/2023:11:49:00 +0000] "POST /api/v1/users/register HTTP/1.0" 200 461 "-" "Sedu/1 CFNetwork/1406.0.4 Darwin/22.4.0"
::1 - - [28/May/2023:11:49:00 +0000] "GET /api/v1/users/me? HTTP/1.0" 200 187 "-" "Sedu/1 CFNetwork/1406.0.4 Darwin/22.4.0"
::ffff:127.0.0.1 - - [28/May/2023:11:49:15 +0000] "GET /api/v1/users/me? HTTP/1.0" 304 - "-" "Sedu/1 CFNetwork/1406.0.4 Darwin/22.4.0"
::1 - - [28/May/2023:11:49:20 +0000] "POST /api/v1/users/invoice/64733faca32e8316d8248af5 HTTP/1.0" 200 50 "-" "Sedu/1 CFNetwork/1406.0.4 Darwin/22.4.0"
::ffff:127.0.0.1 - - [28/May/2023:11:49:20 +0000] "GET /api/v1/wallets/64733fc0a32e8316d8248afa? HTTP/1.0" 200 16193 "-" "Sedu/1 CFNetwork/1406.0.4 Darwin/22.4.0"
::ffff:127.0.0.1 - - [28/May/2023:11:49:24 +0000] "GET /api/v1/articles/642d5b327c1330814fb763a4? HTTP/1.0" 200 9617 "-" "Sedu/1 CFNetwork/1390 Darwin/22.0.0"
::1 - - [28/May/2023:11:49:41 +0000] "GET /api/v1/articles/642d77bf7c1330814fb763d0? HTTP/1.0" 200 8628 "-" "Sedu/1 CFNetwork/1390 Darwin/22.0.0"
::1 - - [28/May/2023:11:49:54 +0000] "GET /api/v1/articles/642d7b217c1330814fb76434? HTTP/1.0" 200 4133 "-" "Sedu/1 CFNetwork/1390 Darwin/22.0.0"
::ffff:127.0.0.1 - - [28/May/2023:11:50:02 +0000] "GET /api/v1/users/callbacks/64733faca32e8316d8248af5/20000?qpay_payment_id=169854875579517 HTTP/1.0" 200 226 "-" "node-fetch/1.0 (+https://github.com/bitinn/node-fetch)"
::1 - - [28/May/2023:11:50:07 +0000] "GET /api/v1/users/me? HTTP/1.0" 401 283 "-" "Sedu/1 CFNetwork/1408.0.4 Darwin/22.5.0"
::ffff:127.0.0.1 - - [28/May/2023:11:50:09 +0000] "GET /api/v1/users/me? HTTP/1.0" 200 226 "-" "Sedu/1 CFNetwork/1406.0.4 Darwin/22.4.0"
::1 - - [28/May/2023:11:50:09 +0000] "GET /api/v1/wallets/64733fc0a32e8316d8248afa? HTTP/1.0" 304 - "-" "Sedu/1 CFNetwork/1406.0.4 Darwin/22.4.0"
::ffff:127.0.0.1 - - [28/May/2023:11:50:12 +0000] "POST /api/v1/users/invoice/64733faca32e8316d8248af5 HTTP/1.0" 200 50 "-" "Sedu/1 CFNetwork/1406.0.4 Darwin/22.4.0"
::1 - - [28/May/2023:11:50:13 +0000] "GET /api/v1/wallets/64733ff4a32e8316d8248b13? HTTP/1.0" 200 16033 "-" "Sedu/1 CFNetwork/1406.0.4 Darwin/22.4.0"
::ffff:127.0.0.1 - - [28/May/2023:11:50:15 +0000] "GET /api/v1/articles/642e38d27c1330814fb764c0? HTTP/1.0" 200 2965 "-" "Sedu/1 CFNetwork/1390 Darwin/22.0.0"
::1 - - [28/May/2023:11:50:24 +0000] "GET /api/v1/articles/642e395e7c1330814fb764cf? HTTP/1.0" 200 3839 "-" "Sedu/1 CFNetwork/1390 Darwin/22.0.0"
::ffff:127.0.0.1 - - [28/May/2023:11:50:26 +0000] "GET /api/v1/users/me? HTTP/1.0" 200 226 "-" "Sedu/1 CFNetwork/1406.0.4 Darwin/22.4.0"
::1 - - [28/May/2023:11:50:26 +0000] "GET /api/v1/wallets/64733ff4a32e8316d8248b13? HTTP/1.0" 304 - "-" "Sedu/1 CFNetwork/1406.0.4 Darwin/22.4.0"
::ffff:127.0.0.1 - - [28/May/2023:11:50:27 +0000] "GET /vendor/phpunit/phpunit/src/Util/PHP/eval-stdin.php HTTP/1.0" 404 189 "-" "Mozilla/5.0 (Windows NT 10.0; Win64; x64) AppleWebKit/537.36 (KHTML, like Gecko) Chrome/78.0.3904.108 Safari/537.36"
::1 - - [28/May/2023:11:50:31 +0000] "POST /api/v1/users/invoice/64733faca32e8316d8248af5 HTTP/1.0" 200 50 "-" "Sedu/1 CFNetwork/1406.0.4 Darwin/22.4.0"
::ffff:127.0.0.1 - - [28/May/2023:11:50:32 +0000] "GET /api/v1/wallets/64734007a32e8316d8248b29? HTTP/1.0" 200 16265 "-" "Sedu/1 CFNetwork/1406.0.4 Darwin/22.4.0"
::1 - - [28/May/2023:11:50:41 +0000] "GET /api/v1/users/me? HTTP/1.0" 200 226 "-" "Sedu/1 CFNetwork/1406.0.4 Darwin/22.4.0"
::ffff:127.0.0.1 - - [28/May/2023:11:50:43 +0000] "POST /api/v1/users/register HTTP/1.0" 500 249 "-" "Sedu/1 CFNetwork/1408.0.4 Darwin/22.5.0"
::1 - - [28/May/2023:11:50:44 +0000] "GET /api/v1/articles/642e3f507c1330814fb764ef? HTTP/1.0" 200 1467 "-" "Sedu/1 CFNetwork/1390 Darwin/22.0.0"
::ffff:127.0.0.1 - - [28/May/2023:11:50:47 +0000] "POST /api/v1/users/invoice/64733faca32e8316d8248af5 HTTP/1.0" 200 50 "-" "Sedu/1 CFNetwork/1406.0.4 Darwin/22.4.0"
::1 - - [28/May/2023:11:50:47 +0000] "GET /api/v1/wallets/64734016a32e8316d8248b3f? HTTP/1.0" 200 15852 "-" "Sedu/1 CFNetwork/1406.0.4 Darwin/22.4.0"
::ffff:127.0.0.1 - - [28/May/2023:11:51:00 +0000] "GET /api/v1/users/me? HTTP/1.0" 200 226 "-" "Sedu/1 CFNetwork/1406.0.4 Darwin/22.4.0"
::1 - - [28/May/2023:11:51:00 +0000] "GET /api/v1/wallets/64734016a32e8316d8248b3f? HTTP/1.0" 304 - "-" "Sedu/1 CFNetwork/1406.0.4 Darwin/22.4.0"
::ffff:127.0.0.1 - - [28/May/2023:11:51:06 +0000] "POST /api/v1/users/invoice/64733faca32e8316d8248af5 HTTP/1.0" 200 50 "-" "Sedu/1 CFNetwork/1406.0.4 Darwin/22.4.0"
::1 - - [28/May/2023:11:51:06 +0000] "GET /api/v1/wallets/6473402aa32e8316d8248b53? HTTP/1.0" 200 15909 "-" "Sedu/1 CFNetwork/1406.0.4 Darwin/22.4.0"
::ffff:127.0.0.1 - - [28/May/2023:11:51:12 +0000] "GET /api/v1/users/me? HTTP/1.0" 304 - "-" "Sedu/1 CFNetwork/1399 Darwin/22.1.0"
::1 - - [28/May/2023:11:51:12 +0000] "GET /api/v1/wallets/64733deba32e8316d8248aaf? HTTP/1.0" 304 - "-" "Sedu/1 CFNetwork/1399 Darwin/22.1.0"
::ffff:127.0.0.1 - - [28/May/2023:11:51:25 +0000] "GET /api/v1/users/me? HTTP/1.0" 401 283 "-" "Sedu/1 CFNetwork/1408.0.4 Darwin/22.5.0"
::1 - - [28/May/2023:11:51:28 +0000] "GET /api/v1/articles/642e58ad7c1330814fb76521? HTTP/1.0" 200 5224 "-" "Sedu/1 CFNetwork/1390 Darwin/22.0.0"
::ffff:127.0.0.1 - - [28/May/2023:11:51:40 +0000] "GET /api/v1/users/me? HTTP/1.0" 200 226 "-" "Sedu/1 CFNetwork/1406.0.4 Darwin/22.4.0"
::1 - - [28/May/2023:11:51:45 +0000] "POST /api/v1/users/invoice/64733faca32e8316d8248af5 HTTP/1.0" 200 50 "-" "Sedu/1 CFNetwork/1406.0.4 Darwin/22.4.0"
::ffff:127.0.0.1 - - [28/May/2023:11:51:45 +0000] "GET /api/v1/wallets/64734051a32e8316d8248b69? HTTP/1.0" 200 15949 "-" "Sedu/1 CFNetwork/1406.0.4 Darwin/22.4.0"
::1 - - [28/May/2023:11:51:47 +0000] "GET /api/v1/articles/645fbd68a32e8316d822dd25? HTTP/1.0" 200 3940 "-" "Sedu/1 CFNetwork/1390 Darwin/22.0.0"
::ffff:127.0.0.1 - - [28/May/2023:11:51:52 +0000] "GET /api/v1/users/me? HTTP/1.0" 401 283 "-" "Sedu/1 CFNetwork/1406.0.4 Darwin/22.4.0"
::1 - - [28/May/2023:11:51:55 +0000] "GET /api/v1/users/me? HTTP/1.0" 200 226 "-" "Sedu/1 CFNetwork/1406.0.4 Darwin/22.4.0"
::1 - - [28/May/2023:11:51:55 +0000] "GET /api/v1/ads? HTTP/1.0" 200 633 "-" "Sedu/1 CFNetwork/1406.0.4 Darwin/22.4.0"
::ffff:127.0.0.1 - - [28/May/2023:11:51:56 +0000] "GET /api/v1/articles? HTTP/1.0" 200 387210 "-" "Sedu/1 CFNetwork/1406.0.4 Darwin/22.4.0"
::1 - - [28/May/2023:11:51:57 +0000] "POST /api/v1/users/register HTTP/1.0" 500 249 "-" "Sedu/1 CFNetwork/1408.0.4 Darwin/22.5.0"
::ffff:127.0.0.1 - - [28/May/2023:11:52:02 +0000] "POST /api/v1/users/register HTTP/1.0" 500 249 "-" "Sedu/1 CFNetwork/1408.0.4 Darwin/22.5.0"
::1 - - [28/May/2023:11:52:03 +0000] "POST /api/v1/users/register HTTP/1.0" 500 249 "-" "Sedu/1 CFNetwork/1408.0.4 Darwin/22.5.0"
::ffff:127.0.0.1 - - [28/May/2023:11:52:03 +0000] "POST /api/v1/users/register HTTP/1.0" 500 249 "-" "Sedu/1 CFNetwork/1408.0.4 Darwin/22.5.0"
::1 - - [28/May/2023:11:52:03 +0000] "POST /api/v1/users/register HTTP/1.0" 500 249 "-" "Sedu/1 CFNetwork/1408.0.4 Darwin/22.5.0"
::ffff:127.0.0.1 - - [28/May/2023:11:52:03 +0000] "POST /api/v1/users/register HTTP/1.0" 500 249 "-" "Sedu/1 CFNetwork/1408.0.4 Darwin/22.5.0"
::1 - - [28/May/2023:11:52:03 +0000] "POST /api/v1/users/register HTTP/1.0" 500 249 "-" "Sedu/1 CFNetwork/1408.0.4 Darwin/22.5.0"
::ffff:127.0.0.1 - - [28/May/2023:11:52:03 +0000] "POST /api/v1/users/register HTTP/1.0" 500 249 "-" "Sedu/1 CFNetwork/1408.0.4 Darwin/22.5.0"
::1 - - [28/May/2023:11:52:03 +0000] "POST /api/v1/users/register HTTP/1.0" 500 249 "-" "Sedu/1 CFNetwork/1408.0.4 Darwin/22.5.0"
::ffff:127.0.0.1 - - [28/May/2023:11:52:04 +0000] "POST /api/v1/users/register HTTP/1.0" 500 249 "-" "Sedu/1 CFNetwork/1408.0.4 Darwin/22.5.0"
::1 - - [28/May/2023:11:52:04 +0000] "POST /api/v1/users/register HTTP/1.0" 500 249 "-" "Sedu/1 CFNetwork/1408.0.4 Darwin/22.5.0"
::ffff:127.0.0.1 - - [28/May/2023:11:52:04 +0000] "POST /api/v1/users/register HTTP/1.0" 500 249 "-" "Sedu/1 CFNetwork/1408.0.4 Darwin/22.5.0"
::1 - - [28/May/2023:11:52:05 +0000] "GET /api/v1/users/logout? HTTP/1.0" 200 39 "-" "Sedu/1 CFNetwork/1399 Darwin/22.1.0"
::1 - - [28/May/2023:11:52:05 +0000] "GET /api/v1/users/me? HTTP/1.0" 401 283 "-" "Sedu/1 CFNetwork/1399 Darwin/22.1.0"
::1 - - [28/May/2023:11:52:09 +0000] "GET /api/v1/users/me? HTTP/1.0" 304 - "-" "Sedu/1 CFNetwork/1406.0.4 Darwin/22.4.0"
::ffff:127.0.0.1 - - [28/May/2023:11:52:10 +0000] "GET /api/v1/users/me? HTTP/1.0" 401 283 "-" "Sedu/1 CFNetwork/1408.0.4 Darwin/22.5.0"
::1 - - [28/May/2023:11:52:13 +0000] "POST /api/v1/users/register HTTP/1.0" 200 461 "-" "Sedu/1 CFNetwork/1406.0.4 Darwin/22.4.0"
::ffff:127.0.0.1 - - [28/May/2023:11:52:13 +0000] "GET /api/v1/users/me? HTTP/1.0" 200 187 "-" "Sedu/1 CFNetwork/1406.0.4 Darwin/22.4.0"
::1 - - [28/May/2023:11:52:21 +0000] "POST /api/v1/users/login HTTP/1.0" 401 123 "-" "Sedu/1 CFNetwork/1408.0.4 Darwin/22.5.0"
::ffff:127.0.0.1 - - [28/May/2023:11:52:23 +0000] "GET /api/v1/users/me? HTTP/1.0" 304 - "-" "Sedu/1 CFNetwork/1406.0.4 Darwin/22.4.0"
::1 - - [28/May/2023:11:52:31 +0000] "POST /api/v1/users/invoice/6473406ca32e8316d8248b99 HTTP/1.0" 200 50 "-" "Sedu/1 CFNetwork/1406.0.4 Darwin/22.4.0"
::ffff:127.0.0.1 - - [28/May/2023:11:52:31 +0000] "GET /api/v1/wallets/6473407ea32e8316d8248b9f? HTTP/1.0" 200 16141 "-" "Sedu/1 CFNetwork/1406.0.4 Darwin/22.4.0"
::1 - - [28/May/2023:11:52:41 +0000] "GET /api/v1/articles/642d4c587c1330814fb76297? HTTP/1.0" 200 22271 "-" "Sedu/1 CFNetwork/1406.0.4 Darwin/22.4.0"
::ffff:127.0.0.1 - - [28/May/2023:11:52:42 +0000] "POST /api/v1/users/login HTTP/1.0" 401 123 "-" "Sedu/1 CFNetwork/1408.0.4 Darwin/22.5.0"
::1 - - [28/May/2023:11:52:43 +0000] "POST /api/v1/users/login HTTP/1.0" 401 123 "-" "Sedu/1 CFNetwork/1408.0.4 Darwin/22.5.0"
::ffff:127.0.0.1 - - [28/May/2023:11:52:44 +0000] "GET /api/v1/articles/642d4ce07c1330814fb762a6? HTTP/1.0" 200 10683 "-" "Sedu/1 CFNetwork/1406.0.4 Darwin/22.4.0"
::1 - - [28/May/2023:11:53:02 +0000] "POST /api/v1/users/register HTTP/1.0" 500 250 "-" "Sedu/1 CFNetwork/1408.0.4 Darwin/22.5.0"
::ffff:127.0.0.1 - - [28/May/2023:11:53:43 +0000] "GET /api/v1/users/me? HTTP/1.0" 401 283 "-" "Sedu/1 CFNetwork/1399 Darwin/22.1.0"
::1 - - [28/May/2023:11:54:05 +0000] "POST /api/v1/users/register HTTP/1.0" 500 249 "-" "Sedu/1 CFNetwork/1399 Darwin/22.1.0"
::ffff:127.0.0.1 - - [28/May/2023:11:54:26 +0000] "POST /api/v1/users/login HTTP/1.0" 200 502 "-" "Sedu/1 CFNetwork/1399 Darwin/22.1.0"
::1 - - [28/May/2023:11:54:27 +0000] "GET /api/v1/users/me? HTTP/1.0" 304 - "-" "Sedu/1 CFNetwork/1399 Darwin/22.1.0"
::ffff:127.0.0.1 - - [28/May/2023:11:54:33 +0000] "GET /api/v1/users/me? HTTP/1.0" 304 - "-" "Sedu/1 CFNetwork/1399 Darwin/22.1.0"
::1 - - [28/May/2023:11:54:42 +0000] "POST /api/v1/users/invoice/64711f62a32e8316d8245728 HTTP/1.0" 200 50 "-" "Sedu/1 CFNetwork/1399 Darwin/22.1.0"
::ffff:127.0.0.1 - - [28/May/2023:11:54:42 +0000] "GET /api/v1/wallets/64734102a32e8316d8248bbc? HTTP/1.0" 200 16091 "-" "Sedu/1 CFNetwork/1399 Darwin/22.1.0"
::1 - - [28/May/2023:11:54:53 +0000] "POST / HTTP/1.0" 404 140 "-" "Mozilla/5.0 (X11; Linux x86_64) AppleWebKit/537.36 (KHTML, like Gecko) Chrome/81.0.4044.129 Safari/537.36"
::ffff:127.0.0.1 - - [28/May/2023:11:54:53 +0000] "GET /.env HTTP/1.0" 404 143 "-" "Mozilla/5.0 (X11; Linux x86_64) AppleWebKit/537.36 (KHTML, like Gecko) Chrome/81.0.4044.129 Safari/537.36"
::1 - - [28/May/2023:11:57:35 +0000] "GET /api/v1/users/me? HTTP/1.0" 401 283 "-" "Sedu/1 CFNetwork/1390 Darwin/22.0.0"
::ffff:127.0.0.1 - - [28/May/2023:11:58:20 +0000] "GET /api/v1/users/me? HTTP/1.0" 304 - "-" "okhttp/4.9.2"
::1 - - [28/May/2023:11:59:49 +0000] "GET /api/v1/users/me? HTTP/1.0" 401 283 "-" "Sedu/1 CFNetwork/1390 Darwin/22.0.0"
::ffff:127.0.0.1 - - [28/May/2023:12:00:30 +0000] "GET /api/v1/users/me? HTTP/1.0" 304 - "-" "Sedu/1 CFNetwork/1406.0.4 Darwin/22.4.0"
::ffff:127.0.0.1 - - [28/May/2023:12:00:30 +0000] "GET /api/v1/ads? HTTP/1.0" 304 - "-" "Sedu/1 CFNetwork/1406.0.4 Darwin/22.4.0"
::1 - - [28/May/2023:12:00:30 +0000] "GET /api/v1/articles? HTTP/1.0" 304 - "-" "Sedu/1 CFNetwork/1406.0.4 Darwin/22.4.0"
::ffff:127.0.0.1 - - [28/May/2023:12:01:16 +0000] "GET /api/v1/users/me? HTTP/1.0" 401 283 "-" "Sedu/1 CFNetwork/1404.0.5 Darwin/22.3.0"
::1 - - [28/May/2023:12:01:23 +0000] "GET /api/v1/users/me? HTTP/1.0" 401 283 "-" "Sedu/1 CFNetwork/1406.0.4 Darwin/22.4.0"
::ffff:127.0.0.1 - - [28/May/2023:12:01:44 +0000] "POST /api/v1/users/register HTTP/1.0" 500 247 "-" "Sedu/1 CFNetwork/1406.0.4 Darwin/22.4.0"
::1 - - [28/May/2023:12:01:47 +0000] "POST /api/v1/users/register HTTP/1.0" 500 247 "-" "Sedu/1 CFNetwork/1406.0.4 Darwin/22.4.0"
::ffff:127.0.0.1 - - [28/May/2023:12:01:47 +0000] "POST /api/v1/users/register HTTP/1.0" 500 247 "-" "Sedu/1 CFNetwork/1406.0.4 Darwin/22.4.0"
::1 - - [28/May/2023:12:01:54 +0000] "POST /api/v1/users/register HTTP/1.0" 500 248 "-" "Sedu/1 CFNetwork/1406.0.4 Darwin/22.4.0"
::ffff:127.0.0.1 - - [28/May/2023:12:01:55 +0000] "POST /api/v1/users/register HTTP/1.0" 500 248 "-" "Sedu/1 CFNetwork/1406.0.4 Darwin/22.4.0"
::1 - - [28/May/2023:12:02:11 +0000] "POST /api/v1/users/register HTTP/1.0" 200 465 "-" "Sedu/1 CFNetwork/1404.0.5 Darwin/22.3.0"
::ffff:127.0.0.1 - - [28/May/2023:12:02:11 +0000] "GET /api/v1/users/me? HTTP/1.0" 200 191 "-" "Sedu/1 CFNetwork/1404.0.5 Darwin/22.3.0"
::1 - - [28/May/2023:12:02:26 +0000] "GET /api/v1/users/logout? HTTP/1.0" 200 39 "-" "Sedu/1 CFNetwork/1404.0.5 Darwin/22.3.0"
::ffff:127.0.0.1 - - [28/May/2023:12:02:26 +0000] "GET /api/v1/users/me? HTTP/1.0" 401 283 "-" "Sedu/1 CFNetwork/1404.0.5 Darwin/22.3.0"
::1 - - [28/May/2023:12:02:41 +0000] "GET /api/v1/users/me? HTTP/1.0" 401 283 "-" "Sedu/1 CFNetwork/1406.0.4 Darwin/22.4.0"
::ffff:127.0.0.1 - - [28/May/2023:12:04:37 +0000] "GET /api/v1/users/me? HTTP/1.0" 401 283 "-" "Sedu/1 CFNetwork/1399 Darwin/22.1.0"
::1 - - [28/May/2023:12:05:27 +0000] "POST /api/v1/users/register HTTP/1.0" 200 462 "-" "Sedu/1 CFNetwork/1399 Darwin/22.1.0"
::ffff:127.0.0.1 - - [28/May/2023:12:05:27 +0000] "GET /api/v1/users/me? HTTP/1.0" 200 188 "-" "Sedu/1 CFNetwork/1399 Darwin/22.1.0"
::1 - - [28/May/2023:12:05:37 +0000] "GET /api/v1/users/me? HTTP/1.0" 401 283 "-" "Sedu/1 CFNetwork/1331.0.7 Darwin/21.4.0"
::ffff:127.0.0.1 - - [28/May/2023:12:06:00 +0000] "POST /api/v1/users/login HTTP/1.0" 401 123 "-" "Sedu/1 CFNetwork/1331.0.7 Darwin/21.4.0"
::1 - - [28/May/2023:12:06:18 +0000] "POST /api/v1/users/register HTTP/1.0" 200 465 "-" "Sedu/1 CFNetwork/1331.0.7 Darwin/21.4.0"
::ffff:127.0.0.1 - - [28/May/2023:12:06:18 +0000] "GET /api/v1/users/me? HTTP/1.0" 200 191 "-" "Sedu/1 CFNetwork/1331.0.7 Darwin/21.4.0"
::1 - - [28/May/2023:12:06:38 +0000] "GET /api/v1/users/me? HTTP/1.0" 304 - "-" "Sedu/1 CFNetwork/1406.0.4 Darwin/22.4.0"
::1 - - [28/May/2023:12:06:38 +0000] "GET /api/v1/ads? HTTP/1.0" 304 - "-" "Sedu/1 CFNetwork/1406.0.4 Darwin/22.4.0"
::ffff:127.0.0.1 - - [28/May/2023:12:06:39 +0000] "GET /api/v1/articles? HTTP/1.0" 200 387210 "-" "Sedu/1 CFNetwork/1406.0.4 Darwin/22.4.0"
::1 - - [28/May/2023:12:08:19 +0000] "GET /api/v1/articles/645fbd68a32e8316d822dd25? HTTP/1.0" 200 3940 "-" "Sedu/1 CFNetwork/1406.0.4 Darwin/22.4.0"
::ffff:127.0.0.1 - - [28/May/2023:12:09:31 +0000] "GET /api/v1/articles/646082bca32e8316d822e594? HTTP/1.0" 200 6579 "-" "Sedu/1 CFNetwork/1406.0.4 Darwin/22.4.0"
::1 - - [28/May/2023:12:10:20 +0000] "GET /api/v1/users/me? HTTP/1.0" 401 283 "-" "Sedu/1 CFNetwork/1406.0.4 Darwin/22.4.0"
::ffff:127.0.0.1 - - [28/May/2023:12:12:34 +0000] "GET /api/v1/users/me? HTTP/1.0" 304 - "-" "okhttp/4.9.2"
::ffff:127.0.0.1 - - [28/May/2023:12:12:35 +0000] "GET /api/v1/ads? HTTP/1.0" 304 - "-" "okhttp/4.9.2"
::1 - - [28/May/2023:12:12:35 +0000] "GET /api/v1/articles? HTTP/1.0" 304 - "-" "okhttp/4.9.2"
::1 - - [28/May/2023:12:12:49 +0000] "GET /api/v1/articles/642d7ac57c1330814fb76424? HTTP/1.0" 304 - "-" "okhttp/4.9.2"
::ffff:127.0.0.1 - - [28/May/2023:12:12:49 +0000] "GET /api/v1/users/me? HTTP/1.0" 304 - "-" "Sedu/1 CFNetwork/1335.0.3 Darwin/21.6.0"
::ffff:127.0.0.1 - - [28/May/2023:12:12:49 +0000] "GET /api/v1/ads? HTTP/1.0" 304 - "-" "Sedu/1 CFNetwork/1335.0.3 Darwin/21.6.0"
::1 - - [28/May/2023:12:12:49 +0000] "GET /api/v1/articles? HTTP/1.0" 304 - "-" "Sedu/1 CFNetwork/1335.0.3 Darwin/21.6.0"
::ffff:127.0.0.1 - - [28/May/2023:12:12:56 +0000] "GET /api/v1/articles/642d4ce07c1330814fb762a6? HTTP/1.0" 200 10683 "-" "Sedu/1 CFNetwork/1335.0.3 Darwin/21.6.0"
::1 - - [28/May/2023:12:13:00 +0000] "GET /api/v1/users/me? HTTP/1.0" 304 - "-" "Sedu/1 CFNetwork/1335.0.3 Darwin/21.6.0"
::1 - - [28/May/2023:12:13:15 +0000] "GET /api/v1/users/me? HTTP/1.0" 304 - "-" "okhttp/4.9.2"
::1 - - [28/May/2023:12:13:15 +0000] "GET /api/v1/users/me? HTTP/1.0" 304 - "-" "okhttp/4.9.2"
::ffff:127.0.0.1 - - [28/May/2023:12:13:15 +0000] "GET /api/v1/ads? HTTP/1.0" 304 - "-" "okhttp/4.9.2"
::ffff:127.0.0.1 - - [28/May/2023:12:13:15 +0000] "GET /api/v1/articles? HTTP/1.0" 304 - "-" "okhttp/4.9.2"
::ffff:127.0.0.1 - - [28/May/2023:12:13:29 +0000] "GET /api/v1/users/me? HTTP/1.0" 401 283 "-" "Sedu/1 CFNetwork/1404.0.5 Darwin/22.3.0"
::1 - - [28/May/2023:12:13:50 +0000] "POST /api/v1/users/register HTTP/1.0" 200 462 "-" "Sedu/1 CFNetwork/1404.0.5 Darwin/22.3.0"
::ffff:127.0.0.1 - - [28/May/2023:12:13:50 +0000] "GET /api/v1/users/me? HTTP/1.0" 200 188 "-" "Sedu/1 CFNetwork/1404.0.5 Darwin/22.3.0"
::1 - - [28/May/2023:12:13:53 +0000] "GET /api/v1/users/me? HTTP/1.0" 304 - "-" "Sedu/1 CFNetwork/1404.0.5 Darwin/22.3.0"
::ffff:127.0.0.1 - - [28/May/2023:12:13:59 +0000] "POST /api/v1/users/invoice/6473457ea32e8316d8248c01 HTTP/1.0" 200 50 "-" "Sedu/1 CFNetwork/1404.0.5 Darwin/22.3.0"
::1 - - [28/May/2023:12:13:59 +0000] "GET /api/v1/wallets/64734586a32e8316d8248c06? HTTP/1.0" 200 16162 "-" "Sedu/1 CFNetwork/1404.0.5 Darwin/22.3.0"
::ffff:127.0.0.1 - - [28/May/2023:12:14:26 +0000] "GET /api/v1/users/callbacks/6473457ea32e8316d8248c01/20000?qpay_payment_id=282549526803881 HTTP/1.0" 200 227 "-" "node-fetch/1.0 (+https://github.com/bitinn/node-fetch)"
::1 - - [28/May/2023:12:14:30 +0000] "GET /api/v1/users/me? HTTP/1.0" 200 227 "-" "Sedu/1 CFNetwork/1404.0.5 Darwin/22.3.0"
::ffff:127.0.0.1 - - [28/May/2023:12:14:31 +0000] "GET /api/v1/wallets/64734586a32e8316d8248c06? HTTP/1.0" 304 - "-" "Sedu/1 CFNetwork/1404.0.5 Darwin/22.3.0"
::1 - - [28/May/2023:12:14:38 +0000] "GET /api/v1/users/me? HTTP/1.0" 401 283 "-" "Sedu/1 CFNetwork/1404.0.5 Darwin/22.3.0"
::ffff:127.0.0.1 - - [28/May/2023:12:15:07 +0000] "GET /api/v1/users/me? HTTP/1.0" 304 - "-" "Sedu/1 CFNetwork/1404.0.5 Darwin/22.3.0"
::ffff:127.0.0.1 - - [28/May/2023:12:15:07 +0000] "GET /api/v1/ads? HTTP/1.0" 200 633 "-" "Sedu/1 CFNetwork/1404.0.5 Darwin/22.3.0"
::1 - - [28/May/2023:12:15:07 +0000] "GET /api/v1/articles? HTTP/1.0" 200 387210 "-" "Sedu/1 CFNetwork/1404.0.5 Darwin/22.3.0"
::ffff:127.0.0.1 - - [28/May/2023:12:15:08 +0000] "POST /api/v1/users/register HTTP/1.0" 500 249 "-" "Sedu/1 CFNetwork/1404.0.5 Darwin/22.3.0"
::ffff:127.0.0.1 - - [28/May/2023:12:15:10 +0000] "POST /api/v1/users/register HTTP/1.0" 500 249 "-" "Sedu/1 CFNetwork/1404.0.5 Darwin/22.3.0"
::1 - - [28/May/2023:12:15:24 +0000] "POST /api/v1/users/login HTTP/1.0" 401 123 "-" "Sedu/1 CFNetwork/1404.0.5 Darwin/22.3.0"
::1 - - [28/May/2023:12:15:43 +0000] "POST /api/v1/users/register HTTP/1.0" 200 477 "-" "Sedu/1 CFNetwork/1404.0.5 Darwin/22.3.0"
::ffff:127.0.0.1 - - [28/May/2023:12:15:43 +0000] "GET /api/v1/users/me? HTTP/1.0" 200 203 "-" "Sedu/1 CFNetwork/1404.0.5 Darwin/22.3.0"
::1 - - [28/May/2023:12:15:50 +0000] "GET /api/v1/articles/642d7be67c1330814fb7643d? HTTP/1.0" 200 5356 "-" "okhttp/4.9.2"
::ffff:127.0.0.1 - - [28/May/2023:12:15:52 +0000] "GET /api/v1/users/me? HTTP/1.0" 304 - "-" "Sedu/1 CFNetwork/1404.0.5 Darwin/22.3.0"
::1 - - [28/May/2023:12:16:06 +0000] "POST /api/v1/users/invoice/647345efa32e8316d8248c25 HTTP/1.0" 200 50 "-" "Sedu/1 CFNetwork/1404.0.5 Darwin/22.3.0"
::ffff:127.0.0.1 - - [28/May/2023:12:16:07 +0000] "GET /api/v1/wallets/64734606a32e8316d8248c2b? HTTP/1.0" 200 16912 "-" "Sedu/1 CFNetwork/1404.0.5 Darwin/22.3.0"
::1 - - [28/May/2023:12:16:08 +0000] "GET /api/v1/articles/642e395e7c1330814fb764cf? HTTP/1.0" 200 3839 "-" "Sedu/1 CFNetwork/1404.0.5 Darwin/22.3.0"
::1 - - [28/May/2023:12:16:11 +0000] "POST /api/v1/users/invoice/647345efa32e8316d8248c25 HTTP/1.0" 200 50 "-" "Sedu/1 CFNetwork/1404.0.5 Darwin/22.3.0"
::ffff:127.0.0.1 - - [28/May/2023:12:16:12 +0000] "GET /api/v1/wallets/6473460ba32e8316d8248c3e? HTTP/1.0" 200 16304 "-" "Sedu/1 CFNetwork/1404.0.5 Darwin/22.3.0"
::1 - - [28/May/2023:12:16:16 +0000] "GET /api/v1/users/me? HTTP/1.0" 200 242 "-" "Sedu/1 CFNetwork/1404.0.5 Darwin/22.3.0"
::ffff:127.0.0.1 - - [28/May/2023:12:16:18 +0000] "GET /api/v1/users/logout? HTTP/1.0" 200 39 "-" "Sedu/1 CFNetwork/1404.0.5 Darwin/22.3.0"
::1 - - [28/May/2023:12:16:18 +0000] "GET /api/v1/users/me? HTTP/1.0" 401 283 "-" "Sedu/1 CFNetwork/1404.0.5 Darwin/22.3.0"
::ffff:127.0.0.1 - - [28/May/2023:12:16:59 +0000] "GET /api/v1/articles/64532f9ea4c26797f426b446? HTTP/1.0" 200 5671 "-" "Sedu/1 CFNetwork/1404.0.5 Darwin/22.3.0"
::ffff:127.0.0.1 - - [28/May/2023:12:17:06 +0000] "GET /api/v1/users/me? HTTP/1.0" 401 283 "-" "Sedu/1 CFNetwork/1312 Darwin/21.0.0"
::1 - - [28/May/2023:12:17:27 +0000] "POST /api/v1/users/login HTTP/1.0" 401 123 "-" "Sedu/1 CFNetwork/1312 Darwin/21.0.0"
::ffff:127.0.0.1 - - [28/May/2023:12:17:30 +0000] "GET /api/v1/articles/642d7b217c1330814fb76434? HTTP/1.0" 200 4133 "-" "Sedu/1 CFNetwork/1404.0.5 Darwin/22.3.0"
::1 - - [28/May/2023:12:17:42 +0000] "POST /api/v1/users/register HTTP/1.0" 500 253 "-" "Sedu/1 CFNetwork/1312 Darwin/21.0.0"
::ffff:127.0.0.1 - - [28/May/2023:12:17:59 +0000] "POST /api/v1/users/register HTTP/1.0" 200 467 "-" "Sedu/1 CFNetwork/1312 Darwin/21.0.0"
::1 - - [28/May/2023:12:18:00 +0000] "GET /api/v1/users/me? HTTP/1.0" 200 193 "-" "Sedu/1 CFNetwork/1312 Darwin/21.0.0"
::ffff:127.0.0.1 - - [28/May/2023:12:18:03 +0000] "GET /api/v1/articles/642e31187c1330814fb76474? HTTP/1.0" 200 3038 "-" "okhttp/4.9.2"
::1 - - [28/May/2023:12:18:09 +0000] "GET /api/v1/articles/645fbd68a32e8316d822dd25? HTTP/1.0" 200 3940 "-" "Sedu/1 CFNetwork/1404.0.5 Darwin/22.3.0"
::1 - - [28/May/2023:12:18:11 +0000] "GET /api/v1/users/logout? HTTP/1.0" 200 39 "-" "Sedu/1 CFNetwork/1312 Darwin/21.0.0"
::ffff:127.0.0.1 - - [28/May/2023:12:18:12 +0000] "GET /api/v1/users/me? HTTP/1.0" 401 283 "-" "Sedu/1 CFNetwork/1312 Darwin/21.0.0"
::1 - - [28/May/2023:12:18:13 +0000] "GET /api/v1/articles/642e321a7c1330814fb7648b? HTTP/1.0" 200 2221 "-" "okhttp/4.9.2"
::ffff:127.0.0.1 - - [28/May/2023:12:18:22 +0000] "GET /api/v1/users/me? HTTP/1.0" 304 - "-" "Sedu/1 CFNetwork/1406.0.4 Darwin/22.4.0"
::1 - - [28/May/2023:12:18:31 +0000] "GET /api/v1/users/logout? HTTP/1.0" 200 39 "-" "Sedu/1 CFNetwork/1406.0.4 Darwin/22.4.0"
::ffff:127.0.0.1 - - [28/May/2023:12:18:31 +0000] "GET /api/v1/users/me? HTTP/1.0" 401 283 "-" "Sedu/1 CFNetwork/1406.0.4 Darwin/22.4.0"
::1 - - [28/May/2023:12:18:41 +0000] "POST /api/v1/users/login HTTP/1.0" 401 123 "-" "Sedu/1 CFNetwork/1406.0.4 Darwin/22.4.0"
::ffff:127.0.0.1 - - [28/May/2023:12:18:48 +0000] "POST /api/v1/users/login HTTP/1.0" 401 123 "-" "Sedu/1 CFNetwork/1406.0.4 Darwin/22.4.0"
::1 - - [28/May/2023:12:19:06 +0000] "POST /api/v1/users/register HTTP/1.0" 200 461 "-" "Sedu/1 CFNetwork/1406.0.4 Darwin/22.4.0"
::ffff:127.0.0.1 - - [28/May/2023:12:19:06 +0000] "GET /api/v1/users/me? HTTP/1.0" 200 187 "-" "Sedu/1 CFNetwork/1406.0.4 Darwin/22.4.0"
::1 - - [28/May/2023:12:19:09 +0000] "GET /api/v1/users/me? HTTP/1.0" 304 - "-" "Sedu/1 CFNetwork/1406.0.4 Darwin/22.4.0"
::ffff:127.0.0.1 - - [28/May/2023:12:19:16 +0000] "POST /api/v1/users/invoice/647346baa32e8316d8248c5e HTTP/1.0" 200 50 "-" "Sedu/1 CFNetwork/1406.0.4 Darwin/22.4.0"
::ffff:127.0.0.1 - - [28/May/2023:12:19:16 +0000] "GET /api/v1/wallets/647346c3a32e8316d8248c63? HTTP/1.0" 200 15873 "-" "Sedu/1 CFNetwork/1406.0.4 Darwin/22.4.0"
::1 - - [28/May/2023:12:19:17 +0000] "GET /api/v1/articles/6460657ba32e8316d822e39d? HTTP/1.0" 200 5291 "-" "Sedu/1 CFNetwork/1404.0.5 Darwin/22.3.0"
::ffff:127.0.0.1 - - [28/May/2023:12:19:31 +0000] "GET /api/v1/articles/642e36c67c1330814fb764a6? HTTP/1.0" 200 6465 "-" "okhttp/4.9.2"
::1 - - [28/May/2023:12:19:40 +0000] "GET /api/v1/articles/642e38197c1330814fb764af? HTTP/1.0" 200 5954 "-" "okhttp/4.9.2"
::ffff:127.0.0.1 - - [28/May/2023:12:19:54 +0000] "GET /api/v1/articles/6459d34ca32e8316d8228b17? HTTP/1.0" 200 9114 "-" "Sedu/1 CFNetwork/1404.0.5 Darwin/22.3.0"
::1 - - [28/May/2023:12:20:07 +0000] "GET /api/v1/articles/642e53037c1330814fb7651c? HTTP/1.0" 200 8883 "-" "Sedu/1 CFNetwork/1404.0.5 Darwin/22.3.0"
::ffff:127.0.0.1 - - [28/May/2023:12:20:20 +0000] "GET /api/v1/articles/642e38d27c1330814fb764c0? HTTP/1.0" 200 2965 "-" "Sedu/1 CFNetwork/1404.0.5 Darwin/22.3.0"
::1 - - [28/May/2023:12:20:25 +0000] "GET /api/v1/articles/642e38197c1330814fb764af? HTTP/1.0" 200 5954 "-" "Sedu/1 CFNetwork/1404.0.5 Darwin/22.3.0"
::ffff:127.0.0.1 - - [28/May/2023:12:21:10 +0000] "GET /api/v1/articles/642e36c67c1330814fb764a6? HTTP/1.0" 200 6465 "-" "Sedu/1 CFNetwork/1404.0.5 Darwin/22.3.0"
::1 - - [28/May/2023:12:21:35 +0000] "GET /api/v1/articles/642e2e6d7c1330814fb7646b? HTTP/1.0" 200 1619 "-" "Sedu/1 CFNetwork/1404.0.5 Darwin/22.3.0"
::ffff:127.0.0.1 - - [28/May/2023:12:21:43 +0000] "GET /api/v1/articles/642d7be67c1330814fb7643d? HTTP/1.0" 200 5356 "-" "Sedu/1 CFNetwork/1404.0.5 Darwin/22.3.0"
::1 - - [28/May/2023:12:22:21 +0000] "GET /api/v1/articles/642d7b217c1330814fb76434? HTTP/1.0" 304 - "-" "Sedu/1 CFNetwork/1404.0.5 Darwin/22.3.0"
::ffff:127.0.0.1 - - [28/May/2023:12:22:52 +0000] "GET /api/v1/users/me? HTTP/1.0" 304 - "-" "Sedu/1 CFNetwork/1399 Darwin/22.1.0"
::ffff:127.0.0.1 - - [28/May/2023:12:22:52 +0000] "GET /api/v1/ads? HTTP/1.0" 304 - "-" "Sedu/1 CFNetwork/1399 Darwin/22.1.0"
::1 - - [28/May/2023:12:22:52 +0000] "GET /api/v1/articles? HTTP/1.0" 304 - "-" "Sedu/1 CFNetwork/1399 Darwin/22.1.0"
::ffff:127.0.0.1 - - [28/May/2023:12:22:57 +0000] "GET /api/v1/articles/642d789c7c1330814fb763e7? HTTP/1.0" 200 6163 "-" "Sedu/1 CFNetwork/1404.0.5 Darwin/22.3.0"
::1 - - [28/May/2023:12:23:14 +0000] "GET /api/v1/users/me? HTTP/1.0" 304 - "-" "Sedu/1 CFNetwork/1399 Darwin/22.1.0"
::1 - - [28/May/2023:12:23:14 +0000] "GET /api/v1/users/me? HTTP/1.0" 304 - "-" "Sedu/1 CFNetwork/1399 Darwin/22.1.0"
::ffff:127.0.0.1 - - [28/May/2023:12:23:14 +0000] "GET /api/v1/ads? HTTP/1.0" 304 - "-" "Sedu/1 CFNetwork/1399 Darwin/22.1.0"
::ffff:127.0.0.1 - - [28/May/2023:12:23:14 +0000] "GET /api/v1/articles? HTTP/1.0" 304 - "-" "Sedu/1 CFNetwork/1399 Darwin/22.1.0"
::1 - - [28/May/2023:12:23:26 +0000] "GET /api/v1/articles/642d5b327c1330814fb763a4? HTTP/1.0" 200 9617 "-" "Sedu/1 CFNetwork/1404.0.5 Darwin/22.3.0"
::ffff:127.0.0.1 - - [28/May/2023:12:24:10 +0000] "GET /api/v1/articles/642d55bf7c1330814fb76345? HTTP/1.0" 200 17955 "-" "Sedu/1 CFNetwork/1399 Darwin/22.1.0"
::1 - - [28/May/2023:12:24:14 +0000] "GET /api/v1/articles/642d4c587c1330814fb76297? HTTP/1.0" 200 22271 "-" "Sedu/1 CFNetwork/1404.0.5 Darwin/22.3.0"
::ffff:127.0.0.1 - - [28/May/2023:12:25:09 +0000] "GET /api/v1/users/me? HTTP/1.0" 304 - "-" "okhttp/4.9.2"
::ffff:127.0.0.1 - - [28/May/2023:12:25:09 +0000] "GET /api/v1/ads? HTTP/1.0" 304 - "-" "okhttp/4.9.2"
::1 - - [28/May/2023:12:25:09 +0000] "GET /api/v1/articles? HTTP/1.0" 304 - "-" "okhttp/4.9.2"
::1 - - [28/May/2023:12:25:13 +0000] "GET /api/v1/users/me? HTTP/1.0" 304 - "-" "okhttp/4.9.2"
::ffff:127.0.0.1 - - [28/May/2023:12:25:46 +0000] "GET /api/v1/users/me? HTTP/1.0" 304 - "-" "Sedu/1 CFNetwork/1404.0.5 Darwin/22.3.0"
::1 - - [28/May/2023:12:25:46 +0000] "GET /api/v1/ads? HTTP/1.0" 304 - "-" "Sedu/1 CFNetwork/1404.0.5 Darwin/22.3.0"
::ffff:127.0.0.1 - - [28/May/2023:12:25:46 +0000] "GET /api/v1/articles/642d4c587c1330814fb76297? HTTP/1.0" 304 - "-" "Sedu/1 CFNetwork/1404.0.5 Darwin/22.3.0"
::1 - - [28/May/2023:12:25:46 +0000] "GET /api/v1/articles? HTTP/1.0" 304 - "-" "Sedu/1 CFNetwork/1404.0.5 Darwin/22.3.0"
::1 - - [28/May/2023:12:25:58 +0000] "GET /api/v1/users/me? HTTP/1.0" 304 - "-" "Sedu/1 CFNetwork/1404.0.5 Darwin/22.3.0"
::ffff:127.0.0.1 - - [28/May/2023:12:26:01 +0000] "GET /api/v1/users/me? HTTP/1.0" 401 283 "-" "Sedu/1 CFNetwork/1335.0.3 Darwin/21.6.0"
::ffff:127.0.0.1 - - [28/May/2023:12:28:32 +0000] "GET /api/v1/users/me? HTTP/1.0" 200 228 "-" "Sedu/1 CFNetwork/1399 Darwin/22.1.0"
::1 - - [28/May/2023:12:28:32 +0000] "GET /api/v1/wallets/64734102a32e8316d8248bbc? HTTP/1.0" 304 - "-" "Sedu/1 CFNetwork/1399 Darwin/22.1.0"
::1 - - [28/May/2023:12:29:04 +0000] "GET /api/v1/users/me? HTTP/1.0" 304 - "-" "Sedu/1 CFNetwork/1399 Darwin/22.1.0"
::ffff:127.0.0.1 - - [28/May/2023:12:29:04 +0000] "GET /api/v1/wallets/64734102a32e8316d8248bbc? HTTP/1.0" 304 - "-" "Sedu/1 CFNetwork/1399 Darwin/22.1.0"
::ffff:127.0.0.1 - - [28/May/2023:12:30:27 +0000] "GET /api/v1/users/me? HTTP/1.0" 401 283 "-" "Sedu/1 CFNetwork/1335.0.3 Darwin/21.6.0"
::1 - - [28/May/2023:12:30:48 +0000] "GET /api/v1/users/me? HTTP/1.0" 401 283 "-" "Sedu/1 CFNetwork/1404.0.5 Darwin/22.3.0"
::ffff:127.0.0.1 - - [28/May/2023:12:31:12 +0000] "GET /api/v1/users/me? HTTP/1.0" 304 - "-" "Sedu/1 CFNetwork/1406.0.4 Darwin/22.4.0"
::1 - - [28/May/2023:12:31:49 +0000] "GET /api/v1/users/me? HTTP/1.0" 401 283 "-" "Sedu/1 CFNetwork/1399 Darwin/22.1.0"
::ffff:127.0.0.1 - - [28/May/2023:12:31:51 +0000] "GET /api/v1/users/me? HTTP/1.0" 401 283 "-" "Sedu/1 CFNetwork/1406.0.4 Darwin/22.4.0"
::1 - - [28/May/2023:12:31:59 +0000] "POST /api/v1/users/register HTTP/1.0" 200 477 "-" "Sedu/1 CFNetwork/1335.0.3 Darwin/21.6.0"
::ffff:127.0.0.1 - - [28/May/2023:12:31:59 +0000] "GET /api/v1/users/me? HTTP/1.0" 200 203 "-" "Sedu/1 CFNetwork/1335.0.3 Darwin/21.6.0"
::1 - - [28/May/2023:12:32:10 +0000] "POST /api/v1/users/register HTTP/1.0" 200 460 "-" "Sedu/1 CFNetwork/1406.0.4 Darwin/22.4.0"
::ffff:127.0.0.1 - - [28/May/2023:12:32:10 +0000] "GET /api/v1/users/me? HTTP/1.0" 200 186 "-" "Sedu/1 CFNetwork/1406.0.4 Darwin/22.4.0"
::1 - - [28/May/2023:12:32:12 +0000] "POST /api/v1/users/login HTTP/1.0" 401 123 "-" "Sedu/1 CFNetwork/1399 Darwin/22.1.0"
::ffff:127.0.0.1 - - [28/May/2023:12:32:15 +0000] "GET /api/v1/users/logout? HTTP/1.0" 200 39 "-" "Sedu/1 CFNetwork/1335.0.3 Darwin/21.6.0"
::1 - - [28/May/2023:12:32:15 +0000] "GET /api/v1/users/me? HTTP/1.0" 304 - "-" "Sedu/1 CFNetwork/1406.0.4 Darwin/22.4.0"
::ffff:127.0.0.1 - - [28/May/2023:12:32:15 +0000] "GET /api/v1/users/me? HTTP/1.0" 401 283 "-" "Sedu/1 CFNetwork/1335.0.3 Darwin/21.6.0"
::1 - - [28/May/2023:12:32:19 +0000] "POST /api/v1/users/invoice/647349caa32e8316d8248ca3 HTTP/1.0" 200 50 "-" "Sedu/1 CFNetwork/1406.0.4 Darwin/22.4.0"
::ffff:127.0.0.1 - - [28/May/2023:12:32:19 +0000] "GET /api/v1/wallets/647349d3a32e8316d8248ca9? HTTP/1.0" 200 15940 "-" "Sedu/1 CFNetwork/1406.0.4 Darwin/22.4.0"
::1 - - [28/May/2023:12:32:35 +0000] "POST /api/v1/users/register HTTP/1.0" 200 471 "-" "Sedu/1 CFNetwork/1399 Darwin/22.1.0"
::ffff:127.0.0.1 - - [28/May/2023:12:32:35 +0000] "GET /api/v1/users/me? HTTP/1.0" 200 197 "-" "Sedu/1 CFNetwork/1399 Darwin/22.1.0"
::1 - - [28/May/2023:12:32:36 +0000] "GET /api/v1/users/me? HTTP/1.0" 304 - "-" "Sedu/1 CFNetwork/1406.0.4 Darwin/22.4.0"
::1 - - [28/May/2023:12:32:36 +0000] "GET /api/v1/ads? HTTP/1.0" 304 - "-" "Sedu/1 CFNetwork/1406.0.4 Darwin/22.4.0"
::ffff:127.0.0.1 - - [28/May/2023:12:32:36 +0000] "GET /api/v1/articles? HTTP/1.0" 200 387210 "-" "Sedu/1 CFNetwork/1406.0.4 Darwin/22.4.0"
::1 - - [28/May/2023:12:32:44 +0000] "GET /api/v1/users/callbacks/647349caa32e8316d8248ca3/20000?qpay_payment_id=851922508127338 HTTP/1.0" 200 225 "-" "node-fetch/1.0 (+https://github.com/bitinn/node-fetch)"
::ffff:127.0.0.1 - - [28/May/2023:12:32:45 +0000] "GET /api/v1/users/logout? HTTP/1.0" 200 39 "-" "Sedu/1 CFNetwork/1399 Darwin/22.1.0"
::1 - - [28/May/2023:12:32:45 +0000] "GET /api/v1/users/me? HTTP/1.0" 401 283 "-" "Sedu/1 CFNetwork/1399 Darwin/22.1.0"
::ffff:127.0.0.1 - - [28/May/2023:12:32:48 +0000] "GET /api/v1/users/me? HTTP/1.0" 200 225 "-" "Sedu/1 CFNetwork/1406.0.4 Darwin/22.4.0"
::ffff:127.0.0.1 - - [28/May/2023:12:32:48 +0000] "GET /api/v1/wallets/647349d3a32e8316d8248ca9? HTTP/1.0" 304 - "-" "Sedu/1 CFNetwork/1406.0.4 Darwin/22.4.0"
::1 - - [28/May/2023:12:32:52 +0000] "POST /api/v1/users/invoice/647349caa32e8316d8248ca3 HTTP/1.0" 200 50 "-" "Sedu/1 CFNetwork/1406.0.4 Darwin/22.4.0"
::ffff:127.0.0.1 - - [28/May/2023:12:32:52 +0000] "GET /api/v1/wallets/647349f4a32e8316d8248cc7? HTTP/1.0" 200 16036 "-" "Sedu/1 CFNetwork/1406.0.4 Darwin/22.4.0"
::1 - - [28/May/2023:12:32:57 +0000] "POST /api/v1/users/login HTTP/1.0" 200 471 "-" "Sedu/1 CFNetwork/1399 Darwin/22.1.0"
::ffff:127.0.0.1 - - [28/May/2023:12:32:57 +0000] "GET /api/v1/users/me? HTTP/1.0" 304 - "-" "Sedu/1 CFNetwork/1399 Darwin/22.1.0"
::1 - - [28/May/2023:12:33:02 +0000] "GET /api/v1/users/me? HTTP/1.0" 200 225 "-" "Sedu/1 CFNetwork/1406.0.4 Darwin/22.4.0"
::1 - - [28/May/2023:12:33:05 +0000] "GET /.env HTTP/1.0" 404 143 "-" "python-requests/2.31.0"
::ffff:127.0.0.1 - - [28/May/2023:12:33:06 +0000] "POST /api/v1/users/invoice/647349caa32e8316d8248ca3 HTTP/1.0" 200 50 "-" "Sedu/1 CFNetwork/1406.0.4 Darwin/22.4.0"
::ffff:127.0.0.1 - - [28/May/2023:12:33:06 +0000] "GET /api/v1/wallets/64734a02a32e8316d8248cdc? HTTP/1.0" 200 16092 "-" "Sedu/1 CFNetwork/1406.0.4 Darwin/22.4.0"
::1 - - [28/May/2023:12:33:16 +0000] "GET /api/v1/users/me? HTTP/1.0" 200 225 "-" "Sedu/1 CFNetwork/1406.0.4 Darwin/22.4.0"
::1 - - [28/May/2023:12:33:16 +0000] "GET /api/v1/ads? HTTP/1.0" 200 633 "-" "Sedu/1 CFNetwork/1406.0.4 Darwin/22.4.0"
::ffff:127.0.0.1 - - [28/May/2023:12:33:16 +0000] "GET /api/v1/articles? HTTP/1.0" 200 387210 "-" "Sedu/1 CFNetwork/1406.0.4 Darwin/22.4.0"
::ffff:127.0.0.1 - - [28/May/2023:12:33:21 +0000] "GET /api/v1/articles/642d4c587c1330814fb76297? HTTP/1.0" 200 22271 "-" "Sedu/1 CFNetwork/1406.0.4 Darwin/22.4.0"
::1 - - [28/May/2023:12:33:48 +0000] "GET /api/v1/users/me? HTTP/1.0" 401 283 "-" "Sedu/1 CFNetwork/1399 Darwin/22.1.0"
::ffff:127.0.0.1 - - [28/May/2023:12:34:09 +0000] "POST /api/v1/users/register HTTP/1.0" 500 249 "-" "Sedu/1 CFNetwork/1399 Darwin/22.1.0"
::1 - - [28/May/2023:12:34:15 +0000] "POST /api/v1/users/register HTTP/1.0" 200 465 "-" "Sedu/1 CFNetwork/1399 Darwin/22.1.0"
::ffff:127.0.0.1 - - [28/May/2023:12:34:15 +0000] "GET /api/v1/users/me? HTTP/1.0" 200 191 "-" "Sedu/1 CFNetwork/1399 Darwin/22.1.0"
::1 - - [28/May/2023:12:34:16 +0000] "POST / HTTP/1.0" 404 140 "-" "Mozilla/5.0 (X11; Linux x86_64) AppleWebKit/537.36 (KHTML, like Gecko) Chrome/81.0.4044.129 Safari/537.36"
::ffff:127.0.0.1 - - [28/May/2023:12:34:16 +0000] "POST /api/v1/users/register HTTP/1.0" 500 251 "-" "Sedu/1 CFNetwork/1399 Darwin/22.1.0"
::1 - - [28/May/2023:12:34:16 +0000] "GET /.env HTTP/1.0" 404 143 "-" "Mozilla/5.0 (X11; Linux x86_64) AppleWebKit/537.36 (KHTML, like Gecko) Chrome/81.0.4044.129 Safari/537.36"
::ffff:127.0.0.1 - - [28/May/2023:12:34:21 +0000] "GET /api/v1/users/me? HTTP/1.0" 304 - "-" "Sedu/1 CFNetwork/1399 Darwin/22.1.0"
::1 - - [28/May/2023:12:34:26 +0000] "POST /api/v1/users/invoice/64734a47a32e8316d8248cf5 HTTP/1.0" 200 50 "-" "Sedu/1 CFNetwork/1399 Darwin/22.1.0"
::ffff:127.0.0.1 - - [28/May/2023:12:34:26 +0000] "GET /api/v1/wallets/64734a52a32e8316d8248cfc? HTTP/1.0" 200 16093 "-" "Sedu/1 CFNetwork/1399 Darwin/22.1.0"
::1 - - [28/May/2023:12:34:53 +0000] "GET /api/v1/users/me? HTTP/1.0" 304 - "-" "Sedu/1 CFNetwork/1406.0.4 Darwin/22.4.0"
::1 - - [28/May/2023:12:34:53 +0000] "GET /api/v1/ads? HTTP/1.0" 304 - "-" "Sedu/1 CFNetwork/1406.0.4 Darwin/22.4.0"
::ffff:127.0.0.1 - - [28/May/2023:12:34:54 +0000] "GET /api/v1/articles? HTTP/1.0" 304 - "-" "Sedu/1 CFNetwork/1406.0.4 Darwin/22.4.0"
::1 - - [28/May/2023:12:34:56 +0000] "GET /api/v1/users/callbacks/64734a47a32e8316d8248cf5/20000?qpay_payment_id=273936495505025 HTTP/1.0" 200 230 "-" "node-fetch/1.0 (+https://github.com/bitinn/node-fetch)"
::ffff:127.0.0.1 - - [28/May/2023:12:35:00 +0000] "GET /api/v1/users/me? HTTP/1.0" 304 - "-" "Sedu/1 CFNetwork/1406.0.4 Darwin/22.4.0"
::ffff:127.0.0.1 - - [28/May/2023:12:35:09 +0000] "GET /api/v1/users/me? HTTP/1.0" 304 - "-" "Sedu/1 CFNetwork/1399 Darwin/22.1.0"
::1 - - [28/May/2023:12:35:09 +0000] "GET /api/v1/wallets/64734102a32e8316d8248bbc? HTTP/1.0" 304 - "-" "Sedu/1 CFNetwork/1399 Darwin/22.1.0"
::1 - - [28/May/2023:12:35:14 +0000] "GET /api/v1/users/me? HTTP/1.0" 200 230 "-" "Sedu/1 CFNetwork/1399 Darwin/22.1.0"
::ffff:127.0.0.1 - - [28/May/2023:12:35:14 +0000] "GET /api/v1/wallets/64734a52a32e8316d8248cfc? HTTP/1.0" 304 - "-" "Sedu/1 CFNetwork/1399 Darwin/22.1.0"
::ffff:127.0.0.1 - - [28/May/2023:12:35:18 +0000] "POST /api/v1/users/invoice/64734a47a32e8316d8248cf5 HTTP/1.0" 200 50 "-" "Sedu/1 CFNetwork/1399 Darwin/22.1.0"
::1 - - [28/May/2023:12:35:18 +0000] "GET /api/v1/wallets/64734a85a32e8316d8248d1a? HTTP/1.0" 200 16093 "-" "Sedu/1 CFNetwork/1399 Darwin/22.1.0"
::ffff:127.0.0.1 - - [28/May/2023:12:35:25 +0000] "GET /api/v1/users/me? HTTP/1.0" 200 230 "-" "Sedu/1 CFNetwork/1399 Darwin/22.1.0"
::1 - - [28/May/2023:12:35:25 +0000] "GET /api/v1/articles? HTTP/1.0" 200 387210 "-" "Sedu/1 CFNetwork/1399 Darwin/22.1.0"
::ffff:127.0.0.1 - - [28/May/2023:12:35:25 +0000] "GET /api/v1/ads? HTTP/1.0" 200 633 "-" "Sedu/1 CFNetwork/1399 Darwin/22.1.0"
::1 - - [28/May/2023:12:35:35 +0000] "GET /api/v1/users/callbacks/64711f62a32e8316d8245728/20000?qpay_payment_id=444778583056833 HTTP/1.0" 200 228 "-" "node-fetch/1.0 (+https://github.com/bitinn/node-fetch)"
::1 - - [28/May/2023:12:35:50 +0000] "GET /api/v1/users/me? HTTP/1.0" 401 283 "-" "Sedu/1 CFNetwork/1390 Darwin/22.0.0"
::1 - - [28/May/2023:12:35:54 +0000] "GET /api/v1/users/me? HTTP/1.0" 200 228 "-" "Sedu/1 CFNetwork/1399 Darwin/22.1.0"
::ffff:127.0.0.1 - - [28/May/2023:12:35:54 +0000] "GET /api/v1/wallets/64734102a32e8316d8248bbc? HTTP/1.0" 304 - "-" "Sedu/1 CFNetwork/1399 Darwin/22.1.0"
::ffff:127.0.0.1 - - [28/May/2023:12:36:02 +0000] "POST /api/v1/users/invoice/64711f62a32e8316d8245728 HTTP/1.0" 200 50 "-" "Sedu/1 CFNetwork/1399 Darwin/22.1.0"
::1 - - [28/May/2023:12:36:03 +0000] "GET /api/v1/wallets/64734ab2a32e8316d8248d35? HTTP/1.0" 200 16135 "-" "Sedu/1 CFNetwork/1399 Darwin/22.1.0"
::ffff:127.0.0.1 - - [28/May/2023:12:36:04 +0000] "GET /api/v1/articles/642d76ab7c1330814fb763c4? HTTP/1.0" 200 12382 "-" "Sedu/1 CFNetwork/1399 Darwin/22.1.0"
::1 - - [28/May/2023:12:36:11 +0000] "POST /api/v1/users/register HTTP/1.0" 500 248 "-" "Sedu/1 CFNetwork/1390 Darwin/22.0.0"
::ffff:127.0.0.1 - - [28/May/2023:12:36:11 +0000] "GET /api/v1/users/logout? HTTP/1.0" 304 - "-" "Sedu/1 CFNetwork/1399 Darwin/22.1.0"
::1 - - [28/May/2023:12:36:11 +0000] "GET /api/v1/users/me? HTTP/1.0" 401 283 "-" "Sedu/1 CFNetwork/1399 Darwin/22.1.0"
::ffff:127.0.0.1 - - [28/May/2023:12:36:13 +0000] "POST /api/v1/users/register HTTP/1.0" 500 248 "-" "Sedu/1 CFNetwork/1390 Darwin/22.0.0"
::1 - - [28/May/2023:12:36:27 +0000] "POST /api/v1/users/login HTTP/1.0" 200 502 "-" "Sedu/1 CFNetwork/1399 Darwin/22.1.0"
::ffff:127.0.0.1 - - [28/May/2023:12:36:27 +0000] "GET /api/v1/users/me? HTTP/1.0" 200 228 "-" "Sedu/1 CFNetwork/1399 Darwin/22.1.0"
::1 - - [28/May/2023:12:36:28 +0000] "GET /api/v1/articles? HTTP/1.0" 200 387210 "-" "Sedu/1 CFNetwork/1399 Darwin/22.1.0"
::ffff:127.0.0.1 - - [28/May/2023:12:36:28 +0000] "GET /api/v1/ads? HTTP/1.0" 200 633 "-" "Sedu/1 CFNetwork/1399 Darwin/22.1.0"
::ffff:127.0.0.1 - - [28/May/2023:12:36:38 +0000] "POST /api/v1/users/register HTTP/1.0" 200 461 "-" "Sedu/1 CFNetwork/1390 Darwin/22.0.0"
::1 - - [28/May/2023:12:36:39 +0000] "GET /api/v1/users/me? HTTP/1.0" 200 187 "-" "Sedu/1 CFNetwork/1390 Darwin/22.0.0"
