::1 - - [03/May/2023:00:52:21 +0000] "GET /api/v1/users/me? HTTP/1.0" 304 - "-" "okhttp/4.9.2"
::1 - - [03/May/2023:00:52:21 +0000] "GET /api/v1/articles/642d55507c1330814fb76325? HTTP/1.0" 304 - "-" "okhttp/4.9.2"
::1 - - [03/May/2023:00:52:21 +0000] "GET /api/v1/ads? HTTP/1.0" 304 - "-" "okhttp/4.9.2"
::ffff:127.0.0.1 - - [03/May/2023:00:52:21 +0000] "GET /api/v1/articles? HTTP/1.0" 304 - "-" "okhttp/4.9.2"
::ffff:127.0.0.1 - - [03/May/2023:00:52:25 +0000] "GET /api/v1/articles/642e31907c1330814fb7647d? HTTP/1.0" 200 3098 "-" "Sedu/1 CFNetwork/1406.0.4 Darwin/22.4.0"
::1 - - [03/May/2023:00:52:30 +0000] "GET /api/v1/articles/642d4c587c1330814fb76297? HTTP/1.0" 200 22271 "-" "Sedu/1 CFNetwork/1404.0.5 Darwin/22.3.0"
::ffff:127.0.0.1 - - [03/May/2023:00:52:32 +0000] "POST /api/v1/users/register HTTP/1.0" 500 249 "-" "Sedu/1 CFNetwork/1390 Darwin/22.0.0"
::1 - - [03/May/2023:00:52:37 +0000] "GET /api/v1/users/me? HTTP/1.0" 401 283 "-" "okhttp/4.9.2"
::ffff:127.0.0.1 - - [03/May/2023:00:52:40 +0000] "POST /api/v1/users/register HTTP/1.0" 500 248 "-" "Sedu/1 CFNetwork/1390 Darwin/22.0.0"
::1 - - [03/May/2023:00:52:46 +0000] "GET /api/v1/users/me? HTTP/1.0" 401 283 "-" "okhttp/4.9.2"
::ffff:127.0.0.1 - - [03/May/2023:00:52:53 +0000] "GET /api/v1/articles/642e36c67c1330814fb764a6? HTTP/1.0" 200 6493 "-" "Sedu/1 CFNetwork/1406.0.4 Darwin/22.4.0"
::1 - - [03/May/2023:00:53:04 +0000] "POST /api/v1/users/register HTTP/1.0" 500 248 "-" "Sedu/1 CFNetwork/1390 Darwin/22.0.0"
::ffff:127.0.0.1 - - [03/May/2023:00:53:08 +0000] "GET /api/v1/articles/642e38d27c1330814fb764c0? HTTP/1.0" 200 2993 "-" "Sedu/1 CFNetwork/1406.0.4 Darwin/22.4.0"
::1 - - [03/May/2023:00:53:12 +0000] "POST /api/v1/users/register HTTP/1.0" 200 466 "-" "okhttp/4.9.2"
::ffff:127.0.0.1 - - [03/May/2023:00:53:13 +0000] "GET /api/v1/users/me? HTTP/1.0" 200 192 "-" "okhttp/4.9.2"
::1 - - [03/May/2023:00:53:26 +0000] "GET /api/v1/users/me? HTTP/1.0" 304 - "-" "okhttp/4.9.2"
::ffff:127.0.0.1 - - [03/May/2023:00:53:27 +0000] "POST /api/v1/users/register HTTP/1.0" 500 249 "-" "Sedu/1 CFNetwork/1390 Darwin/22.0.0"
::1 - - [03/May/2023:00:53:31 +0000] "POST /api/v1/users/invoice/6451b078a4c26797f4263a50 HTTP/1.0" 200 50 "-" "okhttp/4.9.2"
::ffff:127.0.0.1 - - [03/May/2023:00:53:31 +0000] "GET /api/v1/wallets/6451b08ba4c26797f4263a57? HTTP/1.0" 200 16234 "-" "okhttp/4.9.2"
::1 - - [03/May/2023:00:53:37 +0000] "POST /api/v1/users/login HTTP/1.0" 401 123 "-" "Sedu/1 CFNetwork/1390 Darwin/22.0.0"
::ffff:127.0.0.1 - - [03/May/2023:00:53:40 +0000] "GET /api/v1/users/logout? HTTP/1.0" 200 39 "-" "okhttp/4.9.2"
::1 - - [03/May/2023:00:53:40 +0000] "GET /api/v1/users/me? HTTP/1.0" 401 283 "-" "okhttp/4.9.2"
::ffff:127.0.0.1 - - [03/May/2023:00:53:45 +0000] "POST /api/v1/users/login HTTP/1.0" 401 123 "-" "Sedu/1 CFNetwork/1390 Darwin/22.0.0"
::1 - - [03/May/2023:00:53:51 +0000] "GET /api/v1/articles/642d55bf7c1330814fb76345? HTTP/1.0" 304 - "-" "okhttp/4.9.2"
::ffff:127.0.0.1 - - [03/May/2023:00:53:52 +0000] "POST /api/v1/users/login HTTP/1.0" 200 505 "-" "okhttp/4.9.2"
::1 - - [03/May/2023:00:53:52 +0000] "GET /api/v1/users/me? HTTP/1.0" 200 231 "-" "okhttp/4.9.2"
::1 - - [03/May/2023:00:54:03 +0000] "GET /dispatch.asp HTTP/1.0" 404 151 "-" "Mozilla/5.0 (Windows NT 10.0; Win64; x64) AppleWebKit/537.36 (KHTML, like Gecko) Chrome/90.0.4430.85 Safari/537.36 Edg/90.0.818.46"
::ffff:127.0.0.1 - - [03/May/2023:00:54:05 +0000] "GET /api/v1/users/me? HTTP/1.0" 304 - "-" "okhttp/4.9.2"
::1 - - [03/May/2023:00:54:10 +0000] "POST /api/v1/users/register HTTP/1.0" 500 249 "-" "Sedu/1 CFNetwork/1390 Darwin/22.0.0"
::ffff:127.0.0.1 - - [03/May/2023:00:54:15 +0000] "POST /api/v1/users/register HTTP/1.0" 200 464 "-" "okhttp/4.9.2"
::1 - - [03/May/2023:00:54:16 +0000] "GET /api/v1/users/me? HTTP/1.0" 200 190 "-" "okhttp/4.9.2"
::ffff:127.0.0.1 - - [03/May/2023:00:54:25 +0000] "GET /api/v1/articles/642e395e7c1330814fb764cf? HTTP/1.0" 200 3867 "-" "Sedu/1 CFNetwork/1406.0.4 Darwin/22.4.0"
::1 - - [03/May/2023:00:54:39 +0000] "GET /.env HTTP/1.0" 404 143 "-" "Mozilla/5.0 (Linux; U; Android 4.4.2; en-US; HM NOTE 1W Build/KOT49H) AppleWebKit/534.30 (KHTML, like Gecko) Version/4.0 UCBrowser/11.0.5.850 U3/0.8.0 Mobile Safari/534.30"
::ffff:127.0.0.1 - - [03/May/2023:00:54:39 +0000] "POST / HTTP/1.0" 404 140 "-" "Mozilla/5.0 (Linux; U; Android 4.4.2; en-US; HM NOTE 1W Build/KOT49H) AppleWebKit/534.30 (KHTML, like Gecko) Version/4.0 UCBrowser/11.0.5.850 U3/0.8.0 Mobile Safari/534.30"
::1 - - [03/May/2023:00:54:43 +0000] "GET /api/v1/users/logout? HTTP/1.0" 200 39 "-" "okhttp/4.9.2"
::ffff:127.0.0.1 - - [03/May/2023:00:54:43 +0000] "GET /api/v1/users/me? HTTP/1.0" 401 283 "-" "okhttp/4.9.2"
::1 - - [03/May/2023:00:55:20 +0000] "GET /api/v1/users/me? HTTP/1.0" 401 283 "-" "okhttp/4.9.2"
::ffff:127.0.0.1 - - [03/May/2023:00:55:36 +0000] "GET /api/v1/articles/642e3a4a7c1330814fb764db? HTTP/1.0" 200 1995 "-" "Sedu/1 CFNetwork/1406.0.4 Darwin/22.4.0"
::1 - - [03/May/2023:00:55:51 +0000] "GET /api/v1/articles/642e58ad7c1330814fb76521? HTTP/1.0" 200 5252 "-" "Sedu/1 CFNetwork/1406.0.4 Darwin/22.4.0"
::ffff:127.0.0.1 - - [03/May/2023:00:56:00 +0000] "POST /api/v1/users/register HTTP/1.0" 200 461 "-" "okhttp/4.9.2"
::1 - - [03/May/2023:00:56:00 +0000] "GET /api/v1/users/me? HTTP/1.0" 200 187 "-" "okhttp/4.9.2"
::ffff:127.0.0.1 - - [03/May/2023:00:56:08 +0000] "GET /api/v1/users/me? HTTP/1.0" 304 - "-" "Sedu/1 CFNetwork/1406.0.4 Darwin/22.4.0"
::1 - - [03/May/2023:00:56:17 +0000] "GET /api/v1/users/me? HTTP/1.0" 304 - "-" "okhttp/4.9.2"
::ffff:127.0.0.1 - - [03/May/2023:00:56:25 +0000] "POST /api/v1/users/invoice/6451b120a4c26797f4263a76 HTTP/1.0" 200 50 "-" "okhttp/4.9.2"
::1 - - [03/May/2023:00:56:25 +0000] "GET /api/v1/wallets/6451b138a4c26797f4263a7c? HTTP/1.0" 200 16297 "-" "okhttp/4.9.2"
::ffff:127.0.0.1 - - [03/May/2023:00:56:39 +0000] "GET /api/v1/articles/642e35cf7c1330814fb7649d? HTTP/1.0" 200 6741 "-" "Sedu/1 CFNetwork/1406.0.4 Darwin/22.4.0"
::1 - - [03/May/2023:00:56:45 +0000] "GET /api/v1/users/me? HTTP/1.0" 401 283 "-" "okhttp/4.9.2"
::ffff:127.0.0.1 - - [03/May/2023:00:56:51 +0000] "GET /api/v1/articles/642e38197c1330814fb764af? HTTP/1.0" 200 5982 "-" "Sedu/1 CFNetwork/1406.0.4 Darwin/22.4.0"
::1 - - [03/May/2023:00:56:57 +0000] "GET /api/v1/users/me? HTTP/1.0" 401 283 "-" "okhttp/4.9.2"
::ffff:127.0.0.1 - - [03/May/2023:00:57:01 +0000] "GET /api/v1/users/me? HTTP/1.0" 401 283 "-" "Sedu/1 CFNetwork/1406.0.4 Darwin/22.4.0"
::1 - - [03/May/2023:00:57:06 +0000] "POST /api/v1/users/register HTTP/1.0" 200 468 "-" "okhttp/4.9.2"
::ffff:127.0.0.1 - - [03/May/2023:00:57:06 +0000] "GET /api/v1/users/me? HTTP/1.0" 200 194 "-" "okhttp/4.9.2"
::1 - - [03/May/2023:00:57:10 +0000] "POST /api/v1/users/login HTTP/1.0" 200 502 "-" "Sedu/1 CFNetwork/1406.0.4 Darwin/22.4.0"
::ffff:127.0.0.1 - - [03/May/2023:00:57:10 +0000] "GET /api/v1/users/me? HTTP/1.0" 304 - "-" "Sedu/1 CFNetwork/1406.0.4 Darwin/22.4.0"
::1 - - [03/May/2023:00:57:11 +0000] "GET /api/v1/articles? HTTP/1.0" 304 - "-" "Sedu/1 CFNetwork/1406.0.4 Darwin/22.4.0"
::ffff:127.0.0.1 - - [03/May/2023:00:57:11 +0000] "GET /api/v1/ads? HTTP/1.0" 304 - "-" "Sedu/1 CFNetwork/1406.0.4 Darwin/22.4.0"
::ffff:127.0.0.1 - - [03/May/2023:00:57:13 +0000] "GET /api/v1/users/logout? HTTP/1.0" 200 39 "-" "okhttp/4.9.2"
::1 - - [03/May/2023:00:57:13 +0000] "GET /api/v1/users/me? HTTP/1.0" 401 283 "-" "okhttp/4.9.2"
::ffff:127.0.0.1 - - [03/May/2023:00:57:54 +0000] "GET /api/v1/users/me? HTTP/1.0" 200 226 "-" "okhttp/4.9.2"
::1 - - [03/May/2023:00:58:05 +0000] "GET /api/v1/articles/642e3f507c1330814fb764ef? HTTP/1.0" 200 1496 "-" "Sedu/1 CFNetwork/1406.0.4 Darwin/22.4.0"
::ffff:127.0.0.1 - - [03/May/2023:00:58:25 +0000] "GET /api/v1/users/me? HTTP/1.0" 304 - "-" "okhttp/4.9.2"
::1 - - [03/May/2023:00:58:26 +0000] "GET /api/v1/articles? HTTP/1.0" 304 - "-" "okhttp/4.9.2"
::ffff:127.0.0.1 - - [03/May/2023:00:58:26 +0000] "GET /api/v1/ads? HTTP/1.0" 304 - "-" "okhttp/4.9.2"
::1 - - [03/May/2023:00:58:39 +0000] "GET /api/v1/articles/642d581c7c1330814fb76387? HTTP/1.0" 200 7624 "-" "okhttp/4.9.2"
::1 - - [03/May/2023:00:58:41 +0000] "GET /api/v1/articles/642e3a4a7c1330814fb764db? HTTP/1.0" 200 1995 "-" "Sedu/1 CFNetwork/1406.0.4 Darwin/22.4.0"
::ffff:127.0.0.1 - - [03/May/2023:00:59:29 +0000] "GET /api/v1/articles/642e38d27c1330814fb764c0? HTTP/1.0" 200 2993 "-" "Sedu/1 CFNetwork/1406.0.4 Darwin/22.4.0"
::1 - - [03/May/2023:00:59:49 +0000] "GET /api/v1/users/me? HTTP/1.0" 304 - "-" "Sedu/1 CFNetwork/1399 Darwin/22.1.0"
::ffff:127.0.0.1 - - [03/May/2023:00:59:50 +0000] "GET /api/v1/articles? HTTP/1.0" 304 - "-" "Sedu/1 CFNetwork/1399 Darwin/22.1.0"
::1 - - [03/May/2023:00:59:50 +0000] "GET /api/v1/ads? HTTP/1.0" 304 - "-" "Sedu/1 CFNetwork/1399 Darwin/22.1.0"
::1 - - [03/May/2023:00:59:57 +0000] "GET /api/v1/users/me? HTTP/1.0" 401 283 "-" "okhttp/4.9.2"
::ffff:127.0.0.1 - - [03/May/2023:01:00:07 +0000] "GET /api/v1/articles/642d4c587c1330814fb76297? HTTP/1.0" 200 22271 "-" "Sedu/1 CFNetwork/1399 Darwin/22.1.0"
::1 - - [03/May/2023:01:00:26 +0000] "GET /api/v1/articles/642d4c587c1330814fb76297? HTTP/1.0" 200 22271 "-" "Sedu/1 CFNetwork/1406.0.4 Darwin/22.4.0"
::ffff:127.0.0.1 - - [03/May/2023:01:00:30 +0000] "POST /api/v1/users/register HTTP/1.0" 500 249 "-" "okhttp/4.9.2"
::1 - - [03/May/2023:01:00:51 +0000] "GET /api/v1/users/me? HTTP/1.0" 304 - "-" "Sedu/1 CFNetwork/1220.1 Darwin/20.3.0"
::ffff:127.0.0.1 - - [03/May/2023:01:00:52 +0000] "GET /api/v1/articles? HTTP/1.0" 304 - "-" "Sedu/1 CFNetwork/1220.1 Darwin/20.3.0"
::1 - - [03/May/2023:01:00:52 +0000] "GET /api/v1/ads? HTTP/1.0" 304 - "-" "Sedu/1 CFNetwork/1220.1 Darwin/20.3.0"
::ffff:127.0.0.1 - - [03/May/2023:01:01:06 +0000] "POST /api/v1/users/register HTTP/1.0" 500 247 "-" "okhttp/4.9.2"
::ffff:127.0.0.1 - - [03/May/2023:01:01:09 +0000] "POST /api/v1/users/register HTTP/1.0" 500 247 "-" "okhttp/4.9.2"
::1 - - [03/May/2023:01:01:10 +0000] "POST /api/v1/users/register HTTP/1.0" 500 247 "-" "okhttp/4.9.2"
::ffff:127.0.0.1 - - [03/May/2023:01:01:10 +0000] "POST /api/v1/users/register HTTP/1.0" 500 247 "-" "okhttp/4.9.2"
::ffff:127.0.0.1 - - [03/May/2023:01:01:11 +0000] "POST /api/v1/users/register HTTP/1.0" 500 247 "-" "okhttp/4.9.2"
::ffff:127.0.0.1 - - [03/May/2023:01:01:43 +0000] "GET /api/v1/articles/642d76ab7c1330814fb763c4? HTTP/1.0" 200 12424 "-" "Sedu/1 CFNetwork/1220.1 Darwin/20.3.0"
::1 - - [03/May/2023:01:01:48 +0000] "GET /api/v1/users/me? HTTP/1.0" 401 283 "-" "okhttp/4.9.2"
::ffff:127.0.0.1 - - [03/May/2023:01:01:53 +0000] "GET /api/v1/users/me? HTTP/1.0" 304 - "-" "okhttp/4.9.2"
::ffff:127.0.0.1 - - [03/May/2023:01:01:53 +0000] "GET /api/v1/ads? HTTP/1.0" 304 - "-" "okhttp/4.9.2"
::1 - - [03/May/2023:01:01:53 +0000] "GET /api/v1/articles? HTTP/1.0" 304 - "-" "okhttp/4.9.2"
::ffff:127.0.0.1 - - [03/May/2023:01:01:56 +0000] "GET /api/v1/articles/642d4ce07c1330814fb762a6? HTTP/1.0" 304 - "-" "okhttp/4.9.2"
::1 - - [03/May/2023:01:02:00 +0000] "GET /api/v1/articles/642d59727c1330814fb76396? HTTP/1.0" 200 10552 "-" "okhttp/4.9.2"
::ffff:127.0.0.1 - - [03/May/2023:01:02:02 +0000] "GET /api/v1/articles/642d4fba7c1330814fb762d8? HTTP/1.0" 200 8079 "-" "okhttp/4.9.2"
::1 - - [03/May/2023:01:02:04 +0000] "POST /api/v1/users/register HTTP/1.0" 500 249 "-" "okhttp/4.9.2"
::1 - - [03/May/2023:01:02:14 +0000] "POST /api/v1/users/register HTTP/1.0" 500 249 "-" "okhttp/4.9.2"
::1 - - [03/May/2023:01:02:29 +0000] "POST /api/v1/users/register HTTP/1.0" 200 463 "-" "okhttp/4.9.2"
::ffff:127.0.0.1 - - [03/May/2023:01:02:29 +0000] "GET /api/v1/users/me? HTTP/1.0" 200 189 "-" "okhttp/4.9.2"
::1 - - [03/May/2023:01:02:34 +0000] "GET /api/v1/articles/642d4c587c1330814fb76297? HTTP/1.0" 200 22271 "-" "Sedu/1 CFNetwork/1220.1 Darwin/20.3.0"
::ffff:127.0.0.1 - - [03/May/2023:01:02:38 +0000] "GET /api/v1/users/logout? HTTP/1.0" 200 39 "-" "okhttp/4.9.2"
::1 - - [03/May/2023:01:02:39 +0000] "GET /api/v1/users/me? HTTP/1.0" 401 283 "-" "okhttp/4.9.2"
::ffff:127.0.0.1 - - [03/May/2023:01:03:01 +0000] "GET /api/v1/users/me? HTTP/1.0" 401 283 "-" "okhttp/4.9.2"
::1 - - [03/May/2023:01:03:22 +0000] "POST /api/v1/users/register HTTP/1.0" 200 461 "-" "okhttp/4.9.2"
::ffff:127.0.0.1 - - [03/May/2023:01:03:23 +0000] "GET /api/v1/users/me? HTTP/1.0" 200 187 "-" "okhttp/4.9.2"
::1 - - [03/May/2023:01:03:25 +0000] "GET /api/v1/users/me? HTTP/1.0" 401 283 "-" "okhttp/4.9.2"
::ffff:127.0.0.1 - - [03/May/2023:01:03:25 +0000] "GET /api/v1/users/me? HTTP/1.0" 304 - "-" "Sedu/1 CFNetwork/1220.1 Darwin/20.3.0"
::1 - - [03/May/2023:01:03:33 +0000] "GET /api/v1/users/me? HTTP/1.0" 304 - "-" "okhttp/4.9.2"
::ffff:127.0.0.1 - - [03/May/2023:01:03:39 +0000] "POST /api/v1/users/invoice/6451b2daa4c26797f4263acb HTTP/1.0" 200 50 "-" "okhttp/4.9.2"
::1 - - [03/May/2023:01:03:39 +0000] "GET /api/v1/wallets/6451b2eaa4c26797f4263ad1? HTTP/1.0" 200 16169 "-" "okhttp/4.9.2"
::ffff:127.0.0.1 - - [03/May/2023:01:03:48 +0000] "GET /api/v1/users/me? HTTP/1.0" 304 - "-" "Sedu/1 CFNetwork/1406.0.4 Darwin/22.4.0"
::ffff:127.0.0.1 - - [03/May/2023:01:03:48 +0000] "GET /api/v1/articles/642d4c587c1330814fb76297? HTTP/1.0" 304 - "-" "Sedu/1 CFNetwork/1406.0.4 Darwin/22.4.0"
::1 - - [03/May/2023:01:03:48 +0000] "GET /api/v1/ads? HTTP/1.0" 304 - "-" "Sedu/1 CFNetwork/1406.0.4 Darwin/22.4.0"
::1 - - [03/May/2023:01:03:49 +0000] "GET /api/v1/articles? HTTP/1.0" 304 - "-" "Sedu/1 CFNetwork/1406.0.4 Darwin/22.4.0"
::ffff:127.0.0.1 - - [03/May/2023:01:03:50 +0000] "GET /api/v1/articles/642e58ad7c1330814fb76521? HTTP/1.0" 200 5252 "-" "Sedu/1 CFNetwork/1220.1 Darwin/20.3.0"
::1 - - [03/May/2023:01:04:06 +0000] "POST /api/v1/users/register HTTP/1.0" 200 466 "-" "okhttp/4.9.2"
::ffff:127.0.0.1 - - [03/May/2023:01:04:06 +0000] "GET /api/v1/users/me? HTTP/1.0" 200 192 "-" "okhttp/4.9.2"
::1 - - [03/May/2023:01:04:07 +0000] "POST /api/v1/users/register HTTP/1.0" 500 252 "-" "okhttp/4.9.2"
::ffff:127.0.0.1 - - [03/May/2023:01:04:07 +0000] "POST /api/v1/users/register HTTP/1.0" 500 252 "-" "okhttp/4.9.2"
::1 - - [03/May/2023:01:04:07 +0000] "POST /api/v1/users/register HTTP/1.0" 500 252 "-" "okhttp/4.9.2"
::ffff:127.0.0.1 - - [03/May/2023:01:04:25 +0000] "GET /api/v1/users/me? HTTP/1.0" 304 - "-" "okhttp/4.9.2"
::ffff:127.0.0.1 - - [03/May/2023:01:04:51 +0000] "GET /api/v1/users/me? HTTP/1.0" 304 - "-" "okhttp/4.9.2"
::ffff:127.0.0.1 - - [03/May/2023:01:04:51 +0000] "GET /api/v1/articles/642d55bf7c1330814fb76345? HTTP/1.0" 304 - "-" "okhttp/4.9.2"
::1 - - [03/May/2023:01:04:51 +0000] "GET /api/v1/ads? HTTP/1.0" 304 - "-" "okhttp/4.9.2"
::1 - - [03/May/2023:01:04:51 +0000] "GET /api/v1/articles? HTTP/1.0" 304 - "-" "okhttp/4.9.2"
::1 - - [03/May/2023:01:05:24 +0000] "GET /api/v1/users/me? HTTP/1.0" 304 - "-" "okhttp/4.9.2"
::1 - - [03/May/2023:01:05:24 +0000] "GET /api/v1/ads? HTTP/1.0" 304 - "-" "okhttp/4.9.2"
::ffff:127.0.0.1 - - [03/May/2023:01:05:24 +0000] "GET /api/v1/articles? HTTP/1.0" 304 - "-" "okhttp/4.9.2"
::ffff:127.0.0.1 - - [03/May/2023:01:06:22 +0000] "GET /api/v1/users/me? HTTP/1.0" 304 - "-" "Sedu/1 CFNetwork/1406.0.4 Darwin/22.4.0"
::1 - - [03/May/2023:01:06:47 +0000] "GET /api/v1/users/me? HTTP/1.0" 401 283 "-" "okhttp/4.9.2"
::ffff:127.0.0.1 - - [03/May/2023:01:07:43 +0000] "GET /api/v1/users/me? HTTP/1.0" 401 283 "-" "Sedu/1 CFNetwork/1240.0.4 Darwin/20.6.0"
::1 - - [03/May/2023:01:08:02 +0000] "POST /api/v1/users/register HTTP/1.0" 200 463 "-" "Sedu/1 CFNetwork/1240.0.4 Darwin/20.6.0"
::ffff:127.0.0.1 - - [03/May/2023:01:08:03 +0000] "GET /api/v1/users/me? HTTP/1.0" 200 189 "-" "Sedu/1 CFNetwork/1240.0.4 Darwin/20.6.0"
::1 - - [03/May/2023:01:08:11 +0000] "GET /api/v1/users/me? HTTP/1.0" 304 - "-" "Sedu/1 CFNetwork/1240.0.4 Darwin/20.6.0"
::ffff:127.0.0.1 - - [03/May/2023:01:09:03 +0000] "POST /api/v1/users/invoice/6451b3f2a4c26797f4263aff HTTP/1.0" 200 50 "-" "Sedu/1 CFNetwork/1240.0.4 Darwin/20.6.0"
::1 - - [03/May/2023:01:09:04 +0000] "GET /api/v1/wallets/6451b42fa4c26797f4263b04? HTTP/1.0" 200 16199 "-" "Sedu/1 CFNetwork/1240.0.4 Darwin/20.6.0"
::ffff:127.0.0.1 - - [03/May/2023:01:09:20 +0000] "GET /api/v1/users/me? HTTP/1.0" 401 283 "-" "okhttp/4.9.2"
::1 - - [03/May/2023:01:10:28 +0000] "GET /api/v1/users/me? HTTP/1.0" 401 283 "-" "okhttp/4.9.2"
::ffff:127.0.0.1 - - [03/May/2023:01:11:00 +0000] "GET /api/v1/users/me? HTTP/1.0" 401 283 "-" "Sedu/1 CFNetwork/1399 Darwin/22.1.0"
::1 - - [03/May/2023:01:11:18 +0000] "POST /api/v1/users/register HTTP/1.0" 500 250 "-" "Sedu/1 CFNetwork/1399 Darwin/22.1.0"
::ffff:127.0.0.1 - - [03/May/2023:01:11:29 +0000] "GET /api/v1/users/me? HTTP/1.0" 304 - "-" "okhttp/4.9.2"
::ffff:127.0.0.1 - - [03/May/2023:01:11:30 +0000] "GET /api/v1/ads? HTTP/1.0" 304 - "-" "okhttp/4.9.2"
::1 - - [03/May/2023:01:11:30 +0000] "GET /api/v1/articles? HTTP/1.0" 304 - "-" "okhttp/4.9.2"
::1 - - [03/May/2023:01:11:32 +0000] "POST /api/v1/users/register HTTP/1.0" 200 466 "-" "Sedu/1 CFNetwork/1399 Darwin/22.1.0"
::ffff:127.0.0.1 - - [03/May/2023:01:11:32 +0000] "GET /api/v1/users/me? HTTP/1.0" 200 192 "-" "Sedu/1 CFNetwork/1399 Darwin/22.1.0"
::1 - - [03/May/2023:01:11:46 +0000] "GET /api/v1/users/me? HTTP/1.0" 304 - "-" "Sedu/1 CFNetwork/1399 Darwin/22.1.0"
::ffff:127.0.0.1 - - [03/May/2023:01:11:55 +0000] "POST /api/v1/users/invoice/6451b4c4a4c26797f4263b1c HTTP/1.0" 200 50 "-" "Sedu/1 CFNetwork/1399 Darwin/22.1.0"
::1 - - [03/May/2023:01:11:55 +0000] "GET /api/v1/users/me? HTTP/1.0" 304 - "-" "okhttp/4.9.2"
::ffff:127.0.0.1 - - [03/May/2023:01:11:56 +0000] "GET /api/v1/wallets/6451b4dba4c26797f4263b21? HTTP/1.0" 200 16078 "-" "Sedu/1 CFNetwork/1399 Darwin/22.1.0"
::1 - - [03/May/2023:01:12:03 +0000] "GET /api/v1/users/logout? HTTP/1.0" 200 39 "-" "Sedu/1 CFNetwork/1399 Darwin/22.1.0"
::ffff:127.0.0.1 - - [03/May/2023:01:12:03 +0000] "GET /api/v1/users/me? HTTP/1.0" 401 283 "-" "Sedu/1 CFNetwork/1399 Darwin/22.1.0"
::1 - - [03/May/2023:01:12:16 +0000] "POST /api/v1/users/login HTTP/1.0" 200 505 "-" "Sedu/1 CFNetwork/1399 Darwin/22.1.0"
::ffff:127.0.0.1 - - [03/May/2023:01:12:16 +0000] "GET /api/v1/users/me? HTTP/1.0" 200 231 "-" "Sedu/1 CFNetwork/1399 Darwin/22.1.0"
::1 - - [03/May/2023:01:12:20 +0000] "GET /api/v1/articles/642d55507c1330814fb76325? HTTP/1.0" 304 - "-" "okhttp/4.9.2"
::ffff:127.0.0.1 - - [03/May/2023:01:12:25 +0000] "GET /api/v1/users/me? HTTP/1.0" 401 283 "-" "okhttp/4.9.2"
::1 - - [03/May/2023:01:12:56 +0000] "POST /api/v1/users/register HTTP/1.0" 500 253 "-" "okhttp/4.9.2"
::ffff:127.0.0.1 - - [03/May/2023:01:13:24 +0000] "POST /api/v1/users/register HTTP/1.0" 200 469 "-" "okhttp/4.9.2"
::1 - - [03/May/2023:01:13:24 +0000] "GET /api/v1/users/me? HTTP/1.0" 200 195 "-" "okhttp/4.9.2"
::ffff:127.0.0.1 - - [03/May/2023:01:13:38 +0000] "GET /api/v1/users/me? HTTP/1.0" 401 283 "-" "okhttp/4.9.2"
::1 - - [03/May/2023:01:13:50 +0000] "GET /api/v1/users/me? HTTP/1.0" 304 - "-" "okhttp/4.9.2"
::ffff:127.0.0.1 - - [03/May/2023:01:14:06 +0000] "POST /api/v1/users/invoice/6451b533a4c26797f4263b38 HTTP/1.0" 200 50 "-" "okhttp/4.9.2"
::1 - - [03/May/2023:01:14:07 +0000] "GET /api/v1/wallets/6451b55ea4c26797f4263b3d? HTTP/1.0" 200 16143 "-" "okhttp/4.9.2"
::ffff:127.0.0.1 - - [03/May/2023:01:14:14 +0000] "POST /api/v1/users/invoice/6451b533a4c26797f4263b38 HTTP/1.0" 200 50 "-" "okhttp/4.9.2"
::1 - - [03/May/2023:01:14:14 +0000] "GET /api/v1/wallets/6451b566a4c26797f4263b4f? HTTP/1.0" 200 16274 "-" "okhttp/4.9.2"
::ffff:127.0.0.1 - - [03/May/2023:01:14:14 +0000] "POST /api/v1/users/register HTTP/1.0" 200 465 "-" "okhttp/4.9.2"
::1 - - [03/May/2023:01:14:14 +0000] "GET /api/v1/users/me? HTTP/1.0" 200 191 "-" "okhttp/4.9.2"
::ffff:127.0.0.1 - - [03/May/2023:01:14:31 +0000] "GET /api/v1/users/me? HTTP/1.0" 304 - "-" "okhttp/4.9.2"
::1 - - [03/May/2023:01:14:32 +0000] "GET /api/v1/users/me? HTTP/1.0" 401 283 "-" "okhttp/4.9.2"
::ffff:127.0.0.1 - - [03/May/2023:01:14:37 +0000] "POST /api/v1/users/invoice/6451b566a4c26797f4263b60 HTTP/1.0" 200 50 "-" "okhttp/4.9.2"
::1 - - [03/May/2023:01:14:37 +0000] "GET /api/v1/wallets/6451b57da4c26797f4263b65? HTTP/1.0" 200 16189 "-" "okhttp/4.9.2"
::ffff:127.0.0.1 - - [03/May/2023:01:14:54 +0000] "POST /api/v1/users/register HTTP/1.0" 500 247 "-" "okhttp/4.9.2"
::1 - - [03/May/2023:01:14:59 +0000] "POST /api/v1/users/register HTTP/1.0" 200 463 "-" "okhttp/4.9.2"
::ffff:127.0.0.1 - - [03/May/2023:01:14:59 +0000] "GET /api/v1/users/me? HTTP/1.0" 200 189 "-" "okhttp/4.9.2"
::1 - - [03/May/2023:01:15:06 +0000] "GET /api/v1/users/me? HTTP/1.0" 304 - "-" "okhttp/4.9.2"
::ffff:127.0.0.1 - - [03/May/2023:01:15:10 +0000] "POST /api/v1/users/invoice/6451b592a4c26797f4263b78 HTTP/1.0" 200 50 "-" "okhttp/4.9.2"
::1 - - [03/May/2023:01:15:10 +0000] "GET /api/v1/wallets/6451b59ea4c26797f4263b7d? HTTP/1.0" 200 16046 "-" "okhttp/4.9.2"
::ffff:127.0.0.1 - - [03/May/2023:01:15:15 +0000] "GET /api/v1/users/me? HTTP/1.0" 200 228 "-" "okhttp/4.9.2"
::1 - - [03/May/2023:01:15:17 +0000] "GET /api/v1/users/logout? HTTP/1.0" 200 39 "-" "okhttp/4.9.2"
::ffff:127.0.0.1 - - [03/May/2023:01:15:17 +0000] "GET /api/v1/users/me? HTTP/1.0" 401 283 "-" "okhttp/4.9.2"
::1 - - [03/May/2023:01:15:29 +0000] "POST /api/v1/users/login HTTP/1.0" 200 502 "-" "okhttp/4.9.2"
::ffff:127.0.0.1 - - [03/May/2023:01:15:30 +0000] "GET /api/v1/users/me? HTTP/1.0" 304 - "-" "okhttp/4.9.2"
::1 - - [03/May/2023:01:15:30 +0000] "GET /api/v1/articles/642d55bf7c1330814fb76345? HTTP/1.0" 200 17984 "-" "okhttp/4.9.2"
::ffff:127.0.0.1 - - [03/May/2023:01:15:37 +0000] "GET /api/v1/users/me? HTTP/1.0" 304 - "-" "okhttp/4.9.2"
::1 - - [03/May/2023:01:17:55 +0000] "GET /api/v1/users/me? HTTP/1.0" 401 283 "-" "okhttp/4.9.2"
::ffff:127.0.0.1 - - [03/May/2023:01:18:38 +0000] "GET /api/v1/users/me? HTTP/1.0" 401 283 "-" "Sedu/1 CFNetwork/1404.0.5 Darwin/22.3.0"
::1 - - [03/May/2023:01:18:39 +0000] "GET /api/v1/users/me? HTTP/1.0" 401 283 "-" "okhttp/4.9.2"
::ffff:127.0.0.1 - - [03/May/2023:01:18:39 +0000] "GET /api/v1/users/me? HTTP/1.0" 304 - "-" "okhttp/4.9.2"
::1 - - [03/May/2023:01:18:39 +0000] "GET /api/v1/ads? HTTP/1.0" 304 - "-" "okhttp/4.9.2"
::1 - - [03/May/2023:01:18:39 +0000] "GET /api/v1/articles/642d55bf7c1330814fb76345? HTTP/1.0" 304 - "-" "okhttp/4.9.2"
::ffff:127.0.0.1 - - [03/May/2023:01:18:39 +0000] "GET /api/v1/articles? HTTP/1.0" 304 - "-" "okhttp/4.9.2"
::1 - - [03/May/2023:01:18:50 +0000] "POST /api/v1/users/register HTTP/1.0" 200 464 "-" "Sedu/1 CFNetwork/1404.0.5 Darwin/22.3.0"
::ffff:127.0.0.1 - - [03/May/2023:01:18:50 +0000] "GET /api/v1/users/me? HTTP/1.0" 200 190 "-" "Sedu/1 CFNetwork/1404.0.5 Darwin/22.3.0"
::1 - - [03/May/2023:01:18:58 +0000] "POST /api/v1/users/register HTTP/1.0" 200 462 "-" "okhttp/4.9.2"
::ffff:127.0.0.1 - - [03/May/2023:01:18:58 +0000] "GET /api/v1/users/me? HTTP/1.0" 200 188 "-" "okhttp/4.9.2"
::1 - - [03/May/2023:01:18:59 +0000] "GET /api/v1/users/logout? HTTP/1.0" 200 39 "-" "Sedu/1 CFNetwork/1404.0.5 Darwin/22.3.0"
::ffff:127.0.0.1 - - [03/May/2023:01:19:00 +0000] "GET /api/v1/users/me? HTTP/1.0" 401 283 "-" "Sedu/1 CFNetwork/1404.0.5 Darwin/22.3.0"
::1 - - [03/May/2023:01:19:10 +0000] "GET /api/v1/users/me? HTTP/1.0" 304 - "-" "okhttp/4.9.2"
::ffff:127.0.0.1 - - [03/May/2023:01:19:14 +0000] "GET /api/v1/users/logout? HTTP/1.0" 200 39 "-" "okhttp/4.9.2"
::1 - - [03/May/2023:01:19:14 +0000] "GET /api/v1/users/me? HTTP/1.0" 401 283 "-" "okhttp/4.9.2"
::ffff:127.0.0.1 - - [03/May/2023:01:20:01 +0000] "GET /api/v1/users/me? HTTP/1.0" 401 283 "-" "Sedu/1 CFNetwork/1390 Darwin/22.0.0"
::1 - - [03/May/2023:01:20:13 +0000] "POST /api/v1/users/register HTTP/1.0" 200 461 "-" "Sedu/1 CFNetwork/1390 Darwin/22.0.0"
::ffff:127.0.0.1 - - [03/May/2023:01:20:13 +0000] "GET /api/v1/users/me? HTTP/1.0" 200 187 "-" "Sedu/1 CFNetwork/1390 Darwin/22.0.0"
::1 - - [03/May/2023:01:20:23 +0000] "GET /api/v1/users/me? HTTP/1.0" 304 - "-" "Sedu/1 CFNetwork/1390 Darwin/22.0.0"
::ffff:127.0.0.1 - - [03/May/2023:01:20:35 +0000] "POST /api/v1/users/invoice/6451b6cda4c26797f4263ba0 HTTP/1.0" 200 50 "-" "Sedu/1 CFNetwork/1390 Darwin/22.0.0"
::1 - - [03/May/2023:01:20:35 +0000] "GET /api/v1/wallets/6451b6e3a4c26797f4263ba5? HTTP/1.0" 200 16133 "-" "Sedu/1 CFNetwork/1390 Darwin/22.0.0"
::ffff:127.0.0.1 - - [03/May/2023:01:20:40 +0000] "GET /api/v1/users/me? HTTP/1.0" 200 226 "-" "Sedu/1 CFNetwork/1390 Darwin/22.0.0"
::1 - - [03/May/2023:01:20:42 +0000] "GET /api/v1/users/logout? HTTP/1.0" 200 39 "-" "Sedu/1 CFNetwork/1390 Darwin/22.0.0"
::ffff:127.0.0.1 - - [03/May/2023:01:20:42 +0000] "GET /api/v1/users/me? HTTP/1.0" 401 283 "-" "Sedu/1 CFNetwork/1390 Darwin/22.0.0"
::1 - - [03/May/2023:01:21:07 +0000] "GET /api/v1/users/me? HTTP/1.0" 401 283 "-" "Sedu/1 CFNetwork/1404.0.5 Darwin/22.3.0"
::1 - - [03/May/2023:01:21:15 +0000] "GET /api/v1/users/me? HTTP/1.0" 304 - "-" "Sedu/1 CFNetwork/1406.0.4 Darwin/22.4.0"
::ffff:127.0.0.1 - - [03/May/2023:01:21:15 +0000] "GET /api/v1/users/me? HTTP/1.0" 304 - "-" "Sedu/1 CFNetwork/1406.0.4 Darwin/22.4.0"
::1 - - [03/May/2023:01:21:15 +0000] "GET /api/v1/ads? HTTP/1.0" 304 - "-" "Sedu/1 CFNetwork/1406.0.4 Darwin/22.4.0"
::ffff:127.0.0.1 - - [03/May/2023:01:21:15 +0000] "GET /api/v1/articles? HTTP/1.0" 304 - "-" "Sedu/1 CFNetwork/1406.0.4 Darwin/22.4.0"
::ffff:127.0.0.1 - - [03/May/2023:01:21:32 +0000] "POST /api/v1/users/register HTTP/1.0" 200 461 "-" "Sedu/1 CFNetwork/1404.0.5 Darwin/22.3.0"
::1 - - [03/May/2023:01:21:32 +0000] "GET /api/v1/users/me? HTTP/1.0" 200 187 "-" "Sedu/1 CFNetwork/1404.0.5 Darwin/22.3.0"
::ffff:127.0.0.1 - - [03/May/2023:01:21:47 +0000] "GET /api/v1/users/me? HTTP/1.0" 304 - "-" "Sedu/1 CFNetwork/1404.0.5 Darwin/22.3.0"
::1 - - [03/May/2023:01:21:55 +0000] "GET /api/v1/users/me? HTTP/1.0" 401 283 "-" "okhttp/4.9.2"
::ffff:127.0.0.1 - - [03/May/2023:01:23:21 +0000] "GET /api/v1/users/me? HTTP/1.0" 304 - "-" "okhttp/4.9.2"
::ffff:127.0.0.1 - - [03/May/2023:01:23:21 +0000] "GET /api/v1/articles/642d55bf7c1330814fb76345? HTTP/1.0" 304 - "-" "okhttp/4.9.2"
::1 - - [03/May/2023:01:23:21 +0000] "GET /api/v1/ads? HTTP/1.0" 304 - "-" "okhttp/4.9.2"
::ffff:127.0.0.1 - - [03/May/2023:01:23:21 +0000] "GET /api/v1/articles? HTTP/1.0" 304 - "-" "okhttp/4.9.2"
::1 - - [03/May/2023:01:23:21 +0000] "GET /api/v1/users/me? HTTP/1.0" 401 283 "-" "okhttp/4.9.2"
::ffff:127.0.0.1 - - [03/May/2023:01:23:30 +0000] "GET /api/v1/users/me? HTTP/1.0" 401 283 "-" "okhttp/4.9.2"
::1 - - [03/May/2023:01:23:32 +0000] "GET /api/v1/users/me? HTTP/1.0" 401 283 "-" "okhttp/4.9.2"
::ffff:127.0.0.1 - - [03/May/2023:01:23:49 +0000] "POST /api/v1/users/register HTTP/1.0" 200 467 "-" "okhttp/4.9.2"
::1 - - [03/May/2023:01:23:49 +0000] "GET /api/v1/users/me? HTTP/1.0" 200 193 "-" "okhttp/4.9.2"
::ffff:127.0.0.1 - - [03/May/2023:01:23:56 +0000] "GET /api/v1/users/logout? HTTP/1.0" 200 39 "-" "okhttp/4.9.2"
::1 - - [03/May/2023:01:23:56 +0000] "GET /api/v1/users/me? HTTP/1.0" 401 283 "-" "okhttp/4.9.2"
::ffff:127.0.0.1 - - [03/May/2023:01:24:51 +0000] "GET /api/v1/users/me? HTTP/1.0" 200 235 "-" "okhttp/4.9.2"
::1 - - [03/May/2023:01:24:54 +0000] "GET /api/v1/users/me? HTTP/1.0" 401 283 "-" "okhttp/4.9.2"
::ffff:127.0.0.1 - - [03/May/2023:01:25:31 +0000] "POST /api/v1/users/register HTTP/1.0" 200 462 "-" "okhttp/4.9.2"
::1 - - [03/May/2023:01:25:31 +0000] "GET /api/v1/users/me? HTTP/1.0" 200 188 "-" "okhttp/4.9.2"
::ffff:127.0.0.1 - - [03/May/2023:01:25:45 +0000] "GET /api/v1/users/me? HTTP/1.0" 304 - "-" "okhttp/4.9.2"
::1 - - [03/May/2023:01:25:56 +0000] "POST /api/v1/users/invoice/6451b80ba4c26797f4263bcb HTTP/1.0" 200 50 "-" "okhttp/4.9.2"
::ffff:127.0.0.1 - - [03/May/2023:01:25:56 +0000] "GET /api/v1/wallets/6451b824a4c26797f4263bd0? HTTP/1.0" 200 16202 "-" "okhttp/4.9.2"
::1 - - [03/May/2023:01:26:17 +0000] "GET /api/v1/users/logout? HTTP/1.0" 200 39 "-" "okhttp/4.9.2"
::ffff:127.0.0.1 - - [03/May/2023:01:26:18 +0000] "GET /api/v1/users/me? HTTP/1.0" 401 283 "-" "okhttp/4.9.2"
::1 - - [03/May/2023:01:28:27 +0000] "GET /api/v1/users/me? HTTP/1.0" 401 283 "-" "okhttp/4.9.2"
::ffff:127.0.0.1 - - [03/May/2023:01:29:39 +0000] "GET /api/v1/users/me? HTTP/1.0" 401 283 "-" "Sedu/1 CFNetwork/1406.0.4 Darwin/22.4.0"
::1 - - [03/May/2023:01:30:01 +0000] "GET /api/v1/users/me? HTTP/1.0" 401 283 "-" "Sedu/1 CFNetwork/1406.0.4 Darwin/22.4.0"
::ffff:127.0.0.1 - - [03/May/2023:01:30:23 +0000] "GET /api/v1/users/me? HTTP/1.0" 401 283 "-" "okhttp/4.9.2"
::1 - - [03/May/2023:01:30:52 +0000] "GET /api/v1/users/me? HTTP/1.0" 200 234 "-" "okhttp/4.9.2"
::ffff:127.0.0.1 - - [03/May/2023:01:30:54 +0000] "GET /api/v1/users/logout? HTTP/1.0" 200 39 "-" "okhttp/4.9.2"
::1 - - [03/May/2023:01:30:54 +0000] "GET /api/v1/users/me? HTTP/1.0" 401 283 "-" "okhttp/4.9.2"
::ffff:127.0.0.1 - - [03/May/2023:01:31:00 +0000] "GET /api/v1/users/me? HTTP/1.0" 401 283 "-" "okhttp/4.9.2"
::1 - - [03/May/2023:01:31:08 +0000] "POST /api/v1/users/register HTTP/1.0" 200 461 "-" "okhttp/4.9.2"
::1 - - [03/May/2023:01:31:08 +0000] "GET /api/v1/users/me? HTTP/1.0" 200 187 "-" "okhttp/4.9.2"
::ffff:127.0.0.1 - - [03/May/2023:01:31:08 +0000] "POST /api/v1/users/login HTTP/1.0" 200 508 "-" "okhttp/4.9.2"
::ffff:127.0.0.1 - - [03/May/2023:01:31:08 +0000] "GET /api/v1/users/me? HTTP/1.0" 304 - "-" "okhttp/4.9.2"
::1 - - [03/May/2023:01:31:10 +0000] "GET /api/v1/users/logout? HTTP/1.0" 304 - "-" "okhttp/4.9.2"
::ffff:127.0.0.1 - - [03/May/2023:01:31:11 +0000] "GET /api/v1/users/me? HTTP/1.0" 401 283 "-" "okhttp/4.9.2"
::1 - - [03/May/2023:01:31:24 +0000] "GET /api/v1/users/me? HTTP/1.0" 401 283 "-" "Sedu/1 CFNetwork/1404.0.5 Darwin/22.3.0"
::ffff:127.0.0.1 - - [03/May/2023:01:31:30 +0000] "GET /api/v1/users/logout? HTTP/1.0" 200 39 "-" "okhttp/4.9.2"
::1 - - [03/May/2023:01:31:30 +0000] "GET /api/v1/users/me? HTTP/1.0" 401 283 "-" "okhttp/4.9.2"
::ffff:127.0.0.1 - - [03/May/2023:01:31:47 +0000] "POST /api/v1/users/register HTTP/1.0" 200 467 "-" "Sedu/1 CFNetwork/1404.0.5 Darwin/22.3.0"
::1 - - [03/May/2023:01:31:47 +0000] "GET /api/v1/users/me? HTTP/1.0" 200 193 "-" "Sedu/1 CFNetwork/1404.0.5 Darwin/22.3.0"
::ffff:127.0.0.1 - - [03/May/2023:01:31:59 +0000] "GET /api/v1/users/logout? HTTP/1.0" 200 39 "-" "Sedu/1 CFNetwork/1404.0.5 Darwin/22.3.0"
::1 - - [03/May/2023:01:32:00 +0000] "GET /api/v1/users/me? HTTP/1.0" 401 283 "-" "Sedu/1 CFNetwork/1404.0.5 Darwin/22.3.0"
::ffff:127.0.0.1 - - [03/May/2023:01:32:59 +0000] "GET /api/v1/users/me? HTTP/1.0" 401 283 "-" "okhttp/4.9.2"
::1 - - [03/May/2023:01:33:26 +0000] "GET /api/v1/users/me? HTTP/1.0" 401 283 "-" "Sedu/1 CFNetwork/1399 Darwin/22.1.0"
::ffff:127.0.0.1 - - [03/May/2023:01:33:41 +0000] "POST /api/v1/users/register HTTP/1.0" 200 465 "-" "Sedu/1 CFNetwork/1399 Darwin/22.1.0"
::1 - - [03/May/2023:01:33:42 +0000] "GET /api/v1/users/me? HTTP/1.0" 200 191 "-" "Sedu/1 CFNetwork/1399 Darwin/22.1.0"
::ffff:127.0.0.1 - - [03/May/2023:01:33:47 +0000] "GET /api/v1/articles/642d581c7c1330814fb76387? HTTP/1.0" 304 - "-" "okhttp/4.9.2"
::1 - - [03/May/2023:01:33:47 +0000] "GET /api/v1/users/me? HTTP/1.0" 304 - "-" "okhttp/4.9.2"
::1 - - [03/May/2023:01:33:47 +0000] "GET /api/v1/ads? HTTP/1.0" 304 - "-" "okhttp/4.9.2"
::ffff:127.0.0.1 - - [03/May/2023:01:33:47 +0000] "GET /api/v1/articles? HTTP/1.0" 304 - "-" "okhttp/4.9.2"
::ffff:127.0.0.1 - - [03/May/2023:01:33:48 +0000] "GET /api/v1/users/me? HTTP/1.0" 304 - "-" "Sedu/1 CFNetwork/1399 Darwin/22.1.0"
::1 - - [03/May/2023:01:33:54 +0000] "GET /api/v1/users/logout? HTTP/1.0" 200 39 "-" "Sedu/1 CFNetwork/1399 Darwin/22.1.0"
::ffff:127.0.0.1 - - [03/May/2023:01:33:54 +0000] "GET /api/v1/users/me? HTTP/1.0" 401 283 "-" "Sedu/1 CFNetwork/1399 Darwin/22.1.0"
::1 - - [03/May/2023:01:34:04 +0000] "POST /api/v1/users/login HTTP/1.0" 200 465 "-" "Sedu/1 CFNetwork/1399 Darwin/22.1.0"
::ffff:127.0.0.1 - - [03/May/2023:01:34:04 +0000] "GET /api/v1/users/me? HTTP/1.0" 304 - "-" "Sedu/1 CFNetwork/1399 Darwin/22.1.0"
::1 - - [03/May/2023:01:34:52 +0000] "GET /api/v1/users/me? HTTP/1.0" 401 283 "-" "okhttp/4.9.2"
::ffff:127.0.0.1 - - [03/May/2023:01:35:28 +0000] "POST /api/v1/users/register HTTP/1.0" 200 464 "-" "okhttp/4.9.2"
::1 - - [03/May/2023:01:35:28 +0000] "GET /api/v1/users/me? HTTP/1.0" 200 190 "-" "okhttp/4.9.2"
::ffff:127.0.0.1 - - [03/May/2023:01:35:38 +0000] "GET /api/v1/users/me? HTTP/1.0" 304 - "-" "okhttp/4.9.2"
::1 - - [03/May/2023:01:35:45 +0000] "GET /api/v1/users/logout? HTTP/1.0" 200 39 "-" "okhttp/4.9.2"
::ffff:127.0.0.1 - - [03/May/2023:01:35:46 +0000] "GET /api/v1/users/me? HTTP/1.0" 401 283 "-" "okhttp/4.9.2"
::1 - - [03/May/2023:01:36:01 +0000] "GET /api/v1/articles/642d59727c1330814fb76396? HTTP/1.0" 200 10552 "-" "okhttp/4.9.2"
::ffff:127.0.0.1 - - [03/May/2023:01:36:17 +0000] "GET /api/v1/users/me? HTTP/1.0" 304 - "-" "okhttp/4.9.2"
::1 - - [03/May/2023:01:36:17 +0000] "GET /api/v1/articles? HTTP/1.0" 304 - "-" "okhttp/4.9.2"
::ffff:127.0.0.1 - - [03/May/2023:01:36:17 +0000] "GET /api/v1/ads? HTTP/1.0" 304 - "-" "okhttp/4.9.2"
::1 - - [03/May/2023:01:36:27 +0000] "GET /api/v1/articles/642d4c587c1330814fb76297? HTTP/1.0" 200 22271 "-" "okhttp/4.9.2"
::ffff:127.0.0.1 - - [03/May/2023:01:36:56 +0000] "GET /api/v1/users/me? HTTP/1.0" 401 283 "-" "Sedu/1 CFNetwork/1404.0.5 Darwin/22.3.0"
::1 - - [03/May/2023:01:36:59 +0000] "GET /api/v1/users/me? HTTP/1.0" 401 283 "-" "okhttp/4.9.2"
::ffff:127.0.0.1 - - [03/May/2023:01:37:19 +0000] "GET /api/v1/users/me? HTTP/1.0" 200 231 "-" "Sedu/1 CFNetwork/1406.0.4 Darwin/22.4.0"
::1 - - [03/May/2023:01:37:27 +0000] "GET /api/v1/users/me? HTTP/1.0" 304 - "-" "Sedu/1 CFNetwork/1406.0.4 Darwin/22.4.0"
::ffff:127.0.0.1 - - [03/May/2023:01:37:32 +0000] "GET /api/v1/users/me? HTTP/1.0" 304 - "-" "okhttp/4.9.2"
::1 - - [03/May/2023:01:37:41 +0000] "GET /api/v1/users/me? HTTP/1.0" 304 - "-" "okhttp/4.9.2"
::ffff:127.0.0.1 - - [03/May/2023:01:37:41 +0000] "GET /api/v1/ads? HTTP/1.0" 304 - "-" "okhttp/4.9.2"
::1 - - [03/May/2023:01:37:41 +0000] "GET /api/v1/articles? HTTP/1.0" 304 - "-" "okhttp/4.9.2"
::ffff:127.0.0.1 - - [03/May/2023:01:37:44 +0000] "GET /api/v1/articles? HTTP/1.0" 304 - "-" "okhttp/4.9.2"
::1 - - [03/May/2023:01:37:44 +0000] "GET /api/v1/ads? HTTP/1.0" 304 - "-" "okhttp/4.9.2"
::ffff:127.0.0.1 - - [03/May/2023:01:38:22 +0000] "POST /api/v1/users/register HTTP/1.0" 200 463 "-" "Sedu/1 CFNetwork/1404.0.5 Darwin/22.3.0"
::1 - - [03/May/2023:01:38:22 +0000] "GET /api/v1/users/me? HTTP/1.0" 200 189 "-" "Sedu/1 CFNetwork/1404.0.5 Darwin/22.3.0"
::ffff:127.0.0.1 - - [03/May/2023:01:38:36 +0000] "GET /api/v1/users/me? HTTP/1.0" 304 - "-" "Sedu/1 CFNetwork/1404.0.5 Darwin/22.3.0"
::1 - - [03/May/2023:01:38:50 +0000] "POST /api/v1/users/invoice/6451bb0ea4c26797f4263c0d HTTP/1.0" 200 50 "-" "Sedu/1 CFNetwork/1404.0.5 Darwin/22.3.0"
::ffff:127.0.0.1 - - [03/May/2023:01:38:51 +0000] "GET /api/v1/wallets/6451bb2aa4c26797f4263c12? HTTP/1.0" 200 16151 "-" "Sedu/1 CFNetwork/1404.0.5 Darwin/22.3.0"
::ffff:127.0.0.1 - - [03/May/2023:01:38:53 +0000] "GET /api/v1/users/me? HTTP/1.0" 304 - "-" "okhttp/4.9.2"
::1 - - [03/May/2023:01:38:53 +0000] "GET /api/v1/ads? HTTP/1.0" 304 - "-" "okhttp/4.9.2"
::1 - - [03/May/2023:01:38:53 +0000] "GET /api/v1/articles/642d4c587c1330814fb76297? HTTP/1.0" 304 - "-" "okhttp/4.9.2"
::ffff:127.0.0.1 - - [03/May/2023:01:38:53 +0000] "GET /api/v1/articles? HTTP/1.0" 304 - "-" "okhttp/4.9.2"
::1 - - [03/May/2023:01:39:04 +0000] "GET /api/v1/users/me? HTTP/1.0" 401 283 "-" "Sedu/1 CFNetwork/1404.0.5 Darwin/22.3.0"
::ffff:127.0.0.1 - - [03/May/2023:01:39:16 +0000] "POST /api/v1/users/invoice/6451bb0ea4c26797f4263c0d HTTP/1.0" 200 50 "-" "Sedu/1 CFNetwork/1404.0.5 Darwin/22.3.0"
::1 - - [03/May/2023:01:39:18 +0000] "POST /api/v1/users/register HTTP/1.0" 200 460 "-" "Sedu/1 CFNetwork/1404.0.5 Darwin/22.3.0"
::ffff:127.0.0.1 - - [03/May/2023:01:39:18 +0000] "GET /api/v1/users/me? HTTP/1.0" 200 186 "-" "Sedu/1 CFNetwork/1404.0.5 Darwin/22.3.0"
::1 - - [03/May/2023:01:39:21 +0000] "GET /api/v1/users/me? HTTP/1.0" 304 - "-" "Sedu/1 CFNetwork/1404.0.5 Darwin/22.3.0"
::ffff:127.0.0.1 - - [03/May/2023:01:39:28 +0000] "POST /api/v1/users/invoice/6451bb46a4c26797f4263c3a HTTP/1.0" 200 50 "-" "Sedu/1 CFNetwork/1404.0.5 Darwin/22.3.0"
::1 - - [03/May/2023:01:39:28 +0000] "GET /api/v1/wallets/6451bb4fa4c26797f4263c3f? HTTP/1.0" 200 16200 "-" "Sedu/1 CFNetwork/1404.0.5 Darwin/22.3.0"
::ffff:127.0.0.1 - - [03/May/2023:01:39:28 +0000] "GET /api/v1/articles/642d56517c1330814fb7635e? HTTP/1.0" 304 - "-" "okhttp/4.9.2"
::1 - - [03/May/2023:01:39:36 +0000] "GET /api/v1/users/me? HTTP/1.0" 401 283 "-" "okhttp/4.9.2"
::ffff:127.0.0.1 - - [03/May/2023:01:39:43 +0000] "GET /api/v1/wallets/6451bb44a4c26797f4263c2a? HTTP/1.0" 200 16135 "-" "Sedu/1 CFNetwork/1404.0.5 Darwin/22.3.0"
::1 - - [03/May/2023:01:39:46 +0000] "GET /api/v1/users/me? HTTP/1.0" 200 228 "-" "Sedu/1 CFNetwork/1404.0.5 Darwin/22.3.0"
::ffff:127.0.0.1 - - [03/May/2023:01:39:50 +0000] "GET /api/v1/users/logout? HTTP/1.0" 200 39 "-" "Sedu/1 CFNetwork/1404.0.5 Darwin/22.3.0"
::1 - - [03/May/2023:01:39:50 +0000] "GET /api/v1/users/me? HTTP/1.0" 401 283 "-" "Sedu/1 CFNetwork/1404.0.5 Darwin/22.3.0"
::ffff:127.0.0.1 - - [03/May/2023:01:39:57 +0000] "GET /api/v1/users/callbacks/6451bb46a4c26797f4263c3a/20000?qpay_payment_id=877515830170755 HTTP/1.0" 200 225 "-" "node-fetch/1.0 (+https://github.com/bitinn/node-fetch)"
::ffff:127.0.0.1 - - [03/May/2023:01:40:02 +0000] "GET /api/v1/users/me? HTTP/1.0" 200 225 "-" "Sedu/1 CFNetwork/1404.0.5 Darwin/22.3.0"
::1 - - [03/May/2023:01:40:02 +0000] "GET /api/v1/wallets/6451bb4fa4c26797f4263c3f? HTTP/1.0" 304 - "-" "Sedu/1 CFNetwork/1404.0.5 Darwin/22.3.0"
::1 - - [03/May/2023:01:40:04 +0000] "POST /api/v1/users/login HTTP/1.0" 200 502 "-" "Sedu/1 CFNetwork/1404.0.5 Darwin/22.3.0"
::1 - - [03/May/2023:01:40:05 +0000] "GET /api/v1/users/me? HTTP/1.0" 304 - "-" "Sedu/1 CFNetwork/1404.0.5 Darwin/22.3.0"
::ffff:127.0.0.1 - - [03/May/2023:01:40:05 +0000] "POST /api/v1/users/invoice/6451bb46a4c26797f4263c3a HTTP/1.0" 200 50 "-" "Sedu/1 CFNetwork/1404.0.5 Darwin/22.3.0"
::ffff:127.0.0.1 - - [03/May/2023:01:40:06 +0000] "GET /api/v1/wallets/6451bb75a4c26797f4263c5a? HTTP/1.0" 200 15964 "-" "Sedu/1 CFNetwork/1404.0.5 Darwin/22.3.0"
::1 - - [03/May/2023:01:40:11 +0000] "GET /api/v1/users/me? HTTP/1.0" 304 - "-" "okhttp/4.9.2"
::ffff:127.0.0.1 - - [03/May/2023:01:40:11 +0000] "GET /api/v1/articles/642d59727c1330814fb76396? HTTP/1.0" 304 - "-" "okhttp/4.9.2"
::1 - - [03/May/2023:01:40:11 +0000] "GET /api/v1/ads? HTTP/1.0" 304 - "-" "okhttp/4.9.2"
::ffff:127.0.0.1 - - [03/May/2023:01:40:11 +0000] "GET /api/v1/articles? HTTP/1.0" 304 - "-" "okhttp/4.9.2"
::1 - - [03/May/2023:01:40:11 +0000] "GET /api/v1/users/me? HTTP/1.0" 304 - "-" "Sedu/1 CFNetwork/1404.0.5 Darwin/22.3.0"
::ffff:127.0.0.1 - - [03/May/2023:01:40:14 +0000] "GET /api/v1/users/me? HTTP/1.0" 200 225 "-" "Sedu/1 CFNetwork/1404.0.5 Darwin/22.3.0"
::ffff:127.0.0.1 - - [03/May/2023:01:40:14 +0000] "GET /api/v1/ads? HTTP/1.0" 200 633 "-" "Sedu/1 CFNetwork/1404.0.5 Darwin/22.3.0"
::1 - - [03/May/2023:01:40:14 +0000] "GET /api/v1/articles? HTTP/1.0" 200 303951 "-" "Sedu/1 CFNetwork/1404.0.5 Darwin/22.3.0"
::1 - - [03/May/2023:01:40:21 +0000] "POST /api/v1/users/register HTTP/1.0" 200 465 "-" "okhttp/4.9.2"
::ffff:127.0.0.1 - - [03/May/2023:01:40:21 +0000] "GET /api/v1/users/me? HTTP/1.0" 200 191 "-" "okhttp/4.9.2"
::ffff:127.0.0.1 - - [03/May/2023:01:40:22 +0000] "POST /api/v1/users/register HTTP/1.0" 500 251 "-" "okhttp/4.9.2"
::1 - - [03/May/2023:01:40:25 +0000] "GET /api/v1/users/me? HTTP/1.0" 200 228 "-" "Sedu/1 CFNetwork/1240.0.4 Darwin/20.6.0"
::ffff:127.0.0.1 - - [03/May/2023:01:40:35 +0000] "GET /api/v1/users/me? HTTP/1.0" 304 - "-" "Sedu/1 CFNetwork/1240.0.4 Darwin/20.6.0"
::1 - - [03/May/2023:01:40:36 +0000] "GET /api/v1/articles/642e2e6d7c1330814fb7646b? HTTP/1.0" 200 1647 "-" "Sedu/1 CFNetwork/1404.0.5 Darwin/22.3.0"
::ffff:127.0.0.1 - - [03/May/2023:01:40:47 +0000] "GET /api/v1/users/logout? HTTP/1.0" 200 39 "-" "okhttp/4.9.2"
::1 - - [03/May/2023:01:40:47 +0000] "GET /api/v1/users/me? HTTP/1.0" 401 283 "-" "okhttp/4.9.2"
::ffff:127.0.0.1 - - [03/May/2023:01:41:44 +0000] "POST /api/v1/users/invoice/6451bb0ea4c26797f4263c0d HTTP/1.0" 200 50 "-" "Sedu/1 CFNetwork/1404.0.5 Darwin/22.3.0"
::1 - - [03/May/2023:01:41:45 +0000] "GET /api/v1/wallets/6451bbd8a4c26797f4263c80? HTTP/1.0" 200 15991 "-" "Sedu/1 CFNetwork/1404.0.5 Darwin/22.3.0"
::ffff:127.0.0.1 - - [03/May/2023:01:41:48 +0000] "POST / HTTP/1.0" 404 140 "-" "Mozilla/5.0 (X11; Linux x86_64) AppleWebKit/537.36 (KHTML, like Gecko) Chrome/81.0.4044.129 Safari/537.36"
::1 - - [03/May/2023:01:41:49 +0000] "GET /.env HTTP/1.0" 404 143 "-" "Mozilla/5.0 (X11; Linux x86_64) AppleWebKit/537.36 (KHTML, like Gecko) Chrome/81.0.4044.129 Safari/537.36"
::ffff:127.0.0.1 - - [03/May/2023:01:41:51 +0000] "GET /api/v1/articles/642e53037c1330814fb7651c? HTTP/1.0" 200 8911 "-" "Sedu/1 CFNetwork/1404.0.5 Darwin/22.3.0"
::ffff:127.0.0.1 - - [03/May/2023:01:41:58 +0000] "GET /api/v1/users/me? HTTP/1.0" 200 228 "-" "Sedu/1 CFNetwork/1404.0.5 Darwin/22.3.0"
::1 - - [03/May/2023:01:41:58 +0000] "GET /api/v1/wallets/6451bbd8a4c26797f4263c80? HTTP/1.0" 304 - "-" "Sedu/1 CFNetwork/1404.0.5 Darwin/22.3.0"
::1 - - [03/May/2023:01:42:12 +0000] "GET /api/v1/users/me? HTTP/1.0" 401 283 "-" "okhttp/4.9.2"
::ffff:127.0.0.1 - - [03/May/2023:01:42:25 +0000] "GET /api/v1/users/me? HTTP/1.0" 304 - "-" "okhttp/4.9.2"
::1 - - [03/May/2023:01:42:26 +0000] "GET /api/v1/articles? HTTP/1.0" 304 - "-" "okhttp/4.9.2"
::ffff:127.0.0.1 - - [03/May/2023:01:42:26 +0000] "GET /api/v1/ads? HTTP/1.0" 304 - "-" "okhttp/4.9.2"
::ffff:127.0.0.1 - - [03/May/2023:01:42:28 +0000] "GET /api/v1/users/me? HTTP/1.0" 304 - "-" "Sedu/1 CFNetwork/1404.0.5 Darwin/22.3.0"
::1 - - [03/May/2023:01:42:28 +0000] "GET /api/v1/wallets/6451bbd8a4c26797f4263c80? HTTP/1.0" 304 - "-" "Sedu/1 CFNetwork/1404.0.5 Darwin/22.3.0"
::1 - - [03/May/2023:01:42:30 +0000] "GET /api/v1/articles/642d4ce07c1330814fb762a6? HTTP/1.0" 200 10712 "-" "okhttp/4.9.2"
::ffff:127.0.0.1 - - [03/May/2023:01:42:31 +0000] "GET /api/v1/users/me? HTTP/1.0" 401 283 "-" "okhttp/4.9.2"
::1 - - [03/May/2023:01:42:39 +0000] "GET /api/v1/users/me? HTTP/1.0" 401 283 "-" "okhttp/4.9.2"
::ffff:127.0.0.1 - - [03/May/2023:01:42:42 +0000] "GET /api/v1/users/me? HTTP/1.0" 304 - "-" "Sedu/1 CFNetwork/1404.0.5 Darwin/22.3.0"
::1 - - [03/May/2023:01:42:42 +0000] "GET /api/v1/wallets/6451bbd8a4c26797f4263c80? HTTP/1.0" 304 - "-" "Sedu/1 CFNetwork/1404.0.5 Darwin/22.3.0"
::ffff:127.0.0.1 - - [03/May/2023:01:42:45 +0000] "GET /api/v1/users/me? HTTP/1.0" 304 - "-" "Sedu/1 CFNetwork/1404.0.5 Darwin/22.3.0"
::1 - - [03/May/2023:01:42:48 +0000] "GET /api/v1/users/me? HTTP/1.0" 401 283 "-" "Sedu/1 CFNetwork/1399 Darwin/22.1.0"
::ffff:127.0.0.1 - - [03/May/2023:01:42:58 +0000] "GET /api/v1/users/me? HTTP/1.0" 401 283 "-" "okhttp/4.9.2"
::1 - - [03/May/2023:01:43:18 +0000] "POST /api/v1/users/register HTTP/1.0" 500 248 "-" "okhttp/4.9.2"
::ffff:127.0.0.1 - - [03/May/2023:01:43:19 +0000] "GET /api/v1/users/me? HTTP/1.0" 401 283 "-" "Sedu/1 CFNetwork/1406.0.4 Darwin/22.4.0"
::1 - - [03/May/2023:01:43:23 +0000] "POST /api/v1/users/register HTTP/1.0" 200 460 "-" "Sedu/1 CFNetwork/1399 Darwin/22.1.0"
::ffff:127.0.0.1 - - [03/May/2023:01:43:25 +0000] "POST /api/v1/users/register HTTP/1.0" 500 246 "-" "Sedu/1 CFNetwork/1399 Darwin/22.1.0"
::1 - - [03/May/2023:01:43:26 +0000] "GET /api/v1/users/me? HTTP/1.0" 200 186 "-" "Sedu/1 CFNetwork/1399 Darwin/22.1.0"
::ffff:127.0.0.1 - - [03/May/2023:01:43:26 +0000] "POST /api/v1/users/register HTTP/1.0" 500 246 "-" "Sedu/1 CFNetwork/1399 Darwin/22.1.0"
::1 - - [03/May/2023:01:43:27 +0000] "POST /api/v1/users/register HTTP/1.0" 500 246 "-" "Sedu/1 CFNetwork/1399 Darwin/22.1.0"
::ffff:127.0.0.1 - - [03/May/2023:01:43:27 +0000] "POST /api/v1/users/register HTTP/1.0" 500 246 "-" "Sedu/1 CFNetwork/1399 Darwin/22.1.0"
::1 - - [03/May/2023:01:43:27 +0000] "POST /api/v1/users/register HTTP/1.0" 500 246 "-" "Sedu/1 CFNetwork/1399 Darwin/22.1.0"
::ffff:127.0.0.1 - - [03/May/2023:01:43:28 +0000] "POST /api/v1/users/register HTTP/1.0" 500 246 "-" "Sedu/1 CFNetwork/1399 Darwin/22.1.0"
::1 - - [03/May/2023:01:43:29 +0000] "POST /api/v1/users/register HTTP/1.0" 200 462 "-" "Sedu/1 CFNetwork/1406.0.4 Darwin/22.4.0"
::ffff:127.0.0.1 - - [03/May/2023:01:43:30 +0000] "GET /api/v1/users/me? HTTP/1.0" 200 188 "-" "Sedu/1 CFNetwork/1406.0.4 Darwin/22.4.0"
::1 - - [03/May/2023:01:43:36 +0000] "POST /api/v1/users/login HTTP/1.0" 401 123 "-" "okhttp/4.9.2"
::ffff:127.0.0.1 - - [03/May/2023:01:43:36 +0000] "GET /api/v1/users/logout? HTTP/1.0" 200 39 "-" "Sedu/1 CFNetwork/1406.0.4 Darwin/22.4.0"
::1 - - [03/May/2023:01:43:37 +0000] "GET /api/v1/users/me? HTTP/1.0" 401 283 "-" "Sedu/1 CFNetwork/1406.0.4 Darwin/22.4.0"
::ffff:127.0.0.1 - - [03/May/2023:01:43:39 +0000] "GET /api/v1/users/logout? HTTP/1.0" 200 39 "-" "Sedu/1 CFNetwork/1399 Darwin/22.1.0"
::1 - - [03/May/2023:01:43:40 +0000] "GET /api/v1/users/me? HTTP/1.0" 401 283 "-" "Sedu/1 CFNetwork/1399 Darwin/22.1.0"
::ffff:127.0.0.1 - - [03/May/2023:01:43:57 +0000] "POST /api/v1/users/register HTTP/1.0" 500 249 "-" "okhttp/4.9.2"
::1 - - [03/May/2023:01:44:00 +0000] "GET /api/v1/articles/642d5b327c1330814fb763a4? HTTP/1.0" 200 9645 "-" "okhttp/4.9.2"
::ffff:127.0.0.1 - - [03/May/2023:01:44:06 +0000] "POST /api/v1/users/login HTTP/1.0" 200 460 "-" "Sedu/1 CFNetwork/1399 Darwin/22.1.0"
::1 - - [03/May/2023:01:44:06 +0000] "POST /api/v1/users/login HTTP/1.0" 200 460 "-" "Sedu/1 CFNetwork/1399 Darwin/22.1.0"
::ffff:127.0.0.1 - - [03/May/2023:01:44:07 +0000] "POST /api/v1/users/login HTTP/1.0" 200 460 "-" "Sedu/1 CFNetwork/1399 Darwin/22.1.0"
::1 - - [03/May/2023:01:44:08 +0000] "POST /api/v1/users/login HTTP/1.0" 200 460 "-" "Sedu/1 CFNetwork/1399 Darwin/22.1.0"
::ffff:127.0.0.1 - - [03/May/2023:01:44:08 +0000] "POST /api/v1/users/register HTTP/1.0" 200 475 "-" "okhttp/4.9.2"
::1 - - [03/May/2023:01:44:09 +0000] "GET /api/v1/users/me? HTTP/1.0" 200 201 "-" "okhttp/4.9.2"
::ffff:127.0.0.1 - - [03/May/2023:01:44:09 +0000] "POST /api/v1/users/login HTTP/1.0" 200 460 "-" "Sedu/1 CFNetwork/1399 Darwin/22.1.0"
::1 - - [03/May/2023:01:44:10 +0000] "POST /api/v1/users/login HTTP/1.0" 200 460 "-" "Sedu/1 CFNetwork/1399 Darwin/22.1.0"
::ffff:127.0.0.1 - - [03/May/2023:01:44:10 +0000] "GET /api/v1/users/me? HTTP/1.0" 304 - "-" "Sedu/1 CFNetwork/1399 Darwin/22.1.0"
::1 - - [03/May/2023:01:44:10 +0000] "POST /api/v1/users/login HTTP/1.0" 200 460 "-" "Sedu/1 CFNetwork/1399 Darwin/22.1.0"
::ffff:127.0.0.1 - - [03/May/2023:01:44:11 +0000] "POST /api/v1/users/login HTTP/1.0" 200 460 "-" "Sedu/1 CFNetwork/1399 Darwin/22.1.0"
::1 - - [03/May/2023:01:44:11 +0000] "GET /api/v1/users/me? HTTP/1.0" 304 - "-" "Sedu/1 CFNetwork/1399 Darwin/22.1.0"
::ffff:127.0.0.1 - - [03/May/2023:01:44:12 +0000] "POST /api/v1/users/login HTTP/1.0" 200 460 "-" "Sedu/1 CFNetwork/1399 Darwin/22.1.0"
::1 - - [03/May/2023:01:44:12 +0000] "GET /api/v1/users/me? HTTP/1.0" 304 - "-" "Sedu/1 CFNetwork/1399 Darwin/22.1.0"
::ffff:127.0.0.1 - - [03/May/2023:01:44:12 +0000] "GET /api/v1/users/me? HTTP/1.0" 304 - "-" "Sedu/1 CFNetwork/1399 Darwin/22.1.0"
::1 - - [03/May/2023:01:44:13 +0000] "POST /api/v1/users/login HTTP/1.0" 200 460 "-" "Sedu/1 CFNetwork/1399 Darwin/22.1.0"
::ffff:127.0.0.1 - - [03/May/2023:01:44:15 +0000] "POST /api/v1/users/login HTTP/1.0" 200 460 "-" "Sedu/1 CFNetwork/1399 Darwin/22.1.0"
::1 - - [03/May/2023:01:44:15 +0000] "POST /api/v1/users/login HTTP/1.0" 200 460 "-" "Sedu/1 CFNetwork/1399 Darwin/22.1.0"
::ffff:127.0.0.1 - - [03/May/2023:01:44:15 +0000] "POST /api/v1/users/login HTTP/1.0" 200 460 "-" "Sedu/1 CFNetwork/1399 Darwin/22.1.0"
::1 - - [03/May/2023:01:44:16 +0000] "POST /api/v1/users/login HTTP/1.0" 200 460 "-" "Sedu/1 CFNetwork/1399 Darwin/22.1.0"
::ffff:127.0.0.1 - - [03/May/2023:01:44:16 +0000] "POST /api/v1/users/login HTTP/1.0" 200 460 "-" "Sedu/1 CFNetwork/1399 Darwin/22.1.0"
::1 - - [03/May/2023:01:44:16 +0000] "POST /api/v1/users/login HTTP/1.0" 200 460 "-" "Sedu/1 CFNetwork/1399 Darwin/22.1.0"
::ffff:127.0.0.1 - - [03/May/2023:01:44:17 +0000] "GET /api/v1/users/me? HTTP/1.0" 304 - "-" "Sedu/1 CFNetwork/1399 Darwin/22.1.0"
::1 - - [03/May/2023:01:44:17 +0000] "POST /api/v1/users/login HTTP/1.0" 200 460 "-" "Sedu/1 CFNetwork/1399 Darwin/22.1.0"
::ffff:127.0.0.1 - - [03/May/2023:01:44:17 +0000] "POST /api/v1/users/login HTTP/1.0" 200 460 "-" "Sedu/1 CFNetwork/1399 Darwin/22.1.0"
::1 - - [03/May/2023:01:44:18 +0000] "POST /api/v1/users/login HTTP/1.0" 200 460 "-" "Sedu/1 CFNetwork/1399 Darwin/22.1.0"
::ffff:127.0.0.1 - - [03/May/2023:01:44:18 +0000] "POST /api/v1/users/login HTTP/1.0" 200 460 "-" "Sedu/1 CFNetwork/1399 Darwin/22.1.0"
::1 - - [03/May/2023:01:44:19 +0000] "POST /api/v1/users/login HTTP/1.0" 200 460 "-" "Sedu/1 CFNetwork/1399 Darwin/22.1.0"
::ffff:127.0.0.1 - - [03/May/2023:01:44:19 +0000] "GET /api/v1/users/me? HTTP/1.0" 304 - "-" "Sedu/1 CFNetwork/1399 Darwin/22.1.0"
::1 - - [03/May/2023:01:44:20 +0000] "GET /api/v1/users/logout? HTTP/1.0" 200 39 "-" "okhttp/4.9.2"
::ffff:127.0.0.1 - - [03/May/2023:01:44:20 +0000] "GET /api/v1/users/me? HTTP/1.0" 401 283 "-" "okhttp/4.9.2"
::1 - - [03/May/2023:01:44:20 +0000] "GET /api/v1/users/me? HTTP/1.0" 304 - "-" "Sedu/1 CFNetwork/1399 Darwin/22.1.0"
::ffff:127.0.0.1 - - [03/May/2023:01:44:21 +0000] "POST /api/v1/users/login HTTP/1.0" 200 460 "-" "Sedu/1 CFNetwork/1399 Darwin/22.1.0"
::1 - - [03/May/2023:01:44:22 +0000] "GET /api/v1/users/me? HTTP/1.0" 304 - "-" "Sedu/1 CFNetwork/1399 Darwin/22.1.0"
::ffff:127.0.0.1 - - [03/May/2023:01:44:23 +0000] "POST /api/v1/users/login HTTP/1.0" 200 460 "-" "Sedu/1 CFNetwork/1399 Darwin/22.1.0"
::1 - - [03/May/2023:01:44:23 +0000] "POST /api/v1/users/login HTTP/1.0" 200 460 "-" "Sedu/1 CFNetwork/1399 Darwin/22.1.0"
::ffff:127.0.0.1 - - [03/May/2023:01:44:24 +0000] "POST /api/v1/users/login HTTP/1.0" 200 460 "-" "Sedu/1 CFNetwork/1399 Darwin/22.1.0"
::1 - - [03/May/2023:01:44:24 +0000] "POST /api/v1/users/login HTTP/1.0" 200 460 "-" "Sedu/1 CFNetwork/1399 Darwin/22.1.0"
