::ffff:127.0.0.1 - - [23/May/2023:10:26:20 +0000] "GET /api/v1/ads? HTTP/1.0" 304 - "-" "Sedu/1 CFNetwork/1406.0.4 Darwin/22.4.0"
::ffff:127.0.0.1 - - [23/May/2023:10:26:25 +0000] "GET /api/v1/users/me? HTTP/1.0" 304 - "-" "Sedu/1 CFNetwork/1406.0.4 Darwin/22.4.0"
::1 - - [23/May/2023:10:26:33 +0000] "GET /api/v1/users/me? HTTP/1.0" 304 - "-" "Sedu/1 CFNetwork/1390 Darwin/22.0.0"
::1 - - [23/May/2023:10:32:05 +0000] "GET /api/v1/users/me? HTTP/1.0" 200 226 "-" "okhttp/4.9.2"
::ffff:127.0.0.1 - - [23/May/2023:10:33:43 +0000] "POST / HTTP/1.0" 404 140 "-" "Mozilla/5.0 (X11; Linux x86_64) AppleWebKit/537.36 (KHTML, like Gecko) Chrome/81.0.4044.129 Safari/537.36"
::1 - - [23/May/2023:10:33:44 +0000] "GET /.env HTTP/1.0" 404 143 "-" "Mozilla/5.0 (X11; Linux x86_64) AppleWebKit/537.36 (KHTML, like Gecko) Chrome/81.0.4044.129 Safari/537.36"
::ffff:127.0.0.1 - - [23/May/2023:10:35:42 +0000] "GET /api/v1/users/me? HTTP/1.0" 200 232 "-" "Sedu/1 CFNetwork/1404.0.5 Darwin/22.3.0"
::1 - - [23/May/2023:10:35:59 +0000] "GET /api/v1/users/me? HTTP/1.0" 200 234 "-" "Sedu/1 CFNetwork/1406.0.4 Darwin/22.4.0"
::ffff:127.0.0.1 - - [23/May/2023:10:36:35 +0000] "GET /api/v1/users/me? HTTP/1.0" 304 - "-" "Sedu/1 CFNetwork/1406.0.4 Darwin/22.4.0"
::ffff:127.0.0.1 - - [23/May/2023:10:36:35 +0000] "GET /api/v1/ads? HTTP/1.0" 304 - "-" "Sedu/1 CFNetwork/1406.0.4 Darwin/22.4.0"
::1 - - [23/May/2023:10:36:35 +0000] "GET /api/v1/articles? HTTP/1.0" 200 387210 "-" "Sedu/1 CFNetwork/1406.0.4 Darwin/22.4.0"
::ffff:127.0.0.1 - - [23/May/2023:10:36:38 +0000] "GET /api/v1/articles/642d4c587c1330814fb76297? HTTP/1.0" 200 22271 "-" "Sedu/1 CFNetwork/1406.0.4 Darwin/22.4.0"
::ffff:127.0.0.1 - - [23/May/2023:10:41:01 +0000] "GET /api/v1/users/me? HTTP/1.0" 304 - "-" "Sedu/1 CFNetwork/1399 Darwin/22.1.0"
::ffff:127.0.0.1 - - [23/May/2023:10:41:02 +0000] "GET /api/v1/ads? HTTP/1.0" 304 - "-" "Sedu/1 CFNetwork/1399 Darwin/22.1.0"
::1 - - [23/May/2023:10:41:02 +0000] "GET /api/v1/articles? HTTP/1.0" 304 - "-" "Sedu/1 CFNetwork/1399 Darwin/22.1.0"
::ffff:127.0.0.1 - - [23/May/2023:10:41:30 +0000] "GET /api/v1/users/me? HTTP/1.0" 304 - "-" "Sedu/1 CFNetwork/1399 Darwin/22.1.0"
::ffff:127.0.0.1 - - [23/May/2023:10:41:30 +0000] "GET /api/v1/users/me? HTTP/1.0" 304 - "-" "Sedu/1 CFNetwork/1399 Darwin/22.1.0"
::1 - - [23/May/2023:10:41:30 +0000] "GET /api/v1/ads? HTTP/1.0" 304 - "-" "Sedu/1 CFNetwork/1399 Darwin/22.1.0"
::1 - - [23/May/2023:10:41:30 +0000] "GET /api/v1/articles? HTTP/1.0" 200 387210 "-" "Sedu/1 CFNetwork/1399 Darwin/22.1.0"
::1 - - [23/May/2023:10:41:38 +0000] "GET /api/v1/users/me? HTTP/1.0" 304 - "-" "Sedu/1 CFNetwork/1399 Darwin/22.1.0"
::ffff:127.0.0.1 - - [23/May/2023:10:41:40 +0000] "GET /api/v1/articles/64608634a32e8316d822e5bd? HTTP/1.0" 200 3753 "-" "Sedu/1 CFNetwork/1399 Darwin/22.1.0"
::1 - - [23/May/2023:10:42:07 +0000] "GET /api/v1/articles/642e2e6d7c1330814fb7646b? HTTP/1.0" 200 1619 "-" "Sedu/1 CFNetwork/1399 Darwin/22.1.0"
::ffff:127.0.0.1 - - [23/May/2023:10:43:50 +0000] "GET /api/v1/users/me? HTTP/1.0" 401 283 "-" "Sedu/1 CFNetwork/1406.0.4 Darwin/22.4.0"
::1 - - [23/May/2023:10:44:03 +0000] "POST /api/v1/users/register HTTP/1.0" 200 462 "-" "Sedu/1 CFNetwork/1406.0.4 Darwin/22.4.0"
::ffff:127.0.0.1 - - [23/May/2023:10:44:03 +0000] "GET /api/v1/users/me? HTTP/1.0" 200 188 "-" "Sedu/1 CFNetwork/1406.0.4 Darwin/22.4.0"
::1 - - [23/May/2023:10:45:35 +0000] "GET /api/v1/users/logout? HTTP/1.0" 200 39 "-" "Sedu/1 CFNetwork/1406.0.4 Darwin/22.4.0"
::ffff:127.0.0.1 - - [23/May/2023:10:45:35 +0000] "GET /api/v1/users/me? HTTP/1.0" 401 283 "-" "Sedu/1 CFNetwork/1406.0.4 Darwin/22.4.0"
::1 - - [23/May/2023:10:45:45 +0000] "POST /api/v1/users/login HTTP/1.0" 200 462 "-" "Sedu/1 CFNetwork/1406.0.4 Darwin/22.4.0"
::ffff:127.0.0.1 - - [23/May/2023:10:45:45 +0000] "GET /api/v1/users/me? HTTP/1.0" 304 - "-" "Sedu/1 CFNetwork/1406.0.4 Darwin/22.4.0"
::1 - - [23/May/2023:10:45:48 +0000] "GET /api/v1/users/me? HTTP/1.0" 304 - "-" "Sedu/1 CFNetwork/1406.0.4 Darwin/22.4.0"
::ffff:127.0.0.1 - - [23/May/2023:10:47:17 +0000] "GET /api/v1/users/me? HTTP/1.0" 401 283 "-" "okhttp/4.9.2"
::1 - - [23/May/2023:10:47:35 +0000] "POST /api/v1/users/register HTTP/1.0" 500 247 "-" "okhttp/4.9.2"
::ffff:127.0.0.1 - - [23/May/2023:10:47:37 +0000] "GET /api/v1/users/me? HTTP/1.0" 401 283 "-" "okhttp/4.9.2"
::1 - - [23/May/2023:10:47:46 +0000] "POST /api/v1/users/login HTTP/1.0" 200 461 "-" "okhttp/4.9.2"
::ffff:127.0.0.1 - - [23/May/2023:10:47:46 +0000] "GET /api/v1/users/me? HTTP/1.0" 304 - "-" "okhttp/4.9.2"
::1 - - [23/May/2023:10:47:50 +0000] "GET /api/v1/users/me? HTTP/1.0" 304 - "-" "okhttp/4.9.2"
::1 - - [23/May/2023:10:47:59 +0000] "POST /api/v1/users/register HTTP/1.0" 200 461 "-" "okhttp/4.9.2"
::ffff:127.0.0.1 - - [23/May/2023:10:48:00 +0000] "GET /api/v1/users/me? HTTP/1.0" 200 187 "-" "okhttp/4.9.2"
::ffff:127.0.0.1 - - [23/May/2023:10:48:00 +0000] "POST /api/v1/users/invoice/644e543fa4c26797f424c149 HTTP/1.0" 200 50 "-" "okhttp/4.9.2"
::1 - - [23/May/2023:10:48:01 +0000] "GET /api/v1/wallets/646c99e0a32e8316d823e500? HTTP/1.0" 200 16089 "-" "okhttp/4.9.2"
::ffff:127.0.0.1 - - [23/May/2023:10:48:09 +0000] "GET /api/v1/users/me? HTTP/1.0" 304 - "-" "okhttp/4.9.2"
::1 - - [23/May/2023:10:48:27 +0000] "GET /api/v1/users/callbacks/644e543fa4c26797f424c149/20000?qpay_payment_id=323641710205795 HTTP/1.0" 200 226 "-" "node-fetch/1.0 (+https://github.com/bitinn/node-fetch)"
::ffff:127.0.0.1 - - [23/May/2023:10:48:31 +0000] "GET /api/v1/users/me? HTTP/1.0" 200 226 "-" "okhttp/4.9.2"
::1 - - [23/May/2023:10:48:31 +0000] "GET /api/v1/wallets/646c99e0a32e8316d823e500? HTTP/1.0" 304 - "-" "okhttp/4.9.2"
::ffff:127.0.0.1 - - [23/May/2023:10:48:35 +0000] "GET /api/v1/users/me? HTTP/1.0" 304 - "-" "Sedu/1 CFNetwork/1206 Darwin/20.1.0"
::1 - - [23/May/2023:10:48:35 +0000] "GET /api/v1/articles? HTTP/1.0" 200 387210 "-" "Sedu/1 CFNetwork/1206 Darwin/20.1.0"
::ffff:127.0.0.1 - - [23/May/2023:10:48:35 +0000] "GET /api/v1/ads? HTTP/1.0" 304 - "-" "Sedu/1 CFNetwork/1206 Darwin/20.1.0"
::ffff:127.0.0.1 - - [23/May/2023:10:48:39 +0000] "GET /api/v1/articles/642d4c587c1330814fb76297? HTTP/1.0" 200 22271 "-" "Sedu/1 CFNetwork/1206 Darwin/20.1.0"
::1 - - [23/May/2023:10:48:41 +0000] "GET /api/v1/users/me? HTTP/1.0" 304 - "-" "okhttp/4.9.2"
::1 - - [23/May/2023:10:48:41 +0000] "GET /api/v1/ads? HTTP/1.0" 200 633 "-" "okhttp/4.9.2"
::ffff:127.0.0.1 - - [23/May/2023:10:48:41 +0000] "GET /api/v1/articles? HTTP/1.0" 200 387210 "-" "okhttp/4.9.2"
::ffff:127.0.0.1 - - [23/May/2023:10:50:40 +0000] "GET /api/v1/users/me? HTTP/1.0" 304 - "-" "okhttp/4.9.2"
::1 - - [23/May/2023:10:50:42 +0000] "GET /api/v1/articles? HTTP/1.0" 200 387210 "-" "okhttp/4.9.2"
::ffff:127.0.0.1 - - [23/May/2023:10:50:42 +0000] "GET /api/v1/ads? HTTP/1.0" 304 - "-" "okhttp/4.9.2"
::1 - - [23/May/2023:10:50:43 +0000] "GET /api/v1/users/me? HTTP/1.0" 304 - "-" "okhttp/4.9.2"
::ffff:127.0.0.1 - - [23/May/2023:10:50:53 +0000] "GET /api/v1/articles/642d4ce07c1330814fb762a6? HTTP/1.0" 200 10683 "-" "okhttp/4.9.2"
::1 - - [23/May/2023:10:51:56 +0000] "GET /api/v1/users/me? HTTP/1.0" 304 - "-" "okhttp/4.9.2"
::1 - - [23/May/2023:10:51:56 +0000] "GET /api/v1/ads? HTTP/1.0" 304 - "-" "okhttp/4.9.2"
::ffff:127.0.0.1 - - [23/May/2023:10:51:56 +0000] "GET /api/v1/articles? HTTP/1.0" 304 - "-" "okhttp/4.9.2"
::ffff:127.0.0.1 - - [23/May/2023:10:55:17 +0000] "GET /api/v1/users/me? HTTP/1.0" 401 283 "-" "Sedu/1 CFNetwork/1402.0.8 Darwin/22.2.0"
::1 - - [23/May/2023:10:55:26 +0000] "POST /api/v1/users/login HTTP/1.0" 401 123 "-" "Sedu/1 CFNetwork/1402.0.8 Darwin/22.2.0"
::ffff:127.0.0.1 - - [23/May/2023:10:55:38 +0000] "POST /api/v1/users/register HTTP/1.0" 500 248 "-" "Sedu/1 CFNetwork/1402.0.8 Darwin/22.2.0"
::1 - - [23/May/2023:10:55:48 +0000] "POST /api/v1/users/register HTTP/1.0" 500 253 "-" "Sedu/1 CFNetwork/1402.0.8 Darwin/22.2.0"
::ffff:127.0.0.1 - - [23/May/2023:10:55:54 +0000] "POST /api/v1/users/register HTTP/1.0" 500 253 "-" "Sedu/1 CFNetwork/1402.0.8 Darwin/22.2.0"
::1 - - [23/May/2023:10:56:02 +0000] "POST /api/v1/users/register HTTP/1.0" 500 253 "-" "Sedu/1 CFNetwork/1402.0.8 Darwin/22.2.0"
::ffff:127.0.0.1 - - [23/May/2023:10:56:19 +0000] "POST /api/v1/users/register HTTP/1.0" 500 249 "-" "Sedu/1 CFNetwork/1402.0.8 Darwin/22.2.0"
::1 - - [23/May/2023:10:56:26 +0000] "POST /api/v1/users/register HTTP/1.0" 500 249 "-" "Sedu/1 CFNetwork/1402.0.8 Darwin/22.2.0"
::ffff:127.0.0.1 - - [23/May/2023:10:56:34 +0000] "POST /api/v1/users/register HTTP/1.0" 500 249 "-" "Sedu/1 CFNetwork/1402.0.8 Darwin/22.2.0"
::1 - - [23/May/2023:10:56:43 +0000] "POST /api/v1/users/register HTTP/1.0" 500 249 "-" "Sedu/1 CFNetwork/1402.0.8 Darwin/22.2.0"
::ffff:127.0.0.1 - - [23/May/2023:10:56:46 +0000] "GET /api/v1/users/me? HTTP/1.0" 401 283 "-" "Sedu/1 CFNetwork/1406.0.4 Darwin/22.4.0"
::1 - - [23/May/2023:10:56:58 +0000] "POST /api/v1/users/register HTTP/1.0" 200 477 "-" "Sedu/1 CFNetwork/1406.0.4 Darwin/22.4.0"
::ffff:127.0.0.1 - - [23/May/2023:10:56:59 +0000] "GET /api/v1/users/me? HTTP/1.0" 200 203 "-" "Sedu/1 CFNetwork/1406.0.4 Darwin/22.4.0"
::1 - - [23/May/2023:10:56:59 +0000] "POST /api/v1/users/register HTTP/1.0" 500 253 "-" "Sedu/1 CFNetwork/1402.0.8 Darwin/22.2.0"
::ffff:127.0.0.1 - - [23/May/2023:10:57:00 +0000] "POST /api/v1/users/register HTTP/1.0" 500 253 "-" "Sedu/1 CFNetwork/1402.0.8 Darwin/22.2.0"
::1 - - [23/May/2023:10:57:08 +0000] "GET /api/v1/users/me? HTTP/1.0" 304 - "-" "Sedu/1 CFNetwork/1406.0.4 Darwin/22.4.0"
::ffff:127.0.0.1 - - [23/May/2023:10:57:10 +0000] "GET /api/v1/users/me? HTTP/1.0" 304 - "-" "Sedu/1 CFNetwork/1406.0.4 Darwin/22.4.0"
::1 - - [23/May/2023:10:57:11 +0000] "GET /api/v1/users/me? HTTP/1.0" 401 283 "-" "Sedu/1 CFNetwork/1402.0.8 Darwin/22.2.0"
::ffff:127.0.0.1 - - [23/May/2023:10:57:11 +0000] "GET /api/v1/users/logout? HTTP/1.0" 200 39 "-" "Sedu/1 CFNetwork/1406.0.4 Darwin/22.4.0"
::1 - - [23/May/2023:10:57:11 +0000] "GET /api/v1/users/me? HTTP/1.0" 401 283 "-" "Sedu/1 CFNetwork/1406.0.4 Darwin/22.4.0"
::ffff:127.0.0.1 - - [23/May/2023:10:57:30 +0000] "POST /api/v1/users/register HTTP/1.0" 500 252 "-" "Sedu/1 CFNetwork/1402.0.8 Darwin/22.2.0"
::1 - - [23/May/2023:10:57:35 +0000] "POST /api/v1/users/register HTTP/1.0" 500 252 "-" "Sedu/1 CFNetwork/1402.0.8 Darwin/22.2.0"
::ffff:127.0.0.1 - - [23/May/2023:10:58:16 +0000] "GET /api/v1/users/me? HTTP/1.0" 401 283 "-" "Sedu/1 CFNetwork/1402.0.8 Darwin/22.2.0"
::1 - - [23/May/2023:10:58:21 +0000] "GET /api/v1/users/me? HTTP/1.0" 401 283 "-" "Sedu/1 CFNetwork/1402.0.8 Darwin/22.2.0"
::ffff:127.0.0.1 - - [23/May/2023:10:58:36 +0000] "POST /api/v1/users/register HTTP/1.0" 500 248 "-" "Sedu/1 CFNetwork/1402.0.8 Darwin/22.2.0"
::1 - - [23/May/2023:10:58:44 +0000] "POST /api/v1/users/register HTTP/1.0" 500 248 "-" "Sedu/1 CFNetwork/1402.0.8 Darwin/22.2.0"
::ffff:127.0.0.1 - - [23/May/2023:10:58:50 +0000] "POST /api/v1/users/register HTTP/1.0" 500 248 "-" "Sedu/1 CFNetwork/1402.0.8 Darwin/22.2.0"
::1 - - [23/May/2023:10:58:51 +0000] "GET /api/v1/users/me? HTTP/1.0" 401 283 "-" "Sedu/1 CFNetwork/1399 Darwin/22.1.0"
::ffff:127.0.0.1 - - [23/May/2023:10:59:08 +0000] "POST /api/v1/users/register HTTP/1.0" 500 252 "-" "Sedu/1 CFNetwork/1399 Darwin/22.1.0"
::1 - - [23/May/2023:10:59:11 +0000] "POST /api/v1/users/register HTTP/1.0" 500 252 "-" "Sedu/1 CFNetwork/1399 Darwin/22.1.0"
::ffff:127.0.0.1 - - [23/May/2023:10:59:37 +0000] "GET /.env HTTP/1.0" 404 143 "-" "Mozilla/5.0 (X11; Linux x86_64) AppleWebKit/537.36 (KHTML, like Gecko) Chrome/81.0.4044.129 Safari/537.36"
::1 - - [23/May/2023:10:59:37 +0000] "POST / HTTP/1.0" 404 140 "-" "Mozilla/5.0 (X11; Linux x86_64) AppleWebKit/537.36 (KHTML, like Gecko) Chrome/81.0.4044.129 Safari/537.36"
::ffff:127.0.0.1 - - [23/May/2023:11:00:21 +0000] "GET /api/v1/users/me? HTTP/1.0" 401 283 "-" "Sedu/1 CFNetwork/1399 Darwin/22.1.0"
::1 - - [23/May/2023:11:03:47 +0000] "GET /api/v1/users/me? HTTP/1.0" 304 - "-" "okhttp/4.9.2"
::ffff:127.0.0.1 - - [23/May/2023:11:03:49 +0000] "GET /api/v1/users/logout? HTTP/1.0" 304 - "-" "okhttp/4.9.2"
::1 - - [23/May/2023:11:03:49 +0000] "GET /api/v1/users/me? HTTP/1.0" 401 283 "-" "okhttp/4.9.2"
::ffff:127.0.0.1 - - [23/May/2023:11:03:50 +0000] "GET /api/v1/users/logout? HTTP/1.0" 304 - "-" "okhttp/4.9.2"
::1 - - [23/May/2023:11:04:09 +0000] "GET /api/v1/users/me? HTTP/1.0" 401 283 "-" "Sedu/1 CFNetwork/1402.0.8 Darwin/22.2.0"
::ffff:127.0.0.1 - - [23/May/2023:11:04:10 +0000] "POST /api/v1/users/register HTTP/1.0" 500 248 "-" "Sedu/1 CFNetwork/1402.0.8 Darwin/22.2.0"
::1 - - [23/May/2023:11:04:16 +0000] "POST /api/v1/users/register HTTP/1.0" 500 248 "-" "Sedu/1 CFNetwork/1402.0.8 Darwin/22.2.0"
::ffff:127.0.0.1 - - [23/May/2023:11:06:19 +0000] "GET /api/v1/users/me? HTTP/1.0" 401 283 "-" "Sedu/1 CFNetwork/1404.0.5 Darwin/22.3.0"
::1 - - [23/May/2023:11:06:35 +0000] "POST /api/v1/users/register HTTP/1.0" 200 465 "-" "Sedu/1 CFNetwork/1404.0.5 Darwin/22.3.0"
::ffff:127.0.0.1 - - [23/May/2023:11:06:36 +0000] "GET /api/v1/users/me? HTTP/1.0" 200 191 "-" "Sedu/1 CFNetwork/1404.0.5 Darwin/22.3.0"
::1 - - [23/May/2023:11:06:46 +0000] "GET /api/v1/users/me? HTTP/1.0" 304 - "-" "Sedu/1 CFNetwork/1404.0.5 Darwin/22.3.0"
::ffff:127.0.0.1 - - [23/May/2023:11:06:56 +0000] "POST /api/v1/users/invoice/646c9e3ba32e8316d823e55a HTTP/1.0" 200 50 "-" "Sedu/1 CFNetwork/1404.0.5 Darwin/22.3.0"
::1 - - [23/May/2023:11:06:56 +0000] "GET /api/v1/wallets/646c9e50a32e8316d823e55f? HTTP/1.0" 200 15977 "-" "Sedu/1 CFNetwork/1404.0.5 Darwin/22.3.0"
::ffff:127.0.0.1 - - [23/May/2023:11:07:01 +0000] "GET /api/v1/users/me? HTTP/1.0" 304 - "-" "okhttp/4.9.2"
::1 - - [23/May/2023:11:07:01 +0000] "GET /api/v1/ads? HTTP/1.0" 304 - "-" "okhttp/4.9.2"
::ffff:127.0.0.1 - - [23/May/2023:11:07:01 +0000] "GET /api/v1/articles? HTTP/1.0" 200 387210 "-" "okhttp/4.9.2"
::1 - - [23/May/2023:11:07:24 +0000] "GET /api/v1/users/me? HTTP/1.0" 401 283 "-" "Sedu/1 CFNetwork/1404.0.5 Darwin/22.3.0"
::ffff:127.0.0.1 - - [23/May/2023:11:07:33 +0000] "POST /api/v1/users/register HTTP/1.0" 500 248 "-" "Sedu/1 CFNetwork/1404.0.5 Darwin/22.3.0"
::ffff:127.0.0.1 - - [23/May/2023:11:07:40 +0000] "GET /api/v1/users/me? HTTP/1.0" 200 230 "-" "Sedu/1 CFNetwork/1404.0.5 Darwin/22.3.0"
::1 - - [23/May/2023:11:07:40 +0000] "GET /api/v1/wallets/646c9e50a32e8316d823e55f? HTTP/1.0" 304 - "-" "Sedu/1 CFNetwork/1404.0.5 Darwin/22.3.0"
::1 - - [23/May/2023:11:07:47 +0000] "GET /api/v1/users/logout? HTTP/1.0" 200 39 "-" "Sedu/1 CFNetwork/1404.0.5 Darwin/22.3.0"
::ffff:127.0.0.1 - - [23/May/2023:11:07:47 +0000] "GET /api/v1/users/me? HTTP/1.0" 401 283 "-" "Sedu/1 CFNetwork/1404.0.5 Darwin/22.3.0"
::1 - - [23/May/2023:11:07:48 +0000] "GET /api/v1/users/me? HTTP/1.0" 401 283 "-" "Sedu/1 CFNetwork/1404.0.5 Darwin/22.3.0"
::ffff:127.0.0.1 - - [23/May/2023:11:08:03 +0000] "GET /api/v1/users/me? HTTP/1.0" 401 283 "-" "Sedu/1 CFNetwork/1404.0.5 Darwin/22.3.0"
::1 - - [23/May/2023:11:08:09 +0000] "POST /api/v1/users/login HTTP/1.0" 401 123 "-" "Sedu/1 CFNetwork/1404.0.5 Darwin/22.3.0"
::ffff:127.0.0.1 - - [23/May/2023:11:08:21 +0000] "POST /api/v1/users/register HTTP/1.0" 500 249 "-" "Sedu/1 CFNetwork/1404.0.5 Darwin/22.3.0"
::1 - - [23/May/2023:11:08:22 +0000] "POST /api/v1/users/register HTTP/1.0" 500 249 "-" "Sedu/1 CFNetwork/1404.0.5 Darwin/22.3.0"
::ffff:127.0.0.1 - - [23/May/2023:11:08:23 +0000] "POST /api/v1/users/register HTTP/1.0" 500 249 "-" "Sedu/1 CFNetwork/1404.0.5 Darwin/22.3.0"
::1 - - [23/May/2023:11:08:23 +0000] "POST /api/v1/users/register HTTP/1.0" 500 249 "-" "Sedu/1 CFNetwork/1404.0.5 Darwin/22.3.0"
::ffff:127.0.0.1 - - [23/May/2023:11:08:28 +0000] "GET /api/v1/users/me? HTTP/1.0" 401 283 "-" "Sedu/1 CFNetwork/1406.0.4 Darwin/22.4.0"
::1 - - [23/May/2023:11:08:28 +0000] "GET /api/v1/users/me? HTTP/1.0" 401 283 "-" "Sedu/1 CFNetwork/1404.0.5 Darwin/22.3.0"
::ffff:127.0.0.1 - - [23/May/2023:11:08:41 +0000] "POST /api/v1/users/register HTTP/1.0" 200 464 "-" "Sedu/1 CFNetwork/1406.0.4 Darwin/22.4.0"
::1 - - [23/May/2023:11:08:41 +0000] "GET /api/v1/users/me? HTTP/1.0" 200 190 "-" "Sedu/1 CFNetwork/1406.0.4 Darwin/22.4.0"
::ffff:127.0.0.1 - - [23/May/2023:11:08:49 +0000] "GET /api/v1/users/me? HTTP/1.0" 304 - "-" "Sedu/1 CFNetwork/1406.0.4 Darwin/22.4.0"
::1 - - [23/May/2023:11:08:56 +0000] "POST /api/v1/users/invoice/646c9eb9a32e8316d823e582 HTTP/1.0" 200 50 "-" "Sedu/1 CFNetwork/1406.0.4 Darwin/22.4.0"
::ffff:127.0.0.1 - - [23/May/2023:11:08:56 +0000] "GET /api/v1/wallets/646c9ec8a32e8316d823e587? HTTP/1.0" 200 16040 "-" "Sedu/1 CFNetwork/1406.0.4 Darwin/22.4.0"
::1 - - [23/May/2023:11:10:16 +0000] "GET /api/v1/users/callbacks/646c9eb9a32e8316d823e582/20000?qpay_payment_id=866670351517929 HTTP/1.0" 200 229 "-" "node-fetch/1.0 (+https://github.com/bitinn/node-fetch)"
::1 - - [23/May/2023:11:10:28 +0000] "GET /api/v1/users/me? HTTP/1.0" 200 229 "-" "Sedu/1 CFNetwork/1406.0.4 Darwin/22.4.0"
::ffff:127.0.0.1 - - [23/May/2023:11:10:28 +0000] "GET /api/v1/wallets/646c9ec8a32e8316d823e587? HTTP/1.0" 304 - "-" "Sedu/1 CFNetwork/1406.0.4 Darwin/22.4.0"
::ffff:127.0.0.1 - - [23/May/2023:11:10:31 +0000] "POST /api/v1/users/invoice/646c9eb9a32e8316d823e582 HTTP/1.0" 200 50 "-" "Sedu/1 CFNetwork/1406.0.4 Darwin/22.4.0"
::1 - - [23/May/2023:11:10:32 +0000] "GET /api/v1/wallets/646c9f27a32e8316d823e59d? HTTP/1.0" 200 16540 "-" "Sedu/1 CFNetwork/1406.0.4 Darwin/22.4.0"
::ffff:127.0.0.1 - - [23/May/2023:11:10:42 +0000] "GET /api/v1/users/me? HTTP/1.0" 200 229 "-" "Sedu/1 CFNetwork/1406.0.4 Darwin/22.4.0"
::1 - - [23/May/2023:11:10:50 +0000] "GET /api/v1/users/logout? HTTP/1.0" 200 39 "-" "Sedu/1 CFNetwork/1406.0.4 Darwin/22.4.0"
::ffff:127.0.0.1 - - [23/May/2023:11:10:51 +0000] "GET /api/v1/users/me? HTTP/1.0" 401 283 "-" "Sedu/1 CFNetwork/1406.0.4 Darwin/22.4.0"
::1 - - [23/May/2023:11:11:03 +0000] "POST /api/v1/users/login HTTP/1.0" 401 123 "-" "Sedu/1 CFNetwork/1406.0.4 Darwin/22.4.0"
::ffff:127.0.0.1 - - [23/May/2023:11:11:18 +0000] "POST /api/v1/users/register HTTP/1.0" 200 464 "-" "Sedu/1 CFNetwork/1406.0.4 Darwin/22.4.0"
::1 - - [23/May/2023:11:11:19 +0000] "GET /api/v1/users/me? HTTP/1.0" 200 190 "-" "Sedu/1 CFNetwork/1406.0.4 Darwin/22.4.0"
::ffff:127.0.0.1 - - [23/May/2023:11:11:23 +0000] "GET /api/v1/users/me? HTTP/1.0" 304 - "-" "Sedu/1 CFNetwork/1406.0.4 Darwin/22.4.0"
::1 - - [23/May/2023:11:11:34 +0000] "GET /api/v1/users/me? HTTP/1.0" 304 - "-" "Sedu/1 CFNetwork/1406.0.4 Darwin/22.4.0"
::ffff:127.0.0.1 - - [23/May/2023:11:11:37 +0000] "GET /api/v1/users/me? HTTP/1.0" 304 - "-" "Sedu/1 CFNetwork/1406.0.4 Darwin/22.4.0"
::1 - - [23/May/2023:11:11:37 +0000] "GET /api/v1/users/logout? HTTP/1.0" 304 - "-" "Sedu/1 CFNetwork/1406.0.4 Darwin/22.4.0"
::ffff:127.0.0.1 - - [23/May/2023:11:11:37 +0000] "GET /api/v1/users/me? HTTP/1.0" 401 283 "-" "Sedu/1 CFNetwork/1406.0.4 Darwin/22.4.0"
::1 - - [23/May/2023:11:11:52 +0000] "POST /api/v1/users/login HTTP/1.0" 200 464 "-" "Sedu/1 CFNetwork/1406.0.4 Darwin/22.4.0"
::ffff:127.0.0.1 - - [23/May/2023:11:11:52 +0000] "GET /api/v1/users/me? HTTP/1.0" 304 - "-" "Sedu/1 CFNetwork/1406.0.4 Darwin/22.4.0"
::1 - - [23/May/2023:11:11:57 +0000] "GET /api/v1/users/me? HTTP/1.0" 304 - "-" "Sedu/1 CFNetwork/1406.0.4 Darwin/22.4.0"
::ffff:127.0.0.1 - - [23/May/2023:11:12:00 +0000] "POST /api/v1/users/invoice/646c9f56a32e8316d823e5b0 HTTP/1.0" 200 50 "-" "Sedu/1 CFNetwork/1406.0.4 Darwin/22.4.0"
::1 - - [23/May/2023:11:12:00 +0000] "GET /api/v1/wallets/646c9f80a32e8316d823e5ba? HTTP/1.0" 200 16160 "-" "Sedu/1 CFNetwork/1406.0.4 Darwin/22.4.0"
::ffff:127.0.0.1 - - [23/May/2023:11:12:09 +0000] "POST /api/v1/users/invoice/646c9f56a32e8316d823e5b0 HTTP/1.0" 200 50 "-" "Sedu/1 CFNetwork/1406.0.4 Darwin/22.4.0"
::1 - - [23/May/2023:11:12:09 +0000] "GET /api/v1/wallets/646c9f89a32e8316d823e5cc? HTTP/1.0" 200 16208 "-" "Sedu/1 CFNetwork/1406.0.4 Darwin/22.4.0"
::ffff:127.0.0.1 - - [23/May/2023:11:12:13 +0000] "GET /api/v1/users/logout? HTTP/1.0" 304 - "-" "Sedu/1 CFNetwork/1406.0.4 Darwin/22.4.0"
::1 - - [23/May/2023:11:12:13 +0000] "GET /api/v1/users/me? HTTP/1.0" 401 283 "-" "Sedu/1 CFNetwork/1406.0.4 Darwin/22.4.0"
::ffff:127.0.0.1 - - [23/May/2023:11:12:28 +0000] "POST /api/v1/users/login HTTP/1.0" 200 503 "-" "Sedu/1 CFNetwork/1406.0.4 Darwin/22.4.0"
::1 - - [23/May/2023:11:12:29 +0000] "GET /api/v1/users/me? HTTP/1.0" 200 229 "-" "Sedu/1 CFNetwork/1406.0.4 Darwin/22.4.0"
::ffff:127.0.0.1 - - [23/May/2023:11:12:34 +0000] "GET /api/v1/users/me? HTTP/1.0" 304 - "-" "Sedu/1 CFNetwork/1406.0.4 Darwin/22.4.0"
::1 - - [23/May/2023:11:13:01 +0000] "GET /api/v1/users/me? HTTP/1.0" 304 - "-" "Sedu/1 CFNetwork/1406.0.4 Darwin/22.4.0"
::ffff:127.0.0.1 - - [23/May/2023:11:13:07 +0000] "POST /api/v1/users/invoice/646c9f56a32e8316d823e5b0 HTTP/1.0" 200 50 "-" "Sedu/1 CFNetwork/1406.0.4 Darwin/22.4.0"
::1 - - [23/May/2023:11:13:07 +0000] "GET /api/v1/wallets/646c9fc3a32e8316d823e5e2? HTTP/1.0" 200 16168 "-" "Sedu/1 CFNetwork/1406.0.4 Darwin/22.4.0"
::ffff:127.0.0.1 - - [23/May/2023:11:13:11 +0000] "GET /api/v1/users/logout? HTTP/1.0" 304 - "-" "Sedu/1 CFNetwork/1406.0.4 Darwin/22.4.0"
::1 - - [23/May/2023:11:13:12 +0000] "GET /api/v1/users/me? HTTP/1.0" 401 283 "-" "Sedu/1 CFNetwork/1406.0.4 Darwin/22.4.0"
::ffff:127.0.0.1 - - [23/May/2023:11:13:22 +0000] "POST /api/v1/users/login HTTP/1.0" 200 503 "-" "Sedu/1 CFNetwork/1406.0.4 Darwin/22.4.0"
::1 - - [23/May/2023:11:13:23 +0000] "GET /api/v1/users/me? HTTP/1.0" 200 229 "-" "Sedu/1 CFNetwork/1406.0.4 Darwin/22.4.0"
::ffff:127.0.0.1 - - [23/May/2023:11:13:34 +0000] "GET /api/v1/users/me? HTTP/1.0" 304 - "-" "Sedu/1 CFNetwork/1406.0.4 Darwin/22.4.0"
::1 - - [23/May/2023:11:14:24 +0000] "GET /api/v1/users/me? HTTP/1.0" 401 283 "-" "Sedu/1 CFNetwork/1402.0.8 Darwin/22.2.0"
::ffff:127.0.0.1 - - [23/May/2023:11:14:28 +0000] "GET /api/v1/users/me? HTTP/1.0" 304 - "-" "Sedu/1 CFNetwork/1406.0.4 Darwin/22.4.0"
::1 - - [23/May/2023:11:14:30 +0000] "GET /api/v1/users/logout? HTTP/1.0" 304 - "-" "Sedu/1 CFNetwork/1406.0.4 Darwin/22.4.0"
::ffff:127.0.0.1 - - [23/May/2023:11:14:30 +0000] "GET /api/v1/users/me? HTTP/1.0" 401 283 "-" "Sedu/1 CFNetwork/1406.0.4 Darwin/22.4.0"
::1 - - [23/May/2023:11:14:33 +0000] "POST /api/v1/users/login HTTP/1.0" 401 123 "-" "Sedu/1 CFNetwork/1402.0.8 Darwin/22.2.0"
::ffff:127.0.0.1 - - [23/May/2023:11:14:40 +0000] "POST /api/v1/users/login HTTP/1.0" 200 503 "-" "Sedu/1 CFNetwork/1406.0.4 Darwin/22.4.0"
::1 - - [23/May/2023:11:14:40 +0000] "GET /api/v1/users/me? HTTP/1.0" 304 - "-" "Sedu/1 CFNetwork/1406.0.4 Darwin/22.4.0"
::ffff:127.0.0.1 - - [23/May/2023:11:14:42 +0000] "POST /api/v1/users/register HTTP/1.0" 200 465 "-" "Sedu/1 CFNetwork/1402.0.8 Darwin/22.2.0"
::1 - - [23/May/2023:11:14:42 +0000] "GET /api/v1/users/me? HTTP/1.0" 200 191 "-" "Sedu/1 CFNetwork/1402.0.8 Darwin/22.2.0"
::ffff:127.0.0.1 - - [23/May/2023:11:14:44 +0000] "GET /api/v1/users/logout? HTTP/1.0" 304 - "-" "Sedu/1 CFNetwork/1406.0.4 Darwin/22.4.0"
::1 - - [23/May/2023:11:14:44 +0000] "GET /api/v1/users/me? HTTP/1.0" 401 283 "-" "Sedu/1 CFNetwork/1406.0.4 Darwin/22.4.0"
::ffff:127.0.0.1 - - [23/May/2023:11:14:48 +0000] "GET /api/v1/users/me? HTTP/1.0" 401 283 "-" "Sedu/1 CFNetwork/1406.0.4 Darwin/22.4.0"
::1 - - [23/May/2023:11:14:54 +0000] "GET /api/v1/users/me? HTTP/1.0" 304 - "-" "Sedu/1 CFNetwork/1402.0.8 Darwin/22.2.0"
::ffff:127.0.0.1 - - [23/May/2023:11:15:20 +0000] "GET /api/v1/users/me? HTTP/1.0" 401 283 "-" "Sedu/1 CFNetwork/1406.0.4 Darwin/22.4.0"
::1 - - [23/May/2023:11:15:31 +0000] "GET /api/v1/users/me? HTTP/1.0" 304 - "-" "Sedu/1 CFNetwork/1402.0.8 Darwin/22.2.0"
::ffff:127.0.0.1 - - [23/May/2023:11:15:32 +0000] "POST /api/v1/users/login HTTP/1.0" 200 503 "-" "Sedu/1 CFNetwork/1406.0.4 Darwin/22.4.0"
::1 - - [23/May/2023:11:15:32 +0000] "GET /api/v1/users/me? HTTP/1.0" 304 - "-" "Sedu/1 CFNetwork/1406.0.4 Darwin/22.4.0"
::ffff:127.0.0.1 - - [23/May/2023:11:15:35 +0000] "GET /api/v1/users/me? HTTP/1.0" 304 - "-" "Sedu/1 CFNetwork/1406.0.4 Darwin/22.4.0"
::1 - - [23/May/2023:11:15:37 +0000] "GET /api/v1/users/me? HTTP/1.0" 401 283 "-" "Sedu/1 CFNetwork/1404.0.5 Darwin/22.3.0"
::ffff:127.0.0.1 - - [23/May/2023:11:15:38 +0000] "POST /api/v1/users/invoice/646c9f56a32e8316d823e5b0 HTTP/1.0" 200 50 "-" "Sedu/1 CFNetwork/1406.0.4 Darwin/22.4.0"
::1 - - [23/May/2023:11:15:39 +0000] "GET /api/v1/wallets/646ca05aa32e8316d823e603? HTTP/1.0" 200 16208 "-" "Sedu/1 CFNetwork/1406.0.4 Darwin/22.4.0"
::ffff:127.0.0.1 - - [23/May/2023:11:15:44 +0000] "GET /api/v1/users/me? HTTP/1.0" 401 283 "-" "Sedu/1 CFNetwork/1404.0.5 Darwin/22.3.0"
::1 - - [23/May/2023:11:15:56 +0000] "POST /api/v1/users/login HTTP/1.0" 200 505 "-" "Sedu/1 CFNetwork/1404.0.5 Darwin/22.3.0"
::ffff:127.0.0.1 - - [23/May/2023:11:15:56 +0000] "GET /api/v1/users/me? HTTP/1.0" 200 231 "-" "Sedu/1 CFNetwork/1404.0.5 Darwin/22.3.0"
::ffff:127.0.0.1 - - [23/May/2023:11:15:56 +0000] "GET /api/v1/ads? HTTP/1.0" 200 633 "-" "Sedu/1 CFNetwork/1404.0.5 Darwin/22.3.0"
::1 - - [23/May/2023:11:15:56 +0000] "GET /api/v1/articles? HTTP/1.0" 200 387210 "-" "Sedu/1 CFNetwork/1404.0.5 Darwin/22.3.0"
::ffff:127.0.0.1 - - [23/May/2023:11:16:14 +0000] "GET /api/v1/users/me? HTTP/1.0" 304 - "-" "Sedu/1 CFNetwork/1402.0.8 Darwin/22.2.0"
::1 - - [23/May/2023:11:16:18 +0000] "GET /api/v1/users/me? HTTP/1.0" 304 - "-" "Sedu/1 CFNetwork/1402.0.8 Darwin/22.2.0"
::ffff:127.0.0.1 - - [23/May/2023:11:16:22 +0000] "POST /api/v1/users/invoice/646ca022a32e8316d823e5fa HTTP/1.0" 200 50 "-" "Sedu/1 CFNetwork/1402.0.8 Darwin/22.2.0"
::1 - - [23/May/2023:11:16:22 +0000] "GET /api/v1/wallets/646ca086a32e8316d823e61d? HTTP/1.0" 200 16009 "-" "Sedu/1 CFNetwork/1402.0.8 Darwin/22.2.0"
::ffff:127.0.0.1 - - [23/May/2023:11:16:27 +0000] "GET /api/v1/users/logout? HTTP/1.0" 200 39 "-" "Sedu/1 CFNetwork/1402.0.8 Darwin/22.2.0"
::1 - - [23/May/2023:11:16:27 +0000] "GET /api/v1/users/me? HTTP/1.0" 401 283 "-" "Sedu/1 CFNetwork/1402.0.8 Darwin/22.2.0"
::ffff:127.0.0.1 - - [23/May/2023:11:16:37 +0000] "POST /api/v1/users/login HTTP/1.0" 200 504 "-" "Sedu/1 CFNetwork/1402.0.8 Darwin/22.2.0"
::1 - - [23/May/2023:11:16:37 +0000] "GET /api/v1/users/me? HTTP/1.0" 200 230 "-" "Sedu/1 CFNetwork/1402.0.8 Darwin/22.2.0"
::ffff:127.0.0.1 - - [23/May/2023:11:16:46 +0000] "GET /api/v1/users/me? HTTP/1.0" 304 - "-" "Sedu/1 CFNetwork/1402.0.8 Darwin/22.2.0"
::1 - - [23/May/2023:11:17:13 +0000] "GET /api/v1/users/me? HTTP/1.0" 401 283 "-" "Sedu/1 CFNetwork/1240.0.4 Darwin/20.6.0"
::ffff:127.0.0.1 - - [23/May/2023:11:17:42 +0000] "POST /api/v1/users/login HTTP/1.0" 200 504 "-" "Sedu/1 CFNetwork/1240.0.4 Darwin/20.6.0"
::1 - - [23/May/2023:11:17:42 +0000] "GET /api/v1/users/me? HTTP/1.0" 200 230 "-" "Sedu/1 CFNetwork/1240.0.4 Darwin/20.6.0"
::1 - - [23/May/2023:11:17:43 +0000] "GET /api/v1/ads? HTTP/1.0" 200 633 "-" "Sedu/1 CFNetwork/1240.0.4 Darwin/20.6.0"
::ffff:127.0.0.1 - - [23/May/2023:11:17:43 +0000] "GET /api/v1/articles? HTTP/1.0" 200 387210 "-" "Sedu/1 CFNetwork/1240.0.4 Darwin/20.6.0"
::1 - - [23/May/2023:11:18:10 +0000] "GET /api/v1/users/me? HTTP/1.0" 401 283 "-" "Sedu/1 CFNetwork/1335.0.3 Darwin/21.6.0"
::1 - - [23/May/2023:11:18:25 +0000] "POST /api/v1/users/register HTTP/1.0" 200 467 "-" "Sedu/1 CFNetwork/1335.0.3 Darwin/21.6.0"
::1 - - [23/May/2023:11:18:25 +0000] "GET /api/v1/users/me? HTTP/1.0" 200 193 "-" "Sedu/1 CFNetwork/1335.0.3 Darwin/21.6.0"
::1 - - [23/May/2023:11:18:31 +0000] "GET /api/v1/users/me? HTTP/1.0" 304 - "-" "Sedu/1 CFNetwork/1335.0.3 Darwin/21.6.0"
::1 - - [23/May/2023:11:18:35 +0000] "POST /api/v1/users/invoice/646ca101a32e8316d823e637 HTTP/1.0" 200 50 "-" "Sedu/1 CFNetwork/1335.0.3 Darwin/21.6.0"
::ffff:127.0.0.1 - - [23/May/2023:11:18:35 +0000] "GET /api/v1/wallets/646ca10ba32e8316d823e63c? HTTP/1.0" 200 16094 "-" "Sedu/1 CFNetwork/1335.0.3 Darwin/21.6.0"
::1 - - [23/May/2023:11:18:45 +0000] "GET /api/v1/users/me? HTTP/1.0" 200 232 "-" "Sedu/1 CFNetwork/1335.0.3 Darwin/21.6.0"
::ffff:127.0.0.1 - - [23/May/2023:11:19:46 +0000] "GET /api/v1/articles/642d789c7c1330814fb763e7? HTTP/1.0" 200 6163 "-" "Sedu/1 CFNetwork/1240.0.4 Darwin/20.6.0"
::1 - - [23/May/2023:11:21:16 +0000] "GET /api/v1/users/me? HTTP/1.0" 304 - "-" "Sedu/1 CFNetwork/1404.0.5 Darwin/22.3.0"
::1 - - [23/May/2023:11:21:16 +0000] "GET /api/v1/ads? HTTP/1.0" 304 - "-" "Sedu/1 CFNetwork/1404.0.5 Darwin/22.3.0"
::ffff:127.0.0.1 - - [23/May/2023:11:21:17 +0000] "GET /api/v1/articles? HTTP/1.0" 304 - "-" "Sedu/1 CFNetwork/1404.0.5 Darwin/22.3.0"
::1 - - [23/May/2023:11:21:23 +0000] "GET /api/v1/articles/642d55507c1330814fb76325? HTTP/1.0" 200 3410 "-" "Sedu/1 CFNetwork/1404.0.5 Darwin/22.3.0"
::ffff:127.0.0.1 - - [23/May/2023:11:21:27 +0000] "GET /api/v1/articles/642d4efb7c1330814fb762cf? HTTP/1.0" 200 10100 "-" "Sedu/1 CFNetwork/1240.0.4 Darwin/20.6.0"
::ffff:127.0.0.1 - - [23/May/2023:11:21:33 +0000] "GET /api/v1/articles/642d55f77c1330814fb7634f? HTTP/1.0" 200 7052 "-" "Sedu/1 CFNetwork/1404.0.5 Darwin/22.3.0"
::1 - - [23/May/2023:11:21:59 +0000] "GET /api/v1/users/me? HTTP/1.0" 401 283 "-" "okhttp/4.9.2"
::1 - - [23/May/2023:11:22:03 +0000] "GET /api/v1/articles/642d76ab7c1330814fb763c4? HTTP/1.0" 200 12382 "-" "Sedu/1 CFNetwork/1404.0.5 Darwin/22.3.0"
::1 - - [23/May/2023:11:22:17 +0000] "GET /api/v1/articles/642d789c7c1330814fb763e7? HTTP/1.0" 200 6163 "-" "Sedu/1 CFNetwork/1404.0.5 Darwin/22.3.0"
::1 - - [23/May/2023:11:22:20 +0000] "GET /api/v1/users/me? HTTP/1.0" 304 - "-" "okhttp/4.9.2"
::ffff:127.0.0.1 - - [23/May/2023:11:22:20 +0000] "GET /api/v1/ads? HTTP/1.0" 304 - "-" "okhttp/4.9.2"
::ffff:127.0.0.1 - - [23/May/2023:11:22:21 +0000] "GET /api/v1/articles? HTTP/1.0" 304 - "-" "okhttp/4.9.2"
::1 - - [23/May/2023:11:22:37 +0000] "GET /api/v1/users/me? HTTP/1.0" 304 - "-" "Sedu/1 CFNetwork/1399 Darwin/22.1.0"
::1 - - [23/May/2023:11:22:37 +0000] "GET /api/v1/ads? HTTP/1.0" 304 - "-" "Sedu/1 CFNetwork/1399 Darwin/22.1.0"
::ffff:127.0.0.1 - - [23/May/2023:11:22:37 +0000] "GET /api/v1/articles? HTTP/1.0" 200 387210 "-" "Sedu/1 CFNetwork/1399 Darwin/22.1.0"
::1 - - [23/May/2023:11:22:42 +0000] "GET /api/v1/users/me? HTTP/1.0" 304 - "-" "Sedu/1 CFNetwork/1399 Darwin/22.1.0"
::ffff:127.0.0.1 - - [23/May/2023:11:23:58 +0000] "GET /api/v1/articles/642d7ac57c1330814fb76424? HTTP/1.0" 200 9288 "-" "Sedu/1 CFNetwork/1404.0.5 Darwin/22.3.0"
::1 - - [23/May/2023:11:24:15 +0000] "GET /api/v1/users/me? HTTP/1.0" 200 227 "-" "okhttp/4.9.2"
::ffff:127.0.0.1 - - [23/May/2023:11:24:20 +0000] "GET /.well-known/acme-challenge/ZASWG44A2BOG1_8HA9T6OZ30BGWFU9OJ HTTP/1.0" 404 198 "-" "Cpanel-HTTP-Client/1.0"
::1 - - [23/May/2023:11:24:45 +0000] "GET /api/v1/articles/642e2e6d7c1330814fb7646b? HTTP/1.0" 200 1619 "-" "Sedu/1 CFNetwork/1404.0.5 Darwin/22.3.0"
::ffff:127.0.0.1 - - [23/May/2023:11:25:18 +0000] "GET /api/v1/articles/642e321a7c1330814fb7648b? HTTP/1.0" 200 2221 "-" "Sedu/1 CFNetwork/1404.0.5 Darwin/22.3.0"
::1 - - [23/May/2023:11:25:53 +0000] "GET /api/v1/users/me? HTTP/1.0" 401 283 "-" "Sedu/1 CFNetwork/1335.0.3.2 Darwin/21.6.0"
::ffff:127.0.0.1 - - [23/May/2023:11:26:04 +0000] "GET /api/v1/articles/642e44a97c1330814fb764fe? HTTP/1.0" 200 8047 "-" "Sedu/1 CFNetwork/1404.0.5 Darwin/22.3.0"
::1 - - [23/May/2023:11:26:11 +0000] "POST /api/v1/users/register HTTP/1.0" 200 476 "-" "Sedu/1 CFNetwork/1335.0.3.2 Darwin/21.6.0"
::ffff:127.0.0.1 - - [23/May/2023:11:26:11 +0000] "GET /api/v1/users/me? HTTP/1.0" 200 202 "-" "Sedu/1 CFNetwork/1335.0.3.2 Darwin/21.6.0"
::1 - - [23/May/2023:11:26:24 +0000] "GET /api/v1/users/me? HTTP/1.0" 304 - "-" "Sedu/1 CFNetwork/1335.0.3.2 Darwin/21.6.0"
::ffff:127.0.0.1 - - [23/May/2023:11:26:28 +0000] "POST /api/v1/users/invoice/646ca2d3a32e8316d823e669 HTTP/1.0" 200 50 "-" "Sedu/1 CFNetwork/1335.0.3.2 Darwin/21.6.0"
::1 - - [23/May/2023:11:26:29 +0000] "GET /api/v1/wallets/646ca2e4a32e8316d823e66e? HTTP/1.0" 200 16204 "-" "Sedu/1 CFNetwork/1335.0.3.2 Darwin/21.6.0"
::ffff:127.0.0.1 - - [23/May/2023:11:26:30 +0000] "GET /api/v1/articles/6460657ba32e8316d822e39d? HTTP/1.0" 200 5291 "-" "Sedu/1 CFNetwork/1404.0.5 Darwin/22.3.0"
::1 - - [23/May/2023:11:26:30 +0000] "GET /api/v1/users/me? HTTP/1.0" 401 283 "-" "Sedu/1 CFNetwork/1404.0.5 Darwin/22.3.0"
::ffff:127.0.0.1 - - [23/May/2023:11:26:36 +0000] "GET /api/v1/users/me? HTTP/1.0" 200 241 "-" "Sedu/1 CFNetwork/1335.0.3.2 Darwin/21.6.0"
::1 - - [23/May/2023:11:26:39 +0000] "GET /api/v1/users/me? HTTP/1.0" 200 229 "-" "Sedu/1 CFNetwork/1406.0.4 Darwin/22.4.0"
::ffff:127.0.0.1 - - [23/May/2023:11:26:41 +0000] "GET /api/v1/users/logout? HTTP/1.0" 304 - "-" "Sedu/1 CFNetwork/1406.0.4 Darwin/22.4.0"
::1 - - [23/May/2023:11:26:42 +0000] "GET /api/v1/users/me? HTTP/1.0" 401 283 "-" "Sedu/1 CFNetwork/1406.0.4 Darwin/22.4.0"
::ffff:127.0.0.1 - - [23/May/2023:11:26:50 +0000] "POST /api/v1/users/register HTTP/1.0" 200 463 "-" "Sedu/1 CFNetwork/1404.0.5 Darwin/22.3.0"
::1 - - [23/May/2023:11:26:50 +0000] "GET /api/v1/users/me? HTTP/1.0" 200 189 "-" "Sedu/1 CFNetwork/1404.0.5 Darwin/22.3.0"
::ffff:127.0.0.1 - - [23/May/2023:11:26:54 +0000] "POST /api/v1/users/login HTTP/1.0" 200 503 "-" "Sedu/1 CFNetwork/1406.0.4 Darwin/22.4.0"
::1 - - [23/May/2023:11:26:54 +0000] "GET /api/v1/users/me? HTTP/1.0" 304 - "-" "Sedu/1 CFNetwork/1406.0.4 Darwin/22.4.0"
::ffff:127.0.0.1 - - [23/May/2023:11:27:00 +0000] "GET /api/v1/users/logout? HTTP/1.0" 200 39 "-" "Sedu/1 CFNetwork/1404.0.5 Darwin/22.3.0"
::1 - - [23/May/2023:11:27:00 +0000] "GET /api/v1/users/me? HTTP/1.0" 401 283 "-" "Sedu/1 CFNetwork/1404.0.5 Darwin/22.3.0"
::ffff:127.0.0.1 - - [23/May/2023:11:27:08 +0000] "POST /api/v1/users/login HTTP/1.0" 200 463 "-" "Sedu/1 CFNetwork/1404.0.5 Darwin/22.3.0"
::1 - - [23/May/2023:11:27:08 +0000] "GET /api/v1/users/me? HTTP/1.0" 304 - "-" "Sedu/1 CFNetwork/1404.0.5 Darwin/22.3.0"
::ffff:127.0.0.1 - - [23/May/2023:11:27:12 +0000] "GET /api/v1/users/logout? HTTP/1.0" 304 - "-" "Sedu/1 CFNetwork/1404.0.5 Darwin/22.3.0"
::1 - - [23/May/2023:11:27:12 +0000] "GET /api/v1/users/me? HTTP/1.0" 401 283 "-" "Sedu/1 CFNetwork/1404.0.5 Darwin/22.3.0"
::ffff:127.0.0.1 - - [23/May/2023:11:27:17 +0000] "GET /api/v1/articles/646082bca32e8316d822e594? HTTP/1.0" 200 6579 "-" "Sedu/1 CFNetwork/1404.0.5 Darwin/22.3.0"
::1 - - [23/May/2023:11:27:26 +0000] "GET /api/v1/articles/64608634a32e8316d822e5bd? HTTP/1.0" 200 3753 "-" "Sedu/1 CFNetwork/1404.0.5 Darwin/22.3.0"
::ffff:127.0.0.1 - - [23/May/2023:11:27:58 +0000] "GET /api/v1/articles/642d4c587c1330814fb76297? HTTP/1.0" 200 22271 "-" "Sedu/1 CFNetwork/1404.0.5 Darwin/22.3.0"
::1 - - [23/May/2023:11:28:53 +0000] "GET /api/v1/users/me? HTTP/1.0" 401 283 "-" "Sedu/1 CFNetwork/1404.0.5 Darwin/22.3.0"
::ffff:127.0.0.1 - - [23/May/2023:11:29:03 +0000] "POST /api/v1/users/register HTTP/1.0" 200 462 "-" "Sedu/1 CFNetwork/1404.0.5 Darwin/22.3.0"
::1 - - [23/May/2023:11:29:03 +0000] "GET /api/v1/users/me? HTTP/1.0" 200 188 "-" "Sedu/1 CFNetwork/1404.0.5 Darwin/22.3.0"
::ffff:127.0.0.1 - - [23/May/2023:11:29:09 +0000] "GET /api/v1/users/me? HTTP/1.0" 304 - "-" "Sedu/1 CFNetwork/1404.0.5 Darwin/22.3.0"
::1 - - [23/May/2023:11:29:14 +0000] "POST /api/v1/users/invoice/646ca37ea32e8316d823e68c HTTP/1.0" 200 50 "-" "Sedu/1 CFNetwork/1404.0.5 Darwin/22.3.0"
::ffff:127.0.0.1 - - [23/May/2023:11:29:14 +0000] "GET /api/v1/wallets/646ca38aa32e8316d823e691? HTTP/1.0" 200 16190 "-" "Sedu/1 CFNetwork/1404.0.5 Darwin/22.3.0"
::1 - - [23/May/2023:11:29:17 +0000] "POST /api/v1/users/invoice/646ca37ea32e8316d823e68c HTTP/1.0" 200 50 "-" "Sedu/1 CFNetwork/1404.0.5 Darwin/22.3.0"
::ffff:127.0.0.1 - - [23/May/2023:11:29:18 +0000] "GET /api/v1/wallets/646ca38da32e8316d823e6a3? HTTP/1.0" 200 16366 "-" "Sedu/1 CFNetwork/1404.0.5 Darwin/22.3.0"
::1 - - [23/May/2023:11:29:50 +0000] "GET /api/v1/articles/642d4efb7c1330814fb762cf? HTTP/1.0" 200 10100 "-" "Sedu/1 CFNetwork/1404.0.5 Darwin/22.3.0"
::ffff:127.0.0.1 - - [23/May/2023:11:30:11 +0000] "GET /api/v1/users/me? HTTP/1.0" 401 283 "-" "Sedu/1 CFNetwork/1126 Darwin/19.5.0"
::1 - - [23/May/2023:11:30:32 +0000] "GET /api/v1/users/me? HTTP/1.0" 304 - "-" "okhttp/4.9.2"
::ffff:127.0.0.1 - - [23/May/2023:11:30:35 +0000] "GET /api/v1/users/logout? HTTP/1.0" 200 39 "-" "okhttp/4.9.2"
::1 - - [23/May/2023:11:30:36 +0000] "GET /api/v1/users/me? HTTP/1.0" 401 283 "-" "okhttp/4.9.2"
::ffff:127.0.0.1 - - [23/May/2023:11:30:43 +0000] "POST /api/v1/users/register HTTP/1.0" 500 248 "-" "Sedu/1 CFNetwork/1126 Darwin/19.5.0"
::1 - - [23/May/2023:11:30:51 +0000] "POST /api/v1/users/login HTTP/1.0" 401 123 "-" "okhttp/4.9.2"
::ffff:127.0.0.1 - - [23/May/2023:11:30:58 +0000] "POST /api/v1/users/register HTTP/1.0" 200 463 "-" "Sedu/1 CFNetwork/1126 Darwin/19.5.0"
::1 - - [23/May/2023:11:30:59 +0000] "GET /api/v1/users/me? HTTP/1.0" 200 189 "-" "Sedu/1 CFNetwork/1126 Darwin/19.5.0"
::ffff:127.0.0.1 - - [23/May/2023:11:31:15 +0000] "GET /api/v1/users/me? HTTP/1.0" 304 - "-" "Sedu/1 CFNetwork/1126 Darwin/19.5.0"
::1 - - [23/May/2023:11:31:25 +0000] "POST /api/v1/users/invoice/646ca3f2a32e8316d823e6b9 HTTP/1.0" 200 50 "-" "Sedu/1 CFNetwork/1126 Darwin/19.5.0"
::ffff:127.0.0.1 - - [23/May/2023:11:31:26 +0000] "POST /api/v1/users/register HTTP/1.0" 500 250 "-" "okhttp/4.9.2"
::1 - - [23/May/2023:11:31:26 +0000] "GET /api/v1/wallets/646ca40da32e8316d823e6be? HTTP/1.0" 200 16254 "-" "Sedu/1 CFNetwork/1126 Darwin/19.5.0"
::ffff:127.0.0.1 - - [23/May/2023:11:31:38 +0000] "POST /api/v1/users/login HTTP/1.0" 401 123 "-" "okhttp/4.9.2"
::1 - - [23/May/2023:11:31:54 +0000] "GET /api/v1/users/me? HTTP/1.0" 401 283 "-" "okhttp/4.9.2"
::ffff:127.0.0.1 - - [23/May/2023:11:32:01 +0000] "POST /api/v1/users/register HTTP/1.0" 200 467 "-" "okhttp/4.9.2"
::1 - - [23/May/2023:11:32:02 +0000] "GET /api/v1/users/me? HTTP/1.0" 200 193 "-" "okhttp/4.9.2"
::ffff:127.0.0.1 - - [23/May/2023:11:32:07 +0000] "GET /api/v1/users/me? HTTP/1.0" 304 - "-" "okhttp/4.9.2"
::1 - - [23/May/2023:11:32:12 +0000] "GET /api/v1/users/me? HTTP/1.0" 304 - "-" "okhttp/4.9.2"
::1 - - [23/May/2023:11:32:13 +0000] "GET /api/v1/ads? HTTP/1.0" 304 - "-" "okhttp/4.9.2"
::ffff:127.0.0.1 - - [23/May/2023:11:32:13 +0000] "GET /api/v1/articles? HTTP/1.0" 200 387210 "-" "okhttp/4.9.2"
::ffff:127.0.0.1 - - [23/May/2023:11:32:17 +0000] "POST /api/v1/users/invoice/646ca431a32e8316d823e6d2 HTTP/1.0" 200 50 "-" "okhttp/4.9.2"
::1 - - [23/May/2023:11:32:18 +0000] "GET /api/v1/wallets/646ca441a32e8316d823e6dc? HTTP/1.0" 200 16299 "-" "okhttp/4.9.2"
::1 - - [23/May/2023:11:32:28 +0000] "GET /api/v1/articles/642d55507c1330814fb76325? HTTP/1.0" 200 3410 "-" "okhttp/4.9.2"
::ffff:127.0.0.1 - - [23/May/2023:11:32:36 +0000] "GET /api/v1/users/me? HTTP/1.0" 200 228 "-" "Sedu/1 CFNetwork/1126 Darwin/19.5.0"
::1 - - [23/May/2023:11:32:38 +0000] "GET /api/v1/users/logout? HTTP/1.0" 200 39 "-" "Sedu/1 CFNetwork/1126 Darwin/19.5.0"
::ffff:127.0.0.1 - - [23/May/2023:11:32:38 +0000] "GET /api/v1/users/me? HTTP/1.0" 401 283 "-" "Sedu/1 CFNetwork/1126 Darwin/19.5.0"
::1 - - [23/May/2023:11:32:52 +0000] "POST /api/v1/users/login HTTP/1.0" 200 502 "-" "Sedu/1 CFNetwork/1126 Darwin/19.5.0"
::ffff:127.0.0.1 - - [23/May/2023:11:32:52 +0000] "GET /api/v1/users/me? HTTP/1.0" 304 - "-" "Sedu/1 CFNetwork/1126 Darwin/19.5.0"
::1 - - [23/May/2023:11:33:38 +0000] "GET /api/v1/articles/642d55bf7c1330814fb76345? HTTP/1.0" 200 17955 "-" "okhttp/4.9.2"
::1 - - [23/May/2023:11:33:48 +0000] "GET /api/v1/articles/642d56517c1330814fb7635e? HTTP/1.0" 200 16235 "-" "okhttp/4.9.2"
::ffff:127.0.0.1 - - [23/May/2023:11:33:54 +0000] "GET /api/v1/users/me? HTTP/1.0" 200 229 "-" "Sedu/1 CFNetwork/1406.0.4 Darwin/22.4.0"
::1 - - [23/May/2023:11:33:54 +0000] "GET /api/v1/users/logout? HTTP/1.0" 304 - "-" "Sedu/1 CFNetwork/1406.0.4 Darwin/22.4.0"
::ffff:127.0.0.1 - - [23/May/2023:11:33:55 +0000] "GET /api/v1/users/me? HTTP/1.0" 401 283 "-" "Sedu/1 CFNetwork/1406.0.4 Darwin/22.4.0"
::1 - - [23/May/2023:11:34:05 +0000] "POST /api/v1/users/login HTTP/1.0" 200 503 "-" "Sedu/1 CFNetwork/1406.0.4 Darwin/22.4.0"
::ffff:127.0.0.1 - - [23/May/2023:11:34:05 +0000] "GET /api/v1/users/me? HTTP/1.0" 304 - "-" "Sedu/1 CFNetwork/1406.0.4 Darwin/22.4.0"
::1 - - [23/May/2023:11:34:06 +0000] "GET /api/v1/articles? HTTP/1.0" 200 387210 "-" "Sedu/1 CFNetwork/1406.0.4 Darwin/22.4.0"
::ffff:127.0.0.1 - - [23/May/2023:11:34:06 +0000] "GET /api/v1/ads? HTTP/1.0" 200 633 "-" "Sedu/1 CFNetwork/1406.0.4 Darwin/22.4.0"
::ffff:127.0.0.1 - - [23/May/2023:11:34:11 +0000] "GET /api/v1/articles/642d5b917c1330814fb763ad? HTTP/1.0" 200 5031 "-" "okhttp/4.9.2"
::1 - - [23/May/2023:11:35:14 +0000] "GET /api/v1/articles/642d789c7c1330814fb763e7? HTTP/1.0" 200 6163 "-" "okhttp/4.9.2"
::ffff:127.0.0.1 - - [23/May/2023:11:35:42 +0000] "GET /api/v1/users/me? HTTP/1.0" 304 - "-" "Sedu/1 CFNetwork/1406.0.4 Darwin/22.4.0"
::ffff:127.0.0.1 - - [23/May/2023:11:35:42 +0000] "GET /api/v1/ads? HTTP/1.0" 304 - "-" "Sedu/1 CFNetwork/1406.0.4 Darwin/22.4.0"
::1 - - [23/May/2023:11:35:42 +0000] "GET /api/v1/articles? HTTP/1.0" 304 - "-" "Sedu/1 CFNetwork/1406.0.4 Darwin/22.4.0"
::1 - - [23/May/2023:11:36:00 +0000] "GET /api/v1/articles/642d59727c1330814fb76396? HTTP/1.0" 200 10524 "-" "Sedu/1 CFNetwork/1406.0.4 Darwin/22.4.0"
::ffff:127.0.0.1 - - [23/May/2023:11:36:24 +0000] "GET /api/v1/users/me? HTTP/1.0" 304 - "-" "Sedu/1 CFNetwork/1390 Darwin/22.0.0"
::ffff:127.0.0.1 - - [23/May/2023:11:36:24 +0000] "GET /api/v1/articles/642d5b327c1330814fb763a4? HTTP/1.0" 304 - "-" "Sedu/1 CFNetwork/1390 Darwin/22.0.0"
::1 - - [23/May/2023:11:36:24 +0000] "GET /api/v1/ads? HTTP/1.0" 304 - "-" "Sedu/1 CFNetwork/1390 Darwin/22.0.0"
::1 - - [23/May/2023:11:36:24 +0000] "GET /api/v1/articles? HTTP/1.0" 200 387210 "-" "Sedu/1 CFNetwork/1390 Darwin/22.0.0"
::ffff:127.0.0.1 - - [23/May/2023:11:37:22 +0000] "GET /api/v1/users/me? HTTP/1.0" 401 283 "-" "okhttp/4.9.2"
::ffff:127.0.0.1 - - [23/May/2023:11:37:31 +0000] "GET /api/v1/articles/642d789c7c1330814fb763e7? HTTP/1.0" 200 6163 "-" "Sedu/1 CFNetwork/1406.0.4 Darwin/22.4.0"
::1 - - [23/May/2023:11:37:36 +0000] "POST /api/v1/users/login HTTP/1.0" 200 505 "-" "okhttp/4.9.2"
::ffff:127.0.0.1 - - [23/May/2023:11:37:36 +0000] "GET /api/v1/users/me? HTTP/1.0" 304 - "-" "okhttp/4.9.2"
::ffff:127.0.0.1 - - [23/May/2023:11:37:37 +0000] "GET /api/v1/ads? HTTP/1.0" 304 - "-" "okhttp/4.9.2"
::1 - - [23/May/2023:11:37:37 +0000] "GET /api/v1/articles? HTTP/1.0" 200 387210 "-" "okhttp/4.9.2"
::ffff:127.0.0.1 - - [23/May/2023:11:37:39 +0000] "GET /api/v1/users/me? HTTP/1.0" 401 283 "-" "okhttp/4.9.2"
::1 - - [23/May/2023:11:38:37 +0000] "GET /api/v1/users/me? HTTP/1.0" 304 - "-" "okhttp/4.9.2"
::1 - - [23/May/2023:11:38:38 +0000] "GET /api/v1/ads? HTTP/1.0" 304 - "-" "okhttp/4.9.2"
::ffff:127.0.0.1 - - [23/May/2023:11:38:38 +0000] "GET /api/v1/articles? HTTP/1.0" 304 - "-" "okhttp/4.9.2"
::ffff:127.0.0.1 - - [23/May/2023:11:38:46 +0000] "GET /api/v1/users/me? HTTP/1.0" 304 - "-" "okhttp/4.9.2"
::ffff:127.0.0.1 - - [23/May/2023:11:38:47 +0000] "GET /api/v1/ads? HTTP/1.0" 304 - "-" "okhttp/4.9.2"
::1 - - [23/May/2023:11:38:47 +0000] "GET /api/v1/articles? HTTP/1.0" 304 - "-" "okhttp/4.9.2"
::1 - - [23/May/2023:11:39:04 +0000] "GET /api/v1/users/me? HTTP/1.0" 304 - "-" "okhttp/4.9.2"
::1 - - [23/May/2023:11:39:05 +0000] "GET /api/v1/ads? HTTP/1.0" 304 - "-" "okhttp/4.9.2"
::ffff:127.0.0.1 - - [23/May/2023:11:39:05 +0000] "GET /api/v1/articles? HTTP/1.0" 304 - "-" "okhttp/4.9.2"
::ffff:127.0.0.1 - - [23/May/2023:11:39:06 +0000] "GET /api/v1/users/me? HTTP/1.0" 304 - "-" "okhttp/4.9.2"
::1 - - [23/May/2023:11:39:08 +0000] "GET /api/v1/users/logout? HTTP/1.0" 304 - "-" "okhttp/4.9.2"
::1 - - [23/May/2023:11:39:09 +0000] "GET /api/v1/articles? HTTP/1.0" 401 283 "-" "okhttp/4.9.2"
::ffff:127.0.0.1 - - [23/May/2023:11:39:09 +0000] "GET /api/v1/ads? HTTP/1.0" 304 - "-" "okhttp/4.9.2"
::ffff:127.0.0.1 - - [23/May/2023:11:39:09 +0000] "GET /api/v1/users/me? HTTP/1.0" 401 283 "-" "okhttp/4.9.2"
::1 - - [23/May/2023:11:39:09 +0000] "GET /api/v1/users/me? HTTP/1.0" 401 283 "-" "okhttp/4.9.2"
::ffff:127.0.0.1 - - [23/May/2023:11:40:11 +0000] "GET /api/v1/users/me? HTTP/1.0" 304 - "-" "Sedu/1 CFNetwork/1406.0.4 Darwin/22.4.0"
::ffff:127.0.0.1 - - [23/May/2023:11:40:12 +0000] "GET /api/v1/ads? HTTP/1.0" 304 - "-" "Sedu/1 CFNetwork/1406.0.4 Darwin/22.4.0"
::1 - - [23/May/2023:11:40:12 +0000] "GET /api/v1/articles? HTTP/1.0" 200 387210 "-" "Sedu/1 CFNetwork/1406.0.4 Darwin/22.4.0"
::1 - - [23/May/2023:11:40:24 +0000] "GET /api/v1/articles/642d4fba7c1330814fb762d8? HTTP/1.0" 200 8050 "-" "Sedu/1 CFNetwork/1406.0.4 Darwin/22.4.0"
::1 - - [23/May/2023:11:41:07 +0000] "GET /api/v1/articles/642e321a7c1330814fb7648b? HTTP/1.0" 200 2221 "-" "Sedu/1 CFNetwork/1406.0.4 Darwin/22.4.0"
::ffff:127.0.0.1 - - [23/May/2023:11:42:35 +0000] "GET /api/v1/users/me? HTTP/1.0" 304 - "-" "Sedu/1 CFNetwork/1406.0.4 Darwin/22.4.0"
::ffff:127.0.0.1 - - [23/May/2023:11:42:36 +0000] "GET /api/v1/ads? HTTP/1.0" 304 - "-" "Sedu/1 CFNetwork/1406.0.4 Darwin/22.4.0"
::1 - - [23/May/2023:11:42:36 +0000] "GET /api/v1/articles? HTTP/1.0" 200 387210 "-" "Sedu/1 CFNetwork/1406.0.4 Darwin/22.4.0"
::1 - - [23/May/2023:11:42:54 +0000] "GET /api/v1/articles/642d57947c1330814fb76374? HTTP/1.0" 200 11505 "-" "Sedu/1 CFNetwork/1406.0.4 Darwin/22.4.0"
::ffff:127.0.0.1 - - [23/May/2023:11:44:54 +0000] "GET /api/v1/users/me? HTTP/1.0" 401 283 "-" "Sedu/1 CFNetwork/1406.0.4 Darwin/22.4.0"
::1 - - [23/May/2023:11:45:09 +0000] "POST /api/v1/users/register HTTP/1.0" 500 248 "-" "Sedu/1 CFNetwork/1406.0.4 Darwin/22.4.0"
::ffff:127.0.0.1 - - [23/May/2023:11:45:21 +0000] "POST /api/v1/users/register HTTP/1.0" 200 464 "-" "Sedu/1 CFNetwork/1406.0.4 Darwin/22.4.0"
::1 - - [23/May/2023:11:45:21 +0000] "GET /api/v1/users/me? HTTP/1.0" 200 190 "-" "Sedu/1 CFNetwork/1406.0.4 Darwin/22.4.0"
::ffff:127.0.0.1 - - [23/May/2023:11:45:31 +0000] "GET /api/v1/users/logout? HTTP/1.0" 200 39 "-" "Sedu/1 CFNetwork/1406.0.4 Darwin/22.4.0"
::1 - - [23/May/2023:11:45:32 +0000] "GET /api/v1/users/me? HTTP/1.0" 401 283 "-" "Sedu/1 CFNetwork/1406.0.4 Darwin/22.4.0"
::ffff:127.0.0.1 - - [23/May/2023:11:46:40 +0000] "GET /api/v1/ads? HTTP/1.0" 304 - "-" "Sedu/1 CFNetwork/1335.0.3.1 Darwin/21.6.0"
::1 - - [23/May/2023:11:46:40 +0000] "GET /api/v1/users/me? HTTP/1.0" 304 - "-" "Sedu/1 CFNetwork/1335.0.3.1 Darwin/21.6.0"
::ffff:127.0.0.1 - - [23/May/2023:11:46:40 +0000] "GET /api/v1/articles/642d55bf7c1330814fb76345? HTTP/1.0" 304 - "-" "Sedu/1 CFNetwork/1335.0.3.1 Darwin/21.6.0"
::1 - - [23/May/2023:11:46:41 +0000] "GET /api/v1/articles? HTTP/1.0" 304 - "-" "Sedu/1 CFNetwork/1335.0.3.1 Darwin/21.6.0"
::1 - - [23/May/2023:11:49:59 +0000] "GET /api/v1/articles/642d56517c1330814fb7635e? HTTP/1.0" 200 16235 "-" "Sedu/1 CFNetwork/1335.0.3.1 Darwin/21.6.0"
::ffff:127.0.0.1 - - [23/May/2023:11:51:37 +0000] "GET /api/v1/users/me? HTTP/1.0" 401 283 "-" "Sedu/1 CFNetwork/1406.0.4 Darwin/22.4.0"
::1 - - [23/May/2023:11:51:55 +0000] "POST /api/v1/users/register HTTP/1.0" 500 247 "-" "Sedu/1 CFNetwork/1406.0.4 Darwin/22.4.0"
::ffff:127.0.0.1 - - [23/May/2023:11:51:57 +0000] "POST /api/v1/users/register HTTP/1.0" 500 247 "-" "Sedu/1 CFNetwork/1406.0.4 Darwin/22.4.0"
::1 - - [23/May/2023:11:52:08 +0000] "POST /api/v1/users/register HTTP/1.0" 200 465 "-" "Sedu/1 CFNetwork/1406.0.4 Darwin/22.4.0"
::ffff:127.0.0.1 - - [23/May/2023:11:52:08 +0000] "GET /api/v1/users/me? HTTP/1.0" 200 191 "-" "Sedu/1 CFNetwork/1406.0.4 Darwin/22.4.0"
::1 - - [23/May/2023:11:52:15 +0000] "GET /api/v1/users/logout? HTTP/1.0" 200 39 "-" "Sedu/1 CFNetwork/1406.0.4 Darwin/22.4.0"
::ffff:127.0.0.1 - - [23/May/2023:11:52:15 +0000] "GET /api/v1/users/me? HTTP/1.0" 401 283 "-" "Sedu/1 CFNetwork/1406.0.4 Darwin/22.4.0"
::1 - - [23/May/2023:11:53:17 +0000] "GET /api/v1/articles/642e31187c1330814fb76474? HTTP/1.0" 200 3038 "-" "Sedu/1 CFNetwork/1335.0.3.1 Darwin/21.6.0"
::ffff:127.0.0.1 - - [23/May/2023:11:54:00 +0000] "GET /api/v1/articles/642e3f507c1330814fb764ef? HTTP/1.0" 200 1467 "-" "Sedu/1 CFNetwork/1335.0.3.1 Darwin/21.6.0"
::1 - - [23/May/2023:11:54:37 +0000] "GET /api/v1/users/me? HTTP/1.0" 401 283 "-" "Sedu/1 CFNetwork/1240.0.4 Darwin/20.6.0"
::ffff:127.0.0.1 - - [23/May/2023:11:54:51 +0000] "POST /api/v1/users/register HTTP/1.0" 200 468 "-" "Sedu/1 CFNetwork/1240.0.4 Darwin/20.6.0"
::1 - - [23/May/2023:11:54:51 +0000] "GET /api/v1/users/me? HTTP/1.0" 200 194 "-" "Sedu/1 CFNetwork/1240.0.4 Darwin/20.6.0"
::ffff:127.0.0.1 - - [23/May/2023:11:54:56 +0000] "GET /api/v1/users/me? HTTP/1.0" 304 - "-" "Sedu/1 CFNetwork/1240.0.4 Darwin/20.6.0"
::1 - - [23/May/2023:11:55:09 +0000] "POST /api/v1/users/invoice/646ca98aa32e8316d823e743 HTTP/1.0" 200 50 "-" "Sedu/1 CFNetwork/1240.0.4 Darwin/20.6.0"
::ffff:127.0.0.1 - - [23/May/2023:11:55:09 +0000] "GET /api/v1/wallets/646ca99da32e8316d823e748? HTTP/1.0" 200 15875 "-" "Sedu/1 CFNetwork/1240.0.4 Darwin/20.6.0"
::1 - - [23/May/2023:11:55:22 +0000] "GET /api/v1/articles/64607a73a32e8316d822e51b? HTTP/1.0" 200 8468 "-" "Sedu/1 CFNetwork/1335.0.3.1 Darwin/21.6.0"
::ffff:127.0.0.1 - - [23/May/2023:11:56:14 +0000] "GET /api/v1/users/me? HTTP/1.0" 304 - "-" "Sedu/1 CFNetwork/1390 Darwin/22.0.0"
::1 - - [23/May/2023:11:56:14 +0000] "GET /api/v1/articles? HTTP/1.0" 200 387210 "-" "Sedu/1 CFNetwork/1390 Darwin/22.0.0"
::ffff:127.0.0.1 - - [23/May/2023:11:56:14 +0000] "GET /api/v1/ads? HTTP/1.0" 304 - "-" "Sedu/1 CFNetwork/1390 Darwin/22.0.0"
::1 - - [23/May/2023:11:56:14 +0000] "GET /api/v1/users/me? HTTP/1.0" 401 283 "-" "Sedu/1 CFNetwork/1406.0.4 Darwin/22.4.0"
::ffff:127.0.0.1 - - [23/May/2023:11:57:16 +0000] "GET /api/v1/users/me? HTTP/1.0" 304 - "-" "Sedu/1 CFNetwork/1390 Darwin/22.0.0"
::1 - - [23/May/2023:11:57:16 +0000] "GET /api/v1/ads? HTTP/1.0" 304 - "-" "Sedu/1 CFNetwork/1390 Darwin/22.0.0"
::1 - - [23/May/2023:11:57:16 +0000] "GET /api/v1/articles? HTTP/1.0" 304 - "-" "Sedu/1 CFNetwork/1390 Darwin/22.0.0"
::ffff:127.0.0.1 - - [23/May/2023:11:57:17 +0000] "GET /api/v1/articles/64608634a32e8316d822e5bd? HTTP/1.0" 200 3753 "-" "Sedu/1 CFNetwork/1335.0.3.1 Darwin/21.6.0"
::1 - - [23/May/2023:11:57:25 +0000] "GET /api/v1/articles/646082bca32e8316d822e594? HTTP/1.0" 200 6579 "-" "Sedu/1 CFNetwork/1390 Darwin/22.0.0"
