::ffff:127.0.0.1 - - [09/Jun/2023:07:52:37 +0000] "GET /api/v1/articles/642d4c587c1330814fb76297? HTTP/1.0" 200 22271 "-" "Sedu/1 CFNetwork/1399 Darwin/22.1.0"
::1 - - [09/Jun/2023:07:52:44 +0000] "GET /api/v1/users/me? HTTP/1.0" 304 - "-" "Sedu/1 CFNetwork/1399 Darwin/22.1.0"
::1 - - [09/Jun/2023:07:52:44 +0000] "GET /api/v1/ads? HTTP/1.0" 304 - "-" "Sedu/1 CFNetwork/1399 Darwin/22.1.0"
::ffff:127.0.0.1 - - [09/Jun/2023:07:52:44 +0000] "GET /api/v1/articles? HTTP/1.0" 304 - "-" "Sedu/1 CFNetwork/1399 Darwin/22.1.0"
::ffff:127.0.0.1 - - [09/Jun/2023:07:52:44 +0000] "GET /api/v1/users/me? HTTP/1.0" 304 - "-" "Sedu/1 CFNetwork/1399 Darwin/22.1.0"
::ffff:127.0.0.1 - - [09/Jun/2023:07:52:51 +0000] "GET /api/v1/users/me? HTTP/1.0" 304 - "-" "Sedu/1 CFNetwork/1399 Darwin/22.1.0"
::1 - - [09/Jun/2023:07:52:51 +0000] "GET /api/v1/ads? HTTP/1.0" 304 - "-" "Sedu/1 CFNetwork/1399 Darwin/22.1.0"
::ffff:127.0.0.1 - - [09/Jun/2023:07:52:51 +0000] "GET /api/v1/users/me? HTTP/1.0" 304 - "-" "Sedu/1 CFNetwork/1399 Darwin/22.1.0"
::1 - - [09/Jun/2023:07:52:51 +0000] "GET /api/v1/articles? HTTP/1.0" 304 - "-" "Sedu/1 CFNetwork/1399 Darwin/22.1.0"
::1 - - [09/Jun/2023:07:52:55 +0000] "GET /api/v1/articles/642d4efb7c1330814fb762cf? HTTP/1.0" 200 10100 "-" "Sedu/1 CFNetwork/1399 Darwin/22.1.0"
::ffff:127.0.0.1 - - [09/Jun/2023:07:53:00 +0000] "GET /api/v1/users/me? HTTP/1.0" 401 283 "-" "Sedu/1 CFNetwork/1404.0.5 Darwin/22.3.0"
::1 - - [09/Jun/2023:07:53:20 +0000] "POST /api/v1/users/login HTTP/1.0" 401 123 "-" "Sedu/1 CFNetwork/1404.0.5 Darwin/22.3.0"
::ffff:127.0.0.1 - - [09/Jun/2023:07:53:32 +0000] "POST /api/v1/users/login HTTP/1.0" 200 503 "-" "Sedu/1 CFNetwork/1404.0.5 Darwin/22.3.0"
::1 - - [09/Jun/2023:07:53:32 +0000] "GET /api/v1/users/me? HTTP/1.0" 200 229 "-" "Sedu/1 CFNetwork/1404.0.5 Darwin/22.3.0"
::1 - - [09/Jun/2023:07:53:33 +0000] "GET /api/v1/ads? HTTP/1.0" 200 633 "-" "Sedu/1 CFNetwork/1404.0.5 Darwin/22.3.0"
::ffff:127.0.0.1 - - [09/Jun/2023:07:53:33 +0000] "GET /api/v1/articles? HTTP/1.0" 200 432680 "-" "Sedu/1 CFNetwork/1404.0.5 Darwin/22.3.0"
::1 - - [09/Jun/2023:07:53:51 +0000] "GET /api/v1/users/me? HTTP/1.0" 304 - "-" "Sedu/1 CFNetwork/1399 Darwin/22.1.0"
::1 - - [09/Jun/2023:07:53:51 +0000] "GET /api/v1/articles/642d55bf7c1330814fb76345? HTTP/1.0" 304 - "-" "Sedu/1 CFNetwork/1399 Darwin/22.1.0"
::ffff:127.0.0.1 - - [09/Jun/2023:07:53:51 +0000] "GET /api/v1/ads? HTTP/1.0" 304 - "-" "Sedu/1 CFNetwork/1399 Darwin/22.1.0"
::ffff:127.0.0.1 - - [09/Jun/2023:07:53:51 +0000] "GET /api/v1/articles? HTTP/1.0" 304 - "-" "Sedu/1 CFNetwork/1399 Darwin/22.1.0"
::1 - - [09/Jun/2023:07:54:39 +0000] "GET /api/v1/users/me? HTTP/1.0" 401 283 "-" "Sedu/1 CFNetwork/1408.0.4 Darwin/22.5.0"
::ffff:127.0.0.1 - - [09/Jun/2023:07:54:52 +0000] "POST / HTTP/1.0" 404 140 "-" "Mozilla/5.0 (X11; Linux x86_64) AppleWebKit/537.36 (KHTML, like Gecko) Chrome/81.0.4044.129 Safari/537.36"
::1 - - [09/Jun/2023:07:54:52 +0000] "GET /.env HTTP/1.0" 404 143 "-" "Mozilla/5.0 (X11; Linux x86_64) AppleWebKit/537.36 (KHTML, like Gecko) Chrome/81.0.4044.129 Safari/537.36"
::ffff:127.0.0.1 - - [09/Jun/2023:07:54:55 +0000] "POST /api/v1/users/register HTTP/1.0" 500 248 "-" "Sedu/1 CFNetwork/1408.0.4 Darwin/22.5.0"
::1 - - [09/Jun/2023:07:55:21 +0000] "POST /api/v1/users/register HTTP/1.0" 500 253 "-" "Sedu/1 CFNetwork/1408.0.4 Darwin/22.5.0"
::ffff:127.0.0.1 - - [09/Jun/2023:07:55:58 +0000] "POST /api/v1/users/register HTTP/1.0" 200 465 "-" "Sedu/1 CFNetwork/1408.0.4 Darwin/22.5.0"
::1 - - [09/Jun/2023:07:55:58 +0000] "GET /api/v1/users/me? HTTP/1.0" 200 191 "-" "Sedu/1 CFNetwork/1408.0.4 Darwin/22.5.0"
::ffff:127.0.0.1 - - [09/Jun/2023:07:56:14 +0000] "GET /api/v1/users/logout? HTTP/1.0" 200 39 "-" "Sedu/1 CFNetwork/1408.0.4 Darwin/22.5.0"
::1 - - [09/Jun/2023:07:56:14 +0000] "GET /api/v1/users/me? HTTP/1.0" 401 283 "-" "Sedu/1 CFNetwork/1408.0.4 Darwin/22.5.0"
::ffff:127.0.0.1 - - [09/Jun/2023:07:56:25 +0000] "GET /api/v1/users/me? HTTP/1.0" 401 283 "-" "Sedu/1 CFNetwork/1408.0.4 Darwin/22.5.0"
::1 - - [09/Jun/2023:07:57:03 +0000] "GET /api/v1/users/me? HTTP/1.0" 304 - "-" "Sedu/1 CFNetwork/1390 Darwin/22.0.0"
::1 - - [09/Jun/2023:07:57:04 +0000] "GET /api/v1/ads? HTTP/1.0" 304 - "-" "Sedu/1 CFNetwork/1390 Darwin/22.0.0"
::ffff:127.0.0.1 - - [09/Jun/2023:07:57:04 +0000] "GET /api/v1/articles? HTTP/1.0" 200 432680 "-" "Sedu/1 CFNetwork/1390 Darwin/22.0.0"
::ffff:127.0.0.1 - - [09/Jun/2023:07:57:22 +0000] "GET /api/v1/users/me? HTTP/1.0" 304 - "-" "Sedu/1 CFNetwork/1390 Darwin/22.0.0"
::1 - - [09/Jun/2023:07:57:25 +0000] "GET /api/v1/users/logout? HTTP/1.0" 304 - "-" "Sedu/1 CFNetwork/1390 Darwin/22.0.0"
::ffff:127.0.0.1 - - [09/Jun/2023:07:57:25 +0000] "GET /api/v1/articles? HTTP/1.0" 401 283 "-" "Sedu/1 CFNetwork/1390 Darwin/22.0.0"
::1 - - [09/Jun/2023:07:57:25 +0000] "GET /api/v1/users/me? HTTP/1.0" 401 283 "-" "Sedu/1 CFNetwork/1390 Darwin/22.0.0"
::1 - - [09/Jun/2023:07:57:25 +0000] "GET /api/v1/users/me? HTTP/1.0" 401 283 "-" "Sedu/1 CFNetwork/1390 Darwin/22.0.0"
::ffff:127.0.0.1 - - [09/Jun/2023:07:57:26 +0000] "GET /api/v1/ads? HTTP/1.0" 304 - "-" "Sedu/1 CFNetwork/1390 Darwin/22.0.0"
::1 - - [09/Jun/2023:07:58:38 +0000] "GET /api/v1/users/me? HTTP/1.0" 304 - "-" "Sedu/1 CFNetwork/1390 Darwin/22.0.0"
::1 - - [09/Jun/2023:07:58:38 +0000] "GET /api/v1/users/me? HTTP/1.0" 304 - "-" "Sedu/1 CFNetwork/1390 Darwin/22.0.0"
::ffff:127.0.0.1 - - [09/Jun/2023:07:58:38 +0000] "GET /api/v1/ads? HTTP/1.0" 304 - "-" "Sedu/1 CFNetwork/1390 Darwin/22.0.0"
::ffff:127.0.0.1 - - [09/Jun/2023:07:58:38 +0000] "GET /api/v1/articles? HTTP/1.0" 304 - "-" "Sedu/1 CFNetwork/1390 Darwin/22.0.0"
::1 - - [09/Jun/2023:07:58:40 +0000] "GET /api/v1/articles/642d4ce07c1330814fb762a6? HTTP/1.0" 200 10683 "-" "Sedu/1 CFNetwork/1390 Darwin/22.0.0"
::1 - - [09/Jun/2023:07:58:53 +0000] "GET /api/v1/users/me? HTTP/1.0" 401 283 "-" "Sedu/1 CFNetwork/1408.0.4 Darwin/22.5.0"
::ffff:127.0.0.1 - - [09/Jun/2023:07:59:15 +0000] "POST /api/v1/users/register HTTP/1.0" 200 463 "-" "Sedu/1 CFNetwork/1408.0.4 Darwin/22.5.0"
::1 - - [09/Jun/2023:07:59:15 +0000] "GET /api/v1/users/me? HTTP/1.0" 200 189 "-" "Sedu/1 CFNetwork/1408.0.4 Darwin/22.5.0"
::ffff:127.0.0.1 - - [09/Jun/2023:07:59:28 +0000] "GET /api/v1/users/me? HTTP/1.0" 304 - "-" "Sedu/1 CFNetwork/1408.0.4 Darwin/22.5.0"
::1 - - [09/Jun/2023:07:59:34 +0000] "POST /api/v1/users/invoice/6482dbd3a32e8316d8263dbf HTTP/1.0" 200 50 "-" "Sedu/1 CFNetwork/1408.0.4 Darwin/22.5.0"
::ffff:127.0.0.1 - - [09/Jun/2023:07:59:35 +0000] "GET /api/v1/wallets/6482dbe6a32e8316d8263dc4? HTTP/1.0" 200 16223 "-" "Sedu/1 CFNetwork/1408.0.4 Darwin/22.5.0"
::1 - - [09/Jun/2023:07:59:41 +0000] "GET /api/v1/users/logout? HTTP/1.0" 200 39 "-" "Sedu/1 CFNetwork/1408.0.4 Darwin/22.5.0"
::ffff:127.0.0.1 - - [09/Jun/2023:07:59:41 +0000] "GET /api/v1/users/me? HTTP/1.0" 401 283 "-" "Sedu/1 CFNetwork/1408.0.4 Darwin/22.5.0"
::1 - - [09/Jun/2023:08:02:13 +0000] "GET /api/v1/users/me? HTTP/1.0" 401 283 "-" "Sedu/1 CFNetwork/1125.2 Darwin/19.4.0"
::ffff:127.0.0.1 - - [09/Jun/2023:08:02:35 +0000] "POST /api/v1/users/register HTTP/1.0" 200 465 "-" "Sedu/1 CFNetwork/1125.2 Darwin/19.4.0"
::1 - - [09/Jun/2023:08:02:35 +0000] "GET /api/v1/users/me? HTTP/1.0" 200 191 "-" "Sedu/1 CFNetwork/1125.2 Darwin/19.4.0"
::ffff:127.0.0.1 - - [09/Jun/2023:08:04:47 +0000] "GET /api/v1/users/me? HTTP/1.0" 500 117 "-" "okhttp/4.9.2"
::1 - - [09/Jun/2023:08:04:47 +0000] "GET /api/v1/articles? HTTP/1.0" 500 117 "-" "okhttp/4.9.2"
::ffff:127.0.0.1 - - [09/Jun/2023:08:04:47 +0000] "GET /api/v1/ads? HTTP/1.0" 304 - "-" "okhttp/4.9.2"
::1 - - [09/Jun/2023:08:05:53 +0000] "GET /api/v1/users/me? HTTP/1.0" 500 117 "-" "okhttp/4.9.2"
::ffff:127.0.0.1 - - [09/Jun/2023:08:05:53 +0000] "GET /api/v1/articles? HTTP/1.0" 500 117 "-" "okhttp/4.9.2"
::1 - - [09/Jun/2023:08:06:15 +0000] "GET /api/v1/users/me? HTTP/1.0" 401 283 "-" "Sedu/1 CFNetwork/1408.0.4 Darwin/22.5.0"
::ffff:127.0.0.1 - - [09/Jun/2023:08:06:28 +0000] "POST /api/v1/users/register HTTP/1.0" 200 463 "-" "Sedu/1 CFNetwork/1408.0.4 Darwin/22.5.0"
::1 - - [09/Jun/2023:08:06:28 +0000] "GET /api/v1/users/me? HTTP/1.0" 200 189 "-" "Sedu/1 CFNetwork/1408.0.4 Darwin/22.5.0"
::ffff:127.0.0.1 - - [09/Jun/2023:08:06:36 +0000] "GET /api/v1/users/me? HTTP/1.0" 401 283 "-" "Sedu/1 CFNetwork/1408.0.4 Darwin/22.5.0"
::1 - - [09/Jun/2023:08:06:37 +0000] "GET /api/v1/users/me? HTTP/1.0" 304 - "-" "Sedu/1 CFNetwork/1408.0.4 Darwin/22.5.0"
::ffff:127.0.0.1 - - [09/Jun/2023:08:06:45 +0000] "POST /api/v1/users/invoice/6482dd84a32e8316d8263dda HTTP/1.0" 200 50 "-" "Sedu/1 CFNetwork/1408.0.4 Darwin/22.5.0"
::1 - - [09/Jun/2023:08:06:45 +0000] "GET /api/v1/wallets/6482dd95a32e8316d8263ddf? HTTP/1.0" 200 16243 "-" "Sedu/1 CFNetwork/1408.0.4 Darwin/22.5.0"
::ffff:127.0.0.1 - - [09/Jun/2023:08:06:50 +0000] "POST /api/v1/users/register HTTP/1.0" 500 250 "-" "Sedu/1 CFNetwork/1408.0.4 Darwin/22.5.0"
::1 - - [09/Jun/2023:08:06:58 +0000] "POST /api/v1/users/register HTTP/1.0" 500 249 "-" "Sedu/1 CFNetwork/1408.0.4 Darwin/22.5.0"
::ffff:127.0.0.1 - - [09/Jun/2023:08:07:00 +0000] "POST /api/v1/users/register HTTP/1.0" 500 249 "-" "Sedu/1 CFNetwork/1408.0.4 Darwin/22.5.0"
::1 - - [09/Jun/2023:08:07:05 +0000] "GET /api/v1/users/callbacks/6482dd84a32e8316d8263dda/20000?qpay_payment_id=077970143640120 HTTP/1.0" 200 228 "-" "node-fetch/1.0 (+https://github.com/bitinn/node-fetch)"
::ffff:127.0.0.1 - - [09/Jun/2023:08:07:05 +0000] "POST /api/v1/users/register HTTP/1.0" 500 248 "-" "Sedu/1 CFNetwork/1408.0.4 Darwin/22.5.0"
::1 - - [09/Jun/2023:08:07:08 +0000] "GET /api/v1/users/me? HTTP/1.0" 200 228 "-" "Sedu/1 CFNetwork/1408.0.4 Darwin/22.5.0"
::ffff:127.0.0.1 - - [09/Jun/2023:08:07:09 +0000] "GET /api/v1/articles? HTTP/1.0" 200 432680 "-" "Sedu/1 CFNetwork/1408.0.4 Darwin/22.5.0"
::1 - - [09/Jun/2023:08:07:09 +0000] "GET /api/v1/ads? HTTP/1.0" 200 633 "-" "Sedu/1 CFNetwork/1408.0.4 Darwin/22.5.0"
::1 - - [09/Jun/2023:08:07:10 +0000] "POST /api/v1/users/register HTTP/1.0" 500 248 "-" "Sedu/1 CFNetwork/1408.0.4 Darwin/22.5.0"
::ffff:127.0.0.1 - - [09/Jun/2023:08:07:19 +0000] "POST /api/v1/users/register HTTP/1.0" 500 249 "-" "Sedu/1 CFNetwork/1408.0.4 Darwin/22.5.0"
::1 - - [09/Jun/2023:08:07:23 +0000] "GET /api/v1/articles/642d55507c1330814fb76325? HTTP/1.0" 200 3410 "-" "Sedu/1 CFNetwork/1408.0.4 Darwin/22.5.0"
::ffff:127.0.0.1 - - [09/Jun/2023:08:07:26 +0000] "POST /api/v1/users/register HTTP/1.0" 500 249 "-" "Sedu/1 CFNetwork/1408.0.4 Darwin/22.5.0"
::ffff:127.0.0.1 - - [09/Jun/2023:08:07:31 +0000] "GET /api/v1/articles/642d56517c1330814fb7635e? HTTP/1.0" 200 16235 "-" "Sedu/1 CFNetwork/1408.0.4 Darwin/22.5.0"
::1 - - [09/Jun/2023:08:07:51 +0000] "POST /api/v1/users/register HTTP/1.0" 500 249 "-" "Sedu/1 CFNetwork/1408.0.4 Darwin/22.5.0"
::ffff:127.0.0.1 - - [09/Jun/2023:08:07:52 +0000] "POST /api/v1/users/register HTTP/1.0" 500 249 "-" "Sedu/1 CFNetwork/1408.0.4 Darwin/22.5.0"
::ffff:127.0.0.1 - - [09/Jun/2023:08:07:52 +0000] "POST /api/v1/users/register HTTP/1.0" 500 249 "-" "Sedu/1 CFNetwork/1408.0.4 Darwin/22.5.0"
::1 - - [09/Jun/2023:08:07:52 +0000] "POST /api/v1/users/register HTTP/1.0" 500 249 "-" "Sedu/1 CFNetwork/1408.0.4 Darwin/22.5.0"
::1 - - [09/Jun/2023:08:07:52 +0000] "POST /api/v1/users/register HTTP/1.0" 500 249 "-" "Sedu/1 CFNetwork/1408.0.4 Darwin/22.5.0"
::ffff:127.0.0.1 - - [09/Jun/2023:08:07:52 +0000] "POST /api/v1/users/register HTTP/1.0" 500 249 "-" "Sedu/1 CFNetwork/1408.0.4 Darwin/22.5.0"
::1 - - [09/Jun/2023:08:08:16 +0000] "POST /api/v1/users/register HTTP/1.0" 200 465 "-" "Sedu/1 CFNetwork/1408.0.4 Darwin/22.5.0"
::ffff:127.0.0.1 - - [09/Jun/2023:08:08:16 +0000] "GET /api/v1/users/me? HTTP/1.0" 200 191 "-" "Sedu/1 CFNetwork/1408.0.4 Darwin/22.5.0"
::1 - - [09/Jun/2023:08:08:23 +0000] "GET /api/v1/users/logout? HTTP/1.0" 200 39 "-" "Sedu/1 CFNetwork/1408.0.4 Darwin/22.5.0"
::ffff:127.0.0.1 - - [09/Jun/2023:08:08:23 +0000] "GET /api/v1/users/me? HTTP/1.0" 401 283 "-" "Sedu/1 CFNetwork/1408.0.4 Darwin/22.5.0"
::1 - - [09/Jun/2023:08:09:17 +0000] "GET /api/v1/users/me? HTTP/1.0" 401 283 "-" "Sedu/1 CFNetwork/1335.0.3 Darwin/21.6.0"
::ffff:127.0.0.1 - - [09/Jun/2023:08:14:07 +0000] "GET /api/v1/users/me? HTTP/1.0" 304 - "-" "Sedu/1 CFNetwork/1399 Darwin/22.1.0"
::ffff:127.0.0.1 - - [09/Jun/2023:08:14:07 +0000] "GET /api/v1/ads? HTTP/1.0" 304 - "-" "Sedu/1 CFNetwork/1399 Darwin/22.1.0"
::1 - - [09/Jun/2023:08:14:07 +0000] "GET /api/v1/articles? HTTP/1.0" 200 432680 "-" "Sedu/1 CFNetwork/1399 Darwin/22.1.0"
::1 - - [09/Jun/2023:08:17:21 +0000] "GET /api/v1/users/me? HTTP/1.0" 304 - "-" "Sedu/1 CFNetwork/1333.0.4 Darwin/21.5.0"
::ffff:127.0.0.1 - - [09/Jun/2023:08:17:48 +0000] "GET /api/v1/users/me? HTTP/1.0" 304 - "-" "Sedu/1 CFNetwork/1333.0.4 Darwin/21.5.0"
::1 - - [09/Jun/2023:08:18:39 +0000] "GET /api/v1/users/me? HTTP/1.0" 401 283 "-" "Sedu/1 CFNetwork/1408.0.4 Darwin/22.5.0"
::1 - - [09/Jun/2023:08:19:30 +0000] "GET /api/v1/users/me? HTTP/1.0" 401 283 "-" "Sedu/1 CFNetwork/1402.0.8 Darwin/22.2.0"
::ffff:127.0.0.1 - - [09/Jun/2023:08:19:45 +0000] "POST /api/v1/users/register HTTP/1.0" 500 245 "-" "Sedu/1 CFNetwork/1402.0.8 Darwin/22.2.0"
::1 - - [09/Jun/2023:08:20:11 +0000] "POST /api/v1/users/register HTTP/1.0" 200 461 "-" "Sedu/1 CFNetwork/1402.0.8 Darwin/22.2.0"
::ffff:127.0.0.1 - - [09/Jun/2023:08:20:11 +0000] "GET /api/v1/users/me? HTTP/1.0" 200 187 "-" "Sedu/1 CFNetwork/1402.0.8 Darwin/22.2.0"
::ffff:127.0.0.1 - - [09/Jun/2023:08:22:08 +0000] "GET /api/v1/users/me? HTTP/1.0" 304 - "-" "Sedu/1 CFNetwork/1399 Darwin/22.1.0"
::ffff:127.0.0.1 - - [09/Jun/2023:08:22:08 +0000] "GET /api/v1/articles/642d55bf7c1330814fb76345? HTTP/1.0" 304 - "-" "Sedu/1 CFNetwork/1399 Darwin/22.1.0"
::1 - - [09/Jun/2023:08:22:08 +0000] "GET /api/v1/ads? HTTP/1.0" 304 - "-" "Sedu/1 CFNetwork/1399 Darwin/22.1.0"
::1 - - [09/Jun/2023:08:22:08 +0000] "GET /api/v1/users/me? HTTP/1.0" 304 - "-" "okhttp/4.9.2"
::1 - - [09/Jun/2023:08:22:08 +0000] "GET /api/v1/articles? HTTP/1.0" 304 - "-" "Sedu/1 CFNetwork/1399 Darwin/22.1.0"
::ffff:127.0.0.1 - - [09/Jun/2023:08:22:09 +0000] "GET /api/v1/articles? HTTP/1.0" 304 - "-" "okhttp/4.9.2"
::1 - - [09/Jun/2023:08:22:09 +0000] "GET /api/v1/ads? HTTP/1.0" 304 - "-" "okhttp/4.9.2"
::ffff:127.0.0.1 - - [09/Jun/2023:08:22:32 +0000] "GET /api/v1/articles/642d4c587c1330814fb76297? HTTP/1.0" 200 22271 "-" "okhttp/4.9.2"
::ffff:127.0.0.1 - - [09/Jun/2023:08:23:19 +0000] "GET /api/v1/articles/642d4c587c1330814fb76297? HTTP/1.0" 200 22271 "-" "Sedu/1 CFNetwork/1399 Darwin/22.1.0"
::1 - - [09/Jun/2023:08:24:12 +0000] "GET /api/v1/users/me? HTTP/1.0" 401 283 "-" "Sedu/1 CFNetwork/1408.0.4 Darwin/22.5.0"
::ffff:127.0.0.1 - - [09/Jun/2023:08:24:29 +0000] "POST /api/v1/users/register HTTP/1.0" 200 463 "-" "Sedu/1 CFNetwork/1408.0.4 Darwin/22.5.0"
::1 - - [09/Jun/2023:08:24:29 +0000] "GET /api/v1/users/me? HTTP/1.0" 200 189 "-" "Sedu/1 CFNetwork/1408.0.4 Darwin/22.5.0"
::ffff:127.0.0.1 - - [09/Jun/2023:08:24:40 +0000] "GET /api/v1/users/logout? HTTP/1.0" 200 39 "-" "Sedu/1 CFNetwork/1408.0.4 Darwin/22.5.0"
::1 - - [09/Jun/2023:08:24:40 +0000] "GET /api/v1/users/me? HTTP/1.0" 401 283 "-" "Sedu/1 CFNetwork/1408.0.4 Darwin/22.5.0"
::ffff:127.0.0.1 - - [09/Jun/2023:08:27:24 +0000] "GET /api/v1/articles/642d7ac57c1330814fb76424? HTTP/1.0" 200 9288 "-" "okhttp/4.9.2"
::1 - - [09/Jun/2023:08:28:14 +0000] "GET /api/v1/articles/642d56517c1330814fb7635e? HTTP/1.0" 200 16235 "-" "Sedu/1 CFNetwork/1399 Darwin/22.1.0"
::ffff:127.0.0.1 - - [09/Jun/2023:08:28:39 +0000] "GET /api/v1/articles/642d7ac57c1330814fb76424? HTTP/1.0" 304 - "-" "okhttp/4.9.2"
::1 - - [09/Jun/2023:08:28:39 +0000] "GET /api/v1/users/me? HTTP/1.0" 304 - "-" "okhttp/4.9.2"
::ffff:127.0.0.1 - - [09/Jun/2023:08:28:39 +0000] "GET /api/v1/ads? HTTP/1.0" 304 - "-" "okhttp/4.9.2"
::1 - - [09/Jun/2023:08:28:39 +0000] "GET /api/v1/articles? HTTP/1.0" 304 - "-" "okhttp/4.9.2"
::ffff:127.0.0.1 - - [09/Jun/2023:08:29:12 +0000] "GET /api/v1/users/me? HTTP/1.0" 401 283 "-" "Sedu/1 CFNetwork/1390 Darwin/22.0.0"
::1 - - [09/Jun/2023:08:29:29 +0000] "GET /api/v1/users/me? HTTP/1.0" 401 283 "-" "Sedu/1 CFNetwork/1408.0.4 Darwin/22.5.0"
::ffff:127.0.0.1 - - [09/Jun/2023:08:29:33 +0000] "GET /api/v1/users/me? HTTP/1.0" 401 283 "-" "Sedu/1 CFNetwork/1408.0.4 Darwin/22.5.0"
::1 - - [09/Jun/2023:08:29:37 +0000] "GET /api/v1/articles/642d7b217c1330814fb76434? HTTP/1.0" 200 4133 "-" "okhttp/4.9.2"
::ffff:127.0.0.1 - - [09/Jun/2023:08:29:47 +0000] "POST /api/v1/users/register HTTP/1.0" 500 248 "-" "Sedu/1 CFNetwork/1408.0.4 Darwin/22.5.0"
::1 - - [09/Jun/2023:08:30:09 +0000] "POST /api/v1/users/register HTTP/1.0" 200 463 "-" "Sedu/1 CFNetwork/1408.0.4 Darwin/22.5.0"
::ffff:127.0.0.1 - - [09/Jun/2023:08:30:10 +0000] "GET /api/v1/users/me? HTTP/1.0" 200 189 "-" "Sedu/1 CFNetwork/1408.0.4 Darwin/22.5.0"
::1 - - [09/Jun/2023:08:30:17 +0000] "GET /api/v1/users/me? HTTP/1.0" 304 - "-" "Sedu/1 CFNetwork/1408.0.4 Darwin/22.5.0"
::ffff:127.0.0.1 - - [09/Jun/2023:08:30:24 +0000] "GET /api/v1/users/logout? HTTP/1.0" 200 39 "-" "Sedu/1 CFNetwork/1408.0.4 Darwin/22.5.0"
::1 - - [09/Jun/2023:08:30:25 +0000] "GET /api/v1/users/me? HTTP/1.0" 401 283 "-" "Sedu/1 CFNetwork/1408.0.4 Darwin/22.5.0"
::1 - - [09/Jun/2023:08:30:51 +0000] "GET /api/v1/articles/642d789c7c1330814fb763e7? HTTP/1.0" 200 6163 "-" "Sedu/1 CFNetwork/1399 Darwin/22.1.0"
::1 - - [09/Jun/2023:08:32:24 +0000] "GET /api/v1/articles/642d79f07c1330814fb76404? HTTP/1.0" 200 11855 "-" "Sedu/1 CFNetwork/1399 Darwin/22.1.0"
::ffff:127.0.0.1 - - [09/Jun/2023:08:32:33 +0000] "GET /api/v1/articles/642d7be67c1330814fb7643d? HTTP/1.0" 200 5356 "-" "okhttp/4.9.2"
::1 - - [09/Jun/2023:08:33:16 +0000] "GET /api/v1/articles/642d7be67c1330814fb7643d? HTTP/1.0" 200 5356 "-" "Sedu/1 CFNetwork/1399 Darwin/22.1.0"
::ffff:127.0.0.1 - - [09/Jun/2023:08:34:01 +0000] "GET /api/v1/users/me? HTTP/1.0" 401 283 "-" "Sedu/1 CFNetwork/1408.0.4 Darwin/22.5.0"
::1 - - [09/Jun/2023:08:34:06 +0000] "POST /vendor/phpunit/phpunit/src/Util/PHP/eval-stdin.php HTTP/1.0" 404 190 "-" "Mozilla/5.0 (Windows NT 10.0; Win64; x64) AppleWebKit/537.36 (KHTML, like Gecko) Chrome/78.0.3904.108 Safari/537.36"
::ffff:127.0.0.1 - - [09/Jun/2023:08:34:28 +0000] "POST /api/v1/users/register HTTP/1.0" 200 465 "-" "Sedu/1 CFNetwork/1408.0.4 Darwin/22.5.0"
::1 - - [09/Jun/2023:08:34:28 +0000] "GET /api/v1/users/me? HTTP/1.0" 200 191 "-" "Sedu/1 CFNetwork/1408.0.4 Darwin/22.5.0"
::ffff:127.0.0.1 - - [09/Jun/2023:08:34:36 +0000] "GET /api/v1/articles/642e36c67c1330814fb764a6? HTTP/1.0" 200 6465 "-" "Sedu/1 CFNetwork/1399 Darwin/22.1.0"
::1 - - [09/Jun/2023:08:34:38 +0000] "GET /api/v1/users/me? HTTP/1.0" 304 - "-" "Sedu/1 CFNetwork/1408.0.4 Darwin/22.5.0"
::ffff:127.0.0.1 - - [09/Jun/2023:08:35:38 +0000] "POST /api/v1/users/invoice/6482e414a32e8316d8263e45 HTTP/1.0" 200 50 "-" "Sedu/1 CFNetwork/1408.0.4 Darwin/22.5.0"
::1 - - [09/Jun/2023:08:35:39 +0000] "GET /api/v1/wallets/6482e45aa32e8316d8263e4b? HTTP/1.0" 200 16129 "-" "Sedu/1 CFNetwork/1408.0.4 Darwin/22.5.0"
::ffff:127.0.0.1 - - [09/Jun/2023:08:36:21 +0000] "GET /api/v1/users/callbacks/6482e414a32e8316d8263e45/20000?qpay_payment_id=955680804248354 HTTP/1.0" 200 230 "-" "node-fetch/1.0 (+https://github.com/bitinn/node-fetch)"
::1 - - [09/Jun/2023:08:36:24 +0000] "GET /api/v1/articles/642e38197c1330814fb764af? HTTP/1.0" 200 5954 "-" "Sedu/1 CFNetwork/1399 Darwin/22.1.0"
::ffff:127.0.0.1 - - [09/Jun/2023:08:36:25 +0000] "GET /api/v1/users/me? HTTP/1.0" 200 230 "-" "Sedu/1 CFNetwork/1408.0.4 Darwin/22.5.0"
::1 - - [09/Jun/2023:08:36:25 +0000] "GET /api/v1/wallets/6482e45aa32e8316d8263e4b? HTTP/1.0" 304 - "-" "Sedu/1 CFNetwork/1408.0.4 Darwin/22.5.0"
::ffff:127.0.0.1 - - [09/Jun/2023:08:36:42 +0000] "GET /api/v1/users/logout? HTTP/1.0" 200 39 "-" "Sedu/1 CFNetwork/1408.0.4 Darwin/22.5.0"
::1 - - [09/Jun/2023:08:36:42 +0000] "GET /api/v1/users/me? HTTP/1.0" 401 283 "-" "Sedu/1 CFNetwork/1408.0.4 Darwin/22.5.0"
::ffff:127.0.0.1 - - [09/Jun/2023:08:36:56 +0000] "POST /api/v1/users/login HTTP/1.0" 200 504 "-" "Sedu/1 CFNetwork/1408.0.4 Darwin/22.5.0"
::1 - - [09/Jun/2023:08:36:56 +0000] "GET /api/v1/users/me? HTTP/1.0" 304 - "-" "Sedu/1 CFNetwork/1408.0.4 Darwin/22.5.0"
::ffff:127.0.0.1 - - [09/Jun/2023:08:36:57 +0000] "GET /api/v1/articles? HTTP/1.0" 200 432680 "-" "Sedu/1 CFNetwork/1408.0.4 Darwin/22.5.0"
::1 - - [09/Jun/2023:08:36:57 +0000] "GET /api/v1/ads? HTTP/1.0" 200 633 "-" "Sedu/1 CFNetwork/1408.0.4 Darwin/22.5.0"
::ffff:127.0.0.1 - - [09/Jun/2023:08:37:19 +0000] "GET /api/v1/articles/642d55bf7c1330814fb76345? HTTP/1.0" 200 17955 "-" "Sedu/1 CFNetwork/1408.0.4 Darwin/22.5.0"
::ffff:127.0.0.1 - - [09/Jun/2023:08:38:32 +0000] "GET /api/v1/users/me? HTTP/1.0" 304 - "-" "Sedu/1 CFNetwork/1406.0.4 Darwin/22.4.0"
::ffff:127.0.0.1 - - [09/Jun/2023:08:38:33 +0000] "GET /api/v1/ads? HTTP/1.0" 304 - "-" "Sedu/1 CFNetwork/1406.0.4 Darwin/22.4.0"
::1 - - [09/Jun/2023:08:38:33 +0000] "GET /api/v1/articles? HTTP/1.0" 200 432680 "-" "Sedu/1 CFNetwork/1406.0.4 Darwin/22.4.0"
::ffff:127.0.0.1 - - [09/Jun/2023:08:38:40 +0000] "GET /api/v1/users/me? HTTP/1.0" 304 - "-" "Sedu/1 CFNetwork/1406.0.4 Darwin/22.4.0"
::1 - - [09/Jun/2023:08:38:42 +0000] "GET /api/v1/users/me? HTTP/1.0" 304 - "-" "Sedu/1 CFNetwork/1408.0.4 Darwin/22.5.0"
::ffff:127.0.0.1 - - [09/Jun/2023:08:38:43 +0000] "GET /api/v1/articles? HTTP/1.0" 304 - "-" "Sedu/1 CFNetwork/1408.0.4 Darwin/22.5.0"
::1 - - [09/Jun/2023:08:38:43 +0000] "GET /api/v1/ads? HTTP/1.0" 304 - "-" "Sedu/1 CFNetwork/1408.0.4 Darwin/22.5.0"
::1 - - [09/Jun/2023:08:38:49 +0000] "GET /api/v1/articles/642d4c587c1330814fb76297? HTTP/1.0" 304 - "-" "Sedu/1 CFNetwork/1408.0.4 Darwin/22.5.0"
::ffff:127.0.0.1 - - [09/Jun/2023:08:39:48 +0000] "GET /api/v1/articles/642d55bf7c1330814fb76345? HTTP/1.0" 304 - "-" "Sedu/1 CFNetwork/1408.0.4 Darwin/22.5.0"
::ffff:127.0.0.1 - - [09/Jun/2023:08:40:44 +0000] "GET /api/v1/users/me? HTTP/1.0" 304 - "-" "Sedu/1 CFNetwork/1408.0.4 Darwin/22.5.0"
::ffff:127.0.0.1 - - [09/Jun/2023:08:40:51 +0000] "GET /api/v1/articles/642d4c587c1330814fb76297? HTTP/1.0" 200 22271 "-" "Sedu/1 CFNetwork/1408.0.4 Darwin/22.5.0"
::1 - - [09/Jun/2023:08:40:54 +0000] "GET /api/v1/users/me? HTTP/1.0" 304 - "-" "Sedu/1 CFNetwork/1333.0.4 Darwin/21.5.0"
::1 - - [09/Jun/2023:08:40:54 +0000] "GET /api/v1/articles/64800b6aa32e8316d825bba9? HTTP/1.0" 304 - "-" "Sedu/1 CFNetwork/1333.0.4 Darwin/21.5.0"
::ffff:127.0.0.1 - - [09/Jun/2023:08:40:54 +0000] "GET /api/v1/users/me? HTTP/1.0" 304 - "-" "Sedu/1 CFNetwork/1333.0.4 Darwin/21.5.0"
::1 - - [09/Jun/2023:08:40:54 +0000] "GET /api/v1/ads? HTTP/1.0" 304 - "-" "Sedu/1 CFNetwork/1333.0.4 Darwin/21.5.0"
::ffff:127.0.0.1 - - [09/Jun/2023:08:40:54 +0000] "GET /api/v1/articles? HTTP/1.0" 304 - "-" "Sedu/1 CFNetwork/1333.0.4 Darwin/21.5.0"
::ffff:127.0.0.1 - - [09/Jun/2023:08:41:15 +0000] "GET /api/v1/users/me? HTTP/1.0" 304 - "-" "Sedu/1 CFNetwork/1408.0.4 Darwin/22.5.0"
::1 - - [09/Jun/2023:08:41:15 +0000] "GET /api/v1/ads? HTTP/1.0" 304 - "-" "Sedu/1 CFNetwork/1408.0.4 Darwin/22.5.0"
::1 - - [09/Jun/2023:08:41:16 +0000] "GET /api/v1/articles? HTTP/1.0" 304 - "-" "Sedu/1 CFNetwork/1408.0.4 Darwin/22.5.0"
::ffff:127.0.0.1 - - [09/Jun/2023:08:42:04 +0000] "GET /api/v1/articles/642d4c587c1330814fb76297? HTTP/1.0" 304 - "-" "Sedu/1 CFNetwork/1408.0.4 Darwin/22.5.0"
::1 - - [09/Jun/2023:08:43:32 +0000] "GET /api/v1/users/me? HTTP/1.0" 500 117 "-" "Sedu/1 CFNetwork/1408.0.4 Darwin/22.5.0"
::ffff:127.0.0.1 - - [09/Jun/2023:08:43:32 +0000] "GET /api/v1/articles? HTTP/1.0" 500 117 "-" "Sedu/1 CFNetwork/1408.0.4 Darwin/22.5.0"
::1 - - [09/Jun/2023:08:43:33 +0000] "GET /api/v1/ads? HTTP/1.0" 304 - "-" "Sedu/1 CFNetwork/1408.0.4 Darwin/22.5.0"
::1 - - [09/Jun/2023:08:44:46 +0000] "GET /api/v1/users/me? HTTP/1.0" 401 283 "-" "Sedu/1 CFNetwork/1408.0.4 Darwin/22.5.0"
::ffff:127.0.0.1 - - [09/Jun/2023:08:44:57 +0000] "GET /api/v1/users/me? HTTP/1.0" 500 117 "-" "Sedu/1 CFNetwork/1408.0.4 Darwin/22.5.0"
::1 - - [09/Jun/2023:08:44:57 +0000] "GET /api/v1/ads? HTTP/1.0" 304 - "-" "Sedu/1 CFNetwork/1408.0.4 Darwin/22.5.0"
::ffff:127.0.0.1 - - [09/Jun/2023:08:44:57 +0000] "GET /api/v1/articles? HTTP/1.0" 500 117 "-" "Sedu/1 CFNetwork/1408.0.4 Darwin/22.5.0"
::ffff:127.0.0.1 - - [09/Jun/2023:08:46:24 +0000] "GET /api/v1/articles/642d56517c1330814fb7635e? HTTP/1.0" 200 16235 "-" "Sedu/1 CFNetwork/1408.0.4 Darwin/22.5.0"
::ffff:127.0.0.1 - - [09/Jun/2023:08:46:29 +0000] "GET /api/v1/users/me? HTTP/1.0" 401 283 "-" "Sedu/1 CFNetwork/1408.0.4 Darwin/22.5.0"
::1 - - [09/Jun/2023:08:46:39 +0000] "GET /api/v1/users/me? HTTP/1.0" 401 283 "-" "Sedu/1 CFNetwork/1406.0.4 Darwin/22.4.0"
::ffff:127.0.0.1 - - [09/Jun/2023:08:46:59 +0000] "POST /api/v1/users/register HTTP/1.0" 200 463 "-" "Sedu/1 CFNetwork/1408.0.4 Darwin/22.5.0"
::1 - - [09/Jun/2023:08:46:59 +0000] "GET /api/v1/users/me? HTTP/1.0" 200 189 "-" "Sedu/1 CFNetwork/1408.0.4 Darwin/22.5.0"
::ffff:127.0.0.1 - - [09/Jun/2023:08:47:13 +0000] "GET /api/v1/users/logout? HTTP/1.0" 200 39 "-" "Sedu/1 CFNetwork/1408.0.4 Darwin/22.5.0"
::1 - - [09/Jun/2023:08:47:13 +0000] "GET /api/v1/users/me? HTTP/1.0" 401 283 "-" "Sedu/1 CFNetwork/1408.0.4 Darwin/22.5.0"
::ffff:127.0.0.1 - - [09/Jun/2023:08:47:24 +0000] "GET /api/v1/users/me? HTTP/1.0" 304 - "-" "Sedu/1 CFNetwork/1404.0.5 Darwin/22.3.0"
::1 - - [09/Jun/2023:08:47:24 +0000] "GET /api/v1/articles? HTTP/1.0" 304 - "-" "Sedu/1 CFNetwork/1404.0.5 Darwin/22.3.0"
::ffff:127.0.0.1 - - [09/Jun/2023:08:47:24 +0000] "GET /api/v1/ads? HTTP/1.0" 304 - "-" "Sedu/1 CFNetwork/1404.0.5 Darwin/22.3.0"
::1 - - [09/Jun/2023:08:48:18 +0000] "GET /api/v1/articles/642d5b327c1330814fb763a4? HTTP/1.0" 200 9617 "-" "Sedu/1 CFNetwork/1408.0.4 Darwin/22.5.0"
::ffff:127.0.0.1 - - [09/Jun/2023:08:48:39 +0000] "GET /api/v1/users/me? HTTP/1.0" 401 283 "-" "Sedu/1 CFNetwork/1408.0.4 Darwin/22.5.0"
::1 - - [09/Jun/2023:08:48:44 +0000] "GET /api/v1/users/me? HTTP/1.0" 401 283 "-" "Sedu/1 CFNetwork/1408.0.4 Darwin/22.5.0"
::ffff:127.0.0.1 - - [09/Jun/2023:08:48:47 +0000] "GET /api/v1/users/me? HTTP/1.0" 401 283 "-" "Sedu/1 CFNetwork/1408.0.4 Darwin/22.5.0"
::ffff:127.0.0.1 - - [09/Jun/2023:08:48:54 +0000] "POST /api/v1/users/register HTTP/1.0" 500 248 "-" "Sedu/1 CFNetwork/1408.0.4 Darwin/22.5.0"
::1 - - [09/Jun/2023:08:49:08 +0000] "POST /api/v1/users/register HTTP/1.0" 200 468 "-" "Sedu/1 CFNetwork/1408.0.4 Darwin/22.5.0"
::ffff:127.0.0.1 - - [09/Jun/2023:08:49:08 +0000] "GET /api/v1/users/me? HTTP/1.0" 200 194 "-" "Sedu/1 CFNetwork/1408.0.4 Darwin/22.5.0"
::1 - - [09/Jun/2023:08:49:22 +0000] "POST /api/v1/users/register HTTP/1.0" 500 249 "-" "Sedu/1 CFNetwork/1408.0.4 Darwin/22.5.0"
::ffff:127.0.0.1 - - [09/Jun/2023:08:49:24 +0000] "POST /api/v1/users/register HTTP/1.0" 200 460 "-" "Sedu/1 CFNetwork/1408.0.4 Darwin/22.5.0"
::1 - - [09/Jun/2023:08:49:24 +0000] "GET /api/v1/users/me? HTTP/1.0" 200 186 "-" "Sedu/1 CFNetwork/1408.0.4 Darwin/22.5.0"
::ffff:127.0.0.1 - - [09/Jun/2023:08:49:28 +0000] "GET /api/v1/users/logout? HTTP/1.0" 200 39 "-" "Sedu/1 CFNetwork/1408.0.4 Darwin/22.5.0"
::1 - - [09/Jun/2023:08:49:28 +0000] "GET /api/v1/users/me? HTTP/1.0" 401 283 "-" "Sedu/1 CFNetwork/1408.0.4 Darwin/22.5.0"
::1 - - [09/Jun/2023:08:49:29 +0000] "GET /api/v1/users/me? HTTP/1.0" 304 - "-" "okhttp/4.9.2"
::1 - - [09/Jun/2023:08:49:29 +0000] "GET /api/v1/articles/642d7be67c1330814fb7643d? HTTP/1.0" 304 - "-" "okhttp/4.9.2"
::ffff:127.0.0.1 - - [09/Jun/2023:08:49:29 +0000] "GET /api/v1/ads? HTTP/1.0" 304 - "-" "okhttp/4.9.2"
::ffff:127.0.0.1 - - [09/Jun/2023:08:49:29 +0000] "GET /api/v1/articles? HTTP/1.0" 304 - "-" "okhttp/4.9.2"
::ffff:127.0.0.1 - - [09/Jun/2023:08:49:30 +0000] "GET /api/v1/users/me? HTTP/1.0" 304 - "-" "Sedu/1 CFNetwork/1408.0.4 Darwin/22.5.0"
::1 - - [09/Jun/2023:08:49:32 +0000] "POST /api/v1/users/register HTTP/1.0" 200 465 "-" "Sedu/1 CFNetwork/1408.0.4 Darwin/22.5.0"
::ffff:127.0.0.1 - - [09/Jun/2023:08:49:32 +0000] "GET /api/v1/users/me? HTTP/1.0" 200 191 "-" "Sedu/1 CFNetwork/1408.0.4 Darwin/22.5.0"
::ffff:127.0.0.1 - - [09/Jun/2023:08:49:35 +0000] "GET /api/v1/users/logout? HTTP/1.0" 200 39 "-" "Sedu/1 CFNetwork/1408.0.4 Darwin/22.5.0"
::1 - - [09/Jun/2023:08:49:35 +0000] "GET /api/v1/users/me? HTTP/1.0" 401 283 "-" "Sedu/1 CFNetwork/1408.0.4 Darwin/22.5.0"
::1 - - [09/Jun/2023:08:49:36 +0000] "POST /api/v1/users/invoice/6482e783a32e8316d8263e94 HTTP/1.0" 200 50 "-" "Sedu/1 CFNetwork/1408.0.4 Darwin/22.5.0"
::ffff:127.0.0.1 - - [09/Jun/2023:08:49:37 +0000] "GET /api/v1/wallets/6482e7a0a32e8316d8263ea7? HTTP/1.0" 200 16059 "-" "Sedu/1 CFNetwork/1408.0.4 Darwin/22.5.0"
::1 - - [09/Jun/2023:08:49:48 +0000] "POST /api/v1/users/login HTTP/1.0" 200 465 "-" "Sedu/1 CFNetwork/1408.0.4 Darwin/22.5.0"
::ffff:127.0.0.1 - - [09/Jun/2023:08:49:48 +0000] "GET /api/v1/users/me? HTTP/1.0" 304 - "-" "Sedu/1 CFNetwork/1408.0.4 Darwin/22.5.0"
::1 - - [09/Jun/2023:08:49:55 +0000] "POST /api/v1/users/invoice/6482e79ca32e8316d8263ea3 HTTP/1.0" 200 50 "-" "Sedu/1 CFNetwork/1408.0.4 Darwin/22.5.0"
::ffff:127.0.0.1 - - [09/Jun/2023:08:49:55 +0000] "GET /api/v1/wallets/6482e7b3a32e8316d8263ebb? HTTP/1.0" 200 16273 "-" "Sedu/1 CFNetwork/1408.0.4 Darwin/22.5.0"
::1 - - [09/Jun/2023:08:50:03 +0000] "GET /api/v1/users/callbacks/6482e783a32e8316d8263e94/20000?qpay_payment_id=748528996774865 HTTP/1.0" 200 233 "-" "node-fetch/1.0 (+https://github.com/bitinn/node-fetch)"
::1 - - [09/Jun/2023:08:50:08 +0000] "GET /api/v1/users/me? HTTP/1.0" 200 233 "-" "Sedu/1 CFNetwork/1408.0.4 Darwin/22.5.0"
::ffff:127.0.0.1 - - [09/Jun/2023:08:50:08 +0000] "GET /api/v1/wallets/6482e7a0a32e8316d8263ea7? HTTP/1.0" 304 - "-" "Sedu/1 CFNetwork/1408.0.4 Darwin/22.5.0"
::ffff:127.0.0.1 - - [09/Jun/2023:08:50:12 +0000] "POST /api/v1/users/invoice/6482e783a32e8316d8263e94 HTTP/1.0" 200 50 "-" "Sedu/1 CFNetwork/1408.0.4 Darwin/22.5.0"
::1 - - [09/Jun/2023:08:50:12 +0000] "GET /api/v1/wallets/6482e7c4a32e8316d8263ed1? HTTP/1.0" 200 16263 "-" "Sedu/1 CFNetwork/1408.0.4 Darwin/22.5.0"
::ffff:127.0.0.1 - - [09/Jun/2023:08:50:33 +0000] "GET /api/v1/users/me? HTTP/1.0" 200 233 "-" "Sedu/1 CFNetwork/1408.0.4 Darwin/22.5.0"
::1 - - [09/Jun/2023:08:50:47 +0000] "GET /api/v1/users/me? HTTP/1.0" 304 - "-" "Sedu/1 CFNetwork/1408.0.4 Darwin/22.5.0"
::1 - - [09/Jun/2023:08:50:47 +0000] "GET /api/v1/ads? HTTP/1.0" 200 633 "-" "Sedu/1 CFNetwork/1408.0.4 Darwin/22.5.0"
::ffff:127.0.0.1 - - [09/Jun/2023:08:50:48 +0000] "GET /api/v1/articles? HTTP/1.0" 200 432680 "-" "Sedu/1 CFNetwork/1408.0.4 Darwin/22.5.0"
::1 - - [09/Jun/2023:08:50:48 +0000] "POST / HTTP/1.0" 404 140 "-" "Mozilla/5.0 (X11; Linux x86_64) AppleWebKit/537.36 (KHTML, like Gecko) Chrome/81.0.4044.129 Safari/537.36"
::ffff:127.0.0.1 - - [09/Jun/2023:08:50:48 +0000] "GET /.env HTTP/1.0" 404 143 "-" "Mozilla/5.0 (X11; Linux x86_64) AppleWebKit/537.36 (KHTML, like Gecko) Chrome/81.0.4044.129 Safari/537.36"
::1 - - [09/Jun/2023:08:51:01 +0000] "GET /api/v1/users/me? HTTP/1.0" 304 - "-" "Sedu/1 CFNetwork/1408.0.4 Darwin/22.5.0"
::ffff:127.0.0.1 - - [09/Jun/2023:08:53:32 +0000] "GET /api/v1/users/me? HTTP/1.0" 401 283 "-" "Sedu/1 CFNetwork/1404.0.5 Darwin/22.3.0"
::1 - - [09/Jun/2023:08:53:50 +0000] "POST /api/v1/users/register HTTP/1.0" 500 249 "-" "Sedu/1 CFNetwork/1404.0.5 Darwin/22.3.0"
::ffff:127.0.0.1 - - [09/Jun/2023:08:54:06 +0000] "POST /api/v1/users/login HTTP/1.0" 401 123 "-" "Sedu/1 CFNetwork/1404.0.5 Darwin/22.3.0"
::1 - - [09/Jun/2023:08:54:22 +0000] "POST /api/v1/users/register HTTP/1.0" 200 470 "-" "Sedu/1 CFNetwork/1404.0.5 Darwin/22.3.0"
::ffff:127.0.0.1 - - [09/Jun/2023:08:54:22 +0000] "GET /api/v1/users/me? HTTP/1.0" 200 196 "-" "Sedu/1 CFNetwork/1404.0.5 Darwin/22.3.0"
::1 - - [09/Jun/2023:08:54:31 +0000] "GET /api/v1/users/me? HTTP/1.0" 304 - "-" "Sedu/1 CFNetwork/1404.0.5 Darwin/22.3.0"
::ffff:127.0.0.1 - - [09/Jun/2023:08:54:35 +0000] "POST /api/v1/users/invoice/6482e8bea32e8316d8263eec HTTP/1.0" 200 50 "-" "Sedu/1 CFNetwork/1404.0.5 Darwin/22.3.0"
::1 - - [09/Jun/2023:08:54:36 +0000] "GET /api/v1/wallets/6482e8cba32e8316d8263ef1? HTTP/1.0" 200 16286 "-" "Sedu/1 CFNetwork/1404.0.5 Darwin/22.3.0"
::ffff:127.0.0.1 - - [09/Jun/2023:08:55:05 +0000] "GET /api/v1/users/me? HTTP/1.0" 304 - "-" "Sedu/1 CFNetwork/1404.0.5 Darwin/22.3.0"
::ffff:127.0.0.1 - - [09/Jun/2023:08:55:05 +0000] "GET /api/v1/ads? HTTP/1.0" 304 - "-" "Sedu/1 CFNetwork/1404.0.5 Darwin/22.3.0"
::1 - - [09/Jun/2023:08:55:05 +0000] "GET /api/v1/articles? HTTP/1.0" 304 - "-" "Sedu/1 CFNetwork/1404.0.5 Darwin/22.3.0"
::1 - - [09/Jun/2023:08:55:39 +0000] "GET /api/v1/users/me? HTTP/1.0" 304 - "-" "Sedu/1 CFNetwork/1404.0.5 Darwin/22.3.0"
::1 - - [09/Jun/2023:08:55:39 +0000] "GET /api/v1/ads? HTTP/1.0" 304 - "-" "Sedu/1 CFNetwork/1404.0.5 Darwin/22.3.0"
::ffff:127.0.0.1 - - [09/Jun/2023:08:55:40 +0000] "GET /api/v1/articles? HTTP/1.0" 304 - "-" "Sedu/1 CFNetwork/1404.0.5 Darwin/22.3.0"
::ffff:127.0.0.1 - - [09/Jun/2023:08:56:01 +0000] "GET /api/v1/articles/642d771f7c1330814fb763cd? HTTP/1.0" 200 3044 "-" "Sedu/1 CFNetwork/1404.0.5 Darwin/22.3.0"
::ffff:127.0.0.1 - - [09/Jun/2023:08:56:28 +0000] "GET /api/v1/users/me? HTTP/1.0" 304 - "-" "Sedu/1 CFNetwork/1408.0.4 Darwin/22.5.0"
::1 - - [09/Jun/2023:08:56:28 +0000] "GET /api/v1/articles/642d4c587c1330814fb76297? HTTP/1.0" 304 - "-" "Sedu/1 CFNetwork/1408.0.4 Darwin/22.5.0"
::ffff:127.0.0.1 - - [09/Jun/2023:08:56:28 +0000] "GET /api/v1/ads? HTTP/1.0" 304 - "-" "Sedu/1 CFNetwork/1408.0.4 Darwin/22.5.0"
::1 - - [09/Jun/2023:08:56:28 +0000] "GET /api/v1/articles? HTTP/1.0" 304 - "-" "Sedu/1 CFNetwork/1408.0.4 Darwin/22.5.0"
::ffff:127.0.0.1 - - [09/Jun/2023:08:57:24 +0000] "GET /api/v1/articles/642e38197c1330814fb764af? HTTP/1.0" 200 5954 "-" "Sedu/1 CFNetwork/1404.0.5 Darwin/22.3.0"
::ffff:127.0.0.1 - - [09/Jun/2023:09:00:03 +0000] "GET /api/v1/articles/645328aba4c26797f426b363? HTTP/1.0" 200 5768 "-" "Sedu/1 CFNetwork/1404.0.5 Darwin/22.3.0"
::1 - - [09/Jun/2023:09:00:31 +0000] "GET /api/v1/users/me? HTTP/1.0" 304 - "-" "okhttp/4.9.2"
::1 - - [09/Jun/2023:09:00:32 +0000] "GET /api/v1/ads? HTTP/1.0" 304 - "-" "okhttp/4.9.2"
::ffff:127.0.0.1 - - [09/Jun/2023:09:00:32 +0000] "GET /api/v1/articles? HTTP/1.0" 304 - "-" "okhttp/4.9.2"
::ffff:127.0.0.1 - - [09/Jun/2023:09:00:39 +0000] "GET /api/v1/users/me? HTTP/1.0" 304 - "-" "okhttp/4.9.2"
::1 - - [09/Jun/2023:09:00:46 +0000] "GET /api/v1/users/logout? HTTP/1.0" 304 - "-" "okhttp/4.9.2"
::ffff:127.0.0.1 - - [09/Jun/2023:09:00:46 +0000] "GET /api/v1/articles? HTTP/1.0" 401 283 "-" "okhttp/4.9.2"
::1 - - [09/Jun/2023:09:00:46 +0000] "GET /api/v1/ads? HTTP/1.0" 304 - "-" "okhttp/4.9.2"
::ffff:127.0.0.1 - - [09/Jun/2023:09:00:47 +0000] "GET /api/v1/users/me? HTTP/1.0" 401 283 "-" "okhttp/4.9.2"
::1 - - [09/Jun/2023:09:00:47 +0000] "GET /api/v1/users/me? HTTP/1.0" 401 283 "-" "okhttp/4.9.2"
::ffff:127.0.0.1 - - [09/Jun/2023:09:00:58 +0000] "POST /api/v1/users/login HTTP/1.0" 200 507 "-" "okhttp/4.9.2"
::1 - - [09/Jun/2023:09:00:58 +0000] "GET /api/v1/users/me? HTTP/1.0" 304 - "-" "okhttp/4.9.2"
::ffff:127.0.0.1 - - [09/Jun/2023:09:00:58 +0000] "GET /api/v1/ads? HTTP/1.0" 304 - "-" "okhttp/4.9.2"
::1 - - [09/Jun/2023:09:00:59 +0000] "GET /api/v1/articles? HTTP/1.0" 304 - "-" "okhttp/4.9.2"
::ffff:127.0.0.1 - - [09/Jun/2023:09:01:20 +0000] "GET /api/v1/users/me? HTTP/1.0" 304 - "-" "Sedu/1 CFNetwork/1408.0.4 Darwin/22.5.0"
::1 - - [09/Jun/2023:09:01:20 +0000] "GET /api/v1/articles? HTTP/1.0" 200 432680 "-" "Sedu/1 CFNetwork/1408.0.4 Darwin/22.5.0"
::ffff:127.0.0.1 - - [09/Jun/2023:09:01:20 +0000] "GET /api/v1/ads? HTTP/1.0" 304 - "-" "Sedu/1 CFNetwork/1408.0.4 Darwin/22.5.0"
::1 - - [09/Jun/2023:09:01:34 +0000] "GET /api/v1/users/me? HTTP/1.0" 304 - "-" "Sedu/1 CFNetwork/1408.0.4 Darwin/22.5.0"
::ffff:127.0.0.1 - - [09/Jun/2023:09:02:01 +0000] "GET /api/v1/users/me? HTTP/1.0" 304 - "-" "Sedu/1 CFNetwork/1408.0.4 Darwin/22.5.0"
::ffff:127.0.0.1 - - [09/Jun/2023:09:02:02 +0000] "GET /api/v1/ads? HTTP/1.0" 304 - "-" "Sedu/1 CFNetwork/1408.0.4 Darwin/22.5.0"
::1 - - [09/Jun/2023:09:02:02 +0000] "GET /api/v1/articles? HTTP/1.0" 200 432680 "-" "Sedu/1 CFNetwork/1408.0.4 Darwin/22.5.0"
::ffff:127.0.0.1 - - [09/Jun/2023:09:02:07 +0000] "GET /api/v1/articles/642d4c587c1330814fb76297? HTTP/1.0" 304 - "-" "Sedu/1 CFNetwork/1408.0.4 Darwin/22.5.0"
::ffff:127.0.0.1 - - [09/Jun/2023:09:02:15 +0000] "GET /api/v1/users/me? HTTP/1.0" 304 - "-" "Sedu/1 CFNetwork/1408.0.4 Darwin/22.5.0"
::ffff:127.0.0.1 - - [09/Jun/2023:09:02:15 +0000] "GET /api/v1/ads? HTTP/1.0" 304 - "-" "Sedu/1 CFNetwork/1408.0.4 Darwin/22.5.0"
::1 - - [09/Jun/2023:09:02:15 +0000] "GET /api/v1/articles? HTTP/1.0" 200 432680 "-" "Sedu/1 CFNetwork/1408.0.4 Darwin/22.5.0"
::ffff:127.0.0.1 - - [09/Jun/2023:09:02:34 +0000] "GET /api/v1/articles/6460657ba32e8316d822e39d? HTTP/1.0" 200 5291 "-" "okhttp/4.9.2"
::1 - - [09/Jun/2023:09:02:46 +0000] "GET /api/v1/users/me? HTTP/1.0" 401 283 "-" "Sedu/1 CFNetwork/1408.0.4 Darwin/22.5.0"
::ffff:127.0.0.1 - - [09/Jun/2023:09:03:05 +0000] "GET /api/v1/articles/642e38807c1330814fb764b7? HTTP/1.0" 200 2547 "-" "Sedu/1 CFNetwork/1408.0.4 Darwin/22.5.0"
::1 - - [09/Jun/2023:09:03:06 +0000] "POST /api/v1/users/login HTTP/1.0" 401 123 "-" "Sedu/1 CFNetwork/1408.0.4 Darwin/22.5.0"
::ffff:127.0.0.1 - - [09/Jun/2023:09:03:07 +0000] "POST /api/v1/users/login HTTP/1.0" 401 123 "-" "Sedu/1 CFNetwork/1408.0.4 Darwin/22.5.0"
::1 - - [09/Jun/2023:09:03:22 +0000] "POST /api/v1/users/register HTTP/1.0" 200 462 "-" "Sedu/1 CFNetwork/1408.0.4 Darwin/22.5.0"
::ffff:127.0.0.1 - - [09/Jun/2023:09:03:22 +0000] "GET /api/v1/users/me? HTTP/1.0" 200 188 "-" "Sedu/1 CFNetwork/1408.0.4 Darwin/22.5.0"
::1 - - [09/Jun/2023:09:03:22 +0000] "POST /api/v1/users/register HTTP/1.0" 500 248 "-" "Sedu/1 CFNetwork/1408.0.4 Darwin/22.5.0"
::ffff:127.0.0.1 - - [09/Jun/2023:09:03:37 +0000] "GET /api/v1/users/logout? HTTP/1.0" 304 - "-" "Sedu/1 CFNetwork/1408.0.4 Darwin/22.5.0"
::1 - - [09/Jun/2023:09:03:37 +0000] "GET /api/v1/users/me? HTTP/1.0" 401 283 "-" "Sedu/1 CFNetwork/1408.0.4 Darwin/22.5.0"
::ffff:127.0.0.1 - - [09/Jun/2023:09:04:18 +0000] "GET /api/v1/users/me? HTTP/1.0" 304 - "-" "Sedu/1 CFNetwork/1406.0.4 Darwin/22.4.0"
::ffff:127.0.0.1 - - [09/Jun/2023:09:04:19 +0000] "GET /api/v1/ads? HTTP/1.0" 304 - "-" "Sedu/1 CFNetwork/1406.0.4 Darwin/22.4.0"
::1 - - [09/Jun/2023:09:04:19 +0000] "GET /api/v1/articles? HTTP/1.0" 200 432680 "-" "Sedu/1 CFNetwork/1406.0.4 Darwin/22.4.0"
::ffff:127.0.0.1 - - [09/Jun/2023:09:04:22 +0000] "GET /api/v1/users/me? HTTP/1.0" 304 - "-" "Sedu/1 CFNetwork/1406.0.4 Darwin/22.4.0"
::1 - - [09/Jun/2023:09:04:36 +0000] "GET /api/v1/users/me? HTTP/1.0" 401 283 "-" "Sedu/1 CFNetwork/1404.0.5 Darwin/22.3.0"
::ffff:127.0.0.1 - - [09/Jun/2023:09:04:55 +0000] "POST /api/v1/users/register HTTP/1.0" 200 465 "-" "Sedu/1 CFNetwork/1404.0.5 Darwin/22.3.0"
::1 - - [09/Jun/2023:09:04:55 +0000] "GET /api/v1/users/me? HTTP/1.0" 200 191 "-" "Sedu/1 CFNetwork/1404.0.5 Darwin/22.3.0"
::ffff:127.0.0.1 - - [09/Jun/2023:09:05:06 +0000] "GET /api/v1/users/me? HTTP/1.0" 304 - "-" "Sedu/1 CFNetwork/1406.0.4 Darwin/22.4.0"
::1 - - [09/Jun/2023:09:05:06 +0000] "GET /api/v1/users/me? HTTP/1.0" 304 - "-" "Sedu/1 CFNetwork/1406.0.4 Darwin/22.4.0"
::1 - - [09/Jun/2023:09:05:06 +0000] "GET /api/v1/ads? HTTP/1.0" 304 - "-" "Sedu/1 CFNetwork/1406.0.4 Darwin/22.4.0"
::ffff:127.0.0.1 - - [09/Jun/2023:09:05:06 +0000] "GET /api/v1/articles? HTTP/1.0" 304 - "-" "Sedu/1 CFNetwork/1406.0.4 Darwin/22.4.0"
::ffff:127.0.0.1 - - [09/Jun/2023:09:05:12 +0000] "GET /api/v1/users/logout? HTTP/1.0" 200 39 "-" "Sedu/1 CFNetwork/1404.0.5 Darwin/22.3.0"
::1 - - [09/Jun/2023:09:05:12 +0000] "GET /api/v1/users/me? HTTP/1.0" 401 283 "-" "Sedu/1 CFNetwork/1404.0.5 Darwin/22.3.0"
::ffff:127.0.0.1 - - [09/Jun/2023:09:05:24 +0000] "POST /api/v1/users/login HTTP/1.0" 200 465 "-" "Sedu/1 CFNetwork/1404.0.5 Darwin/22.3.0"
::1 - - [09/Jun/2023:09:05:24 +0000] "GET /api/v1/users/me? HTTP/1.0" 304 - "-" "Sedu/1 CFNetwork/1404.0.5 Darwin/22.3.0"
::ffff:127.0.0.1 - - [09/Jun/2023:09:05:26 +0000] "GET /api/v1/users/me? HTTP/1.0" 304 - "-" "Sedu/1 CFNetwork/1404.0.5 Darwin/22.3.0"
::1 - - [09/Jun/2023:09:05:33 +0000] "POST /api/v1/users/invoice/6482eb37a32e8316d8263f43 HTTP/1.0" 200 50 "-" "Sedu/1 CFNetwork/1404.0.5 Darwin/22.3.0"
::ffff:127.0.0.1 - - [09/Jun/2023:09:05:33 +0000] "GET /api/v1/wallets/6482eb5ca32e8316d8263f50? HTTP/1.0" 200 16285 "-" "Sedu/1 CFNetwork/1404.0.5 Darwin/22.3.0"
::1 - - [09/Jun/2023:09:05:52 +0000] "GET /api/v1/users/me? HTTP/1.0" 304 - "-" "Sedu/1 CFNetwork/1408.0.4 Darwin/22.5.0"
::1 - - [09/Jun/2023:09:05:52 +0000] "GET /api/v1/ads? HTTP/1.0" 304 - "-" "Sedu/1 CFNetwork/1408.0.4 Darwin/22.5.0"
::ffff:127.0.0.1 - - [09/Jun/2023:09:05:52 +0000] "GET /api/v1/articles? HTTP/1.0" 200 432680 "-" "Sedu/1 CFNetwork/1408.0.4 Darwin/22.5.0"
::1 - - [09/Jun/2023:09:06:21 +0000] "GET /api/v1/users/me? HTTP/1.0" 304 - "-" "Sedu/1 CFNetwork/1408.0.4 Darwin/22.5.0"
::ffff:127.0.0.1 - - [09/Jun/2023:09:06:26 +0000] "GET /api/v1/users/me? HTTP/1.0" 304 - "-" "Sedu/1 CFNetwork/1408.0.4 Darwin/22.5.0"
::ffff:127.0.0.1 - - [09/Jun/2023:09:06:26 +0000] "GET /api/v1/ads? HTTP/1.0" 304 - "-" "Sedu/1 CFNetwork/1408.0.4 Darwin/22.5.0"
::1 - - [09/Jun/2023:09:06:27 +0000] "GET /api/v1/articles? HTTP/1.0" 304 - "-" "Sedu/1 CFNetwork/1408.0.4 Darwin/22.5.0"
::ffff:127.0.0.1 - - [09/Jun/2023:09:06:35 +0000] "GET /api/v1/users/me? HTTP/1.0" 304 - "-" "Sedu/1 CFNetwork/1408.0.4 Darwin/22.5.0"
::ffff:127.0.0.1 - - [09/Jun/2023:09:06:36 +0000] "GET /api/v1/ads? HTTP/1.0" 304 - "-" "Sedu/1 CFNetwork/1408.0.4 Darwin/22.5.0"
::1 - - [09/Jun/2023:09:06:36 +0000] "GET /api/v1/articles? HTTP/1.0" 304 - "-" "Sedu/1 CFNetwork/1408.0.4 Darwin/22.5.0"
::1 - - [09/Jun/2023:09:06:49 +0000] "GET /api/v1/users/me? HTTP/1.0" 304 - "-" "Sedu/1 CFNetwork/1408.0.4 Darwin/22.5.0"
::ffff:127.0.0.1 - - [09/Jun/2023:09:06:49 +0000] "GET /api/v1/ads? HTTP/1.0" 304 - "-" "Sedu/1 CFNetwork/1408.0.4 Darwin/22.5.0"
::ffff:127.0.0.1 - - [09/Jun/2023:09:06:49 +0000] "GET /api/v1/articles? HTTP/1.0" 304 - "-" "Sedu/1 CFNetwork/1408.0.4 Darwin/22.5.0"
::ffff:127.0.0.1 - - [09/Jun/2023:09:07:04 +0000] "GET /api/v1/users/me? HTTP/1.0" 304 - "-" "Sedu/1 CFNetwork/1408.0.4 Darwin/22.5.0"
::1 - - [09/Jun/2023:09:07:04 +0000] "GET /api/v1/ads? HTTP/1.0" 304 - "-" "Sedu/1 CFNetwork/1408.0.4 Darwin/22.5.0"
::ffff:127.0.0.1 - - [09/Jun/2023:09:07:05 +0000] "GET /api/v1/articles? HTTP/1.0" 304 - "-" "Sedu/1 CFNetwork/1408.0.4 Darwin/22.5.0"
::1 - - [09/Jun/2023:09:07:27 +0000] "GET /api/v1/users/me? HTTP/1.0" 304 - "-" "Sedu/1 CFNetwork/1408.0.4 Darwin/22.5.0"
::ffff:127.0.0.1 - - [09/Jun/2023:09:07:27 +0000] "GET /api/v1/articles/642d4c587c1330814fb76297? HTTP/1.0" 304 - "-" "Sedu/1 CFNetwork/1408.0.4 Darwin/22.5.0"
::1 - - [09/Jun/2023:09:07:27 +0000] "GET /api/v1/ads? HTTP/1.0" 304 - "-" "Sedu/1 CFNetwork/1408.0.4 Darwin/22.5.0"
::ffff:127.0.0.1 - - [09/Jun/2023:09:07:27 +0000] "GET /api/v1/articles? HTTP/1.0" 304 - "-" "Sedu/1 CFNetwork/1408.0.4 Darwin/22.5.0"
::ffff:127.0.0.1 - - [09/Jun/2023:09:08:03 +0000] "GET /api/v1/articles/6460657ba32e8316d822e39d? HTTP/1.0" 304 - "-" "okhttp/4.9.2"
::ffff:127.0.0.1 - - [09/Jun/2023:09:08:03 +0000] "GET /api/v1/users/me? HTTP/1.0" 304 - "-" "okhttp/4.9.2"
::1 - - [09/Jun/2023:09:08:03 +0000] "GET /api/v1/ads? HTTP/1.0" 304 - "-" "okhttp/4.9.2"
::1 - - [09/Jun/2023:09:08:03 +0000] "GET /api/v1/articles? HTTP/1.0" 304 - "-" "okhttp/4.9.2"
::1 - - [09/Jun/2023:09:08:47 +0000] "GET /api/v1/users/me? HTTP/1.0" 304 - "-" "Sedu/1 CFNetwork/1408.0.4 Darwin/22.5.0"
::ffff:127.0.0.1 - - [09/Jun/2023:09:08:47 +0000] "GET /api/v1/ads? HTTP/1.0" 304 - "-" "Sedu/1 CFNetwork/1408.0.4 Darwin/22.5.0"
::1 - - [09/Jun/2023:09:08:47 +0000] "GET /api/v1/articles? HTTP/1.0" 304 - "-" "Sedu/1 CFNetwork/1408.0.4 Darwin/22.5.0"
::ffff:127.0.0.1 - - [09/Jun/2023:09:08:55 +0000] "GET /api/v1/articles/64532c84a4c26797f426b3e2? HTTP/1.0" 200 2825 "-" "Sedu/1 CFNetwork/1408.0.4 Darwin/22.5.0"
::ffff:127.0.0.1 - - [09/Jun/2023:09:08:59 +0000] "GET /api/v1/articles/64532c84a4c26797f426b3e2? HTTP/1.0" 304 - "-" "Sedu/1 CFNetwork/1408.0.4 Darwin/22.5.0"
::1 - - [09/Jun/2023:09:09:16 +0000] "GET /api/v1/articles/6459c932a32e8316d82289eb? HTTP/1.0" 200 10884 "-" "Sedu/1 CFNetwork/1408.0.4 Darwin/22.5.0"
::ffff:127.0.0.1 - - [09/Jun/2023:09:09:29 +0000] "GET /api/v1/articles/6459d34ca32e8316d8228b17? HTTP/1.0" 200 9114 "-" "Sedu/1 CFNetwork/1408.0.4 Darwin/22.5.0"
::1 - - [09/Jun/2023:09:09:55 +0000] "GET /api/v1/articles/64607a73a32e8316d822e51b? HTTP/1.0" 304 - "-" "Sedu/1 CFNetwork/1408.0.4 Darwin/22.5.0"
::1 - - [09/Jun/2023:09:10:46 +0000] "GET /api/v1/users/me? HTTP/1.0" 304 - "-" "Sedu/1 CFNetwork/1408.0.4 Darwin/22.5.0"
::ffff:127.0.0.1 - - [09/Jun/2023:09:10:46 +0000] "GET /api/v1/ads? HTTP/1.0" 304 - "-" "Sedu/1 CFNetwork/1408.0.4 Darwin/22.5.0"
::1 - - [09/Jun/2023:09:10:46 +0000] "GET /api/v1/articles? HTTP/1.0" 304 - "-" "Sedu/1 CFNetwork/1408.0.4 Darwin/22.5.0"
::ffff:127.0.0.1 - - [09/Jun/2023:09:10:59 +0000] "GET /api/v1/articles/64816e6da32e8316d8260582? HTTP/1.0" 200 3985 "-" "Sedu/1 CFNetwork/1408.0.4 Darwin/22.5.0"
::ffff:127.0.0.1 - - [09/Jun/2023:09:11:02 +0000] "GET /api/v1/users/me? HTTP/1.0" 401 283 "-" "Sedu/1 CFNetwork/1402.0.8 Darwin/22.2.0"
::ffff:127.0.0.1 - - [09/Jun/2023:09:11:09 +0000] "GET /api/v1/articles/64816c33a32e8316d82604d8? HTTP/1.0" 200 5761 "-" "Sedu/1 CFNetwork/1408.0.4 Darwin/22.5.0"
::1 - - [09/Jun/2023:09:11:15 +0000] "GET /api/v1/ads? HTTP/1.0" 304 - "-" "okhttp/4.9.2"
::ffff:127.0.0.1 - - [09/Jun/2023:09:11:15 +0000] "GET /api/v1/users/me? HTTP/1.0" 304 - "-" "okhttp/4.9.2"
::ffff:127.0.0.1 - - [09/Jun/2023:09:11:15 +0000] "GET /api/v1/articles/6460657ba32e8316d822e39d? HTTP/1.0" 304 - "-" "okhttp/4.9.2"
::1 - - [09/Jun/2023:09:11:15 +0000] "GET /api/v1/articles? HTTP/1.0" 304 - "-" "okhttp/4.9.2"
::1 - - [09/Jun/2023:09:11:22 +0000] "POST /api/v1/users/register HTTP/1.0" 200 469 "-" "Sedu/1 CFNetwork/1402.0.8 Darwin/22.2.0"
::ffff:127.0.0.1 - - [09/Jun/2023:09:11:23 +0000] "GET /api/v1/users/me? HTTP/1.0" 200 195 "-" "Sedu/1 CFNetwork/1402.0.8 Darwin/22.2.0"
::1 - - [09/Jun/2023:09:11:26 +0000] "GET /api/v1/users/me? HTTP/1.0" 200 228 "-" "Sedu/1 CFNetwork/1390 Darwin/22.0.0"
::ffff:127.0.0.1 - - [09/Jun/2023:09:11:27 +0000] "GET /api/v1/articles? HTTP/1.0" 200 432680 "-" "Sedu/1 CFNetwork/1390 Darwin/22.0.0"
::1 - - [09/Jun/2023:09:11:27 +0000] "GET /api/v1/ads? HTTP/1.0" 200 633 "-" "Sedu/1 CFNetwork/1390 Darwin/22.0.0"
::ffff:127.0.0.1 - - [09/Jun/2023:09:11:34 +0000] "GET /api/v1/users/me? HTTP/1.0" 304 - "-" "Sedu/1 CFNetwork/1390 Darwin/22.0.0"
::1 - - [09/Jun/2023:09:11:38 +0000] "GET /api/v1/users/me? HTTP/1.0" 304 - "-" "Sedu/1 CFNetwork/1402.0.8 Darwin/22.2.0"
::ffff:127.0.0.1 - - [09/Jun/2023:09:11:38 +0000] "GET /api/v1/articles/642d5b327c1330814fb763a4? HTTP/1.0" 200 9617 "-" "Sedu/1 CFNetwork/1390 Darwin/22.0.0"
::ffff:127.0.0.1 - - [09/Jun/2023:09:11:43 +0000] "POST /api/v1/users/invoice/6482ecbaa32e8316d8263f9e HTTP/1.0" 200 50 "-" "Sedu/1 CFNetwork/1402.0.8 Darwin/22.2.0"
::1 - - [09/Jun/2023:09:11:44 +0000] "GET /api/v1/wallets/6482eccfa32e8316d8263faa? HTTP/1.0" 200 16065 "-" "Sedu/1 CFNetwork/1402.0.8 Darwin/22.2.0"
::ffff:127.0.0.1 - - [09/Jun/2023:09:11:51 +0000] "GET /api/v1/users/logout? HTTP/1.0" 200 39 "-" "Sedu/1 CFNetwork/1402.0.8 Darwin/22.2.0"
::1 - - [09/Jun/2023:09:11:51 +0000] "GET /api/v1/users/me? HTTP/1.0" 401 283 "-" "Sedu/1 CFNetwork/1402.0.8 Darwin/22.2.0"
::ffff:127.0.0.1 - - [09/Jun/2023:09:11:52 +0000] "GET /api/v1/users/me? HTTP/1.0" 401 283 "-" "Sedu/1 CFNetwork/1406.0.4 Darwin/22.4.0"
::1 - - [09/Jun/2023:09:11:58 +0000] "GET /api/v1/articles/64816e6da32e8316d8260582? HTTP/1.0" 304 - "-" "Sedu/1 CFNetwork/1408.0.4 Darwin/22.5.0"
::1 - - [09/Jun/2023:09:13:18 +0000] "GET /api/v1/users/me? HTTP/1.0" 304 - "-" "Sedu/1 CFNetwork/1408.0.4 Darwin/22.5.0"
::1 - - [09/Jun/2023:09:13:19 +0000] "GET /api/v1/ads? HTTP/1.0" 304 - "-" "Sedu/1 CFNetwork/1408.0.4 Darwin/22.5.0"
::ffff:127.0.0.1 - - [09/Jun/2023:09:13:19 +0000] "GET /api/v1/articles? HTTP/1.0" 200 432680 "-" "Sedu/1 CFNetwork/1408.0.4 Darwin/22.5.0"
::1 - - [09/Jun/2023:09:15:50 +0000] "GET /api/v1/users/me? HTTP/1.0" 401 283 "-" "okhttp/4.9.2"
::ffff:127.0.0.1 - - [09/Jun/2023:09:16:22 +0000] "GET /api/v1/users/me? HTTP/1.0" 401 283 "-" "Sedu/1 CFNetwork/1404.0.5 Darwin/22.3.0"
::1 - - [09/Jun/2023:09:17:51 +0000] "GET /api/v1/users/me? HTTP/1.0" 401 283 "-" "Sedu/1 CFNetwork/1406.0.4 Darwin/22.4.0"
::ffff:127.0.0.1 - - [09/Jun/2023:09:18:25 +0000] "POST / HTTP/1.0" 404 140 "-" "Mozilla/5.0 (X11; Linux x86_64) AppleWebKit/537.36 (KHTML, like Gecko) Chrome/81.0.4044.129 Safari/537.36"
::1 - - [09/Jun/2023:09:18:26 +0000] "GET /.env HTTP/1.0" 404 143 "-" "Mozilla/5.0 (X11; Linux x86_64) AppleWebKit/537.36 (KHTML, like Gecko) Chrome/81.0.4044.129 Safari/537.36"
::ffff:127.0.0.1 - - [09/Jun/2023:09:20:05 +0000] "GET /api/v1/users/me? HTTP/1.0" 500 117 "-" "okhttp/4.9.2"
::1 - - [09/Jun/2023:09:20:06 +0000] "GET /api/v1/articles? HTTP/1.0" 500 117 "-" "okhttp/4.9.2"
::ffff:127.0.0.1 - - [09/Jun/2023:09:20:08 +0000] "GET /api/v1/ads? HTTP/1.0" 304 - "-" "okhttp/4.9.2"
::1 - - [09/Jun/2023:09:20:12 +0000] "GET /api/v1/users/me? HTTP/1.0" 500 117 "-" "okhttp/4.9.2"
::ffff:127.0.0.1 - - [09/Jun/2023:09:20:20 +0000] "GET /api/v1/users/me? HTTP/1.0" 401 283 "-" "Sedu/1 CFNetwork/1408.0.4 Darwin/22.5.0"
::1 - - [09/Jun/2023:09:20:43 +0000] "GET /api/v1/users/logout? HTTP/1.0" 200 39 "-" "okhttp/4.9.2"
::ffff:127.0.0.1 - - [09/Jun/2023:09:20:43 +0000] "GET /api/v1/users/me? HTTP/1.0" 401 283 "-" "okhttp/4.9.2"
::1 - - [09/Jun/2023:09:20:46 +0000] "GET /api/v1/users/me? HTTP/1.0" 401 283 "-" "Sedu/1 CFNetwork/1406.0.4 Darwin/22.4.0"
::ffff:127.0.0.1 - - [09/Jun/2023:09:20:50 +0000] "GET /api/v1/articles/64800b6aa32e8316d825bba9? HTTP/1.0" 304 - "-" "Sedu/1 CFNetwork/1333.0.4 Darwin/21.5.0"
::1 - - [09/Jun/2023:09:20:50 +0000] "GET /api/v1/users/me? HTTP/1.0" 304 - "-" "Sedu/1 CFNetwork/1333.0.4 Darwin/21.5.0"
