::ffff:127.0.0.1 - - [06/May/2023:00:00:00 +0000] "POST /api/v1/users/register HTTP/1.0" 200 462 "-" "okhttp/4.9.2"
::1 - - [06/May/2023:00:00:00 +0000] "GET /api/v1/users/me? HTTP/1.0" 200 188 "-" "okhttp/4.9.2"
::1 - - [06/May/2023:00:00:15 +0000] "GET /api/v1/users/me? HTTP/1.0" 304 - "-" "okhttp/4.9.2"
::ffff:127.0.0.1 - - [06/May/2023:00:00:23 +0000] "POST /api/v1/users/invoice/6455987f734d8365d2259164 HTTP/1.0" 200 50 "-" "okhttp/4.9.2"
::1 - - [06/May/2023:00:00:24 +0000] "GET /api/v1/wallets/64559897734d8365d2259169? HTTP/1.0" 200 16230 "-" "okhttp/4.9.2"
::ffff:127.0.0.1 - - [06/May/2023:00:01:30 +0000] "GET /api/v1/users/callbacks/6455987f734d8365d2259164/20000?qpay_payment_id=755355047545015 HTTP/1.0" 200 227 "-" "node-fetch/1.0 (+https://github.com/bitinn/node-fetch)"
::1 - - [06/May/2023:00:01:39 +0000] "GET /api/v1/users/me? HTTP/1.0" 200 227 "-" "okhttp/4.9.2"
::ffff:127.0.0.1 - - [06/May/2023:00:01:39 +0000] "GET /api/v1/wallets/64559897734d8365d2259169? HTTP/1.0" 304 - "-" "okhttp/4.9.2"
::1 - - [06/May/2023:00:01:44 +0000] "POST /api/v1/users/invoice/6455987f734d8365d2259164 HTTP/1.0" 200 50 "-" "okhttp/4.9.2"
::ffff:127.0.0.1 - - [06/May/2023:00:01:44 +0000] "GET /api/v1/wallets/645598e8734d8365d225917f? HTTP/1.0" 200 16346 "-" "okhttp/4.9.2"
::1 - - [06/May/2023:00:02:00 +0000] "GET /api/v1/users/me? HTTP/1.0" 200 227 "-" "okhttp/4.9.2"
::ffff:127.0.0.1 - - [06/May/2023:00:02:01 +0000] "GET /api/v1/users/logout? HTTP/1.0" 200 39 "-" "okhttp/4.9.2"
::1 - - [06/May/2023:00:02:02 +0000] "GET /api/v1/users/me? HTTP/1.0" 401 283 "-" "okhttp/4.9.2"
::ffff:127.0.0.1 - - [06/May/2023:00:02:14 +0000] "GET /api/v1/users/me? HTTP/1.0" 401 283 "-" "okhttp/4.9.2"
::1 - - [06/May/2023:00:02:16 +0000] "POST /api/v1/users/login HTTP/1.0" 401 123 "-" "okhttp/4.9.2"
::ffff:127.0.0.1 - - [06/May/2023:00:02:18 +0000] "POST /api/v1/users/login HTTP/1.0" 401 123 "-" "okhttp/4.9.2"
::1 - - [06/May/2023:00:02:18 +0000] "POST /api/v1/users/login HTTP/1.0" 401 123 "-" "okhttp/4.9.2"
::ffff:127.0.0.1 - - [06/May/2023:00:02:29 +0000] "POST /api/v1/users/register HTTP/1.0" 500 249 "-" "okhttp/4.9.2"
::1 - - [06/May/2023:00:02:30 +0000] "POST /api/v1/users/login HTTP/1.0" 401 123 "-" "okhttp/4.9.2"
::ffff:127.0.0.1 - - [06/May/2023:00:02:42 +0000] "POST /api/v1/users/login HTTP/1.0" 401 123 "-" "okhttp/4.9.2"
::1 - - [06/May/2023:00:02:45 +0000] "POST /api/v1/users/register HTTP/1.0" 500 248 "-" "okhttp/4.9.2"
::ffff:127.0.0.1 - - [06/May/2023:00:02:51 +0000] "GET /api/v1/users/me? HTTP/1.0" 401 283 "-" "okhttp/4.9.2"
::1 - - [06/May/2023:00:02:58 +0000] "POST /api/v1/users/register HTTP/1.0" 200 464 "-" "okhttp/4.9.2"
::ffff:127.0.0.1 - - [06/May/2023:00:02:58 +0000] "GET /api/v1/users/me? HTTP/1.0" 200 190 "-" "okhttp/4.9.2"
::1 - - [06/May/2023:00:02:59 +0000] "POST /api/v1/users/register HTTP/1.0" 500 250 "-" "okhttp/4.9.2"
::ffff:127.0.0.1 - - [06/May/2023:00:03:13 +0000] "GET /api/v1/users/me? HTTP/1.0" 304 - "-" "okhttp/4.9.2"
::1 - - [06/May/2023:00:03:14 +0000] "GET /api/v1/users/me? HTTP/1.0" 401 283 "-" "okhttp/4.9.2"
::ffff:127.0.0.1 - - [06/May/2023:00:03:16 +0000] "POST /api/v1/users/invoice/64559931734d8365d225919a HTTP/1.0" 200 50 "-" "okhttp/4.9.2"
::1 - - [06/May/2023:00:03:16 +0000] "GET /api/v1/wallets/64559944734d8365d22591a1? HTTP/1.0" 200 15731 "-" "okhttp/4.9.2"
::ffff:127.0.0.1 - - [06/May/2023:00:03:19 +0000] "GET /api/v1/users/logout? HTTP/1.0" 200 39 "-" "okhttp/4.9.2"
::1 - - [06/May/2023:00:03:20 +0000] "GET /api/v1/users/me? HTTP/1.0" 401 283 "-" "okhttp/4.9.2"
::ffff:127.0.0.1 - - [06/May/2023:00:03:29 +0000] "POST /api/v1/users/login HTTP/1.0" 200 503 "-" "okhttp/4.9.2"
::1 - - [06/May/2023:00:03:29 +0000] "GET /api/v1/users/me? HTTP/1.0" 200 229 "-" "okhttp/4.9.2"
::ffff:127.0.0.1 - - [06/May/2023:00:03:39 +0000] "GET /api/v1/users/me? HTTP/1.0" 401 283 "-" "okhttp/4.9.2"
::1 - - [06/May/2023:00:04:06 +0000] "POST /api/v1/users/login HTTP/1.0" 401 123 "-" "okhttp/4.9.2"
::ffff:127.0.0.1 - - [06/May/2023:00:04:06 +0000] "GET /api/v1/articles/642d77bf7c1330814fb763d0? HTTP/1.0" 200 8628 "-" "okhttp/4.9.2"
::1 - - [06/May/2023:00:04:07 +0000] "POST /api/v1/users/login HTTP/1.0" 401 123 "-" "okhttp/4.9.2"
::ffff:127.0.0.1 - - [06/May/2023:00:04:08 +0000] "POST /api/v1/users/login HTTP/1.0" 401 123 "-" "okhttp/4.9.2"
::1 - - [06/May/2023:00:04:08 +0000] "POST /api/v1/users/login HTTP/1.0" 401 123 "-" "okhttp/4.9.2"
::ffff:127.0.0.1 - - [06/May/2023:00:04:08 +0000] "POST /api/v1/users/login HTTP/1.0" 401 123 "-" "okhttp/4.9.2"
::1 - - [06/May/2023:00:04:09 +0000] "GET /api/v1/users/me? HTTP/1.0" 401 283 "-" "Sedu/1 CFNetwork/1406.0.4 Darwin/22.4.0"
::ffff:127.0.0.1 - - [06/May/2023:00:04:32 +0000] "POST /api/v1/users/register HTTP/1.0" 200 469 "-" "Sedu/1 CFNetwork/1406.0.4 Darwin/22.4.0"
::1 - - [06/May/2023:00:04:33 +0000] "GET /api/v1/users/me? HTTP/1.0" 200 195 "-" "Sedu/1 CFNetwork/1406.0.4 Darwin/22.4.0"
::ffff:127.0.0.1 - - [06/May/2023:00:04:34 +0000] "GET /api/v1/articles/642e31187c1330814fb76474? HTTP/1.0" 200 3038 "-" "okhttp/4.9.2"
::ffff:127.0.0.1 - - [06/May/2023:00:05:23 +0000] "GET /api/v1/users/me? HTTP/1.0" 304 - "-" "Sedu/1 CFNetwork/1406.0.4 Darwin/22.4.0"
::1 - - [06/May/2023:00:05:37 +0000] "GET /api/v1/articles/642e321a7c1330814fb7648b? HTTP/1.0" 200 2221 "-" "okhttp/4.9.2"
::ffff:127.0.0.1 - - [06/May/2023:00:05:41 +0000] "GET /api/v1/users/me? HTTP/1.0" 304 - "-" "Sedu/1 CFNetwork/1406.0.4 Darwin/22.4.0"
::1 - - [06/May/2023:00:06:22 +0000] "GET /api/v1/articles? HTTP/1.0" 200 317492 "-" "okhttp/4.9.2"
::ffff:127.0.0.1 - - [06/May/2023:00:06:22 +0000] "GET /api/v1/users/me? HTTP/1.0" 304 - "-" "okhttp/4.9.2"
::1 - - [06/May/2023:00:06:22 +0000] "GET /api/v1/ads? HTTP/1.0" 304 - "-" "okhttp/4.9.2"
::ffff:127.0.0.1 - - [06/May/2023:00:06:43 +0000] "GET /api/v1/articles/642e38807c1330814fb764b7? HTTP/1.0" 304 - "-" "okhttp/4.9.2"
::1 - - [06/May/2023:00:07:33 +0000] "GET /api/v1/users/me? HTTP/1.0" 304 - "-" "okhttp/4.9.2"
::ffff:127.0.0.1 - - [06/May/2023:00:07:39 +0000] "GET /api/v1/users/me? HTTP/1.0" 304 - "-" "okhttp/4.9.2"
::1 - - [06/May/2023:00:07:41 +0000] "GET /api/v1/ads? HTTP/1.0" 304 - "-" "okhttp/4.9.2"
::ffff:127.0.0.1 - - [06/May/2023:00:07:42 +0000] "GET /api/v1/users/me? HTTP/1.0" 304 - "-" "okhttp/4.9.2"
::ffff:127.0.0.1 - - [06/May/2023:00:08:01 +0000] "POST / HTTP/1.0" 404 140 "-" "Mozilla/5.0 (X11; Linux x86_64) AppleWebKit/537.36 (KHTML, like Gecko) Chrome/81.0.4044.129 Safari/537.36"
::1 - - [06/May/2023:00:08:01 +0000] "GET /.env HTTP/1.0" 404 143 "-" "Mozilla/5.0 (X11; Linux x86_64) AppleWebKit/537.36 (KHTML, like Gecko) Chrome/81.0.4044.129 Safari/537.36"
::1 - - [06/May/2023:00:08:36 +0000] "GET /api/v1/articles/642d771f7c1330814fb763cd? HTTP/1.0" 200 3044 "-" "okhttp/4.9.2"
::ffff:127.0.0.1 - - [06/May/2023:00:09:02 +0000] "GET /api/v1/users/me? HTTP/1.0" 304 - "-" "okhttp/4.9.2"
::ffff:127.0.0.1 - - [06/May/2023:00:09:03 +0000] "GET /api/v1/ads? HTTP/1.0" 304 - "-" "okhttp/4.9.2"
::1 - - [06/May/2023:00:09:03 +0000] "GET /api/v1/articles? HTTP/1.0" 200 317492 "-" "okhttp/4.9.2"
::1 - - [06/May/2023:00:10:09 +0000] "GET /api/v1/articles/642d56517c1330814fb7635e? HTTP/1.0" 200 16235 "-" "Sedu/1 CFNetwork/1335.0.3.1 Darwin/21.6.0"
::ffff:127.0.0.1 - - [06/May/2023:00:10:17 +0000] "GET /api/v1/users/me? HTTP/1.0" 401 283 "-" "Sedu/1 CFNetwork/1404.0.5 Darwin/22.3.0"
::1 - - [06/May/2023:00:10:31 +0000] "POST /api/v1/users/register HTTP/1.0" 500 259 "-" "Sedu/1 CFNetwork/1404.0.5 Darwin/22.3.0"
::ffff:127.0.0.1 - - [06/May/2023:00:10:49 +0000] "GET /api/v1/articles/642e35cf7c1330814fb7649d? HTTP/1.0" 200 6741 "-" "okhttp/4.9.2"
::1 - - [06/May/2023:00:10:54 +0000] "POST /api/v1/users/register HTTP/1.0" 500 259 "-" "Sedu/1 CFNetwork/1404.0.5 Darwin/22.3.0"
::ffff:127.0.0.1 - - [06/May/2023:00:11:12 +0000] "POST /api/v1/users/register HTTP/1.0" 500 255 "-" "Sedu/1 CFNetwork/1404.0.5 Darwin/22.3.0"
::1 - - [06/May/2023:00:11:20 +0000] "POST /api/v1/users/register HTTP/1.0" 500 255 "-" "Sedu/1 CFNetwork/1404.0.5 Darwin/22.3.0"
::ffff:127.0.0.1 - - [06/May/2023:00:11:21 +0000] "POST /api/v1/users/register HTTP/1.0" 500 255 "-" "Sedu/1 CFNetwork/1404.0.5 Darwin/22.3.0"
::1 - - [06/May/2023:00:11:22 +0000] "POST /api/v1/users/register HTTP/1.0" 500 255 "-" "Sedu/1 CFNetwork/1404.0.5 Darwin/22.3.0"
::ffff:127.0.0.1 - - [06/May/2023:00:11:38 +0000] "GET /api/v1/users/me? HTTP/1.0" 401 283 "-" "Sedu/1 CFNetwork/1404.0.5 Darwin/22.3.0"
::1 - - [06/May/2023:00:11:59 +0000] "POST /api/v1/users/register HTTP/1.0" 500 255 "-" "Sedu/1 CFNetwork/1404.0.5 Darwin/22.3.0"
::ffff:127.0.0.1 - - [06/May/2023:00:12:01 +0000] "POST /api/v1/users/register HTTP/1.0" 500 255 "-" "Sedu/1 CFNetwork/1404.0.5 Darwin/22.3.0"
::1 - - [06/May/2023:00:12:08 +0000] "GET /api/v1/users/me? HTTP/1.0" 401 283 "-" "Sedu/1 CFNetwork/1404.0.5 Darwin/22.3.0"
::ffff:127.0.0.1 - - [06/May/2023:00:12:25 +0000] "POST /api/v1/users/register HTTP/1.0" 500 255 "-" "Sedu/1 CFNetwork/1404.0.5 Darwin/22.3.0"
::1 - - [06/May/2023:00:12:27 +0000] "POST /api/v1/users/register HTTP/1.0" 500 255 "-" "Sedu/1 CFNetwork/1404.0.5 Darwin/22.3.0"
::ffff:127.0.0.1 - - [06/May/2023:00:12:28 +0000] "POST /api/v1/users/register HTTP/1.0" 500 255 "-" "Sedu/1 CFNetwork/1404.0.5 Darwin/22.3.0"
::1 - - [06/May/2023:00:12:28 +0000] "POST /api/v1/users/register HTTP/1.0" 500 255 "-" "Sedu/1 CFNetwork/1404.0.5 Darwin/22.3.0"
::ffff:127.0.0.1 - - [06/May/2023:00:12:28 +0000] "POST /api/v1/users/register HTTP/1.0" 500 255 "-" "Sedu/1 CFNetwork/1404.0.5 Darwin/22.3.0"
::1 - - [06/May/2023:00:12:28 +0000] "POST /api/v1/users/register HTTP/1.0" 500 255 "-" "Sedu/1 CFNetwork/1404.0.5 Darwin/22.3.0"
::ffff:127.0.0.1 - - [06/May/2023:00:12:28 +0000] "POST /api/v1/users/register HTTP/1.0" 500 255 "-" "Sedu/1 CFNetwork/1404.0.5 Darwin/22.3.0"
::1 - - [06/May/2023:00:12:53 +0000] "GET /api/v1/users/me? HTTP/1.0" 304 - "-" "okhttp/4.9.2"
::ffff:127.0.0.1 - - [06/May/2023:00:12:54 +0000] "GET /api/v1/articles/642e35cf7c1330814fb7649d? HTTP/1.0" 304 - "-" "okhttp/4.9.2"
::1 - - [06/May/2023:00:12:58 +0000] "GET /api/v1/ads? HTTP/1.0" 304 - "-" "okhttp/4.9.2"
::ffff:127.0.0.1 - - [06/May/2023:00:13:01 +0000] "GET /api/v1/articles? HTTP/1.0" 304 - "-" "okhttp/4.9.2"
::1 - - [06/May/2023:00:13:08 +0000] "GET /api/v1/articles/642e2e6d7c1330814fb7646b? HTTP/1.0" 200 1619 "-" "Sedu/1 CFNetwork/1335.0.3.1 Darwin/21.6.0"
::ffff:127.0.0.1 - - [06/May/2023:00:13:36 +0000] "GET /.env HTTP/1.0" 404 143 "-" "Mozilla/5.0 (X11; Linux x86_64) AppleWebKit/537.36 (KHTML, like Gecko) Chrome/81.0.4044.129 Safari/537.36"
::1 - - [06/May/2023:00:13:36 +0000] "POST / HTTP/1.0" 404 140 "-" "Mozilla/5.0 (X11; Linux x86_64) AppleWebKit/537.36 (KHTML, like Gecko) Chrome/81.0.4044.129 Safari/537.36"
::ffff:127.0.0.1 - - [06/May/2023:00:14:04 +0000] "GET /api/v1/users/me? HTTP/1.0" 304 - "-" "Sedu/1 CFNetwork/1404.0.5 Darwin/22.3.0"
::1 - - [06/May/2023:00:14:05 +0000] "GET /api/v1/articles? HTTP/1.0" 200 317492 "-" "Sedu/1 CFNetwork/1404.0.5 Darwin/22.3.0"
::ffff:127.0.0.1 - - [06/May/2023:00:14:05 +0000] "GET /api/v1/ads? HTTP/1.0" 304 - "-" "Sedu/1 CFNetwork/1404.0.5 Darwin/22.3.0"
::1 - - [06/May/2023:00:14:14 +0000] "GET /api/v1/articles/642d4efb7c1330814fb762cf? HTTP/1.0" 200 10100 "-" "Sedu/1 CFNetwork/1404.0.5 Darwin/22.3.0"
::ffff:127.0.0.1 - - [06/May/2023:00:15:02 +0000] "GET /api/v1/articles/642e36c67c1330814fb764a6? HTTP/1.0" 200 6493 "-" "okhttp/4.9.2"
::1 - - [06/May/2023:00:15:09 +0000] "GET /api/v1/users/me? HTTP/1.0" 304 - "-" "Sedu/1 CFNetwork/1335.0.3.1 Darwin/21.6.0"
::ffff:127.0.0.1 - - [06/May/2023:00:15:40 +0000] "GET /api/v1/articles/642d4ce07c1330814fb762a6? HTTP/1.0" 200 10683 "-" "Sedu/1 CFNetwork/1335.0.3.1 Darwin/21.6.0"
::1 - - [06/May/2023:00:15:58 +0000] "GET /api/v1/articles/642d55507c1330814fb76325? HTTP/1.0" 200 3410 "-" "Sedu/1 CFNetwork/1335.0.3.1 Darwin/21.6.0"
::ffff:127.0.0.1 - - [06/May/2023:00:16:43 +0000] "GET /api/v1/articles/642d581c7c1330814fb76387? HTTP/1.0" 200 7596 "-" "Sedu/1 CFNetwork/1335.0.3.1 Darwin/21.6.0"
::1 - - [06/May/2023:00:16:48 +0000] "GET /api/v1/users/me? HTTP/1.0" 401 283 "-" "Sedu/1 CFNetwork/1404.0.5 Darwin/22.3.0"
::ffff:127.0.0.1 - - [06/May/2023:00:17:03 +0000] "POST /api/v1/users/register HTTP/1.0" 200 465 "-" "Sedu/1 CFNetwork/1404.0.5 Darwin/22.3.0"
::1 - - [06/May/2023:00:17:04 +0000] "GET /api/v1/users/me? HTTP/1.0" 200 191 "-" "Sedu/1 CFNetwork/1404.0.5 Darwin/22.3.0"
::ffff:127.0.0.1 - - [06/May/2023:00:17:30 +0000] "GET /api/v1/users/me? HTTP/1.0" 304 - "-" "Sedu/1 CFNetwork/1335.0.3.1 Darwin/21.6.0"
::ffff:127.0.0.1 - - [06/May/2023:00:17:30 +0000] "GET /api/v1/users/me? HTTP/1.0" 304 - "-" "Sedu/1 CFNetwork/1335.0.3.1 Darwin/21.6.0"
::1 - - [06/May/2023:00:17:30 +0000] "GET /api/v1/ads? HTTP/1.0" 304 - "-" "Sedu/1 CFNetwork/1335.0.3.1 Darwin/21.6.0"
::1 - - [06/May/2023:00:17:30 +0000] "GET /api/v1/articles? HTTP/1.0" 304 - "-" "Sedu/1 CFNetwork/1335.0.3.1 Darwin/21.6.0"
::ffff:127.0.0.1 - - [06/May/2023:00:18:03 +0000] "GET /api/v1/users/me? HTTP/1.0" 304 - "-" "Sedu/1 CFNetwork/1404.0.5 Darwin/22.3.0"
::ffff:127.0.0.1 - - [06/May/2023:00:18:03 +0000] "GET /api/v1/ads? HTTP/1.0" 304 - "-" "Sedu/1 CFNetwork/1404.0.5 Darwin/22.3.0"
::1 - - [06/May/2023:00:18:03 +0000] "GET /api/v1/articles? HTTP/1.0" 304 - "-" "Sedu/1 CFNetwork/1404.0.5 Darwin/22.3.0"
::1 - - [06/May/2023:00:18:34 +0000] "GET /api/v1/articles/642e38807c1330814fb764b7? HTTP/1.0" 200 2575 "-" "okhttp/4.9.2"
::ffff:127.0.0.1 - - [06/May/2023:00:19:35 +0000] "GET /api/v1/users/me? HTTP/1.0" 401 283 "-" "okhttp/4.9.2"
::1 - - [06/May/2023:00:20:00 +0000] "POST /api/v1/users/register HTTP/1.0" 500 250 "-" "okhttp/4.9.2"
::1 - - [06/May/2023:00:20:00 +0000] "GET /api/v1/users/me? HTTP/1.0" 304 - "-" "okhttp/4.9.2"
::ffff:127.0.0.1 - - [06/May/2023:00:20:00 +0000] "POST /api/v1/users/register HTTP/1.0" 500 250 "-" "okhttp/4.9.2"
::ffff:127.0.0.1 - - [06/May/2023:00:20:00 +0000] "GET /api/v1/articles? HTTP/1.0" 200 317492 "-" "okhttp/4.9.2"
::1 - - [06/May/2023:00:20:00 +0000] "GET /api/v1/ads? HTTP/1.0" 304 - "-" "okhttp/4.9.2"
::1 - - [06/May/2023:00:20:06 +0000] "GET /api/v1/articles/642e38d27c1330814fb764c0? HTTP/1.0" 200 2993 "-" "okhttp/4.9.2"
::ffff:127.0.0.1 - - [06/May/2023:00:20:13 +0000] "POST /api/v1/users/register HTTP/1.0" 500 250 "-" "okhttp/4.9.2"
::1 - - [06/May/2023:00:20:24 +0000] "POST /api/v1/users/login HTTP/1.0" 401 123 "-" "okhttp/4.9.2"
::ffff:127.0.0.1 - - [06/May/2023:00:20:37 +0000] "GET /api/v1/articles/642d5b327c1330814fb763a4? HTTP/1.0" 200 9617 "-" "okhttp/4.9.2"
::1 - - [06/May/2023:00:20:37 +0000] "POST /api/v1/users/register HTTP/1.0" 200 464 "-" "okhttp/4.9.2"
::ffff:127.0.0.1 - - [06/May/2023:00:20:37 +0000] "GET /api/v1/users/me? HTTP/1.0" 200 190 "-" "okhttp/4.9.2"
::1 - - [06/May/2023:00:20:45 +0000] "GET /api/v1/users/logout? HTTP/1.0" 200 39 "-" "okhttp/4.9.2"
::ffff:127.0.0.1 - - [06/May/2023:00:20:46 +0000] "GET /api/v1/users/me? HTTP/1.0" 401 283 "-" "okhttp/4.9.2"
::1 - - [06/May/2023:00:21:59 +0000] "GET /api/v1/articles/64532c84a4c26797f426b3e2? HTTP/1.0" 200 2853 "-" "okhttp/4.9.2"
::ffff:127.0.0.1 - - [06/May/2023:00:22:30 +0000] "GET /api/v1/users/me? HTTP/1.0" 304 - "-" "Sedu/1 CFNetwork/1402.0.8 Darwin/22.2.0"
::ffff:127.0.0.1 - - [06/May/2023:00:22:30 +0000] "GET /api/v1/ads? HTTP/1.0" 304 - "-" "Sedu/1 CFNetwork/1402.0.8 Darwin/22.2.0"
::1 - - [06/May/2023:00:22:30 +0000] "GET /api/v1/articles? HTTP/1.0" 200 317492 "-" "Sedu/1 CFNetwork/1402.0.8 Darwin/22.2.0"
::ffff:127.0.0.1 - - [06/May/2023:00:23:52 +0000] "GET /api/v1/articles/645328aba4c26797f426b363? HTTP/1.0" 304 - "-" "okhttp/4.9.2"
::1 - - [06/May/2023:00:23:54 +0000] "GET /api/v1/articles/642e38197c1330814fb764af? HTTP/1.0" 200 5982 "-" "Sedu/1 CFNetwork/1402.0.8 Darwin/22.2.0"
::1 - - [06/May/2023:00:27:26 +0000] "GET /api/v1/articles/642e44a97c1330814fb764fe? HTTP/1.0" 200 8075 "-" "okhttp/4.9.2"
::ffff:127.0.0.1 - - [06/May/2023:00:27:32 +0000] "GET /api/v1/users/me? HTTP/1.0" 401 283 "-" "Sedu/1 CFNetwork/1404.0.5 Darwin/22.3.0"
::1 - - [06/May/2023:00:27:47 +0000] "POST /api/v1/users/register HTTP/1.0" 200 469 "-" "Sedu/1 CFNetwork/1404.0.5 Darwin/22.3.0"
::ffff:127.0.0.1 - - [06/May/2023:00:27:48 +0000] "GET /api/v1/users/me? HTTP/1.0" 200 195 "-" "Sedu/1 CFNetwork/1404.0.5 Darwin/22.3.0"
::1 - - [06/May/2023:00:28:04 +0000] "GET /api/v1/articles/642e36c67c1330814fb764a6? HTTP/1.0" 200 6493 "-" "Sedu/1 CFNetwork/1402.0.8 Darwin/22.2.0"
::ffff:127.0.0.1 - - [06/May/2023:00:29:19 +0000] "GET /api/v1/users/me? HTTP/1.0" 304 - "-" "Sedu/1 CFNetwork/1335.0.3.1 Darwin/21.6.0"
::1 - - [06/May/2023:00:29:19 +0000] "GET /api/v1/users/me? HTTP/1.0" 304 - "-" "Sedu/1 CFNetwork/1335.0.3.1 Darwin/21.6.0"
::ffff:127.0.0.1 - - [06/May/2023:00:29:19 +0000] "GET /api/v1/ads? HTTP/1.0" 304 - "-" "Sedu/1 CFNetwork/1335.0.3.1 Darwin/21.6.0"
::1 - - [06/May/2023:00:29:19 +0000] "GET /api/v1/articles? HTTP/1.0" 304 - "-" "Sedu/1 CFNetwork/1335.0.3.1 Darwin/21.6.0"
::ffff:127.0.0.1 - - [06/May/2023:00:29:27 +0000] "GET /api/v1/articles/642d5b917c1330814fb763ad? HTTP/1.0" 200 5031 "-" "okhttp/4.9.2"
::1 - - [06/May/2023:00:29:52 +0000] "GET /api/v1/users/me? HTTP/1.0" 401 283 "-" "Sedu/1 CFNetwork/1331.0.7 Darwin/21.4.0"
::ffff:127.0.0.1 - - [06/May/2023:00:30:52 +0000] "GET /api/v1/articles/642e321a7c1330814fb7648b? HTTP/1.0" 200 2221 "-" "Sedu/1 CFNetwork/1402.0.8 Darwin/22.2.0"
::1 - - [06/May/2023:00:32:23 +0000] "GET /api/v1/articles/642e38807c1330814fb764b7? HTTP/1.0" 304 - "-" "okhttp/4.9.2"
::ffff:127.0.0.1 - - [06/May/2023:00:33:05 +0000] "GET /api/v1/articles/642d7be67c1330814fb7643d? HTTP/1.0" 200 5356 "-" "Sedu/1 CFNetwork/1402.0.8 Darwin/22.2.0"
::1 - - [06/May/2023:00:33:10 +0000] "GET /api/v1/articles/642e321a7c1330814fb7648b? HTTP/1.0" 200 2221 "-" "okhttp/4.9.2"
::1 - - [06/May/2023:00:34:51 +0000] "GET /api/v1/articles/642d771f7c1330814fb763cd? HTTP/1.0" 200 3044 "-" "okhttp/4.9.2"
::ffff:127.0.0.1 - - [06/May/2023:00:34:55 +0000] "GET /api/v1/articles/642e31187c1330814fb76474? HTTP/1.0" 200 3038 "-" "okhttp/4.9.2"
::ffff:127.0.0.1 - - [06/May/2023:00:36:25 +0000] "GET /api/v1/articles/642e2e6d7c1330814fb7646b? HTTP/1.0" 200 1619 "-" "okhttp/4.9.2"
::ffff:127.0.0.1 - - [06/May/2023:00:37:33 +0000] "GET /api/v1/articles/642d7ac57c1330814fb76424? HTTP/1.0" 200 9288 "-" "Sedu/1 CFNetwork/1402.0.8 Darwin/22.2.0"
::1 - - [06/May/2023:00:37:39 +0000] "GET /api/v1/articles/642d7be67c1330814fb7643d? HTTP/1.0" 200 5356 "-" "okhttp/4.9.2"
::1 - - [06/May/2023:00:38:41 +0000] "GET /api/v1/articles/642d79f07c1330814fb76404? HTTP/1.0" 200 11855 "-" "okhttp/4.9.2"
::ffff:127.0.0.1 - - [06/May/2023:00:39:40 +0000] "GET /api/v1/articles/642d7b217c1330814fb76434? HTTP/1.0" 200 4133 "-" "okhttp/4.9.2"
::1 - - [06/May/2023:00:40:15 +0000] "GET /api/v1/users/me? HTTP/1.0" 401 283 "-" "Sedu/1 CFNetwork/1335.0.2 Darwin/21.6.0"
::ffff:127.0.0.1 - - [06/May/2023:00:40:27 +0000] "POST /api/v1/users/register HTTP/1.0" 200 462 "-" "Sedu/1 CFNetwork/1335.0.2 Darwin/21.6.0"
::1 - - [06/May/2023:00:40:27 +0000] "GET /api/v1/users/me? HTTP/1.0" 200 188 "-" "Sedu/1 CFNetwork/1335.0.2 Darwin/21.6.0"
::ffff:127.0.0.1 - - [06/May/2023:00:40:35 +0000] "GET /api/v1/users/me? HTTP/1.0" 304 - "-" "Sedu/1 CFNetwork/1335.0.2 Darwin/21.6.0"
::1 - - [06/May/2023:00:40:46 +0000] "GET /api/v1/articles/642d7b217c1330814fb76434? HTTP/1.0" 304 - "-" "okhttp/4.9.2"
::ffff:127.0.0.1 - - [06/May/2023:00:41:00 +0000] "GET /api/v1/articles/642d7be67c1330814fb7643d? HTTP/1.0" 200 5356 "-" "okhttp/4.9.2"
::1 - - [06/May/2023:00:41:17 +0000] "GET /api/v1/articles/642d7ac57c1330814fb76424? HTTP/1.0" 200 9288 "-" "okhttp/4.9.2"
::1 - - [06/May/2023:00:42:37 +0000] "GET /api/v1/articles/642d79f07c1330814fb76404? HTTP/1.0" 200 11855 "-" "Sedu/1 CFNetwork/1402.0.8 Darwin/22.2.0"
::ffff:127.0.0.1 - - [06/May/2023:00:43:26 +0000] "GET /api/v1/users/me? HTTP/1.0" 401 283 "-" "Sedu/1 CFNetwork/1404.0.5 Darwin/22.3.0"
::1 - - [06/May/2023:00:43:50 +0000] "POST /api/v1/users/register HTTP/1.0" 500 246 "-" "Sedu/1 CFNetwork/1404.0.5 Darwin/22.3.0"
::ffff:127.0.0.1 - - [06/May/2023:00:43:53 +0000] "POST /api/v1/users/register HTTP/1.0" 500 246 "-" "Sedu/1 CFNetwork/1404.0.5 Darwin/22.3.0"
::1 - - [06/May/2023:00:44:06 +0000] "GET /api/v1/articles/642e2e6d7c1330814fb7646b? HTTP/1.0" 200 1619 "-" "okhttp/4.9.2"
::ffff:127.0.0.1 - - [06/May/2023:00:44:06 +0000] "POST /api/v1/users/register HTTP/1.0" 200 464 "-" "Sedu/1 CFNetwork/1404.0.5 Darwin/22.3.0"
::1 - - [06/May/2023:00:44:06 +0000] "GET /api/v1/users/me? HTTP/1.0" 200 190 "-" "Sedu/1 CFNetwork/1404.0.5 Darwin/22.3.0"
::ffff:127.0.0.1 - - [06/May/2023:00:44:16 +0000] "GET /api/v1/users/me? HTTP/1.0" 304 - "-" "Sedu/1 CFNetwork/1404.0.5 Darwin/22.3.0"
::1 - - [06/May/2023:00:44:35 +0000] "GET /api/v1/articles/642d789c7c1330814fb763e7? HTTP/1.0" 200 6163 "-" "Sedu/1 CFNetwork/1402.0.8 Darwin/22.2.0"
::ffff:127.0.0.1 - - [06/May/2023:00:44:42 +0000] "POST /api/v1/users/invoice/6455a2d6734d8365d2259250 HTTP/1.0" 200 50 "-" "Sedu/1 CFNetwork/1404.0.5 Darwin/22.3.0"
::1 - - [06/May/2023:00:44:42 +0000] "GET /api/v1/wallets/6455a2fa734d8365d2259256? HTTP/1.0" 200 16176 "-" "Sedu/1 CFNetwork/1404.0.5 Darwin/22.3.0"
::ffff:127.0.0.1 - - [06/May/2023:00:45:41 +0000] "GET /api/v1/articles/642e31187c1330814fb76474? HTTP/1.0" 200 3038 "-" "okhttp/4.9.2"
::1 - - [06/May/2023:00:46:58 +0000] "GET /api/v1/articles/642d77bf7c1330814fb763d0? HTTP/1.0" 200 8628 "-" "Sedu/1 CFNetwork/1402.0.8 Darwin/22.2.0"
::ffff:127.0.0.1 - - [06/May/2023:00:47:46 +0000] "GET /api/v1/users/me? HTTP/1.0" 401 283 "-" "Sedu/1 CFNetwork/1404.0.5 Darwin/22.3.0"
::1 - - [06/May/2023:00:48:11 +0000] "GET /api/v1/articles/642e31907c1330814fb7647d? HTTP/1.0" 200 3070 "-" "okhttp/4.9.2"
::ffff:127.0.0.1 - - [06/May/2023:00:48:33 +0000] "POST /api/v1/users/register HTTP/1.0" 500 253 "-" "Sedu/1 CFNetwork/1404.0.5 Darwin/22.3.0"
::1 - - [06/May/2023:00:48:44 +0000] "GET /api/v1/articles/642e321a7c1330814fb7648b? HTTP/1.0" 200 2221 "-" "okhttp/4.9.2"
::ffff:127.0.0.1 - - [06/May/2023:00:49:03 +0000] "POST /api/v1/users/register HTTP/1.0" 200 475 "-" "Sedu/1 CFNetwork/1404.0.5 Darwin/22.3.0"
::1 - - [06/May/2023:00:49:04 +0000] "GET /api/v1/users/me? HTTP/1.0" 200 201 "-" "Sedu/1 CFNetwork/1404.0.5 Darwin/22.3.0"
::ffff:127.0.0.1 - - [06/May/2023:00:49:12 +0000] "GET /api/v1/articles/642d771f7c1330814fb763cd? HTTP/1.0" 200 3044 "-" "Sedu/1 CFNetwork/1402.0.8 Darwin/22.2.0"
::1 - - [06/May/2023:00:49:52 +0000] "GET /api/v1/articles/642d76ab7c1330814fb763c4? HTTP/1.0" 200 12395 "-" "Sedu/1 CFNetwork/1402.0.8 Darwin/22.2.0"
::ffff:127.0.0.1 - - [06/May/2023:00:50:34 +0000] "GET /api/v1/articles/642d5b327c1330814fb763a4? HTTP/1.0" 200 9617 "-" "Sedu/1 CFNetwork/1402.0.8 Darwin/22.2.0"
::1 - - [06/May/2023:00:50:53 +0000] "GET /api/v1/users/me? HTTP/1.0" 401 283 "-" "Sedu/1 CFNetwork/1404.0.5 Darwin/22.3.0"
::ffff:127.0.0.1 - - [06/May/2023:00:51:07 +0000] "POST /api/v1/users/register HTTP/1.0" 200 466 "-" "Sedu/1 CFNetwork/1404.0.5 Darwin/22.3.0"
::1 - - [06/May/2023:00:51:07 +0000] "GET /api/v1/users/me? HTTP/1.0" 200 192 "-" "Sedu/1 CFNetwork/1404.0.5 Darwin/22.3.0"
::ffff:127.0.0.1 - - [06/May/2023:00:51:16 +0000] "GET /api/v1/users/me? HTTP/1.0" 304 - "-" "Sedu/1 CFNetwork/1404.0.5 Darwin/22.3.0"
::1 - - [06/May/2023:00:51:23 +0000] "GET /api/v1/articles/64532c84a4c26797f426b3e2? HTTP/1.0" 200 2853 "-" "okhttp/4.9.2"
::ffff:127.0.0.1 - - [06/May/2023:00:51:36 +0000] "POST /api/v1/users/invoice/6455a47b734d8365d2259273 HTTP/1.0" 200 50 "-" "Sedu/1 CFNetwork/1404.0.5 Darwin/22.3.0"
::1 - - [06/May/2023:00:51:36 +0000] "GET /api/v1/wallets/6455a498734d8365d2259279? HTTP/1.0" 200 16342 "-" "Sedu/1 CFNetwork/1404.0.5 Darwin/22.3.0"
::ffff:127.0.0.1 - - [06/May/2023:00:52:45 +0000] "GET /api/v1/users/me? HTTP/1.0" 401 283 "-" "Sedu/1 CFNetwork/1406.0.4 Darwin/22.4.0"
::1 - - [06/May/2023:00:52:46 +0000] "GET /api/v1/users/me? HTTP/1.0" 401 283 "-" "Sedu/1 CFNetwork/1406.0.4 Darwin/22.4.0"
::ffff:127.0.0.1 - - [06/May/2023:00:53:09 +0000] "POST /api/v1/users/register HTTP/1.0" 200 473 "-" "Sedu/1 CFNetwork/1406.0.4 Darwin/22.4.0"
::1 - - [06/May/2023:00:53:10 +0000] "GET /api/v1/users/me? HTTP/1.0" 200 199 "-" "Sedu/1 CFNetwork/1406.0.4 Darwin/22.4.0"
::ffff:127.0.0.1 - - [06/May/2023:00:53:16 +0000] "GET /api/v1/users/logout? HTTP/1.0" 200 39 "-" "Sedu/1 CFNetwork/1406.0.4 Darwin/22.4.0"
::1 - - [06/May/2023:00:53:16 +0000] "GET /api/v1/users/me? HTTP/1.0" 401 283 "-" "Sedu/1 CFNetwork/1406.0.4 Darwin/22.4.0"
::ffff:127.0.0.1 - - [06/May/2023:00:55:59 +0000] "GET /api/v1/articles/642d581c7c1330814fb76387? HTTP/1.0" 200 7596 "-" "Sedu/1 CFNetwork/1402.0.8 Darwin/22.2.0"
::1 - - [06/May/2023:00:59:32 +0000] "GET /api/v1/articles/642d56517c1330814fb7635e? HTTP/1.0" 200 16235 "-" "Sedu/1 CFNetwork/1402.0.8 Darwin/22.2.0"
::ffff:127.0.0.1 - - [06/May/2023:00:59:51 +0000] "GET /api/v1/articles/642d55f77c1330814fb7634f? HTTP/1.0" 200 7023 "-" "Sedu/1 CFNetwork/1402.0.8 Darwin/22.2.0"
::1 - - [06/May/2023:01:00:31 +0000] "GET /api/v1/users/me? HTTP/1.0" 304 - "-" "okhttp/4.9.2"
::1 - - [06/May/2023:01:00:32 +0000] "GET /api/v1/ads? HTTP/1.0" 304 - "-" "okhttp/4.9.2"
::ffff:127.0.0.1 - - [06/May/2023:01:00:32 +0000] "GET /api/v1/articles? HTTP/1.0" 200 317492 "-" "okhttp/4.9.2"
::1 - - [06/May/2023:01:03:29 +0000] "GET /api/v1/articles/642d55bf7c1330814fb76345? HTTP/1.0" 200 17955 "-" "Sedu/1 CFNetwork/1402.0.8 Darwin/22.2.0"
::ffff:127.0.0.1 - - [06/May/2023:01:03:47 +0000] "GET /api/v1/users/me? HTTP/1.0" 401 283 "-" "Sedu/1 CFNetwork/1404.0.5 Darwin/22.3.0"
::1 - - [06/May/2023:01:04:08 +0000] "POST /api/v1/users/register HTTP/1.0" 200 464 "-" "Sedu/1 CFNetwork/1404.0.5 Darwin/22.3.0"
::ffff:127.0.0.1 - - [06/May/2023:01:04:08 +0000] "GET /api/v1/users/me? HTTP/1.0" 200 190 "-" "Sedu/1 CFNetwork/1404.0.5 Darwin/22.3.0"
::1 - - [06/May/2023:01:04:21 +0000] "GET /api/v1/users/logout? HTTP/1.0" 200 39 "-" "Sedu/1 CFNetwork/1404.0.5 Darwin/22.3.0"
::ffff:127.0.0.1 - - [06/May/2023:01:04:21 +0000] "GET /api/v1/users/me? HTTP/1.0" 401 283 "-" "Sedu/1 CFNetwork/1404.0.5 Darwin/22.3.0"
::1 - - [06/May/2023:01:04:31 +0000] "GET /api/v1/users/me? HTTP/1.0" 401 283 "-" "Sedu/1 CFNetwork/1406.0.4 Darwin/22.4.0"
::ffff:127.0.0.1 - - [06/May/2023:01:05:00 +0000] "POST /api/v1/users/register HTTP/1.0" 200 463 "-" "Sedu/1 CFNetwork/1406.0.4 Darwin/22.4.0"
::1 - - [06/May/2023:01:05:00 +0000] "GET /api/v1/users/me? HTTP/1.0" 200 189 "-" "Sedu/1 CFNetwork/1406.0.4 Darwin/22.4.0"
::ffff:127.0.0.1 - - [06/May/2023:01:05:08 +0000] "GET /api/v1/users/logout? HTTP/1.0" 200 39 "-" "Sedu/1 CFNetwork/1406.0.4 Darwin/22.4.0"
::1 - - [06/May/2023:01:05:08 +0000] "GET /api/v1/users/me? HTTP/1.0" 401 283 "-" "Sedu/1 CFNetwork/1406.0.4 Darwin/22.4.0"
::ffff:127.0.0.1 - - [06/May/2023:01:06:05 +0000] "GET /api/v1/users/me? HTTP/1.0" 401 283 "-" "Sedu/1 CFNetwork/1406.0.4 Darwin/22.4.0"
::1 - - [06/May/2023:01:06:24 +0000] "POST /api/v1/users/register HTTP/1.0" 200 463 "-" "Sedu/1 CFNetwork/1406.0.4 Darwin/22.4.0"
::ffff:127.0.0.1 - - [06/May/2023:01:06:24 +0000] "GET /api/v1/users/me? HTTP/1.0" 200 189 "-" "Sedu/1 CFNetwork/1406.0.4 Darwin/22.4.0"
::1 - - [06/May/2023:01:06:33 +0000] "GET /api/v1/users/me? HTTP/1.0" 304 - "-" "Sedu/1 CFNetwork/1406.0.4 Darwin/22.4.0"
::ffff:127.0.0.1 - - [06/May/2023:01:06:39 +0000] "POST /api/v1/users/invoice/6455a80f734d8365d225929c HTTP/1.0" 200 50 "-" "Sedu/1 CFNetwork/1406.0.4 Darwin/22.4.0"
::1 - - [06/May/2023:01:06:39 +0000] "GET /api/v1/wallets/6455a81f734d8365d22592a1? HTTP/1.0" 200 16235 "-" "Sedu/1 CFNetwork/1406.0.4 Darwin/22.4.0"
::ffff:127.0.0.1 - - [06/May/2023:01:07:02 +0000] "GET /api/v1/users/callbacks/6455a80f734d8365d225929c/20000?qpay_payment_id=764327903375952 HTTP/1.0" 200 228 "-" "node-fetch/1.0 (+https://github.com/bitinn/node-fetch)"
::1 - - [06/May/2023:01:07:06 +0000] "GET /api/v1/users/me? HTTP/1.0" 200 228 "-" "Sedu/1 CFNetwork/1406.0.4 Darwin/22.4.0"
::ffff:127.0.0.1 - - [06/May/2023:01:07:06 +0000] "GET /api/v1/wallets/6455a81f734d8365d22592a1? HTTP/1.0" 304 - "-" "Sedu/1 CFNetwork/1406.0.4 Darwin/22.4.0"
::1 - - [06/May/2023:01:07:11 +0000] "POST /api/v1/users/invoice/6455a80f734d8365d225929c HTTP/1.0" 200 50 "-" "Sedu/1 CFNetwork/1406.0.4 Darwin/22.4.0"
::ffff:127.0.0.1 - - [06/May/2023:01:07:11 +0000] "GET /api/v1/wallets/6455a83f734d8365d22592b7? HTTP/1.0" 200 16327 "-" "Sedu/1 CFNetwork/1406.0.4 Darwin/22.4.0"
::1 - - [06/May/2023:01:07:22 +0000] "GET /api/v1/users/me? HTTP/1.0" 200 228 "-" "Sedu/1 CFNetwork/1406.0.4 Darwin/22.4.0"
::1 - - [06/May/2023:01:07:22 +0000] "GET /api/v1/ads? HTTP/1.0" 200 633 "-" "Sedu/1 CFNetwork/1406.0.4 Darwin/22.4.0"
::ffff:127.0.0.1 - - [06/May/2023:01:07:22 +0000] "GET /api/v1/articles? HTTP/1.0" 200 317492 "-" "Sedu/1 CFNetwork/1406.0.4 Darwin/22.4.0"
::1 - - [06/May/2023:01:07:52 +0000] "GET /api/v1/articles/642d76ab7c1330814fb763c4? HTTP/1.0" 200 12395 "-" "Sedu/1 CFNetwork/1406.0.4 Darwin/22.4.0"
::ffff:127.0.0.1 - - [06/May/2023:01:07:59 +0000] "GET /api/v1/articles/642d4efb7c1330814fb762cf? HTTP/1.0" 200 10100 "-" "Sedu/1 CFNetwork/1402.0.8 Darwin/22.2.0"
::1 - - [06/May/2023:01:08:21 +0000] "GET /api/v1/articles/642d789c7c1330814fb763e7? HTTP/1.0" 200 6163 "-" "Sedu/1 CFNetwork/1406.0.4 Darwin/22.4.0"
::ffff:127.0.0.1 - - [06/May/2023:01:08:32 +0000] "GET /api/v1/articles/642d4c587c1330814fb76297? HTTP/1.0" 200 22242 "-" "Sedu/1 CFNetwork/1406.0.4 Darwin/22.4.0"
::1 - - [06/May/2023:01:08:50 +0000] "GET /api/v1/articles/642e38197c1330814fb764af? HTTP/1.0" 200 5982 "-" "Sedu/1 CFNetwork/1406.0.4 Darwin/22.4.0"
::ffff:127.0.0.1 - - [06/May/2023:01:08:58 +0000] "GET /api/v1/articles/64532f9ea4c26797f426b446? HTTP/1.0" 200 5699 "-" "Sedu/1 CFNetwork/1406.0.4 Darwin/22.4.0"
::1 - - [06/May/2023:01:09:09 +0000] "GET /api/v1/articles/64532c84a4c26797f426b3e2? HTTP/1.0" 200 2853 "-" "Sedu/1 CFNetwork/1406.0.4 Darwin/22.4.0"
::ffff:127.0.0.1 - - [06/May/2023:01:09:57 +0000] "GET /api/v1/users/me? HTTP/1.0" 304 - "-" "okhttp/4.9.2"
::ffff:127.0.0.1 - - [06/May/2023:01:09:57 +0000] "GET /api/v1/ads? HTTP/1.0" 304 - "-" "okhttp/4.9.2"
::1 - - [06/May/2023:01:09:57 +0000] "GET /api/v1/articles? HTTP/1.0" 200 317492 "-" "okhttp/4.9.2"
::1 - - [06/May/2023:01:09:58 +0000] "GET /api/v1/users/me? HTTP/1.0" 401 283 "-" "Sedu/1 CFNetwork/1404.0.5 Darwin/22.3.0"
::1 - - [06/May/2023:01:14:13 +0000] "GET /api/v1/users/me? HTTP/1.0" 401 283 "-" "Sedu/1 CFNetwork/1325.0.1 Darwin/21.1.0"
::ffff:127.0.0.1 - - [06/May/2023:01:14:39 +0000] "POST /api/v1/users/register HTTP/1.0" 200 465 "-" "Sedu/1 CFNetwork/1325.0.1 Darwin/21.1.0"
::1 - - [06/May/2023:01:14:40 +0000] "POST /api/v1/users/register HTTP/1.0" 500 251 "-" "Sedu/1 CFNetwork/1325.0.1 Darwin/21.1.0"
::ffff:127.0.0.1 - - [06/May/2023:01:14:41 +0000] "POST /api/v1/users/register HTTP/1.0" 500 251 "-" "Sedu/1 CFNetwork/1325.0.1 Darwin/21.1.0"
::1 - - [06/May/2023:01:14:43 +0000] "POST /api/v1/users/register HTTP/1.0" 500 251 "-" "Sedu/1 CFNetwork/1325.0.1 Darwin/21.1.0"
::ffff:127.0.0.1 - - [06/May/2023:01:14:46 +0000] "POST /api/v1/users/register HTTP/1.0" 500 251 "-" "Sedu/1 CFNetwork/1325.0.1 Darwin/21.1.0"
::1 - - [06/May/2023:01:14:49 +0000] "GET /api/v1/users/me? HTTP/1.0" 200 191 "-" "Sedu/1 CFNetwork/1325.0.1 Darwin/21.1.0"
::ffff:127.0.0.1 - - [06/May/2023:01:14:56 +0000] "GET /api/v1/users/logout? HTTP/1.0" 200 39 "-" "Sedu/1 CFNetwork/1325.0.1 Darwin/21.1.0"
::1 - - [06/May/2023:01:14:56 +0000] "GET /api/v1/users/me? HTTP/1.0" 401 283 "-" "Sedu/1 CFNetwork/1325.0.1 Darwin/21.1.0"
::ffff:127.0.0.1 - - [06/May/2023:01:16:47 +0000] "GET /api/v1/users/me? HTTP/1.0" 401 283 "-" "Sedu/1 CFNetwork/1406.0.4 Darwin/22.4.0"
::1 - - [06/May/2023:01:16:59 +0000] "POST /api/v1/users/register HTTP/1.0" 200 461 "-" "Sedu/1 CFNetwork/1406.0.4 Darwin/22.4.0"
::ffff:127.0.0.1 - - [06/May/2023:01:17:00 +0000] "GET /api/v1/users/me? HTTP/1.0" 200 187 "-" "Sedu/1 CFNetwork/1406.0.4 Darwin/22.4.0"
::1 - - [06/May/2023:01:17:15 +0000] "GET /api/v1/users/me? HTTP/1.0" 304 - "-" "Sedu/1 CFNetwork/1406.0.4 Darwin/22.4.0"
::ffff:127.0.0.1 - - [06/May/2023:01:17:19 +0000] "GET /api/v1/users/logout? HTTP/1.0" 200 39 "-" "Sedu/1 CFNetwork/1406.0.4 Darwin/22.4.0"
::1 - - [06/May/2023:01:17:19 +0000] "GET /api/v1/users/me? HTTP/1.0" 401 283 "-" "Sedu/1 CFNetwork/1406.0.4 Darwin/22.4.0"
::ffff:127.0.0.1 - - [06/May/2023:01:17:30 +0000] "GET /api/v1/users/me? HTTP/1.0" 401 283 "-" "Sedu/1 CFNetwork/1406.0.4 Darwin/22.4.0"
::ffff:127.0.0.1 - - [06/May/2023:01:18:34 +0000] "GET /api/v1/users/me? HTTP/1.0" 401 283 "-" "Sedu/1 CFNetwork/1406.0.4 Darwin/22.4.0"
::1 - - [06/May/2023:01:19:00 +0000] "POST /api/v1/users/register HTTP/1.0" 200 467 "-" "Sedu/1 CFNetwork/1406.0.4 Darwin/22.4.0"
::ffff:127.0.0.1 - - [06/May/2023:01:19:00 +0000] "GET /api/v1/users/me? HTTP/1.0" 200 193 "-" "Sedu/1 CFNetwork/1406.0.4 Darwin/22.4.0"
::1 - - [06/May/2023:01:19:08 +0000] "GET /api/v1/users/me? HTTP/1.0" 401 283 "-" "Sedu/1 CFNetwork/1404.0.5 Darwin/22.3.0"
::ffff:127.0.0.1 - - [06/May/2023:01:19:10 +0000] "GET /api/v1/users/logout? HTTP/1.0" 200 39 "-" "Sedu/1 CFNetwork/1406.0.4 Darwin/22.4.0"
::1 - - [06/May/2023:01:19:10 +0000] "GET /api/v1/users/me? HTTP/1.0" 401 283 "-" "Sedu/1 CFNetwork/1406.0.4 Darwin/22.4.0"
::ffff:127.0.0.1 - - [06/May/2023:01:19:34 +0000] "POST /api/v1/users/register HTTP/1.0" 500 249 "-" "Sedu/1 CFNetwork/1404.0.5 Darwin/22.3.0"
::1 - - [06/May/2023:01:19:48 +0000] "POST /api/v1/users/register HTTP/1.0" 200 465 "-" "Sedu/1 CFNetwork/1404.0.5 Darwin/22.3.0"
::ffff:127.0.0.1 - - [06/May/2023:01:19:48 +0000] "GET /api/v1/users/me? HTTP/1.0" 200 191 "-" "Sedu/1 CFNetwork/1404.0.5 Darwin/22.3.0"
::1 - - [06/May/2023:01:19:59 +0000] "GET /api/v1/users/logout? HTTP/1.0" 200 39 "-" "Sedu/1 CFNetwork/1404.0.5 Darwin/22.3.0"
::ffff:127.0.0.1 - - [06/May/2023:01:19:59 +0000] "GET /api/v1/users/me? HTTP/1.0" 401 283 "-" "Sedu/1 CFNetwork/1404.0.5 Darwin/22.3.0"
::1 - - [06/May/2023:01:20:13 +0000] "POST /api/v1/users/login HTTP/1.0" 200 465 "-" "Sedu/1 CFNetwork/1404.0.5 Darwin/22.3.0"
::ffff:127.0.0.1 - - [06/May/2023:01:20:13 +0000] "GET /api/v1/users/me? HTTP/1.0" 304 - "-" "Sedu/1 CFNetwork/1404.0.5 Darwin/22.3.0"
::1 - - [06/May/2023:01:20:16 +0000] "GET /api/v1/users/me? HTTP/1.0" 304 - "-" "Sedu/1 CFNetwork/1404.0.5 Darwin/22.3.0"
::ffff:127.0.0.1 - - [06/May/2023:01:20:23 +0000] "POST /api/v1/users/invoice/6455ab33734d8365d22592ed HTTP/1.0" 200 50 "-" "Sedu/1 CFNetwork/1404.0.5 Darwin/22.3.0"
::1 - - [06/May/2023:01:20:23 +0000] "GET /api/v1/wallets/6455ab57734d8365d22592f4? HTTP/1.0" 200 16181 "-" "Sedu/1 CFNetwork/1404.0.5 Darwin/22.3.0"
::ffff:127.0.0.1 - - [06/May/2023:01:20:28 +0000] "GET /api/v1/ads? HTTP/1.0" 304 - "-" "okhttp/4.9.2"
::1 - - [06/May/2023:01:20:29 +0000] "GET /api/v1/users/me? HTTP/1.0" 304 - "-" "okhttp/4.9.2"
::ffff:127.0.0.1 - - [06/May/2023:01:20:31 +0000] "GET /api/v1/articles? HTTP/1.0" 304 - "-" "okhttp/4.9.2"
::1 - - [06/May/2023:01:20:31 +0000] "GET /api/v1/users/me? HTTP/1.0" 304 - "-" "okhttp/4.9.2"
::ffff:127.0.0.1 - - [06/May/2023:01:20:31 +0000] "GET /api/v1/users/logout? HTTP/1.0" 304 - "-" "Sedu/1 CFNetwork/1404.0.5 Darwin/22.3.0"
::1 - - [06/May/2023:01:20:32 +0000] "GET /api/v1/users/me? HTTP/1.0" 401 283 "-" "Sedu/1 CFNetwork/1404.0.5 Darwin/22.3.0"
::ffff:127.0.0.1 - - [06/May/2023:01:22:54 +0000] "GET /api/v1/articles/642d55507c1330814fb76325? HTTP/1.0" 200 3410 "-" "okhttp/4.9.2"
::ffff:127.0.0.1 - - [06/May/2023:01:23:01 +0000] "POST / HTTP/1.0" 404 140 "-" "Mozilla/5.0 (X11; Linux x86_64) AppleWebKit/537.36 (KHTML, like Gecko) Chrome/81.0.4044.129 Safari/537.36"
::1 - - [06/May/2023:01:23:01 +0000] "GET /.env HTTP/1.0" 404 143 "-" "Mozilla/5.0 (X11; Linux x86_64) AppleWebKit/537.36 (KHTML, like Gecko) Chrome/81.0.4044.129 Safari/537.36"
::1 - - [06/May/2023:01:25:30 +0000] "GET /api/v1/articles/642d4c587c1330814fb76297? HTTP/1.0" 200 22242 "-" "okhttp/4.9.2"
::ffff:127.0.0.1 - - [06/May/2023:01:25:55 +0000] "GET /api/v1/users/me? HTTP/1.0" 304 - "-" "okhttp/4.9.2"
::1 - - [06/May/2023:01:26:07 +0000] "POST /api/v1/users/invoice/644f6e9da4c26797f425530c HTTP/1.0" 200 50 "-" "okhttp/4.9.2"
::ffff:127.0.0.1 - - [06/May/2023:01:26:07 +0000] "GET /api/v1/wallets/6455acaf734d8365d225930f? HTTP/1.0" 200 16151 "-" "okhttp/4.9.2"
::ffff:127.0.0.1 - - [06/May/2023:01:26:33 +0000] "GET /api/v1/users/logout? HTTP/1.0" 304 - "-" "okhttp/4.9.2"
::1 - - [06/May/2023:01:26:34 +0000] "GET /api/v1/users/me? HTTP/1.0" 401 283 "-" "okhttp/4.9.2"
::ffff:127.0.0.1 - - [06/May/2023:01:30:19 +0000] "GET /api/v1/users/me? HTTP/1.0" 401 283 "-" "Sedu/1 CFNetwork/1406.0.4 Darwin/22.4.0"
::1 - - [06/May/2023:01:30:47 +0000] "GET /api/v1/users/me? HTTP/1.0" 304 - "-" "Sedu/1 CFNetwork/1406.0.4 Darwin/22.4.0"
::1 - - [06/May/2023:01:30:47 +0000] "GET /api/v1/users/me? HTTP/1.0" 304 - "-" "Sedu/1 CFNetwork/1406.0.4 Darwin/22.4.0"
::ffff:127.0.0.1 - - [06/May/2023:01:30:47 +0000] "GET /api/v1/ads? HTTP/1.0" 304 - "-" "Sedu/1 CFNetwork/1406.0.4 Darwin/22.4.0"
::ffff:127.0.0.1 - - [06/May/2023:01:30:47 +0000] "GET /api/v1/articles? HTTP/1.0" 200 317492 "-" "Sedu/1 CFNetwork/1406.0.4 Darwin/22.4.0"
::1 - - [06/May/2023:01:31:01 +0000] "GET /api/v1/articles/642d4c587c1330814fb76297? HTTP/1.0" 200 22242 "-" "Sedu/1 CFNetwork/1406.0.4 Darwin/22.4.0"
::ffff:127.0.0.1 - - [06/May/2023:01:32:35 +0000] "GET /api/v1/users/me? HTTP/1.0" 304 - "-" "okhttp/4.9.2"
::1 - - [06/May/2023:01:32:39 +0000] "GET /api/v1/users/me? HTTP/1.0" 304 - "-" "okhttp/4.9.2"
::ffff:127.0.0.1 - - [06/May/2023:01:32:39 +0000] "GET /api/v1/users/logout? HTTP/1.0" 304 - "-" "okhttp/4.9.2"
::1 - - [06/May/2023:01:32:40 +0000] "GET /api/v1/users/me? HTTP/1.0" 401 283 "-" "okhttp/4.9.2"
::ffff:127.0.0.1 - - [06/May/2023:01:32:48 +0000] "POST /api/v1/users/login HTTP/1.0" 200 508 "-" "okhttp/4.9.2"
::1 - - [06/May/2023:01:32:48 +0000] "GET /api/v1/users/me? HTTP/1.0" 304 - "-" "okhttp/4.9.2"
::ffff:127.0.0.1 - - [06/May/2023:01:32:50 +0000] "GET /api/v1/users/logout? HTTP/1.0" 304 - "-" "okhttp/4.9.2"
::1 - - [06/May/2023:01:32:50 +0000] "GET /api/v1/users/me? HTTP/1.0" 401 283 "-" "okhttp/4.9.2"
::ffff:127.0.0.1 - - [06/May/2023:01:41:05 +0000] "GET /api/v1/users/me? HTTP/1.0" 200 231 "-" "okhttp/4.9.2"
::1 - - [06/May/2023:01:42:28 +0000] "GET /api/v1/users/me? HTTP/1.0" 401 283 "-" "Sedu/1 CFNetwork/1406.0.4 Darwin/22.4.0"
::ffff:127.0.0.1 - - [06/May/2023:01:42:48 +0000] "POST /api/v1/users/register HTTP/1.0" 200 461 "-" "Sedu/1 CFNetwork/1406.0.4 Darwin/22.4.0"
::1 - - [06/May/2023:01:42:49 +0000] "GET /api/v1/users/me? HTTP/1.0" 200 187 "-" "Sedu/1 CFNetwork/1406.0.4 Darwin/22.4.0"
::ffff:127.0.0.1 - - [06/May/2023:01:43:04 +0000] "GET /api/v1/users/logout? HTTP/1.0" 200 39 "-" "Sedu/1 CFNetwork/1406.0.4 Darwin/22.4.0"
::1 - - [06/May/2023:01:43:05 +0000] "GET /api/v1/users/me? HTTP/1.0" 401 283 "-" "Sedu/1 CFNetwork/1406.0.4 Darwin/22.4.0"
::ffff:127.0.0.1 - - [06/May/2023:01:43:14 +0000] "POST /api/v1/users/login HTTP/1.0" 200 461 "-" "Sedu/1 CFNetwork/1406.0.4 Darwin/22.4.0"
::1 - - [06/May/2023:01:43:14 +0000] "GET /api/v1/users/me? HTTP/1.0" 304 - "-" "Sedu/1 CFNetwork/1406.0.4 Darwin/22.4.0"
::ffff:127.0.0.1 - - [06/May/2023:01:43:30 +0000] "GET /api/v1/users/me? HTTP/1.0" 401 283 "-" "okhttp/4.9.2"
::1 - - [06/May/2023:01:43:35 +0000] "GET /api/v1/users/me? HTTP/1.0" 304 - "-" "Sedu/1 CFNetwork/1406.0.4 Darwin/22.4.0"
::ffff:127.0.0.1 - - [06/May/2023:01:43:49 +0000] "POST /api/v1/users/register HTTP/1.0" 200 463 "-" "okhttp/4.9.2"
::1 - - [06/May/2023:01:43:50 +0000] "GET /api/v1/users/me? HTTP/1.0" 200 189 "-" "okhttp/4.9.2"
::ffff:127.0.0.1 - - [06/May/2023:01:43:51 +0000] "POST /api/v1/users/invoice/6455b098734d8365d225932c HTTP/1.0" 200 50 "-" "Sedu/1 CFNetwork/1406.0.4 Darwin/22.4.0"
::1 - - [06/May/2023:01:43:52 +0000] "GET /api/v1/wallets/6455b0d7734d8365d2259336? HTTP/1.0" 200 16241 "-" "Sedu/1 CFNetwork/1406.0.4 Darwin/22.4.0"
::ffff:127.0.0.1 - - [06/May/2023:01:45:07 +0000] "GET /api/v1/users/callbacks/6455b098734d8365d225932c/20000?qpay_payment_id=799298984690090 HTTP/1.0" 200 226 "-" "node-fetch/1.0 (+https://github.com/bitinn/node-fetch)"
::1 - - [06/May/2023:01:45:22 +0000] "GET /api/v1/users/me? HTTP/1.0" 401 283 "-" "Sedu/1 CFNetwork/1402.0.8 Darwin/22.2.0"
::ffff:127.0.0.1 - - [06/May/2023:01:45:33 +0000] "POST /api/v1/users/register HTTP/1.0" 500 247 "-" "Sedu/1 CFNetwork/1402.0.8 Darwin/22.2.0"
::1 - - [06/May/2023:01:45:42 +0000] "POST /api/v1/users/register HTTP/1.0" 200 465 "-" "Sedu/1 CFNetwork/1402.0.8 Darwin/22.2.0"
::ffff:127.0.0.1 - - [06/May/2023:01:45:43 +0000] "GET /api/v1/users/me? HTTP/1.0" 200 191 "-" "Sedu/1 CFNetwork/1402.0.8 Darwin/22.2.0"
::1 - - [06/May/2023:01:45:52 +0000] "GET /api/v1/users/me? HTTP/1.0" 304 - "-" "Sedu/1 CFNetwork/1402.0.8 Darwin/22.2.0"
::ffff:127.0.0.1 - - [06/May/2023:01:45:57 +0000] "POST /api/v1/users/invoice/6455b146734d8365d225934b HTTP/1.0" 200 50 "-" "Sedu/1 CFNetwork/1402.0.8 Darwin/22.2.0"
::1 - - [06/May/2023:01:45:57 +0000] "GET /api/v1/wallets/6455b155734d8365d2259350? HTTP/1.0" 200 16245 "-" "Sedu/1 CFNetwork/1402.0.8 Darwin/22.2.0"
::ffff:127.0.0.1 - - [06/May/2023:01:46:18 +0000] "GET /api/v1/users/callbacks/6455b146734d8365d225934b/20000?qpay_payment_id=593530413746659 HTTP/1.0" 200 230 "-" "node-fetch/1.0 (+https://github.com/bitinn/node-fetch)"
::1 - - [06/May/2023:01:46:23 +0000] "GET /api/v1/users/me? HTTP/1.0" 200 230 "-" "Sedu/1 CFNetwork/1402.0.8 Darwin/22.2.0"
::1 - - [06/May/2023:01:46:23 +0000] "GET /api/v1/ads? HTTP/1.0" 200 633 "-" "Sedu/1 CFNetwork/1402.0.8 Darwin/22.2.0"
::ffff:127.0.0.1 - - [06/May/2023:01:46:23 +0000] "GET /api/v1/articles? HTTP/1.0" 200 317492 "-" "Sedu/1 CFNetwork/1402.0.8 Darwin/22.2.0"
::ffff:127.0.0.1 - - [06/May/2023:01:46:59 +0000] "GET /api/v1/users/me? HTTP/1.0" 401 283 "-" "Sedu/1 CFNetwork/1406.0.4 Darwin/22.4.0"
::1 - - [06/May/2023:01:47:12 +0000] "GET /api/v1/articles/642d789c7c1330814fb763e7? HTTP/1.0" 200 6163 "-" "Sedu/1 CFNetwork/1402.0.8 Darwin/22.2.0"
::ffff:127.0.0.1 - - [06/May/2023:01:47:13 +0000] "GET /api/v1/users/me? HTTP/1.0" 401 283 "-" "Sedu/1 CFNetwork/1404.0.5 Darwin/22.3.0"
::1 - - [06/May/2023:01:47:24 +0000] "GET /api/v1/users/me? HTTP/1.0" 304 - "-" "Sedu/1 CFNetwork/1402.0.8 Darwin/22.2.0"
::1 - - [06/May/2023:01:47:24 +0000] "GET /api/v1/ads? HTTP/1.0" 304 - "-" "Sedu/1 CFNetwork/1402.0.8 Darwin/22.2.0"
::ffff:127.0.0.1 - - [06/May/2023:01:47:24 +0000] "GET /api/v1/articles? HTTP/1.0" 200 317492 "-" "Sedu/1 CFNetwork/1402.0.8 Darwin/22.2.0"
::ffff:127.0.0.1 - - [06/May/2023:01:47:34 +0000] "GET /api/v1/users/me? HTTP/1.0" 304 - "-" "Sedu/1 CFNetwork/1402.0.8 Darwin/22.2.0"
::1 - - [06/May/2023:01:47:39 +0000] "POST /api/v1/users/register HTTP/1.0" 500 249 "-" "Sedu/1 CFNetwork/1406.0.4 Darwin/22.4.0"
::ffff:127.0.0.1 - - [06/May/2023:01:47:46 +0000] "POST /api/v1/users/register HTTP/1.0" 200 465 "-" "Sedu/1 CFNetwork/1404.0.5 Darwin/22.3.0"
::1 - - [06/May/2023:01:47:46 +0000] "GET /api/v1/users/me? HTTP/1.0" 200 191 "-" "Sedu/1 CFNetwork/1404.0.5 Darwin/22.3.0"
::ffff:127.0.0.1 - - [06/May/2023:01:47:48 +0000] "POST /api/v1/users/register HTTP/1.0" 200 462 "-" "Sedu/1 CFNetwork/1406.0.4 Darwin/22.4.0"
::1 - - [06/May/2023:01:47:48 +0000] "GET /api/v1/users/me? HTTP/1.0" 200 188 "-" "Sedu/1 CFNetwork/1406.0.4 Darwin/22.4.0"
::ffff:127.0.0.1 - - [06/May/2023:01:47:52 +0000] "GET /api/v1/users/me? HTTP/1.0" 304 - "-" "Sedu/1 CFNetwork/1404.0.5 Darwin/22.3.0"
::1 - - [06/May/2023:01:47:57 +0000] "GET /api/v1/users/logout? HTTP/1.0" 200 39 "-" "Sedu/1 CFNetwork/1404.0.5 Darwin/22.3.0"
::ffff:127.0.0.1 - - [06/May/2023:01:47:57 +0000] "GET /api/v1/users/me? HTTP/1.0" 401 283 "-" "Sedu/1 CFNetwork/1404.0.5 Darwin/22.3.0"
::1 - - [06/May/2023:01:48:06 +0000] "GET /api/v1/users/me? HTTP/1.0" 304 - "-" "Sedu/1 CFNetwork/1402.0.8 Darwin/22.2.0"
::ffff:127.0.0.1 - - [06/May/2023:01:48:10 +0000] "POST /api/v1/users/login HTTP/1.0" 200 465 "-" "Sedu/1 CFNetwork/1404.0.5 Darwin/22.3.0"
::1 - - [06/May/2023:01:48:10 +0000] "GET /api/v1/users/me? HTTP/1.0" 304 - "-" "Sedu/1 CFNetwork/1404.0.5 Darwin/22.3.0"
::ffff:127.0.0.1 - - [06/May/2023:01:48:19 +0000] "GET /api/v1/users/me? HTTP/1.0" 304 - "-" "Sedu/1 CFNetwork/1402.0.8 Darwin/22.2.0"
::ffff:127.0.0.1 - - [06/May/2023:01:48:19 +0000] "GET /api/v1/users/me? HTTP/1.0" 304 - "-" "Sedu/1 CFNetwork/1402.0.8 Darwin/22.2.0"
::1 - - [06/May/2023:01:48:19 +0000] "GET /api/v1/ads? HTTP/1.0" 304 - "-" "Sedu/1 CFNetwork/1402.0.8 Darwin/22.2.0"
::ffff:127.0.0.1 - - [06/May/2023:01:48:19 +0000] "GET /api/v1/articles? HTTP/1.0" 304 - "-" "Sedu/1 CFNetwork/1402.0.8 Darwin/22.2.0"
::1 - - [06/May/2023:01:48:21 +0000] "GET /api/v1/users/me? HTTP/1.0" 304 - "-" "okhttp/4.9.2"
::ffff:127.0.0.1 - - [06/May/2023:01:48:21 +0000] "GET /api/v1/articles? HTTP/1.0" 304 - "-" "okhttp/4.9.2"
::1 - - [06/May/2023:01:48:21 +0000] "GET /api/v1/ads? HTTP/1.0" 304 - "-" "okhttp/4.9.2"
::ffff:127.0.0.1 - - [06/May/2023:01:48:23 +0000] "GET /api/v1/articles/642d4c587c1330814fb76297? HTTP/1.0" 200 22242 "-" "Sedu/1 CFNetwork/1402.0.8 Darwin/22.2.0"
::1 - - [06/May/2023:01:49:52 +0000] "GET /api/v1/articles/642d7ac57c1330814fb76424? HTTP/1.0" 200 9288 "-" "Sedu/1 CFNetwork/1402.0.8 Darwin/22.2.0"
::ffff:127.0.0.1 - - [06/May/2023:01:50:46 +0000] "GET /api/v1/users/me? HTTP/1.0" 200 226 "-" "Sedu/1 CFNetwork/1406.0.4 Darwin/22.4.0"
::ffff:127.0.0.1 - - [06/May/2023:01:50:46 +0000] "GET /api/v1/ads? HTTP/1.0" 200 633 "-" "Sedu/1 CFNetwork/1406.0.4 Darwin/22.4.0"
::1 - - [06/May/2023:01:50:46 +0000] "GET /api/v1/articles? HTTP/1.0" 200 317492 "-" "Sedu/1 CFNetwork/1406.0.4 Darwin/22.4.0"
::ffff:127.0.0.1 - - [06/May/2023:01:51:38 +0000] "GET /api/v1/users/me? HTTP/1.0" 304 - "-" "Sedu/1 CFNetwork/1406.0.4 Darwin/22.4.0"
::1 - - [06/May/2023:01:51:38 +0000] "GET /api/v1/ads? HTTP/1.0" 304 - "-" "Sedu/1 CFNetwork/1406.0.4 Darwin/22.4.0"
::1 - - [06/May/2023:01:51:38 +0000] "GET /api/v1/articles? HTTP/1.0" 304 - "-" "Sedu/1 CFNetwork/1406.0.4 Darwin/22.4.0"
::ffff:127.0.0.1 - - [06/May/2023:01:51:48 +0000] "GET /api/v1/users/me? HTTP/1.0" 304 - "-" "Sedu/1 CFNetwork/1406.0.4 Darwin/22.4.0"
::1 - - [06/May/2023:01:52:17 +0000] "GET /api/v1/articles/642d4c587c1330814fb76297? HTTP/1.0" 200 22242 "-" "Sedu/1 CFNetwork/1406.0.4 Darwin/22.4.0"
::ffff:127.0.0.1 - - [06/May/2023:01:52:42 +0000] "GET /api/v1/articles/642d55507c1330814fb76325? HTTP/1.0" 200 3410 "-" "Sedu/1 CFNetwork/1406.0.4 Darwin/22.4.0"
::1 - - [06/May/2023:01:53:20 +0000] "GET /api/v1/articles/642d789c7c1330814fb763e7? HTTP/1.0" 200 6163 "-" "Sedu/1 CFNetwork/1406.0.4 Darwin/22.4.0"
::ffff:127.0.0.1 - - [06/May/2023:01:54:18 +0000] "GET /api/v1/articles/642e321a7c1330814fb7648b? HTTP/1.0" 200 2221 "-" "Sedu/1 CFNetwork/1402.0.8 Darwin/22.2.0"
::1 - - [06/May/2023:01:54:20 +0000] "GET /api/v1/users/me? HTTP/1.0" 304 - "-" "okhttp/4.9.2"
::1 - - [06/May/2023:01:54:20 +0000] "GET /api/v1/ads? HTTP/1.0" 304 - "-" "okhttp/4.9.2"
::ffff:127.0.0.1 - - [06/May/2023:01:54:20 +0000] "GET /api/v1/articles? HTTP/1.0" 200 317492 "-" "okhttp/4.9.2"
::ffff:127.0.0.1 - - [06/May/2023:01:54:46 +0000] "GET /api/v1/users/me? HTTP/1.0" 304 - "-" "Sedu/1 CFNetwork/1406.0.4 Darwin/22.4.0"
::1 - - [06/May/2023:01:54:46 +0000] "GET /api/v1/articles? HTTP/1.0" 304 - "-" "Sedu/1 CFNetwork/1406.0.4 Darwin/22.4.0"
::ffff:127.0.0.1 - - [06/May/2023:01:54:46 +0000] "GET /api/v1/ads? HTTP/1.0" 304 - "-" "Sedu/1 CFNetwork/1406.0.4 Darwin/22.4.0"
::ffff:127.0.0.1 - - [06/May/2023:01:54:48 +0000] "GET /api/v1/users/me? HTTP/1.0" 304 - "-" "Sedu/1 CFNetwork/1406.0.4 Darwin/22.4.0"
::ffff:127.0.0.1 - - [06/May/2023:01:54:49 +0000] "GET /api/v1/users/logout? HTTP/1.0" 304 - "-" "Sedu/1 CFNetwork/1406.0.4 Darwin/22.4.0"
::1 - - [06/May/2023:01:54:49 +0000] "GET /api/v1/articles/642d55bf7c1330814fb76345? HTTP/1.0" 200 17955 "-" "okhttp/4.9.2"
::1 - - [06/May/2023:01:54:49 +0000] "GET /api/v1/articles? HTTP/1.0" 401 283 "-" "Sedu/1 CFNetwork/1406.0.4 Darwin/22.4.0"
::1 - - [06/May/2023:01:54:49 +0000] "GET /api/v1/users/me? HTTP/1.0" 401 283 "-" "Sedu/1 CFNetwork/1406.0.4 Darwin/22.4.0"
::ffff:127.0.0.1 - - [06/May/2023:01:54:49 +0000] "GET /api/v1/users/me? HTTP/1.0" 401 283 "-" "Sedu/1 CFNetwork/1406.0.4 Darwin/22.4.0"
::ffff:127.0.0.1 - - [06/May/2023:01:54:49 +0000] "GET /api/v1/ads? HTTP/1.0" 304 - "-" "Sedu/1 CFNetwork/1406.0.4 Darwin/22.4.0"
::1 - - [06/May/2023:01:55:18 +0000] "GET /api/v1/users/me? HTTP/1.0" 401 283 "-" "Sedu/1 CFNetwork/1197 Darwin/20.0.0"
::ffff:127.0.0.1 - - [06/May/2023:01:55:20 +0000] "GET /api/v1/users/me? HTTP/1.0" 304 - "-" "Sedu/1 CFNetwork/1402.0.8 Darwin/22.2.0"
::ffff:127.0.0.1 - - [06/May/2023:01:55:20 +0000] "GET /api/v1/ads? HTTP/1.0" 304 - "-" "Sedu/1 CFNetwork/1402.0.8 Darwin/22.2.0"
::1 - - [06/May/2023:01:55:20 +0000] "GET /api/v1/articles? HTTP/1.0" 200 317492 "-" "Sedu/1 CFNetwork/1402.0.8 Darwin/22.2.0"
::1 - - [06/May/2023:01:55:24 +0000] "GET /api/v1/articles/642d581c7c1330814fb76387? HTTP/1.0" 200 7596 "-" "okhttp/4.9.2"
::1 - - [06/May/2023:01:57:15 +0000] "GET /api/v1/users/me? HTTP/1.0" 304 - "-" "Sedu/1 CFNetwork/1402.0.8 Darwin/22.2.0"
::1 - - [06/May/2023:01:57:15 +0000] "GET /api/v1/articles/642e321a7c1330814fb7648b? HTTP/1.0" 304 - "-" "Sedu/1 CFNetwork/1402.0.8 Darwin/22.2.0"
::ffff:127.0.0.1 - - [06/May/2023:01:57:16 +0000] "GET /api/v1/ads? HTTP/1.0" 304 - "-" "Sedu/1 CFNetwork/1402.0.8 Darwin/22.2.0"
::ffff:127.0.0.1 - - [06/May/2023:01:57:16 +0000] "GET /api/v1/articles? HTTP/1.0" 304 - "-" "Sedu/1 CFNetwork/1402.0.8 Darwin/22.2.0"
::1 - - [06/May/2023:01:57:17 +0000] "GET /api/v1/users/me? HTTP/1.0" 304 - "-" "okhttp/4.9.2"
::ffff:127.0.0.1 - - [06/May/2023:01:57:17 +0000] "GET /api/v1/ads? HTTP/1.0" 304 - "-" "okhttp/4.9.2"
::1 - - [06/May/2023:01:57:17 +0000] "GET /api/v1/articles? HTTP/1.0" 304 - "-" "okhttp/4.9.2"
::ffff:127.0.0.1 - - [06/May/2023:01:57:39 +0000] "GET /api/v1/articles/642e38197c1330814fb764af? HTTP/1.0" 200 5982 "-" "Sedu/1 CFNetwork/1402.0.8 Darwin/22.2.0"
