::ffff:127.0.0.1 - - [02/May/2023:00:00:03 +0000] "GET /api/v1/users/me? HTTP/1.0" 304 - "-" "Sedu/1 CFNetwork/1335.0.3.1 Darwin/21.6.0"
::1 - - [02/May/2023:00:00:03 +0000] "GET /api/v1/wallets/644ff8b3a4c26797f425aad4? HTTP/1.0" 304 - "-" "Sedu/1 CFNetwork/1335.0.3.1 Darwin/21.6.0"
::1 - - [02/May/2023:00:00:23 +0000] "POST /api/v1/users/invoice/64505263a4c26797f425b7be HTTP/1.0" 200 50 "-" "okhttp/4.9.2"
::ffff:127.0.0.1 - - [02/May/2023:00:00:23 +0000] "GET /api/v1/wallets/64505297a4c26797f425b7c5? HTTP/1.0" 200 16377 "-" "okhttp/4.9.2"
::1 - - [02/May/2023:00:00:35 +0000] "GET /wp-content/plugins/updraftplus/includes/ HTTP/1.0" 404 179 "-" "Mozilla/5.0 (Windows NT 6.2; WOW64) AppleWebKit/537.36 (KHTML like Gecko) Chrome/44.0.2403.155 Safari/537.36"
::ffff:127.0.0.1 - - [02/May/2023:00:00:48 +0000] "GET /api/v1/users/callbacks/64505263a4c26797f425b7be/20000?qpay_payment_id=248361085940431 HTTP/1.0" 200 226 "-" "node-fetch/1.0 (+https://github.com/bitinn/node-fetch)"
::1 - - [02/May/2023:00:00:55 +0000] "GET /api/v1/users/me? HTTP/1.0" 200 226 "-" "okhttp/4.9.2"
::ffff:127.0.0.1 - - [02/May/2023:00:00:55 +0000] "GET /api/v1/wallets/64505297a4c26797f425b7c5? HTTP/1.0" 304 - "-" "okhttp/4.9.2"
::1 - - [02/May/2023:00:01:00 +0000] "POST /api/v1/users/invoice/64505263a4c26797f425b7be HTTP/1.0" 200 50 "-" "okhttp/4.9.2"
::ffff:127.0.0.1 - - [02/May/2023:00:01:00 +0000] "GET /api/v1/wallets/645052bca4c26797f425b7db? HTTP/1.0" 200 16177 "-" "okhttp/4.9.2"
::1 - - [02/May/2023:00:01:07 +0000] "GET /api/v1/users/me? HTTP/1.0" 200 226 "-" "okhttp/4.9.2"
::ffff:127.0.0.1 - - [02/May/2023:00:01:08 +0000] "GET /api/v1/users/logout? HTTP/1.0" 200 39 "-" "okhttp/4.9.2"
::1 - - [02/May/2023:00:01:08 +0000] "GET /api/v1/users/me? HTTP/1.0" 401 283 "-" "okhttp/4.9.2"
::ffff:127.0.0.1 - - [02/May/2023:00:01:17 +0000] "POST /api/v1/users/login HTTP/1.0" 200 500 "-" "okhttp/4.9.2"
::1 - - [02/May/2023:00:01:18 +0000] "GET /api/v1/users/me? HTTP/1.0" 304 - "-" "okhttp/4.9.2"
::1 - - [02/May/2023:00:01:18 +0000] "GET /api/v1/ads? HTTP/1.0" 200 633 "-" "okhttp/4.9.2"
::ffff:127.0.0.1 - - [02/May/2023:00:01:18 +0000] "GET /api/v1/articles? HTTP/1.0" 200 303951 "-" "okhttp/4.9.2"
::ffff:127.0.0.1 - - [02/May/2023:00:01:30 +0000] "GET /api/v1/articles/642d581c7c1330814fb76387? HTTP/1.0" 200 7624 "-" "okhttp/4.9.2"
::1 - - [02/May/2023:00:01:43 +0000] "GET /api/v1/users/me? HTTP/1.0" 401 283 "-" "Sedu/1 CFNetwork/1406.0.4 Darwin/22.4.0"
::ffff:127.0.0.1 - - [02/May/2023:00:01:51 +0000] "GET /api/v1/users/me? HTTP/1.0" 401 283 "-" "Sedu/1 CFNetwork/1335.0.3 Darwin/21.6.0"
::1 - - [02/May/2023:00:01:54 +0000] "GET /api/v1/articles/642d56517c1330814fb7635e? HTTP/1.0" 200 16264 "-" "okhttp/4.9.2"
::ffff:127.0.0.1 - - [02/May/2023:00:01:58 +0000] "POST /api/v1/users/register HTTP/1.0" 200 464 "-" "Sedu/1 CFNetwork/1406.0.4 Darwin/22.4.0"
::1 - - [02/May/2023:00:01:58 +0000] "GET /api/v1/users/me? HTTP/1.0" 200 190 "-" "Sedu/1 CFNetwork/1406.0.4 Darwin/22.4.0"
::ffff:127.0.0.1 - - [02/May/2023:00:02:02 +0000] "GET /api/v1/users/me? HTTP/1.0" 304 - "-" "Sedu/1 CFNetwork/1406.0.4 Darwin/22.4.0"
::1 - - [02/May/2023:00:02:05 +0000] "POST /api/v1/users/register HTTP/1.0" 500 247 "-" "Sedu/1 CFNetwork/1335.0.3 Darwin/21.6.0"
::1 - - [02/May/2023:00:02:06 +0000] "GET /api/v1/users/me? HTTP/1.0" 401 283 "-" "Sedu/1 CFNetwork/1335.0.3 Darwin/21.6.0"
::ffff:127.0.0.1 - - [02/May/2023:00:02:06 +0000] "POST /api/v1/users/invoice/645052f6a4c26797f425b7f5 HTTP/1.0" 200 50 "-" "Sedu/1 CFNetwork/1406.0.4 Darwin/22.4.0"
::ffff:127.0.0.1 - - [02/May/2023:00:02:07 +0000] "GET /api/v1/wallets/645052fea4c26797f425b7fc? HTTP/1.0" 200 16076 "-" "Sedu/1 CFNetwork/1406.0.4 Darwin/22.4.0"
::1 - - [02/May/2023:00:02:15 +0000] "POST /api/v1/users/register HTTP/1.0" 500 247 "-" "Sedu/1 CFNetwork/1335.0.3 Darwin/21.6.0"
::ffff:127.0.0.1 - - [02/May/2023:00:02:17 +0000] "POST /api/v1/users/register HTTP/1.0" 200 463 "-" "Sedu/1 CFNetwork/1335.0.3 Darwin/21.6.0"
::1 - - [02/May/2023:00:02:17 +0000] "GET /api/v1/users/me? HTTP/1.0" 200 189 "-" "Sedu/1 CFNetwork/1335.0.3 Darwin/21.6.0"
::ffff:127.0.0.1 - - [02/May/2023:00:02:17 +0000] "POST /api/v1/users/register HTTP/1.0" 500 249 "-" "Sedu/1 CFNetwork/1335.0.3 Darwin/21.6.0"
::1 - - [02/May/2023:00:02:29 +0000] "GET /api/v1/users/me? HTTP/1.0" 401 283 "-" "okhttp/4.9.2"
::ffff:127.0.0.1 - - [02/May/2023:00:02:34 +0000] "POST /api/v1/users/register HTTP/1.0" 200 461 "-" "Sedu/1 CFNetwork/1335.0.3 Darwin/21.6.0"
::1 - - [02/May/2023:00:02:34 +0000] "GET /api/v1/users/me? HTTP/1.0" 200 187 "-" "Sedu/1 CFNetwork/1335.0.3 Darwin/21.6.0"
::ffff:127.0.0.1 - - [02/May/2023:00:02:36 +0000] "GET /api/v1/users/callbacks/645052f6a4c26797f425b7f5/20000?qpay_payment_id=346284061332282 HTTP/1.0" 200 229 "-" "node-fetch/1.0 (+https://github.com/bitinn/node-fetch)"
::1 - - [02/May/2023:00:02:40 +0000] "GET /api/v1/users/me? HTTP/1.0" 304 - "-" "Sedu/1 CFNetwork/1335.0.3 Darwin/21.6.0"
::ffff:127.0.0.1 - - [02/May/2023:00:02:41 +0000] "GET /api/v1/users/me? HTTP/1.0" 200 229 "-" "Sedu/1 CFNetwork/1406.0.4 Darwin/22.4.0"
::1 - - [02/May/2023:00:02:41 +0000] "GET /api/v1/wallets/645052fea4c26797f425b7fc? HTTP/1.0" 304 - "-" "Sedu/1 CFNetwork/1406.0.4 Darwin/22.4.0"
::ffff:127.0.0.1 - - [02/May/2023:00:02:45 +0000] "GET /api/v1/users/logout? HTTP/1.0" 200 39 "-" "Sedu/1 CFNetwork/1335.0.3 Darwin/21.6.0"
::1 - - [02/May/2023:00:02:45 +0000] "GET /api/v1/users/me? HTTP/1.0" 401 283 "-" "Sedu/1 CFNetwork/1335.0.3 Darwin/21.6.0"
::ffff:127.0.0.1 - - [02/May/2023:00:02:48 +0000] "POST /api/v1/users/invoice/64505308a4c26797f425b80f HTTP/1.0" 200 50 "-" "Sedu/1 CFNetwork/1335.0.3 Darwin/21.6.0"
::1 - - [02/May/2023:00:02:48 +0000] "GET /api/v1/wallets/64505328a4c26797f425b81d? HTTP/1.0" 200 16307 "-" "Sedu/1 CFNetwork/1335.0.3 Darwin/21.6.0"
::ffff:127.0.0.1 - - [02/May/2023:00:02:49 +0000] "GET /api/v1/users/logout? HTTP/1.0" 304 - "-" "Sedu/1 CFNetwork/1406.0.4 Darwin/22.4.0"
::1 - - [02/May/2023:00:02:49 +0000] "GET /api/v1/users/me? HTTP/1.0" 401 283 "-" "Sedu/1 CFNetwork/1406.0.4 Darwin/22.4.0"
::ffff:127.0.0.1 - - [02/May/2023:00:02:55 +0000] "GET /parameters.yml HTTP/1.0" 404 153 "-" "Mozilla/5.0 (Windows NT 6.2; WOW64) AppleWebKit/537.36 (KHTML like Gecko) Chrome/44.0.2403.155 Safari/537.36"
::1 - - [02/May/2023:00:02:58 +0000] "GET /app/config/parameters.yml HTTP/1.0" 404 164 "-" "Mozilla/5.0 (Windows NT 6.1; WOW64) AppleWebKit/537.36 (KHTML, like Gecko) Chrome/36.0.1985.67 Safari/537.36"
::ffff:127.0.0.1 - - [02/May/2023:00:02:59 +0000] "POST /api/v1/users/login HTTP/1.0" 200 503 "-" "Sedu/1 CFNetwork/1406.0.4 Darwin/22.4.0"
::1 - - [02/May/2023:00:02:59 +0000] "GET /api/v1/users/me? HTTP/1.0" 304 - "-" "Sedu/1 CFNetwork/1406.0.4 Darwin/22.4.0"
::1 - - [02/May/2023:00:03:00 +0000] "GET /api/v1/ads? HTTP/1.0" 200 633 "-" "Sedu/1 CFNetwork/1406.0.4 Darwin/22.4.0"
::ffff:127.0.0.1 - - [02/May/2023:00:03:00 +0000] "GET /api/v1/articles? HTTP/1.0" 200 303951 "-" "Sedu/1 CFNetwork/1406.0.4 Darwin/22.4.0"
::1 - - [02/May/2023:00:03:01 +0000] "POST /api/v1/users/register HTTP/1.0" 200 463 "-" "Sedu/1 CFNetwork/1335.0.3 Darwin/21.6.0"
::1 - - [02/May/2023:00:03:01 +0000] "GET /api/v1/users/me? HTTP/1.0" 200 189 "-" "Sedu/1 CFNetwork/1335.0.3 Darwin/21.6.0"
::1 - - [02/May/2023:00:03:01 +0000] "GET /parameters.yml.dist HTTP/1.0" 404 158 "-" "Mozilla/5.0 (Windows NT 10.0; Win64; x64) AppleWebKit/537.36 (KHTML, like Gecko) Chrome/70.0.3538.77 Safari/537.36"
::ffff:127.0.0.1 - - [02/May/2023:00:03:04 +0000] "GET /app/config/parameters.yml.dist HTTP/1.0" 404 169 "-" "Mozilla/5.0 (Macintosh; Intel Mac OS X 10_9_2) AppleWebKit/537.36 (KHTML, like Gecko) Chrome/36.0.1944.0 Safari/537.36"
::1 - - [02/May/2023:00:03:06 +0000] "GET /api/v1/users/logout? HTTP/1.0" 304 - "-" "Sedu/1 CFNetwork/1335.0.3 Darwin/21.6.0"
::ffff:127.0.0.1 - - [02/May/2023:00:03:06 +0000] "GET /api/v1/users/me? HTTP/1.0" 401 283 "-" "Sedu/1 CFNetwork/1335.0.3 Darwin/21.6.0"
::ffff:127.0.0.1 - - [02/May/2023:00:03:08 +0000] "GET /api/v1/users/me? HTTP/1.0" 401 283 "-" "Sedu/1 CFNetwork/1335.0.3 Darwin/21.6.0"
::1 - - [02/May/2023:00:03:16 +0000] "GET /htmlcode/html/indexdefault.asp HTTP/1.0" 404 169 "-" "Mozilla/5.0 (Windows NT 5.1) AppleWebKit/537.36 (KHTML, like Gecko) Chrome/35.0.2309.372 Safari/537.36"
::ffff:127.0.0.1 - - [02/May/2023:00:03:20 +0000] "GET /api/v1/users/me? HTTP/1.0" 401 283 "-" "okhttp/4.9.2"
::1 - - [02/May/2023:00:03:26 +0000] "GET /api/v1/articles/642d581c7c1330814fb76387? HTTP/1.0" 200 7624 "-" "Sedu/1 CFNetwork/1406.0.4 Darwin/22.4.0"
::ffff:127.0.0.1 - - [02/May/2023:00:03:29 +0000] "GET /api/v1/articles/642d5b327c1330814fb763a4? HTTP/1.0" 200 9645 "-" "okhttp/4.9.2"
::1 - - [02/May/2023:00:03:35 +0000] "GET /api/v1/articles/642e38197c1330814fb764af? HTTP/1.0" 200 5982 "-" "Sedu/1 CFNetwork/1406.0.4 Darwin/22.4.0"
::ffff:127.0.0.1 - - [02/May/2023:00:03:45 +0000] "GET /api/v1/users/me? HTTP/1.0" 304 - "-" "Sedu/1 CFNetwork/1406.0.4 Darwin/22.4.0"
::1 - - [02/May/2023:00:04:00 +0000] "GET /api/v1/users/me? HTTP/1.0" 401 283 "-" "Sedu/1 CFNetwork/1399 Darwin/22.1.0"
::ffff:127.0.0.1 - - [02/May/2023:00:04:10 +0000] "GET /api/v1/articles/642d4c587c1330814fb76297? HTTP/1.0" 200 22271 "-" "Sedu/1 CFNetwork/1406.0.4 Darwin/22.4.0"
::1 - - [02/May/2023:00:04:31 +0000] "GET /api/v1/articles/642d5b917c1330814fb763ad? HTTP/1.0" 200 5059 "-" "okhttp/4.9.2"
::ffff:127.0.0.1 - - [02/May/2023:00:05:12 +0000] "GET /api/v1/users/me? HTTP/1.0" 401 283 "-" "Sedu/1 CFNetwork/1335.0.3.1 Darwin/21.6.0"
::1 - - [02/May/2023:00:05:33 +0000] "GET /api/v1/users/me? HTTP/1.0" 304 - "-" "Sedu/1 CFNetwork/1406.0.4 Darwin/22.4.0"
::1 - - [02/May/2023:00:05:33 +0000] "GET /api/v1/users/me? HTTP/1.0" 304 - "-" "Sedu/1 CFNetwork/1406.0.4 Darwin/22.4.0"
::ffff:127.0.0.1 - - [02/May/2023:00:05:33 +0000] "GET /api/v1/articles/642d4c587c1330814fb76297? HTTP/1.0" 304 - "-" "Sedu/1 CFNetwork/1406.0.4 Darwin/22.4.0"
::ffff:127.0.0.1 - - [02/May/2023:00:05:33 +0000] "GET /api/v1/ads? HTTP/1.0" 304 - "-" "Sedu/1 CFNetwork/1406.0.4 Darwin/22.4.0"
::ffff:127.0.0.1 - - [02/May/2023:00:05:33 +0000] "GET /api/v1/articles? HTTP/1.0" 304 - "-" "Sedu/1 CFNetwork/1406.0.4 Darwin/22.4.0"
::ffff:127.0.0.1 - - [02/May/2023:00:06:32 +0000] "GET /api/v1/users/me? HTTP/1.0" 304 - "-" "okhttp/4.9.2"
::1 - - [02/May/2023:00:06:32 +0000] "GET /api/v1/ads? HTTP/1.0" 304 - "-" "okhttp/4.9.2"
::ffff:127.0.0.1 - - [02/May/2023:00:06:32 +0000] "GET /api/v1/articles? HTTP/1.0" 304 - "-" "okhttp/4.9.2"
::1 - - [02/May/2023:00:06:35 +0000] "GET /api/v1/articles/642d4ce07c1330814fb762a6? HTTP/1.0" 304 - "-" "okhttp/4.9.2"
::ffff:127.0.0.1 - - [02/May/2023:00:07:00 +0000] "GET /api/v1/articles/642d771f7c1330814fb763cd? HTTP/1.0" 200 3072 "-" "okhttp/4.9.2"
::1 - - [02/May/2023:00:08:02 +0000] "GET /api/v1/articles/642d7ac57c1330814fb76424? HTTP/1.0" 200 9316 "-" "okhttp/4.9.2"
::ffff:127.0.0.1 - - [02/May/2023:00:08:41 +0000] "GET /api/v1/articles/642d7be67c1330814fb7643d? HTTP/1.0" 200 5384 "-" "okhttp/4.9.2"
::1 - - [02/May/2023:00:08:50 +0000] "GET /api/v1/users/me? HTTP/1.0" 401 283 "-" "Sedu/1 CFNetwork/1406.0.4 Darwin/22.4.0"
::ffff:127.0.0.1 - - [02/May/2023:00:08:56 +0000] "GET /api/v1/users/me? HTTP/1.0" 401 283 "-" "okhttp/4.9.2"
::1 - - [02/May/2023:00:09:13 +0000] "POST /api/v1/users/register HTTP/1.0" 500 244 "-" "okhttp/4.9.2"
::ffff:127.0.0.1 - - [02/May/2023:00:09:14 +0000] "POST / HTTP/1.0" 404 140 "-" "Mozilla/5.0 (X11; Linux x86_64) AppleWebKit/537.36 (KHTML, like Gecko) Chrome/81.0.4044.129 Safari/537.36"
::1 - - [02/May/2023:00:09:15 +0000] "POST /api/v1/users/register HTTP/1.0" 200 466 "-" "Sedu/1 CFNetwork/1406.0.4 Darwin/22.4.0"
::ffff:127.0.0.1 - - [02/May/2023:00:09:15 +0000] "GET /.env HTTP/1.0" 404 143 "-" "Mozilla/5.0 (X11; Linux x86_64) AppleWebKit/537.36 (KHTML, like Gecko) Chrome/81.0.4044.129 Safari/537.36"
::1 - - [02/May/2023:00:09:15 +0000] "GET /api/v1/users/me? HTTP/1.0" 200 192 "-" "Sedu/1 CFNetwork/1406.0.4 Darwin/22.4.0"
::ffff:127.0.0.1 - - [02/May/2023:00:09:20 +0000] "POST /api/v1/users/register HTTP/1.0" 500 244 "-" "okhttp/4.9.2"
::1 - - [02/May/2023:00:09:26 +0000] "GET /api/v1/users/me? HTTP/1.0" 304 - "-" "Sedu/1 CFNetwork/1406.0.4 Darwin/22.4.0"
::ffff:127.0.0.1 - - [02/May/2023:00:09:26 +0000] "POST /api/v1/users/register HTTP/1.0" 500 247 "-" "okhttp/4.9.2"
::1 - - [02/May/2023:00:09:30 +0000] "POST /api/v1/users/register HTTP/1.0" 200 462 "-" "okhttp/4.9.2"
::ffff:127.0.0.1 - - [02/May/2023:00:09:31 +0000] "GET /api/v1/users/me? HTTP/1.0" 200 188 "-" "okhttp/4.9.2"
::1 - - [02/May/2023:00:09:37 +0000] "POST /api/v1/users/invoice/645054aba4c26797f425b84f HTTP/1.0" 200 50 "-" "Sedu/1 CFNetwork/1406.0.4 Darwin/22.4.0"
::ffff:127.0.0.1 - - [02/May/2023:00:09:38 +0000] "GET /api/v1/wallets/645054c1a4c26797f425b85b? HTTP/1.0" 200 16090 "-" "Sedu/1 CFNetwork/1406.0.4 Darwin/22.4.0"
::1 - - [02/May/2023:00:09:40 +0000] "GET /api/v1/users/me? HTTP/1.0" 304 - "-" "okhttp/4.9.2"
::ffff:127.0.0.1 - - [02/May/2023:00:09:48 +0000] "POST /api/v1/users/invoice/645054baa4c26797f425b857 HTTP/1.0" 200 50 "-" "okhttp/4.9.2"
::1 - - [02/May/2023:00:09:48 +0000] "GET /api/v1/wallets/645054cca4c26797f425b86e? HTTP/1.0" 200 16202 "-" "okhttp/4.9.2"
::ffff:127.0.0.1 - - [02/May/2023:00:10:46 +0000] "GET /api/v1/users/me? HTTP/1.0" 401 283 "-" "Sedu/1 CFNetwork/1404.0.5 Darwin/22.3.0"
::1 - - [02/May/2023:00:10:49 +0000] "GET /api/v1/users/me? HTTP/1.0" 401 283 "-" "Sedu/1 CFNetwork/1404.0.5 Darwin/22.3.0"
::ffff:127.0.0.1 - - [02/May/2023:00:10:58 +0000] "POST /api/v1/users/register HTTP/1.0" 500 249 "-" "Sedu/1 CFNetwork/1404.0.5 Darwin/22.3.0"
::ffff:127.0.0.1 - - [02/May/2023:00:11:05 +0000] "GET /api/v1/users/me? HTTP/1.0" 304 - "-" "okhttp/4.9.2"
::1 - - [02/May/2023:00:11:05 +0000] "GET /api/v1/articles/642d7be67c1330814fb7643d? HTTP/1.0" 304 - "-" "okhttp/4.9.2"
::1 - - [02/May/2023:00:11:05 +0000] "GET /api/v1/ads? HTTP/1.0" 304 - "-" "okhttp/4.9.2"
::ffff:127.0.0.1 - - [02/May/2023:00:11:05 +0000] "GET /api/v1/articles? HTTP/1.0" 304 - "-" "okhttp/4.9.2"
::1 - - [02/May/2023:00:11:09 +0000] "POST /api/v1/users/register HTTP/1.0" 200 467 "-" "Sedu/1 CFNetwork/1404.0.5 Darwin/22.3.0"
::ffff:127.0.0.1 - - [02/May/2023:00:11:09 +0000] "GET /api/v1/users/me? HTTP/1.0" 200 193 "-" "Sedu/1 CFNetwork/1404.0.5 Darwin/22.3.0"
::1 - - [02/May/2023:00:11:20 +0000] "GET /api/v1/users/logout? HTTP/1.0" 200 39 "-" "Sedu/1 CFNetwork/1404.0.5 Darwin/22.3.0"
::ffff:127.0.0.1 - - [02/May/2023:00:11:20 +0000] "GET /api/v1/users/me? HTTP/1.0" 401 283 "-" "Sedu/1 CFNetwork/1404.0.5 Darwin/22.3.0"
::1 - - [02/May/2023:00:11:56 +0000] "GET /api/v1/users/me? HTTP/1.0" 401 283 "-" "okhttp/4.9.2"
::ffff:127.0.0.1 - - [02/May/2023:00:13:04 +0000] "GET /api/v1/users/me? HTTP/1.0" 401 283 "-" "Sedu/1 CFNetwork/1404.0.5 Darwin/22.3.0"
::1 - - [02/May/2023:00:13:12 +0000] "GET /api/v1/users/me? HTTP/1.0" 401 283 "-" "Sedu/1 CFNetwork/1404.0.5 Darwin/22.3.0"
::ffff:127.0.0.1 - - [02/May/2023:00:14:27 +0000] "GET /api/v1/users/me? HTTP/1.0" 401 283 "-" "Sedu/1 CFNetwork/1404.0.5 Darwin/22.3.0"
::1 - - [02/May/2023:00:14:35 +0000] "POST /api/v1/users/login HTTP/1.0" 401 123 "-" "Sedu/1 CFNetwork/1404.0.5 Darwin/22.3.0"
::ffff:127.0.0.1 - - [02/May/2023:00:14:41 +0000] "POST /api/v1/users/login HTTP/1.0" 401 123 "-" "Sedu/1 CFNetwork/1404.0.5 Darwin/22.3.0"
::1 - - [02/May/2023:00:14:48 +0000] "GET /api/v1/users/me? HTTP/1.0" 304 - "-" "okhttp/4.9.2"
::1 - - [02/May/2023:00:14:49 +0000] "GET /api/v1/ads? HTTP/1.0" 304 - "-" "okhttp/4.9.2"
::ffff:127.0.0.1 - - [02/May/2023:00:14:49 +0000] "GET /api/v1/articles? HTTP/1.0" 304 - "-" "okhttp/4.9.2"
::ffff:127.0.0.1 - - [02/May/2023:00:14:49 +0000] "POST /api/v1/users/login HTTP/1.0" 401 123 "-" "Sedu/1 CFNetwork/1404.0.5 Darwin/22.3.0"
::1 - - [02/May/2023:00:14:53 +0000] "POST /api/v1/users/login HTTP/1.0" 401 123 "-" "Sedu/1 CFNetwork/1404.0.5 Darwin/22.3.0"
::ffff:127.0.0.1 - - [02/May/2023:00:14:57 +0000] "GET /api/v1/users/me? HTTP/1.0" 401 283 "-" "okhttp/4.9.2"
::1 - - [02/May/2023:00:14:59 +0000] "GET /_users/_all_docs HTTP/1.0" 404 155 "-" "Mozilla/5.0 (Windows NT 6.3; WOW64) AppleWebKit/537.36 (KHTML, like Gecko) Chrome/41.0.2225.0 Safari/537.36"
::ffff:127.0.0.1 - - [02/May/2023:00:15:16 +0000] "GET /api/v1/users/me? HTTP/1.0" 304 - "-" "okhttp/4.9.2"
::ffff:127.0.0.1 - - [02/May/2023:00:15:19 +0000] "GET /api/v1/users/me? HTTP/1.0" 304 - "-" "okhttp/4.9.2"
::1 - - [02/May/2023:00:15:19 +0000] "GET /api/v1/ads? HTTP/1.0" 304 - "-" "okhttp/4.9.2"
::ffff:127.0.0.1 - - [02/May/2023:00:15:19 +0000] "GET /api/v1/users/me? HTTP/1.0" 304 - "-" "okhttp/4.9.2"
::1 - - [02/May/2023:00:15:19 +0000] "GET /api/v1/articles? HTTP/1.0" 304 - "-" "okhttp/4.9.2"
::ffff:127.0.0.1 - - [02/May/2023:00:15:55 +0000] "POST /api/v1/users/register HTTP/1.0" 200 465 "-" "okhttp/4.9.2"
::1 - - [02/May/2023:00:15:55 +0000] "GET /api/v1/users/me? HTTP/1.0" 200 191 "-" "okhttp/4.9.2"
::ffff:127.0.0.1 - - [02/May/2023:00:15:58 +0000] "GET /api/v1/users/me? HTTP/1.0" 401 283 "-" "okhttp/4.9.2"
::1 - - [02/May/2023:00:16:08 +0000] "GET /api/v1/articles/642e36c67c1330814fb764a6? HTTP/1.0" 200 6493 "-" "okhttp/4.9.2"
::ffff:127.0.0.1 - - [02/May/2023:00:16:09 +0000] "GET /api/v1/users/logout? HTTP/1.0" 200 39 "-" "okhttp/4.9.2"
::1 - - [02/May/2023:00:16:10 +0000] "GET /api/v1/users/me? HTTP/1.0" 401 283 "-" "okhttp/4.9.2"
::ffff:127.0.0.1 - - [02/May/2023:00:16:42 +0000] "GET /api/v1/users/me? HTTP/1.0" 401 283 "-" "okhttp/4.9.2"
::1 - - [02/May/2023:00:16:54 +0000] "POST /api/v1/users/register HTTP/1.0" 200 478 "-" "okhttp/4.9.2"
::ffff:127.0.0.1 - - [02/May/2023:00:16:54 +0000] "GET /api/v1/users/me? HTTP/1.0" 200 204 "-" "okhttp/4.9.2"
::1 - - [02/May/2023:00:17:21 +0000] "GET /api/v1/articles/642e58ad7c1330814fb76521? HTTP/1.0" 200 5252 "-" "okhttp/4.9.2"
::ffff:127.0.0.1 - - [02/May/2023:00:17:29 +0000] "GET /api/v1/users/me? HTTP/1.0" 401 283 "-" "Sedu/1 CFNetwork/1335.0.3.1 Darwin/21.6.0"
::1 - - [02/May/2023:00:18:05 +0000] "GET /api/v1/articles/642d771f7c1330814fb763cd? HTTP/1.0" 200 3072 "-" "okhttp/4.9.2"
::1 - - [02/May/2023:00:18:45 +0000] "POST /api/v1/users/register HTTP/1.0" 200 461 "-" "Sedu/1 CFNetwork/1335.0.3.1 Darwin/21.6.0"
::ffff:127.0.0.1 - - [02/May/2023:00:18:45 +0000] "GET /api/v1/users/me? HTTP/1.0" 200 187 "-" "Sedu/1 CFNetwork/1335.0.3.1 Darwin/21.6.0"
::1 - - [02/May/2023:00:19:02 +0000] "GET /api/v1/users/logout? HTTP/1.0" 200 39 "-" "Sedu/1 CFNetwork/1335.0.3.1 Darwin/21.6.0"
::ffff:127.0.0.1 - - [02/May/2023:00:19:02 +0000] "GET /api/v1/users/me? HTTP/1.0" 401 283 "-" "Sedu/1 CFNetwork/1335.0.3.1 Darwin/21.6.0"
::1 - - [02/May/2023:00:19:15 +0000] "GET /api/v1/users/me? HTTP/1.0" 401 283 "-" "Sedu/1 CFNetwork/1335.0.3.1 Darwin/21.6.0"
::ffff:127.0.0.1 - - [02/May/2023:00:19:23 +0000] "GET /api/v1/users/me? HTTP/1.0" 401 283 "-" "okhttp/4.9.2"
::1 - - [02/May/2023:00:19:43 +0000] "POST /api/v1/users/register HTTP/1.0" 500 252 "-" "okhttp/4.9.2"
::ffff:127.0.0.1 - - [02/May/2023:00:19:45 +0000] "GET /api/v1/articles/642d581c7c1330814fb76387? HTTP/1.0" 200 7624 "-" "okhttp/4.9.2"
::1 - - [02/May/2023:00:20:08 +0000] "GET /api/v1/users/me? HTTP/1.0" 401 283 "-" "Sedu/1 CFNetwork/1335.0.3 Darwin/21.6.0"
::ffff:127.0.0.1 - - [02/May/2023:00:20:25 +0000] "POST /api/v1/users/register HTTP/1.0" 500 248 "-" "okhttp/4.9.2"
::1 - - [02/May/2023:00:20:26 +0000] "POST /api/v1/users/register HTTP/1.0" 200 474 "-" "Sedu/1 CFNetwork/1335.0.3 Darwin/21.6.0"
::ffff:127.0.0.1 - - [02/May/2023:00:20:26 +0000] "GET /api/v1/users/me? HTTP/1.0" 200 200 "-" "Sedu/1 CFNetwork/1335.0.3 Darwin/21.6.0"
::1 - - [02/May/2023:00:20:29 +0000] "POST /api/v1/users/register HTTP/1.0" 500 248 "-" "okhttp/4.9.2"
::ffff:127.0.0.1 - - [02/May/2023:00:20:30 +0000] "POST /api/v1/users/register HTTP/1.0" 500 248 "-" "okhttp/4.9.2"
::1 - - [02/May/2023:00:20:31 +0000] "POST /api/v1/users/register HTTP/1.0" 500 248 "-" "okhttp/4.9.2"
::ffff:127.0.0.1 - - [02/May/2023:00:20:59 +0000] "GET /api/v1/users/me? HTTP/1.0" 304 - "-" "Sedu/1 CFNetwork/1335.0.3 Darwin/21.6.0"
::1 - - [02/May/2023:00:21:01 +0000] "GET /login/?redirectTo=/tenant/e&service=</script><script>alert(document.domain)</script> HTTP/1.0" 404 145 "-" "Mozilla/5.0 (Windows NT 6.1) AppleWebKit/537.36 (KHTML, like Gecko) Chrome/41.0.2228.0 Safari/537.36"
::ffff:127.0.0.1 - - [02/May/2023:00:21:19 +0000] "GET /api/v1/articles/642d55bf7c1330814fb76345? HTTP/1.0" 304 - "-" "okhttp/4.9.2"
::1 - - [02/May/2023:00:21:21 +0000] "POST /api/v1/users/invoice/6450574aa4c26797f425b8ab HTTP/1.0" 200 50 "-" "Sedu/1 CFNetwork/1335.0.3 Darwin/21.6.0"
::ffff:127.0.0.1 - - [02/May/2023:00:21:21 +0000] "GET /api/v1/wallets/64505781a4c26797f425b8b7? HTTP/1.0" 200 16094 "-" "Sedu/1 CFNetwork/1335.0.3 Darwin/21.6.0"
::1 - - [02/May/2023:00:22:34 +0000] "GET /auth/realms/master/protocol/openid-connect/auth?client_id=security-admin-console&nonce=cfx&redirect_uri=valid&request_uri=http://ch7igk8va1iejj9tn9801r9zdigsusgsz.oast.live/&response_type=code&scope=openid&state=cfx HTTP/1.0" 404 186 "-" "Mozilla/5.0 (Windows NT 10.0; WOW64) AppleWebKit/537.36 (KHTML, like Gecko) Chrome/89.0.4389.114 Safari/537.36"
::ffff:127.0.0.1 - - [02/May/2023:00:22:55 +0000] "GET /api/v1/users/me? HTTP/1.0" 304 - "-" "Sedu/1 CFNetwork/1404.0.5 Darwin/22.3.0"
::ffff:127.0.0.1 - - [02/May/2023:00:22:55 +0000] "GET /api/v1/ads? HTTP/1.0" 304 - "-" "Sedu/1 CFNetwork/1404.0.5 Darwin/22.3.0"
::1 - - [02/May/2023:00:22:55 +0000] "GET /api/v1/articles? HTTP/1.0" 304 - "-" "Sedu/1 CFNetwork/1404.0.5 Darwin/22.3.0"
::ffff:127.0.0.1 - - [02/May/2023:00:23:12 +0000] "GET /api/v1/articles/642d5b327c1330814fb763a4? HTTP/1.0" 200 9645 "-" "Sedu/1 CFNetwork/1404.0.5 Darwin/22.3.0"
::1 - - [02/May/2023:00:23:28 +0000] "GET /api/v1/articles/642d5b327c1330814fb763a4? HTTP/1.0" 304 - "-" "Sedu/1 CFNetwork/1404.0.5 Darwin/22.3.0"
::1 - - [02/May/2023:00:23:28 +0000] "GET /api/v1/users/me? HTTP/1.0" 304 - "-" "Sedu/1 CFNetwork/1404.0.5 Darwin/22.3.0"
::ffff:127.0.0.1 - - [02/May/2023:00:23:28 +0000] "GET /api/v1/ads? HTTP/1.0" 304 - "-" "Sedu/1 CFNetwork/1404.0.5 Darwin/22.3.0"
::ffff:127.0.0.1 - - [02/May/2023:00:23:28 +0000] "GET /api/v1/articles? HTTP/1.0" 304 - "-" "Sedu/1 CFNetwork/1404.0.5 Darwin/22.3.0"
::1 - - [02/May/2023:00:25:05 +0000] "GET /api/v1/users/me? HTTP/1.0" 401 283 "-" "okhttp/4.9.2"
::ffff:127.0.0.1 - - [02/May/2023:00:25:36 +0000] "POST /api/v1/users/register HTTP/1.0" 200 466 "-" "okhttp/4.9.2"
::1 - - [02/May/2023:00:25:36 +0000] "GET /api/v1/users/me? HTTP/1.0" 200 192 "-" "okhttp/4.9.2"
::ffff:127.0.0.1 - - [02/May/2023:00:25:59 +0000] "GET /api/v1/users/logout? HTTP/1.0" 200 39 "-" "okhttp/4.9.2"
::1 - - [02/May/2023:00:25:59 +0000] "GET /api/v1/users/me? HTTP/1.0" 401 283 "-" "okhttp/4.9.2"
::ffff:127.0.0.1 - - [02/May/2023:00:26:05 +0000] "GET /api/v1/users/me? HTTP/1.0" 304 - "-" "Sedu/1 CFNetwork/1404.0.5 Darwin/22.3.0"
::1 - - [02/May/2023:00:26:05 +0000] "GET /api/v1/articles? HTTP/1.0" 304 - "-" "Sedu/1 CFNetwork/1404.0.5 Darwin/22.3.0"
::ffff:127.0.0.1 - - [02/May/2023:00:26:06 +0000] "GET /api/v1/ads? HTTP/1.0" 304 - "-" "Sedu/1 CFNetwork/1404.0.5 Darwin/22.3.0"
::ffff:127.0.0.1 - - [02/May/2023:00:26:09 +0000] "GET /api/v1/articles/642d4c587c1330814fb76297? HTTP/1.0" 304 - "-" "Sedu/1 CFNetwork/1404.0.5 Darwin/22.3.0"
::ffff:127.0.0.1 - - [02/May/2023:00:26:24 +0000] "GET /api/v1/users/me? HTTP/1.0" 304 - "-" "okhttp/4.9.2"
::1 - - [02/May/2023:00:26:24 +0000] "GET /api/v1/users/me? HTTP/1.0" 304 - "-" "okhttp/4.9.2"
::1 - - [02/May/2023:00:26:24 +0000] "GET /api/v1/articles/642d55bf7c1330814fb76345? HTTP/1.0" 304 - "-" "okhttp/4.9.2"
::1 - - [02/May/2023:00:26:24 +0000] "GET /api/v1/ads? HTTP/1.0" 304 - "-" "okhttp/4.9.2"
::ffff:127.0.0.1 - - [02/May/2023:00:26:24 +0000] "GET /api/v1/articles? HTTP/1.0" 304 - "-" "okhttp/4.9.2"
::ffff:127.0.0.1 - - [02/May/2023:00:27:41 +0000] "GET /api/v1/users/me? HTTP/1.0" 401 283 "-" "okhttp/4.9.2"
::1 - - [02/May/2023:00:28:21 +0000] "POST /api/v1/users/register HTTP/1.0" 200 467 "-" "okhttp/4.9.2"
::ffff:127.0.0.1 - - [02/May/2023:00:28:21 +0000] "GET /api/v1/users/me? HTTP/1.0" 200 193 "-" "okhttp/4.9.2"
::1 - - [02/May/2023:00:28:51 +0000] "GET /api/v1/users/logout? HTTP/1.0" 200 39 "-" "okhttp/4.9.2"
::ffff:127.0.0.1 - - [02/May/2023:00:28:51 +0000] "GET /api/v1/users/me? HTTP/1.0" 401 283 "-" "okhttp/4.9.2"
::1 - - [02/May/2023:00:29:00 +0000] "GET /api/v1/users/me? HTTP/1.0" 401 283 "-" "okhttp/4.9.2"
::ffff:127.0.0.1 - - [02/May/2023:00:29:23 +0000] "POST /api/v1/users/login HTTP/1.0" 401 123 "-" "okhttp/4.9.2"
::1 - - [02/May/2023:00:29:48 +0000] "POST /api/v1/users/register HTTP/1.0" 200 461 "-" "okhttp/4.9.2"
::ffff:127.0.0.1 - - [02/May/2023:00:29:48 +0000] "GET /api/v1/users/me? HTTP/1.0" 200 187 "-" "okhttp/4.9.2"
::1 - - [02/May/2023:00:29:58 +0000] "GET /api/v1/users/me? HTTP/1.0" 401 283 "-" "Sedu/1 CFNetwork/1399 Darwin/22.1.0"
::ffff:127.0.0.1 - - [02/May/2023:00:30:10 +0000] "GET /api/v1/users/me? HTTP/1.0" 304 - "-" "okhttp/4.9.2"
::1 - - [02/May/2023:00:30:13 +0000] "GET /api/v1/users/me? HTTP/1.0" 200 234 "-" "okhttp/4.9.2"
::ffff:127.0.0.1 - - [02/May/2023:00:30:13 +0000] "GET /api/v1/articles? HTTP/1.0" 200 303951 "-" "okhttp/4.9.2"
::1 - - [02/May/2023:00:30:13 +0000] "GET /api/v1/ads? HTTP/1.0" 200 633 "-" "okhttp/4.9.2"
::ffff:127.0.0.1 - - [02/May/2023:00:30:21 +0000] "GET /api/v1/users/me? HTTP/1.0" 304 - "-" "okhttp/4.9.2"
::1 - - [02/May/2023:00:30:26 +0000] "POST /api/v1/users/register HTTP/1.0" 200 462 "-" "Sedu/1 CFNetwork/1399 Darwin/22.1.0"
::ffff:127.0.0.1 - - [02/May/2023:00:30:26 +0000] "GET /api/v1/users/me? HTTP/1.0" 200 188 "-" "Sedu/1 CFNetwork/1399 Darwin/22.1.0"
::1 - - [02/May/2023:00:30:28 +0000] "GET /api/v1/articles/642d4efb7c1330814fb762cf? HTTP/1.0" 200 10129 "-" "okhttp/4.9.2"
::ffff:127.0.0.1 - - [02/May/2023:00:30:36 +0000] "GET /api/v1/users/me? HTTP/1.0" 304 - "-" "Sedu/1 CFNetwork/1399 Darwin/22.1.0"
::1 - - [02/May/2023:00:30:38 +0000] "POST /api/v1/users/invoice/6450597ba4c26797f425b8e8 HTTP/1.0" 200 50 "-" "okhttp/4.9.2"
::ffff:127.0.0.1 - - [02/May/2023:00:30:38 +0000] "GET /api/v1/wallets/645059aea4c26797f425b8f8? HTTP/1.0" 200 16025 "-" "okhttp/4.9.2"
::1 - - [02/May/2023:00:30:44 +0000] "POST /api/v1/users/invoice/645059a2a4c26797f425b8f2 HTTP/1.0" 200 50 "-" "Sedu/1 CFNetwork/1399 Darwin/22.1.0"
::ffff:127.0.0.1 - - [02/May/2023:00:30:44 +0000] "GET /api/v1/wallets/645059b4a4c26797f425b90a? HTTP/1.0" 200 16246 "-" "Sedu/1 CFNetwork/1399 Darwin/22.1.0"
::1 - - [02/May/2023:00:30:51 +0000] "GET /api/v1/users/logout? HTTP/1.0" 200 39 "-" "Sedu/1 CFNetwork/1399 Darwin/22.1.0"
::ffff:127.0.0.1 - - [02/May/2023:00:30:51 +0000] "GET /api/v1/users/me? HTTP/1.0" 401 283 "-" "Sedu/1 CFNetwork/1399 Darwin/22.1.0"
::1 - - [02/May/2023:00:32:00 +0000] "GET /api/v1/users/me? HTTP/1.0" 304 - "-" "okhttp/4.9.2"
::1 - - [02/May/2023:00:32:01 +0000] "GET /api/v1/ads? HTTP/1.0" 304 - "-" "okhttp/4.9.2"
::ffff:127.0.0.1 - - [02/May/2023:00:32:01 +0000] "GET /api/v1/articles? HTTP/1.0" 304 - "-" "okhttp/4.9.2"
::ffff:127.0.0.1 - - [02/May/2023:00:32:19 +0000] "GET /api/v1/users/me? HTTP/1.0" 304 - "-" "Sedu/1 CFNetwork/1404.0.5 Darwin/22.3.0"
::ffff:127.0.0.1 - - [02/May/2023:00:32:19 +0000] "GET /api/v1/articles/642d5b327c1330814fb763a4? HTTP/1.0" 304 - "-" "Sedu/1 CFNetwork/1404.0.5 Darwin/22.3.0"
::1 - - [02/May/2023:00:32:19 +0000] "GET /api/v1/ads? HTTP/1.0" 304 - "-" "Sedu/1 CFNetwork/1404.0.5 Darwin/22.3.0"
::1 - - [02/May/2023:00:32:19 +0000] "GET /api/v1/articles? HTTP/1.0" 304 - "-" "Sedu/1 CFNetwork/1404.0.5 Darwin/22.3.0"
::ffff:127.0.0.1 - - [02/May/2023:00:32:22 +0000] "GET /api/v1/articles/642d7b217c1330814fb76434? HTTP/1.0" 200 4161 "-" "okhttp/4.9.2"
::ffff:127.0.0.1 - - [02/May/2023:00:32:38 +0000] "GET /api/v1/articles/642d5b917c1330814fb763ad? HTTP/1.0" 200 5059 "-" "Sedu/1 CFNetwork/1404.0.5 Darwin/22.3.0"
::1 - - [02/May/2023:00:33:06 +0000] "GET /api/v1/articles/642d76ab7c1330814fb763c4? HTTP/1.0" 200 12424 "-" "Sedu/1 CFNetwork/1404.0.5 Darwin/22.3.0"
::ffff:127.0.0.1 - - [02/May/2023:00:33:16 +0000] "GET /api/v1/articles/642e2e6d7c1330814fb7646b? HTTP/1.0" 304 - "-" "okhttp/4.9.2"
::1 - - [02/May/2023:00:33:22 +0000] "GET /NetBiblio/search/shortview?searchField=W&searchTerm=x%27%2Balert%281%29%2B%27x&searchType=Simple HTTP/1.0" 404 165 "-" "Mozilla/5.0 (Macintosh; Intel Mac OS X 10_10_1) AppleWebKit/537.36 (KHTML, like Gecko) Chrome/37.0.2062.124 Safari/537.36"
::ffff:127.0.0.1 - - [02/May/2023:00:33:25 +0000] "GET /NetBiblio/search/shortview?searchField=W&searchTerm=x%5C%27%2Balert%281%29%2C%2F%2F&searchType=Simple HTTP/1.0" 404 165 "-" "Mozilla/5.0 (Windows NT 10.0; Win64; x64) AppleWebKit/537.36 (KHTML, like Gecko) Chrome/89.0.4389.114 Safari/537.36"
::1 - - [02/May/2023:00:33:32 +0000] "GET /api/v1/articles/642e36c67c1330814fb764a6? HTTP/1.0" 200 6493 "-" "okhttp/4.9.2"
::ffff:127.0.0.1 - - [02/May/2023:00:33:33 +0000] "POST /api/authenticate HTTP/1.0" 404 156 "-" "Mozilla/5.0 (X11; Ubuntu; Linux i686 on x86_64) AppleWebKit/537.36 (KHTML, like Gecko) Chrome/53.0.2820.59 Safari/537.36"
::1 - - [02/May/2023:00:34:20 +0000] "GET /php/device_graph_page.php?is2sim=%22zlo%20onerror=alert(1)%20%22 HTTP/1.0" 404 164 "-" "Mozilla/5.0 (Windows NT 6.3; WOW64) AppleWebKit/537.36 (KHTML, like Gecko) Chrome/41.0.2225.0 Safari/537.36"
::ffff:127.0.0.1 - - [02/May/2023:00:34:36 +0000] "GET /api/v1/users/me? HTTP/1.0" 401 283 "-" "okhttp/4.9.2"
::1 - - [02/May/2023:00:35:01 +0000] "POST /api/v1/users/register HTTP/1.0" 500 249 "-" "okhttp/4.9.2"
::ffff:127.0.0.1 - - [02/May/2023:00:35:22 +0000] "POST /api/v1/users/register HTTP/1.0" 500 249 "-" "okhttp/4.9.2"
::1 - - [02/May/2023:00:35:43 +0000] "GET /api/v1/users/me? HTTP/1.0" 401 283 "-" "okhttp/4.9.2"
::ffff:127.0.0.1 - - [02/May/2023:00:35:46 +0000] "GET /api/v1/users/me? HTTP/1.0" 304 - "-" "Sedu/1 CFNetwork/1220.1 Darwin/20.3.0"
::1 - - [02/May/2023:00:35:46 +0000] "GET /api/v1/users/me? HTTP/1.0" 304 - "-" "Sedu/1 CFNetwork/1220.1 Darwin/20.3.0"
::ffff:127.0.0.1 - - [02/May/2023:00:35:46 +0000] "GET /api/v1/ads? HTTP/1.0" 304 - "-" "Sedu/1 CFNetwork/1220.1 Darwin/20.3.0"
::1 - - [02/May/2023:00:35:47 +0000] "GET /api/v1/articles? HTTP/1.0" 304 - "-" "Sedu/1 CFNetwork/1220.1 Darwin/20.3.0"
::1 - - [02/May/2023:00:35:55 +0000] "GET /api/v1/users/me? HTTP/1.0" 401 283 "-" "okhttp/4.9.2"
::ffff:127.0.0.1 - - [02/May/2023:00:36:01 +0000] "GET /api/v1/users/me? HTTP/1.0" 401 283 "-" "okhttp/4.9.2"
::1 - - [02/May/2023:00:36:04 +0000] "GET /api/v1/articles/642d4c587c1330814fb76297? HTTP/1.0" 304 - "-" "Sedu/1 CFNetwork/1220.1 Darwin/20.3.0"
::ffff:127.0.0.1 - - [02/May/2023:00:36:05 +0000] "POST /api/v1/users/register HTTP/1.0" 200 472 "-" "okhttp/4.9.2"
::1 - - [02/May/2023:00:36:05 +0000] "GET /api/v1/users/me? HTTP/1.0" 200 198 "-" "okhttp/4.9.2"
::ffff:127.0.0.1 - - [02/May/2023:00:36:07 +0000] "POST /api/v1/users/register HTTP/1.0" 500 255 "-" "okhttp/4.9.2"
::1 - - [02/May/2023:00:36:08 +0000] "POST /api/v1/users/register HTTP/1.0" 500 255 "-" "okhttp/4.9.2"
::ffff:127.0.0.1 - - [02/May/2023:00:36:09 +0000] "POST /api/v1/users/register HTTP/1.0" 500 255 "-" "okhttp/4.9.2"
::1 - - [02/May/2023:00:36:10 +0000] "POST /api/v1/users/register HTTP/1.0" 500 255 "-" "okhttp/4.9.2"
::ffff:127.0.0.1 - - [02/May/2023:00:36:15 +0000] "GET /api/v1/users/logout? HTTP/1.0" 200 39 "-" "okhttp/4.9.2"
::1 - - [02/May/2023:00:36:15 +0000] "GET /api/v1/users/me? HTTP/1.0" 401 283 "-" "okhttp/4.9.2"
::ffff:127.0.0.1 - - [02/May/2023:00:36:28 +0000] "POST /api/v1/users/login HTTP/1.0" 200 472 "-" "okhttp/4.9.2"
::1 - - [02/May/2023:00:36:28 +0000] "GET /api/v1/users/me? HTTP/1.0" 304 - "-" "okhttp/4.9.2"
::ffff:127.0.0.1 - - [02/May/2023:00:36:29 +0000] "POST /api/v1/users/register HTTP/1.0" 200 465 "-" "okhttp/4.9.2"
::1 - - [02/May/2023:00:36:29 +0000] "POST /api/v1/users/login HTTP/1.0" 401 123 "-" "okhttp/4.9.2"
::ffff:127.0.0.1 - - [02/May/2023:00:36:29 +0000] "GET /api/v1/users/me? HTTP/1.0" 200 191 "-" "okhttp/4.9.2"
::1 - - [02/May/2023:00:36:30 +0000] "POST /api/v1/users/login HTTP/1.0" 401 123 "-" "okhttp/4.9.2"
::ffff:127.0.0.1 - - [02/May/2023:00:36:33 +0000] "GET /api/v1/users/me? HTTP/1.0" 401 283 "-" "okhttp/4.9.2"
::1 - - [02/May/2023:00:36:34 +0000] "GET /api/v1/users/logout? HTTP/1.0" 304 - "-" "okhttp/4.9.2"
::ffff:127.0.0.1 - - [02/May/2023:00:36:35 +0000] "GET /api/v1/users/me? HTTP/1.0" 401 283 "-" "okhttp/4.9.2"
::1 - - [02/May/2023:00:36:37 +0000] "GET /api/v1/users/me? HTTP/1.0" 401 283 "-" "okhttp/4.9.2"
::ffff:127.0.0.1 - - [02/May/2023:00:36:45 +0000] "GET /api/v1/users/logout? HTTP/1.0" 200 39 "-" "okhttp/4.9.2"
::1 - - [02/May/2023:00:36:46 +0000] "GET /api/v1/users/me? HTTP/1.0" 401 283 "-" "okhttp/4.9.2"
::ffff:127.0.0.1 - - [02/May/2023:00:36:58 +0000] "POST /api/v1/users/register HTTP/1.0" 500 249 "-" "okhttp/4.9.2"
::1 - - [02/May/2023:00:36:59 +0000] "POST /api/v1/users/register HTTP/1.0" 500 249 "-" "okhttp/4.9.2"
::ffff:127.0.0.1 - - [02/May/2023:00:36:59 +0000] "POST /api/v1/users/login HTTP/1.0" 200 465 "-" "okhttp/4.9.2"
::1 - - [02/May/2023:00:36:59 +0000] "GET /api/v1/users/me? HTTP/1.0" 304 - "-" "okhttp/4.9.2"
::ffff:127.0.0.1 - - [02/May/2023:00:37:01 +0000] "POST /api/v1/users/register HTTP/1.0" 500 249 "-" "okhttp/4.9.2"
::1 - - [02/May/2023:00:37:01 +0000] "POST /api/v1/users/register HTTP/1.0" 500 249 "-" "okhttp/4.9.2"
::ffff:127.0.0.1 - - [02/May/2023:00:37:01 +0000] "POST /api/v1/users/register HTTP/1.0" 500 249 "-" "okhttp/4.9.2"
::1 - - [02/May/2023:00:37:02 +0000] "POST /api/v1/users/register HTTP/1.0" 500 249 "-" "okhttp/4.9.2"
::ffff:127.0.0.1 - - [02/May/2023:00:37:02 +0000] "GET /api/v1/users/me? HTTP/1.0" 304 - "-" "okhttp/4.9.2"
::1 - - [02/May/2023:00:37:17 +0000] "POST /api/v1/users/invoice/64505b0da4c26797f425b943 HTTP/1.0" 200 50 "-" "okhttp/4.9.2"
::ffff:127.0.0.1 - - [02/May/2023:00:37:17 +0000] "GET /api/v1/wallets/64505b3da4c26797f425b958? HTTP/1.0" 200 16253 "-" "okhttp/4.9.2"
::1 - - [02/May/2023:00:38:11 +0000] "GET /api/v1/users/me? HTTP/1.0" 401 283 "-" "okhttp/4.9.2"
::ffff:127.0.0.1 - - [02/May/2023:00:38:19 +0000] "GET /pmb/opac_css/getgif.php?chemin=../../../../../../etc/passwd&nomgif=nuclei HTTP/1.0" 404 162 "-" "Mozilla/5.0 (Macintosh; Intel Mac OS X 10_8_4) AppleWebKit/537.36 (KHTML, like Gecko) Chrome/49.0.2656.18 Safari/537.36"
::1 - - [02/May/2023:00:38:55 +0000] "GET /api/v1/users/me? HTTP/1.0" 401 283 "-" "okhttp/4.9.2"
::ffff:127.0.0.1 - - [02/May/2023:00:39:24 +0000] "POST /api/v1/users/register HTTP/1.0" 500 247 "-" "okhttp/4.9.2"
::1 - - [02/May/2023:00:39:46 +0000] "POST /api/v1/users/register HTTP/1.0" 200 464 "-" "okhttp/4.9.2"
::ffff:127.0.0.1 - - [02/May/2023:00:39:46 +0000] "GET /api/v1/users/me? HTTP/1.0" 200 190 "-" "okhttp/4.9.2"
::1 - - [02/May/2023:00:40:03 +0000] "GET /api/v1/users/me? HTTP/1.0" 304 - "-" "okhttp/4.9.2"
::ffff:127.0.0.1 - - [02/May/2023:00:40:12 +0000] "GET /api/v1/users/me? HTTP/1.0" 401 283 "-" "okhttp/4.9.2"
::1 - - [02/May/2023:00:40:45 +0000] "POST /api/v1/users/register HTTP/1.0" 200 465 "-" "okhttp/4.9.2"
::ffff:127.0.0.1 - - [02/May/2023:00:40:46 +0000] "GET /api/v1/users/me? HTTP/1.0" 200 191 "-" "okhttp/4.9.2"
::1 - - [02/May/2023:00:40:59 +0000] "GET /api/v1/users/me? HTTP/1.0" 304 - "-" "okhttp/4.9.2"
::ffff:127.0.0.1 - - [02/May/2023:00:41:10 +0000] "POST /api/v1/users/invoice/64505c0da4c26797f425b96f HTTP/1.0" 200 50 "-" "okhttp/4.9.2"
::1 - - [02/May/2023:00:41:11 +0000] "GET /api/v1/wallets/64505c26a4c26797f425b974? HTTP/1.0" 200 16326 "-" "okhttp/4.9.2"
::ffff:127.0.0.1 - - [02/May/2023:00:41:23 +0000] "GET /api/v1/users/me? HTTP/1.0" 401 283 "-" "okhttp/4.9.2"
::1 - - [02/May/2023:00:41:33 +0000] "POST /api/v1/users/invoice/64505bd1a4c26797f425b96b HTTP/1.0" 200 50 "-" "okhttp/4.9.2"
::ffff:127.0.0.1 - - [02/May/2023:00:41:33 +0000] "GET /api/v1/wallets/64505c3ca4c26797f425b986? HTTP/1.0" 200 15996 "-" "okhttp/4.9.2"
::1 - - [02/May/2023:00:42:18 +0000] "GET /api/v1/users/callbacks/64505bd1a4c26797f425b96b/20000?qpay_payment_id=460273708987809 HTTP/1.0" 200 229 "-" "node-fetch/1.0 (+https://github.com/bitinn/node-fetch)"
::ffff:127.0.0.1 - - [02/May/2023:00:42:26 +0000] "GET /api/v1/wallets/64505c3ca4c26797f425b986? HTTP/1.0" 304 - "-" "okhttp/4.9.2"
::1 - - [02/May/2023:00:42:26 +0000] "GET /api/v1/users/me? HTTP/1.0" 200 229 "-" "okhttp/4.9.2"
::ffff:127.0.0.1 - - [02/May/2023:00:42:34 +0000] "GET /webalizer/ HTTP/1.0" 404 149 "-" "Mozilla/5.0 (Windows NT 5.1) AppleWebKit/537.36 (KHTML, like Gecko) Chrome/35.0.2117.157 Safari/537.36"
::1 - - [02/May/2023:00:42:38 +0000] "POST /api/v1/users/invoice/64505bd1a4c26797f425b96b HTTP/1.0" 200 50 "-" "okhttp/4.9.2"
::ffff:127.0.0.1 - - [02/May/2023:00:42:39 +0000] "GET /api/v1/wallets/64505c7ea4c26797f425b99c? HTTP/1.0" 200 16052 "-" "okhttp/4.9.2"
::1 - - [02/May/2023:00:42:51 +0000] "GET /api/v1/users/me? HTTP/1.0" 200 229 "-" "okhttp/4.9.2"
::ffff:127.0.0.1 - - [02/May/2023:00:42:54 +0000] "GET /api/v1/users/logout? HTTP/1.0" 200 39 "-" "okhttp/4.9.2"
::1 - - [02/May/2023:00:42:54 +0000] "GET /api/v1/users/me? HTTP/1.0" 401 283 "-" "okhttp/4.9.2"
::ffff:127.0.0.1 - - [02/May/2023:00:42:59 +0000] "GET /haproxy-status HTTP/1.0" 404 153 "-" "Mozilla/5.0 (Windows NT 10.0) AppleWebKit/537.36 (KHTML, like Gecko) Chrome/40.0.2214.93 Safari/537.36"
::1 - - [02/May/2023:00:43:02 +0000] "GET /haproxy?stats HTTP/1.0" 404 146 "-" "Mozilla/5.0 (Macintosh; Intel Mac OS X 10_10_1) AppleWebKit/537.36 (KHTML, like Gecko) Chrome/41.0.2227.1 Safari/537.36"
::ffff:127.0.0.1 - - [02/May/2023:00:43:06 +0000] "GET /api/v1/users/me? HTTP/1.0" 401 283 "-" "Sedu/1 CFNetwork/1335.0.3.1 Darwin/21.6.0"
::1 - - [02/May/2023:00:43:10 +0000] "POST /api/v1/users/login HTTP/1.0" 200 503 "-" "okhttp/4.9.2"
::ffff:127.0.0.1 - - [02/May/2023:00:43:10 +0000] "GET /api/v1/users/me? HTTP/1.0" 304 - "-" "okhttp/4.9.2"
::ffff:127.0.0.1 - - [02/May/2023:00:43:11 +0000] "GET /api/v1/ads? HTTP/1.0" 200 633 "-" "okhttp/4.9.2"
::1 - - [02/May/2023:00:43:11 +0000] "GET /api/v1/articles? HTTP/1.0" 200 303951 "-" "okhttp/4.9.2"
::ffff:127.0.0.1 - - [02/May/2023:00:43:23 +0000] "GET /api/v1/articles/642d4c587c1330814fb76297? HTTP/1.0" 200 22271 "-" "okhttp/4.9.2"
::1 - - [02/May/2023:00:43:23 +0000] "GET /v1/avatars/favicon?url=http://ch7igk8va1iejj9tn980qe16zpphfxh8i.oast.live HTTP/1.0" 404 157 "-" "Mozilla/5.0 (Windows NT 6.1; WOW64) AppleWebKit/537.36 (KHTML, like Gecko) Chrome/36.0.1985.67 Safari/537.36"
::ffff:127.0.0.1 - - [02/May/2023:00:43:28 +0000] "POST /api/v1/users/register HTTP/1.0" 200 465 "-" "Sedu/1 CFNetwork/1335.0.3.1 Darwin/21.6.0"
::ffff:127.0.0.1 - - [02/May/2023:00:43:28 +0000] "GET /api/v1/users/me? HTTP/1.0" 200 191 "-" "Sedu/1 CFNetwork/1335.0.3.1 Darwin/21.6.0"
::1 - - [02/May/2023:00:43:59 +0000] "GET /api/v1/users/me? HTTP/1.0" 304 - "-" "okhttp/4.9.2"
::ffff:127.0.0.1 - - [02/May/2023:00:43:59 +0000] "GET /api/v1/articles/642e35cf7c1330814fb7649d? HTTP/1.0" 200 6741 "-" "okhttp/4.9.2"
::1 - - [02/May/2023:00:44:01 +0000] "GET /api/v1/users/me? HTTP/1.0" 401 283 "-" "Sedu/1 CFNetwork/1404.0.5 Darwin/22.3.0"
::ffff:127.0.0.1 - - [02/May/2023:00:44:17 +0000] "GET /api/v1/users/me? HTTP/1.0" 304 - "-" "okhttp/4.9.2"
::1 - - [02/May/2023:00:44:17 +0000] "GET /api/v1/ads? HTTP/1.0" 304 - "-" "okhttp/4.9.2"
::ffff:127.0.0.1 - - [02/May/2023:00:44:17 +0000] "GET /api/v1/articles? HTTP/1.0" 304 - "-" "okhttp/4.9.2"
::1 - - [02/May/2023:00:44:18 +0000] "GET /api/v1/users/me? HTTP/1.0" 304 - "-" "okhttp/4.9.2"
::ffff:127.0.0.1 - - [02/May/2023:00:44:28 +0000] "GET /api/v1/users/me? HTTP/1.0" 401 283 "-" "okhttp/4.9.2"
::1 - - [02/May/2023:00:44:31 +0000] "POST /api/v1/users/register HTTP/1.0" 200 461 "-" "Sedu/1 CFNetwork/1404.0.5 Darwin/22.3.0"
::ffff:127.0.0.1 - - [02/May/2023:00:44:31 +0000] "GET /api/v1/users/me? HTTP/1.0" 200 187 "-" "Sedu/1 CFNetwork/1404.0.5 Darwin/22.3.0"
::1 - - [02/May/2023:00:44:44 +0000] "GET /api/v1/users/logout? HTTP/1.0" 200 39 "-" "Sedu/1 CFNetwork/1404.0.5 Darwin/22.3.0"
::ffff:127.0.0.1 - - [02/May/2023:00:44:45 +0000] "GET /api/v1/users/me? HTTP/1.0" 401 283 "-" "Sedu/1 CFNetwork/1404.0.5 Darwin/22.3.0"
::1 - - [02/May/2023:00:45:01 +0000] "POST /api/v1/users/register HTTP/1.0" 200 462 "-" "okhttp/4.9.2"
::ffff:127.0.0.1 - - [02/May/2023:00:45:01 +0000] "GET /api/v1/users/me? HTTP/1.0" 200 188 "-" "okhttp/4.9.2"
::1 - - [02/May/2023:00:45:13 +0000] "GET /api/v1/users/me? HTTP/1.0" 304 - "-" "okhttp/4.9.2"
::ffff:127.0.0.1 - - [02/May/2023:00:45:18 +0000] "POST /api/v1/users/invoice/64505d0da4c26797f425b9c3 HTTP/1.0" 200 50 "-" "okhttp/4.9.2"
::1 - - [02/May/2023:00:45:19 +0000] "GET /api/v1/wallets/64505d1ea4c26797f425b9c8? HTTP/1.0" 200 16250 "-" "okhttp/4.9.2"
::ffff:127.0.0.1 - - [02/May/2023:00:45:21 +0000] "GET /api/v1/users/me? HTTP/1.0" 401 283 "-" "okhttp/4.9.2"
::1 - - [02/May/2023:00:45:41 +0000] "GET /api/v1/users/me? HTTP/1.0" 401 283 "-" "okhttp/4.9.2"
::ffff:127.0.0.1 - - [02/May/2023:00:45:42 +0000] "POST /api/v1/users/register HTTP/1.0" 500 250 "-" "okhttp/4.9.2"
::1 - - [02/May/2023:00:45:51 +0000] "POST /api/v1/users/register HTTP/1.0" 500 250 "-" "okhttp/4.9.2"
::ffff:127.0.0.1 - - [02/May/2023:00:45:53 +0000] "GET /api/v1/users/me? HTTP/1.0" 401 283 "-" "okhttp/4.9.2"
::1 - - [02/May/2023:00:45:58 +0000] "POST /api/v1/users/register HTTP/1.0" 500 250 "-" "okhttp/4.9.2"
::ffff:127.0.0.1 - - [02/May/2023:00:45:59 +0000] "GET /api/v1/users/me? HTTP/1.0" 304 - "-" "Sedu/1 CFNetwork/1335.0.3.1 Darwin/21.6.0"
::1 - - [02/May/2023:00:45:59 +0000] "POST /api/v1/users/register HTTP/1.0" 500 250 "-" "okhttp/4.9.2"
::ffff:127.0.0.1 - - [02/May/2023:00:46:02 +0000] "GET /api/v1/users/me? HTTP/1.0" 304 - "-" "Sedu/1 CFNetwork/1335.0.3.1 Darwin/21.6.0"
::1 - - [02/May/2023:00:46:07 +0000] "GET /api/v1/users/me? HTTP/1.0" 304 - "-" "okhttp/4.9.2"
::1 - - [02/May/2023:00:46:07 +0000] "GET /api/v1/users/me? HTTP/1.0" 304 - "-" "okhttp/4.9.2"
::ffff:127.0.0.1 - - [02/May/2023:00:46:08 +0000] "GET /api/v1/ads? HTTP/1.0" 304 - "-" "okhttp/4.9.2"
::1 - - [02/May/2023:00:46:08 +0000] "GET /api/v1/articles? HTTP/1.0" 304 - "-" "okhttp/4.9.2"
::ffff:127.0.0.1 - - [02/May/2023:00:46:23 +0000] "GET /api/v1/users/me? HTTP/1.0" 304 - "-" "Sedu/1 CFNetwork/1335.0.3.1 Darwin/21.6.0"
::1 - - [02/May/2023:00:46:29 +0000] "POST /api/v1/users/register HTTP/1.0" 200 469 "-" "okhttp/4.9.2"
::ffff:127.0.0.1 - - [02/May/2023:00:46:30 +0000] "GET /api/v1/users/me? HTTP/1.0" 200 195 "-" "okhttp/4.9.2"
::1 - - [02/May/2023:00:46:32 +0000] "GET /api/v1/users/logout? HTTP/1.0" 200 39 "-" "Sedu/1 CFNetwork/1335.0.3.1 Darwin/21.6.0"
::ffff:127.0.0.1 - - [02/May/2023:00:46:32 +0000] "GET /api/v1/users/me? HTTP/1.0" 401 283 "-" "Sedu/1 CFNetwork/1335.0.3.1 Darwin/21.6.0"
::1 - - [02/May/2023:00:46:33 +0000] "GET /api/v1/users/me? HTTP/1.0" 401 283 "-" "Sedu/1 CFNetwork/1327.0.4 Darwin/21.2.0"
::ffff:127.0.0.1 - - [02/May/2023:00:46:33 +0000] "POST /api/v1/users/register HTTP/1.0" 200 464 "-" "okhttp/4.9.2"
::1 - - [02/May/2023:00:46:33 +0000] "GET /api/v1/users/me? HTTP/1.0" 200 190 "-" "okhttp/4.9.2"
::ffff:127.0.0.1 - - [02/May/2023:00:46:41 +0000] "GET /api/v1/users/me? HTTP/1.0" 304 - "-" "okhttp/4.9.2"
::1 - - [02/May/2023:00:46:45 +0000] "POST /api/v1/users/invoice/64505d65a4c26797f425b9ea HTTP/1.0" 200 50 "-" "okhttp/4.9.2"
::ffff:127.0.0.1 - - [02/May/2023:00:46:45 +0000] "GET /api/v1/wallets/64505d75a4c26797f425b9f2? HTTP/1.0" 200 15943 "-" "okhttp/4.9.2"
::1 - - [02/May/2023:00:46:47 +0000] "GET /api/v1/users/me? HTTP/1.0" 401 283 "-" "Sedu/1 CFNetwork/1335.0.3.1 Darwin/21.6.0"
::ffff:127.0.0.1 - - [02/May/2023:00:46:55 +0000] "POST /api/v1/users/invoice/64505d65a4c26797f425b9ea HTTP/1.0" 200 50 "-" "okhttp/4.9.2"
::1 - - [02/May/2023:00:46:56 +0000] "GET /api/v1/wallets/64505d7fa4c26797f425ba04? HTTP/1.0" 200 16215 "-" "okhttp/4.9.2"
::ffff:127.0.0.1 - - [02/May/2023:00:47:01 +0000] "GET /api/v1/users/logout? HTTP/1.0" 200 39 "-" "okhttp/4.9.2"
::1 - - [02/May/2023:00:47:01 +0000] "GET /api/v1/users/me? HTTP/1.0" 401 283 "-" "okhttp/4.9.2"
::ffff:127.0.0.1 - - [02/May/2023:00:47:02 +0000] "POST /api/v1/users/register HTTP/1.0" 500 251 "-" "Sedu/1 CFNetwork/1335.0.3.1 Darwin/21.6.0"
::1 - - [02/May/2023:00:47:09 +0000] "POST /api/v1/users/register HTTP/1.0" 200 468 "-" "okhttp/4.9.2"
::ffff:127.0.0.1 - - [02/May/2023:00:47:10 +0000] "GET /api/v1/users/me? HTTP/1.0" 200 194 "-" "okhttp/4.9.2"
::1 - - [02/May/2023:00:47:14 +0000] "POST /api/v1/users/register HTTP/1.0" 500 250 "-" "Sedu/1 CFNetwork/1327.0.4 Darwin/21.2.0"
::ffff:127.0.0.1 - - [02/May/2023:00:47:23 +0000] "POST /api/v1/users/login HTTP/1.0" 200 465 "-" "Sedu/1 CFNetwork/1335.0.3.1 Darwin/21.6.0"
::1 - - [02/May/2023:00:47:23 +0000] "GET /api/v1/users/me? HTTP/1.0" 304 - "-" "Sedu/1 CFNetwork/1335.0.3.1 Darwin/21.6.0"
::ffff:127.0.0.1 - - [02/May/2023:00:47:27 +0000] "GET /api/v1/users/me? HTTP/1.0" 304 - "-" "Sedu/1 CFNetwork/1335.0.3.1 Darwin/21.6.0"
::1 - - [02/May/2023:00:47:31 +0000] "POST /api/v1/users/login HTTP/1.0" 401 123 "-" "Sedu/1 CFNetwork/1327.0.4 Darwin/21.2.0"
::ffff:127.0.0.1 - - [02/May/2023:00:47:33 +0000] "GET /api/v1/users/me? HTTP/1.0" 304 - "-" "okhttp/4.9.2"
::1 - - [02/May/2023:00:47:44 +0000] "POST /api/v1/users/invoice/64505d8da4c26797f425ba17 HTTP/1.0" 200 50 "-" "okhttp/4.9.2"
::ffff:127.0.0.1 - - [02/May/2023:00:47:44 +0000] "GET /api/v1/wallets/64505db0a4c26797f425ba22? HTTP/1.0" 200 16187 "-" "okhttp/4.9.2"
::ffff:127.0.0.1 - - [02/May/2023:00:47:47 +0000] "POST /api/v1/users/register HTTP/1.0" 500 250 "-" "Sedu/1 CFNetwork/1327.0.4 Darwin/21.2.0"
::1 - - [02/May/2023:00:47:47 +0000] "POST /api/v1/users/invoice/64505cb0a4c26797f425b9b5 HTTP/1.0" 200 50 "-" "Sedu/1 CFNetwork/1335.0.3.1 Darwin/21.6.0"
::1 - - [02/May/2023:00:47:47 +0000] "GET /api/v1/wallets/64505db3a4c26797f425ba36? HTTP/1.0" 200 16189 "-" "Sedu/1 CFNetwork/1335.0.3.1 Darwin/21.6.0"
::ffff:127.0.0.1 - - [02/May/2023:00:47:53 +0000] "POST /api/v1/users/register HTTP/1.0" 200 466 "-" "Sedu/1 CFNetwork/1327.0.4 Darwin/21.2.0"
::1 - - [02/May/2023:00:47:53 +0000] "GET /api/v1/users/me? HTTP/1.0" 200 192 "-" "Sedu/1 CFNetwork/1327.0.4 Darwin/21.2.0"
::ffff:127.0.0.1 - - [02/May/2023:00:47:57 +0000] "GET /api/v1/users/logout? HTTP/1.0" 200 39 "-" "Sedu/1 CFNetwork/1327.0.4 Darwin/21.2.0"
::1 - - [02/May/2023:00:47:57 +0000] "GET /api/v1/users/me? HTTP/1.0" 401 283 "-" "Sedu/1 CFNetwork/1327.0.4 Darwin/21.2.0"
::ffff:127.0.0.1 - - [02/May/2023:00:48:02 +0000] "GET /api/v1/users/me? HTTP/1.0" 401 283 "-" "okhttp/4.9.2"
::1 - - [02/May/2023:00:48:16 +0000] "POST /api/v1/users/register HTTP/1.0" 200 461 "-" "okhttp/4.9.2"
::ffff:127.0.0.1 - - [02/May/2023:00:48:16 +0000] "GET /api/v1/users/me? HTTP/1.0" 200 187 "-" "okhttp/4.9.2"
::1 - - [02/May/2023:00:48:20 +0000] "GET /api/v1/users/callbacks/64505cb0a4c26797f425b9b5/20000?qpay_payment_id=826818694993642 HTTP/1.0" 200 230 "-" "node-fetch/1.0 (+https://github.com/bitinn/node-fetch)"
::ffff:127.0.0.1 - - [02/May/2023:00:48:22 +0000] "GET /api/v1/users/me? HTTP/1.0" 304 - "-" "okhttp/4.9.2"
::1 - - [02/May/2023:00:48:25 +0000] "GET /api/v1/users/me? HTTP/1.0" 200 230 "-" "Sedu/1 CFNetwork/1335.0.3.1 Darwin/21.6.0"
::ffff:127.0.0.1 - - [02/May/2023:00:48:25 +0000] "GET /api/v1/wallets/64505db3a4c26797f425ba36? HTTP/1.0" 304 - "-" "Sedu/1 CFNetwork/1335.0.3.1 Darwin/21.6.0"
::1 - - [02/May/2023:00:48:29 +0000] "POST /api/v1/users/invoice/64505cb0a4c26797f425b9b5 HTTP/1.0" 200 50 "-" "Sedu/1 CFNetwork/1335.0.3.1 Darwin/21.6.0"
::1 - - [02/May/2023:00:48:30 +0000] "GET /api/v1/wallets/64505ddda4c26797f425ba54? HTTP/1.0" 200 16161 "-" "Sedu/1 CFNetwork/1335.0.3.1 Darwin/21.6.0"
::ffff:127.0.0.1 - - [02/May/2023:00:48:30 +0000] "POST /api/v1/users/invoice/64505dcfa4c26797f425ba4a HTTP/1.0" 200 50 "-" "okhttp/4.9.2"
::ffff:127.0.0.1 - - [02/May/2023:00:48:30 +0000] "GET /api/v1/wallets/64505ddda4c26797f425ba65? HTTP/1.0" 200 16113 "-" "okhttp/4.9.2"
::1 - - [02/May/2023:00:48:36 +0000] "GET /api/v1/users/logout? HTTP/1.0" 304 - "-" "Sedu/1 CFNetwork/1335.0.3.1 Darwin/21.6.0"
::ffff:127.0.0.1 - - [02/May/2023:00:48:36 +0000] "GET /api/v1/users/me? HTTP/1.0" 401 283 "-" "Sedu/1 CFNetwork/1335.0.3.1 Darwin/21.6.0"
::1 - - [02/May/2023:00:48:51 +0000] "POST /api/v1/users/login HTTP/1.0" 200 504 "-" "Sedu/1 CFNetwork/1335.0.3.1 Darwin/21.6.0"
::ffff:127.0.0.1 - - [02/May/2023:00:48:52 +0000] "GET /api/v1/users/me? HTTP/1.0" 200 230 "-" "Sedu/1 CFNetwork/1335.0.3.1 Darwin/21.6.0"
::ffff:127.0.0.1 - - [02/May/2023:00:48:52 +0000] "GET /api/v1/ads? HTTP/1.0" 200 633 "-" "Sedu/1 CFNetwork/1335.0.3.1 Darwin/21.6.0"
::1 - - [02/May/2023:00:48:52 +0000] "GET /api/v1/articles? HTTP/1.0" 200 303951 "-" "Sedu/1 CFNetwork/1335.0.3.1 Darwin/21.6.0"
::ffff:127.0.0.1 - - [02/May/2023:00:49:11 +0000] "GET /api/v1/users/me? HTTP/1.0" 304 - "-" "Sedu/1 CFNetwork/1404.0.5 Darwin/22.3.0"
::1 - - [02/May/2023:00:49:11 +0000] "GET /api/v1/articles/642d4c587c1330814fb76297? HTTP/1.0" 304 - "-" "Sedu/1 CFNetwork/1404.0.5 Darwin/22.3.0"
::ffff:127.0.0.1 - - [02/May/2023:00:49:11 +0000] "GET /api/v1/articles? HTTP/1.0" 304 - "-" "Sedu/1 CFNetwork/1404.0.5 Darwin/22.3.0"
::1 - - [02/May/2023:00:49:12 +0000] "GET /api/v1/ads? HTTP/1.0" 304 - "-" "Sedu/1 CFNetwork/1404.0.5 Darwin/22.3.0"
::1 - - [02/May/2023:00:49:29 +0000] "GET /api/v1/articles/642d5b917c1330814fb763ad? HTTP/1.0" 200 5059 "-" "Sedu/1 CFNetwork/1335.0.3.1 Darwin/21.6.0"
::ffff:127.0.0.1 - - [02/May/2023:00:49:44 +0000] "GET /api/v1/users/me? HTTP/1.0" 401 283 "-" "okhttp/4.9.2"
::1 - - [02/May/2023:00:49:53 +0000] "GET /api/v1/users/me? HTTP/1.0" 304 - "-" "Sedu/1 CFNetwork/1335.0.3.1 Darwin/21.6.0"
::ffff:127.0.0.1 - - [02/May/2023:00:49:53 +0000] "GET /api/v1/ads? HTTP/1.0" 304 - "-" "Sedu/1 CFNetwork/1335.0.3.1 Darwin/21.6.0"
::1 - - [02/May/2023:00:49:53 +0000] "GET /api/v1/articles? HTTP/1.0" 304 - "-" "Sedu/1 CFNetwork/1335.0.3.1 Darwin/21.6.0"
::ffff:127.0.0.1 - - [02/May/2023:00:50:18 +0000] "POST /api/v1/users/register HTTP/1.0" 500 248 "-" "okhttp/4.9.2"
