::ffff:127.0.0.1 - - [28/May/2023:12:36:46 +0000] "GET /api/v1/users/me? HTTP/1.0" 304 - "-" "Sedu/1 CFNetwork/1399 Darwin/22.1.0"
::1 - - [28/May/2023:12:36:46 +0000] "GET /api/v1/users/me? HTTP/1.0" 304 - "-" "Sedu/1 CFNetwork/1399 Darwin/22.1.0"
::ffff:127.0.0.1 - - [28/May/2023:12:36:46 +0000] "GET /api/v1/ads? HTTP/1.0" 304 - "-" "Sedu/1 CFNetwork/1399 Darwin/22.1.0"
::1 - - [28/May/2023:12:36:46 +0000] "GET /api/v1/articles/642d55bf7c1330814fb76345? HTTP/1.0" 304 - "-" "Sedu/1 CFNetwork/1399 Darwin/22.1.0"
::1 - - [28/May/2023:12:36:46 +0000] "GET /api/v1/articles? HTTP/1.0" 304 - "-" "Sedu/1 CFNetwork/1399 Darwin/22.1.0"
::1 - - [28/May/2023:12:36:48 +0000] "GET /api/v1/users/me? HTTP/1.0" 304 - "-" "Sedu/1 CFNetwork/1390 Darwin/22.0.0"
::ffff:127.0.0.1 - - [28/May/2023:12:36:59 +0000] "GET /api/v1/articles/642d789c7c1330814fb763e7? HTTP/1.0" 200 6163 "-" "Sedu/1 CFNetwork/1399 Darwin/22.1.0"
::1 - - [28/May/2023:12:37:49 +0000] "GET /api/v1/articles/642e2e6d7c1330814fb7646b? HTTP/1.0" 200 1619 "-" "Sedu/1 CFNetwork/1399 Darwin/22.1.0"
::ffff:127.0.0.1 - - [28/May/2023:12:37:57 +0000] "GET /api/v1/articles/642d7b217c1330814fb76434? HTTP/1.0" 200 4133 "-" "Sedu/1 CFNetwork/1399 Darwin/22.1.0"
::1 - - [28/May/2023:12:38:13 +0000] "GET /api/v1/articles/642d4efb7c1330814fb762cf? HTTP/1.0" 200 10100 "-" "Sedu/1 CFNetwork/1406.0.4 Darwin/22.4.0"
::ffff:127.0.0.1 - - [28/May/2023:12:38:17 +0000] "GET /api/v1/articles/642e321a7c1330814fb7648b? HTTP/1.0" 200 2221 "-" "Sedu/1 CFNetwork/1399 Darwin/22.1.0"
::1 - - [28/May/2023:12:38:31 +0000] "GET /api/v1/articles/642d55507c1330814fb76325? HTTP/1.0" 200 3410 "-" "Sedu/1 CFNetwork/1406.0.4 Darwin/22.4.0"
::ffff:127.0.0.1 - - [28/May/2023:12:39:18 +0000] "GET /api/v1/articles/645fbd68a32e8316d822dd25? HTTP/1.0" 200 3940 "-" "Sedu/1 CFNetwork/1399 Darwin/22.1.0"
::ffff:127.0.0.1 - - [28/May/2023:12:39:46 +0000] "GET /api/v1/articles/642d4c587c1330814fb76297? HTTP/1.0" 200 22271 "-" "Sedu/1 CFNetwork/1399 Darwin/22.1.0"
::1 - - [28/May/2023:12:40:15 +0000] "GET /api/v1/articles/642d55bf7c1330814fb76345? HTTP/1.0" 200 17955 "-" "Sedu/1 CFNetwork/1406.0.4 Darwin/22.4.0"
::ffff:127.0.0.1 - - [28/May/2023:12:40:24 +0000] "GET /api/v1/articles/642d55bf7c1330814fb76345? HTTP/1.0" 200 17955 "-" "Sedu/1 CFNetwork/1399 Darwin/22.1.0"
::1 - - [28/May/2023:12:41:29 +0000] "GET /api/v1/articles/6460657ba32e8316d822e39d? HTTP/1.0" 200 5291 "-" "Sedu/1 CFNetwork/1399 Darwin/22.1.0"
::1 - - [28/May/2023:12:43:12 +0000] "GET /api/v1/articles/642d4c587c1330814fb76297? HTTP/1.0" 200 22271 "-" "Sedu/1 CFNetwork/1399 Darwin/22.1.0"
::ffff:127.0.0.1 - - [28/May/2023:12:43:34 +0000] "GET /solr/admin/info/system?wt=json HTTP/1.0" 404 161 "-" "Mozilla/5.0 (Windows NT 10.0; Win64; x64) AppleWebKit/537.36 (KHTML, like Gecko) Chrome/78.0.3904.108 Safari/537.36"
::ffff:127.0.0.1 - - [28/May/2023:12:43:47 +0000] "GET /api/v1/users/me? HTTP/1.0" 200 225 "-" "Sedu/1 CFNetwork/1406.0.4 Darwin/22.4.0"
::ffff:127.0.0.1 - - [28/May/2023:12:43:47 +0000] "GET /api/v1/articles/642d55bf7c1330814fb76345? HTTP/1.0" 200 17955 "-" "Sedu/1 CFNetwork/1406.0.4 Darwin/22.4.0"
::1 - - [28/May/2023:12:43:47 +0000] "GET /api/v1/ads? HTTP/1.0" 200 633 "-" "Sedu/1 CFNetwork/1406.0.4 Darwin/22.4.0"
::1 - - [28/May/2023:12:43:47 +0000] "GET /api/v1/articles? HTTP/1.0" 200 387210 "-" "Sedu/1 CFNetwork/1406.0.4 Darwin/22.4.0"
::ffff:127.0.0.1 - - [28/May/2023:12:44:07 +0000] "GET /api/v1/articles/642d5b917c1330814fb763ad? HTTP/1.0" 200 5031 "-" "Sedu/1 CFNetwork/1406.0.4 Darwin/22.4.0"
::1 - - [28/May/2023:12:45:05 +0000] "GET /api/v1/users/me? HTTP/1.0" 304 - "-" "Sedu/1 CFNetwork/1399 Darwin/22.1.0"
::ffff:127.0.0.1 - - [28/May/2023:12:45:05 +0000] "GET /api/v1/articles? HTTP/1.0" 304 - "-" "Sedu/1 CFNetwork/1399 Darwin/22.1.0"
::1 - - [28/May/2023:12:45:05 +0000] "GET /api/v1/ads? HTTP/1.0" 304 - "-" "Sedu/1 CFNetwork/1399 Darwin/22.1.0"
::ffff:127.0.0.1 - - [28/May/2023:12:45:25 +0000] "GET /api/v1/users/me? HTTP/1.0" 304 - "-" "Sedu/1 CFNetwork/1399 Darwin/22.1.0"
::1 - - [28/May/2023:12:45:25 +0000] "GET /api/v1/users/me? HTTP/1.0" 304 - "-" "Sedu/1 CFNetwork/1399 Darwin/22.1.0"
::1 - - [28/May/2023:12:45:25 +0000] "GET /api/v1/ads? HTTP/1.0" 304 - "-" "Sedu/1 CFNetwork/1399 Darwin/22.1.0"
::1 - - [28/May/2023:12:45:25 +0000] "GET /api/v1/articles/642d55bf7c1330814fb76345? HTTP/1.0" 304 - "-" "Sedu/1 CFNetwork/1399 Darwin/22.1.0"
::ffff:127.0.0.1 - - [28/May/2023:12:45:25 +0000] "GET /api/v1/articles? HTTP/1.0" 304 - "-" "Sedu/1 CFNetwork/1399 Darwin/22.1.0"
::ffff:127.0.0.1 - - [28/May/2023:12:45:52 +0000] "GET /api/v1/users/me? HTTP/1.0" 304 - "-" "Sedu/1 CFNetwork/1399 Darwin/22.1.0"
::1 - - [28/May/2023:12:45:53 +0000] "GET /api/v1/ads? HTTP/1.0" 304 - "-" "Sedu/1 CFNetwork/1399 Darwin/22.1.0"
::ffff:127.0.0.1 - - [28/May/2023:12:45:53 +0000] "GET /api/v1/articles? HTTP/1.0" 304 - "-" "Sedu/1 CFNetwork/1399 Darwin/22.1.0"
::1 - - [28/May/2023:12:46:07 +0000] "GET /api/v1/users/me? HTTP/1.0" 304 - "-" "Sedu/1 CFNetwork/1399 Darwin/22.1.0"
::ffff:127.0.0.1 - - [28/May/2023:12:46:07 +0000] "GET /api/v1/ads? HTTP/1.0" 304 - "-" "Sedu/1 CFNetwork/1399 Darwin/22.1.0"
::1 - - [28/May/2023:12:46:07 +0000] "GET /api/v1/articles? HTTP/1.0" 304 - "-" "Sedu/1 CFNetwork/1399 Darwin/22.1.0"
::ffff:127.0.0.1 - - [28/May/2023:12:46:08 +0000] "GET /api/v1/users/me? HTTP/1.0" 304 - "-" "Sedu/1 CFNetwork/1404.0.5 Darwin/22.3.0"
::ffff:127.0.0.1 - - [28/May/2023:12:46:08 +0000] "GET /api/v1/ads? HTTP/1.0" 304 - "-" "Sedu/1 CFNetwork/1404.0.5 Darwin/22.3.0"
::1 - - [28/May/2023:12:46:09 +0000] "GET /api/v1/articles? HTTP/1.0" 304 - "-" "Sedu/1 CFNetwork/1404.0.5 Darwin/22.3.0"
::ffff:127.0.0.1 - - [28/May/2023:12:46:13 +0000] "GET /api/v1/users/me? HTTP/1.0" 304 - "-" "Sedu/1 CFNetwork/1404.0.5 Darwin/22.3.0"
::ffff:127.0.0.1 - - [28/May/2023:12:46:21 +0000] "GET /api/v1/users/me? HTTP/1.0" 304 - "-" "Sedu/1 CFNetwork/1399 Darwin/22.1.0"
::1 - - [28/May/2023:12:46:21 +0000] "GET /api/v1/ads? HTTP/1.0" 304 - "-" "Sedu/1 CFNetwork/1399 Darwin/22.1.0"
::1 - - [28/May/2023:12:46:21 +0000] "GET /api/v1/articles? HTTP/1.0" 304 - "-" "Sedu/1 CFNetwork/1399 Darwin/22.1.0"
::ffff:127.0.0.1 - - [28/May/2023:12:46:23 +0000] "GET /api/v1/articles/642d4c587c1330814fb76297? HTTP/1.0" 304 - "-" "Sedu/1 CFNetwork/1399 Darwin/22.1.0"
::1 - - [28/May/2023:12:46:23 +0000] "GET /api/v1/articles/642d76ab7c1330814fb763c4? HTTP/1.0" 200 12382 "-" "Sedu/1 CFNetwork/1406.0.4 Darwin/22.4.0"
::1 - - [28/May/2023:12:47:06 +0000] "GET /api/v1/users/me? HTTP/1.0" 304 - "-" "Sedu/1 CFNetwork/1399 Darwin/22.1.0"
::1 - - [28/May/2023:12:47:06 +0000] "GET /api/v1/users/me? HTTP/1.0" 304 - "-" "Sedu/1 CFNetwork/1399 Darwin/22.1.0"
::ffff:127.0.0.1 - - [28/May/2023:12:47:06 +0000] "GET /api/v1/ads? HTTP/1.0" 304 - "-" "Sedu/1 CFNetwork/1399 Darwin/22.1.0"
::ffff:127.0.0.1 - - [28/May/2023:12:47:06 +0000] "GET /api/v1/articles/642d55bf7c1330814fb76345? HTTP/1.0" 304 - "-" "Sedu/1 CFNetwork/1399 Darwin/22.1.0"
::ffff:127.0.0.1 - - [28/May/2023:12:47:06 +0000] "GET /api/v1/articles? HTTP/1.0" 304 - "-" "Sedu/1 CFNetwork/1399 Darwin/22.1.0"
::1 - - [28/May/2023:12:47:11 +0000] "GET /api/v1/articles/642d4ce07c1330814fb762a6? HTTP/1.0" 304 - "-" "Sedu/1 CFNetwork/1399 Darwin/22.1.0"
::ffff:127.0.0.1 - - [28/May/2023:12:47:15 +0000] "GET /api/v1/articles/642d4fba7c1330814fb762d8? HTTP/1.0" 304 - "-" "Sedu/1 CFNetwork/1399 Darwin/22.1.0"
::1 - - [28/May/2023:12:47:23 +0000] "GET /api/v1/articles/642d57947c1330814fb76374? HTTP/1.0" 304 - "-" "Sedu/1 CFNetwork/1399 Darwin/22.1.0"
::ffff:127.0.0.1 - - [28/May/2023:12:47:44 +0000] "GET /api/v1/users/me? HTTP/1.0" 304 - "-" "Sedu/1 CFNetwork/1406.0.4 Darwin/22.4.0"
::ffff:127.0.0.1 - - [28/May/2023:12:47:44 +0000] "GET /api/v1/ads? HTTP/1.0" 304 - "-" "Sedu/1 CFNetwork/1406.0.4 Darwin/22.4.0"
::1 - - [28/May/2023:12:47:44 +0000] "GET /api/v1/articles? HTTP/1.0" 304 - "-" "Sedu/1 CFNetwork/1406.0.4 Darwin/22.4.0"
::ffff:127.0.0.1 - - [28/May/2023:12:47:48 +0000] "GET /api/v1/users/me? HTTP/1.0" 304 - "-" "Sedu/1 CFNetwork/1406.0.4 Darwin/22.4.0"
::1 - - [28/May/2023:12:47:50 +0000] "GET /api/v1/users/logout? HTTP/1.0" 304 - "-" "Sedu/1 CFNetwork/1406.0.4 Darwin/22.4.0"
::1 - - [28/May/2023:12:47:50 +0000] "GET /api/v1/articles? HTTP/1.0" 401 283 "-" "Sedu/1 CFNetwork/1406.0.4 Darwin/22.4.0"
::ffff:127.0.0.1 - - [28/May/2023:12:47:50 +0000] "GET /api/v1/users/me? HTTP/1.0" 401 283 "-" "Sedu/1 CFNetwork/1406.0.4 Darwin/22.4.0"
::ffff:127.0.0.1 - - [28/May/2023:12:47:50 +0000] "GET /api/v1/ads? HTTP/1.0" 304 - "-" "Sedu/1 CFNetwork/1406.0.4 Darwin/22.4.0"
::1 - - [28/May/2023:12:47:50 +0000] "GET /api/v1/users/me? HTTP/1.0" 401 283 "-" "Sedu/1 CFNetwork/1406.0.4 Darwin/22.4.0"
::1 - - [28/May/2023:12:47:59 +0000] "POST /api/v1/users/login HTTP/1.0" 200 498 "-" "Sedu/1 CFNetwork/1406.0.4 Darwin/22.4.0"
::ffff:127.0.0.1 - - [28/May/2023:12:48:00 +0000] "GET /api/v1/users/me? HTTP/1.0" 304 - "-" "Sedu/1 CFNetwork/1406.0.4 Darwin/22.4.0"
::1 - - [28/May/2023:12:48:00 +0000] "GET /api/v1/ads? HTTP/1.0" 304 - "-" "Sedu/1 CFNetwork/1406.0.4 Darwin/22.4.0"
::ffff:127.0.0.1 - - [28/May/2023:12:48:00 +0000] "GET /api/v1/articles? HTTP/1.0" 304 - "-" "Sedu/1 CFNetwork/1406.0.4 Darwin/22.4.0"
::ffff:127.0.0.1 - - [28/May/2023:12:49:06 +0000] "GET /api/v1/users/me? HTTP/1.0" 401 283 "-" "Sedu/1 CFNetwork/1327.0.4 Darwin/21.2.0"
::1 - - [28/May/2023:12:49:55 +0000] "POST /api/v1/users/register HTTP/1.0" 500 251 "-" "Sedu/1 CFNetwork/1327.0.4 Darwin/21.2.0"
::ffff:127.0.0.1 - - [28/May/2023:12:50:10 +0000] "POST /api/v1/users/register HTTP/1.0" 500 253 "-" "Sedu/1 CFNetwork/1327.0.4 Darwin/21.2.0"
::1 - - [28/May/2023:12:50:18 +0000] "GET /api/v1/articles/642d771f7c1330814fb763cd? HTTP/1.0" 200 3044 "-" "Sedu/1 CFNetwork/1406.0.4 Darwin/22.4.0"
::ffff:127.0.0.1 - - [28/May/2023:12:51:38 +0000] "GET /api/v1/articles/642d7b217c1330814fb76434? HTTP/1.0" 200 4133 "-" "Sedu/1 CFNetwork/1406.0.4 Darwin/22.4.0"
::1 - - [28/May/2023:12:53:15 +0000] "GET /api/v1/users/me? HTTP/1.0" 304 - "-" "Sedu/1 CFNetwork/1240.0.4 Darwin/20.6.0"
::ffff:127.0.0.1 - - [28/May/2023:12:53:15 +0000] "GET /api/v1/articles? HTTP/1.0" 200 387210 "-" "Sedu/1 CFNetwork/1240.0.4 Darwin/20.6.0"
::1 - - [28/May/2023:12:53:15 +0000] "GET /api/v1/ads? HTTP/1.0" 304 - "-" "Sedu/1 CFNetwork/1240.0.4 Darwin/20.6.0"
::1 - - [28/May/2023:12:53:19 +0000] "GET /api/v1/articles/642d4c587c1330814fb76297? HTTP/1.0" 200 22271 "-" "Sedu/1 CFNetwork/1240.0.4 Darwin/20.6.0"
::ffff:127.0.0.1 - - [28/May/2023:12:53:32 +0000] "GET /api/v1/users/me? HTTP/1.0" 401 283 "-" "Sedu/1 CFNetwork/1404.0.5 Darwin/22.3.0"
::1 - - [28/May/2023:12:53:46 +0000] "POST /api/v1/users/register HTTP/1.0" 200 466 "-" "Sedu/1 CFNetwork/1404.0.5 Darwin/22.3.0"
::ffff:127.0.0.1 - - [28/May/2023:12:53:48 +0000] "GET /api/v1/users/me? HTTP/1.0" 200 192 "-" "Sedu/1 CFNetwork/1404.0.5 Darwin/22.3.0"
::1 - - [28/May/2023:12:53:50 +0000] "POST /api/v1/users/register HTTP/1.0" 500 252 "-" "Sedu/1 CFNetwork/1404.0.5 Darwin/22.3.0"
::ffff:127.0.0.1 - - [28/May/2023:12:53:51 +0000] "POST /api/v1/users/register HTTP/1.0" 500 252 "-" "Sedu/1 CFNetwork/1404.0.5 Darwin/22.3.0"
::1 - - [28/May/2023:12:53:52 +0000] "GET /api/v1/users/me? HTTP/1.0" 304 - "-" "Sedu/1 CFNetwork/1399 Darwin/22.1.0"
::ffff:127.0.0.1 - - [28/May/2023:12:53:52 +0000] "GET /api/v1/articles/642d4c587c1330814fb76297? HTTP/1.0" 304 - "-" "Sedu/1 CFNetwork/1399 Darwin/22.1.0"
::1 - - [28/May/2023:12:53:52 +0000] "GET /api/v1/ads? HTTP/1.0" 304 - "-" "Sedu/1 CFNetwork/1399 Darwin/22.1.0"
::ffff:127.0.0.1 - - [28/May/2023:12:53:53 +0000] "GET /api/v1/articles? HTTP/1.0" 304 - "-" "Sedu/1 CFNetwork/1399 Darwin/22.1.0"
::1 - - [28/May/2023:12:53:53 +0000] "GET /api/v1/users/me? HTTP/1.0" 304 - "-" "Sedu/1 CFNetwork/1404.0.5 Darwin/22.3.0"
::ffff:127.0.0.1 - - [28/May/2023:12:53:59 +0000] "GET /api/v1/articles/642e2e6d7c1330814fb7646b? HTTP/1.0" 200 1619 "-" "Sedu/1 CFNetwork/1406.0.4 Darwin/22.4.0"
::1 - - [28/May/2023:12:54:01 +0000] "POST /api/v1/users/invoice/64734edaa32e8316d8248db6 HTTP/1.0" 200 50 "-" "Sedu/1 CFNetwork/1404.0.5 Darwin/22.3.0"
::ffff:127.0.0.1 - - [28/May/2023:12:54:02 +0000] "GET /api/v1/wallets/64734ee9a32e8316d8248dc6? HTTP/1.0" 200 16234 "-" "Sedu/1 CFNetwork/1404.0.5 Darwin/22.3.0"
::1 - - [28/May/2023:12:54:07 +0000] "GET /api/v1/users/me? HTTP/1.0" 304 - "-" "Sedu/1 CFNetwork/1240.0.4 Darwin/20.6.0"
::ffff:127.0.0.1 - - [28/May/2023:12:54:07 +0000] "GET /api/v1/ads? HTTP/1.0" 304 - "-" "Sedu/1 CFNetwork/1240.0.4 Darwin/20.6.0"
::1 - - [28/May/2023:12:54:07 +0000] "GET /api/v1/articles/642d4c587c1330814fb76297? HTTP/1.0" 304 - "-" "Sedu/1 CFNetwork/1240.0.4 Darwin/20.6.0"
::1 - - [28/May/2023:12:54:07 +0000] "GET /api/v1/articles? HTTP/1.0" 304 - "-" "Sedu/1 CFNetwork/1240.0.4 Darwin/20.6.0"
::ffff:127.0.0.1 - - [28/May/2023:12:54:08 +0000] "GET /api/v1/users/me? HTTP/1.0" 304 - "-" "Sedu/1 CFNetwork/1406.0.4 Darwin/22.4.0"
::1 - - [28/May/2023:12:54:08 +0000] "GET /api/v1/articles? HTTP/1.0" 304 - "-" "Sedu/1 CFNetwork/1406.0.4 Darwin/22.4.0"
::ffff:127.0.0.1 - - [28/May/2023:12:54:08 +0000] "GET /api/v1/ads? HTTP/1.0" 304 - "-" "Sedu/1 CFNetwork/1406.0.4 Darwin/22.4.0"
::ffff:127.0.0.1 - - [28/May/2023:12:54:15 +0000] "GET /api/v1/articles/642d55f77c1330814fb7634f? HTTP/1.0" 200 7052 "-" "Sedu/1 CFNetwork/1406.0.4 Darwin/22.4.0"
::1 - - [28/May/2023:12:54:22 +0000] "GET /api/v1/articles/642e31187c1330814fb76474? HTTP/1.0" 200 3038 "-" "Sedu/1 CFNetwork/1406.0.4 Darwin/22.4.0"
::1 - - [28/May/2023:12:54:30 +0000] "GET /api/v1/articles/642d56517c1330814fb7635e? HTTP/1.0" 200 16235 "-" "Sedu/1 CFNetwork/1406.0.4 Darwin/22.4.0"
::ffff:127.0.0.1 - - [28/May/2023:12:54:34 +0000] "GET /api/v1/users/me? HTTP/1.0" 304 - "-" "Sedu/1 CFNetwork/1390 Darwin/22.0.0"
::1 - - [28/May/2023:12:54:43 +0000] "GET /api/v1/users/logout? HTTP/1.0" 200 39 "-" "Sedu/1 CFNetwork/1404.0.5 Darwin/22.3.0"
::ffff:127.0.0.1 - - [28/May/2023:12:54:43 +0000] "GET /api/v1/users/me? HTTP/1.0" 401 283 "-" "Sedu/1 CFNetwork/1404.0.5 Darwin/22.3.0"
::1 - - [28/May/2023:12:54:44 +0000] "GET /api/v1/users/logout? HTTP/1.0" 200 39 "-" "Sedu/1 CFNetwork/1404.0.5 Darwin/22.3.0"
::ffff:127.0.0.1 - - [28/May/2023:12:54:44 +0000] "GET /api/v1/users/logout? HTTP/1.0" 304 - "-" "Sedu/1 CFNetwork/1404.0.5 Darwin/22.3.0"
::ffff:127.0.0.1 - - [28/May/2023:12:55:34 +0000] "GET /api/v1/articles/642e321a7c1330814fb7648b? HTTP/1.0" 200 2221 "-" "Sedu/1 CFNetwork/1406.0.4 Darwin/22.4.0"
::1 - - [28/May/2023:12:55:41 +0000] "GET /api/v1/users/me? HTTP/1.0" 304 - "-" "Sedu/1 CFNetwork/1325.0.1 Darwin/21.1.0"
::1 - - [28/May/2023:12:55:41 +0000] "GET /api/v1/ads? HTTP/1.0" 304 - "-" "Sedu/1 CFNetwork/1325.0.1 Darwin/21.1.0"
::ffff:127.0.0.1 - - [28/May/2023:12:55:41 +0000] "GET /api/v1/articles? HTTP/1.0" 200 387210 "-" "Sedu/1 CFNetwork/1325.0.1 Darwin/21.1.0"
::ffff:127.0.0.1 - - [28/May/2023:12:56:18 +0000] "GET /api/v1/users/me? HTTP/1.0" 401 283 "-" "Sedu/1 CFNetwork/1402.0.8 Darwin/22.2.0"
::1 - - [28/May/2023:12:56:33 +0000] "POST /api/v1/users/register HTTP/1.0" 500 248 "-" "Sedu/1 CFNetwork/1402.0.8 Darwin/22.2.0"
::ffff:127.0.0.1 - - [28/May/2023:12:56:34 +0000] "GET /api/v1/articles/642e36c67c1330814fb764a6? HTTP/1.0" 200 6465 "-" "Sedu/1 CFNetwork/1406.0.4 Darwin/22.4.0"
::1 - - [28/May/2023:12:56:34 +0000] "POST /api/v1/users/register HTTP/1.0" 500 248 "-" "Sedu/1 CFNetwork/1402.0.8 Darwin/22.2.0"
::ffff:127.0.0.1 - - [28/May/2023:12:56:44 +0000] "POST /api/v1/users/register HTTP/1.0" 500 249 "-" "Sedu/1 CFNetwork/1402.0.8 Darwin/22.2.0"
::1 - - [28/May/2023:12:56:45 +0000] "POST /api/v1/users/register HTTP/1.0" 500 249 "-" "Sedu/1 CFNetwork/1402.0.8 Darwin/22.2.0"
::ffff:127.0.0.1 - - [28/May/2023:12:56:52 +0000] "POST /api/v1/users/register HTTP/1.0" 500 249 "-" "Sedu/1 CFNetwork/1402.0.8 Darwin/22.2.0"
::1 - - [28/May/2023:12:56:53 +0000] "POST /api/v1/users/register HTTP/1.0" 500 249 "-" "Sedu/1 CFNetwork/1402.0.8 Darwin/22.2.0"
::ffff:127.0.0.1 - - [28/May/2023:12:58:18 +0000] "GET /api/v1/articles/642e38d27c1330814fb764c0? HTTP/1.0" 200 2965 "-" "Sedu/1 CFNetwork/1406.0.4 Darwin/22.4.0"
::1 - - [28/May/2023:12:58:32 +0000] "GET /api/v1/users/me? HTTP/1.0" 304 - "-" "Sedu/1 CFNetwork/1399 Darwin/22.1.0"
::1 - - [28/May/2023:12:59:20 +0000] "GET /api/v1/articles/642e395e7c1330814fb764cf? HTTP/1.0" 200 3839 "-" "Sedu/1 CFNetwork/1406.0.4 Darwin/22.4.0"
::ffff:127.0.0.1 - - [28/May/2023:13:00:07 +0000] "GET /api/v1/users/me? HTTP/1.0" 304 - "-" "Sedu/1 CFNetwork/1406.0.4 Darwin/22.4.0"
::ffff:127.0.0.1 - - [28/May/2023:13:00:07 +0000] "GET /api/v1/ads? HTTP/1.0" 304 - "-" "Sedu/1 CFNetwork/1406.0.4 Darwin/22.4.0"
::1 - - [28/May/2023:13:00:07 +0000] "GET /api/v1/articles? HTTP/1.0" 200 387210 "-" "Sedu/1 CFNetwork/1406.0.4 Darwin/22.4.0"
::ffff:127.0.0.1 - - [28/May/2023:13:00:45 +0000] "GET /api/v1/articles/642e44a97c1330814fb764fe? HTTP/1.0" 200 8047 "-" "Sedu/1 CFNetwork/1406.0.4 Darwin/22.4.0"
::ffff:127.0.0.1 - - [28/May/2023:13:01:18 +0000] "GET /api/v1/users/me? HTTP/1.0" 304 - "-" "Sedu/1 CFNetwork/1399 Darwin/22.1.0"
::ffff:127.0.0.1 - - [28/May/2023:13:01:18 +0000] "GET /api/v1/users/me? HTTP/1.0" 304 - "-" "Sedu/1 CFNetwork/1399 Darwin/22.1.0"
::ffff:127.0.0.1 - - [28/May/2023:13:01:18 +0000] "GET /api/v1/ads? HTTP/1.0" 304 - "-" "Sedu/1 CFNetwork/1399 Darwin/22.1.0"
::1 - - [28/May/2023:13:01:19 +0000] "GET /api/v1/articles/642d55bf7c1330814fb76345? HTTP/1.0" 304 - "-" "Sedu/1 CFNetwork/1399 Darwin/22.1.0"
::1 - - [28/May/2023:13:01:19 +0000] "GET /api/v1/articles? HTTP/1.0" 304 - "-" "Sedu/1 CFNetwork/1399 Darwin/22.1.0"
::1 - - [28/May/2023:13:01:26 +0000] "GET /api/v1/articles/642e3f507c1330814fb764ef? HTTP/1.0" 200 1467 "-" "Sedu/1 CFNetwork/1406.0.4 Darwin/22.4.0"
::ffff:127.0.0.1 - - [28/May/2023:13:02:10 +0000] "GET /api/v1/articles/642e58ad7c1330814fb76521? HTTP/1.0" 200 5224 "-" "Sedu/1 CFNetwork/1406.0.4 Darwin/22.4.0"
::1 - - [28/May/2023:13:02:16 +0000] "GET /api/v1/articles/642e44a97c1330814fb764fe? HTTP/1.0" 200 8047 "-" "Sedu/1 CFNetwork/1406.0.4 Darwin/22.4.0"
::ffff:127.0.0.1 - - [28/May/2023:13:03:17 +0000] "GET /api/v1/articles/64532f9ea4c26797f426b446? HTTP/1.0" 200 5671 "-" "Sedu/1 CFNetwork/1406.0.4 Darwin/22.4.0"
::1 - - [28/May/2023:13:03:37 +0000] "GET /api/v1/articles/6460657ba32e8316d822e39d? HTTP/1.0" 200 5291 "-" "Sedu/1 CFNetwork/1406.0.4 Darwin/22.4.0"
::ffff:127.0.0.1 - - [28/May/2023:13:04:19 +0000] "GET /api/v1/users/me? HTTP/1.0" 304 - "-" "Sedu/1 CFNetwork/1325.0.1 Darwin/21.1.0"
::ffff:127.0.0.1 - - [28/May/2023:13:04:20 +0000] "GET /api/v1/ads? HTTP/1.0" 304 - "-" "Sedu/1 CFNetwork/1325.0.1 Darwin/21.1.0"
::1 - - [28/May/2023:13:04:20 +0000] "GET /api/v1/articles? HTTP/1.0" 304 - "-" "Sedu/1 CFNetwork/1325.0.1 Darwin/21.1.0"
::ffff:127.0.0.1 - - [28/May/2023:13:04:23 +0000] "GET /api/v1/articles/642d4ce07c1330814fb762a6? HTTP/1.0" 200 10683 "-" "Sedu/1 CFNetwork/1325.0.1 Darwin/21.1.0"
::1 - - [28/May/2023:13:04:24 +0000] "GET /api/v1/users/me? HTTP/1.0" 401 283 "-" "Sedu/1 CFNetwork/1406.0.4 Darwin/22.4.0"
::ffff:127.0.0.1 - - [28/May/2023:13:04:47 +0000] "POST /api/v1/users/register HTTP/1.0" 500 249 "-" "Sedu/1 CFNetwork/1406.0.4 Darwin/22.4.0"
::1 - - [28/May/2023:13:04:49 +0000] "POST /api/v1/users/register HTTP/1.0" 500 249 "-" "Sedu/1 CFNetwork/1406.0.4 Darwin/22.4.0"
::ffff:127.0.0.1 - - [28/May/2023:13:05:04 +0000] "POST /api/v1/users/register HTTP/1.0" 500 249 "-" "Sedu/1 CFNetwork/1406.0.4 Darwin/22.4.0"
::1 - - [28/May/2023:13:05:06 +0000] "GET /api/v1/articles/645fbd68a32e8316d822dd25? HTTP/1.0" 200 3940 "-" "Sedu/1 CFNetwork/1406.0.4 Darwin/22.4.0"
::ffff:127.0.0.1 - - [28/May/2023:13:05:16 +0000] "POST /api/v1/users/register HTTP/1.0" 200 465 "-" "Sedu/1 CFNetwork/1406.0.4 Darwin/22.4.0"
::1 - - [28/May/2023:13:05:16 +0000] "GET /api/v1/users/me? HTTP/1.0" 200 191 "-" "Sedu/1 CFNetwork/1406.0.4 Darwin/22.4.0"
::ffff:127.0.0.1 - - [28/May/2023:13:05:23 +0000] "GET /api/v1/users/me? HTTP/1.0" 304 - "-" "Sedu/1 CFNetwork/1406.0.4 Darwin/22.4.0"
::1 - - [28/May/2023:13:05:59 +0000] "GET /api/v1/users/me? HTTP/1.0" 401 283 "-" "Sedu/1 CFNetwork/1399 Darwin/22.1.0"
::ffff:127.0.0.1 - - [28/May/2023:13:07:09 +0000] "GET /api/v1/articles/6460657ba32e8316d822e39d? HTTP/1.0" 200 5291 "-" "Sedu/1 CFNetwork/1406.0.4 Darwin/22.4.0"
::1 - - [28/May/2023:13:07:55 +0000] "GET /api/v1/articles/646082bca32e8316d822e594? HTTP/1.0" 200 6579 "-" "Sedu/1 CFNetwork/1406.0.4 Darwin/22.4.0"
::ffff:127.0.0.1 - - [28/May/2023:13:08:24 +0000] "POST /api/v1/users/register HTTP/1.0" 200 463 "-" "Sedu/1 CFNetwork/1399 Darwin/22.1.0"
::1 - - [28/May/2023:13:08:25 +0000] "GET /api/v1/users/me? HTTP/1.0" 200 189 "-" "Sedu/1 CFNetwork/1399 Darwin/22.1.0"
::1 - - [28/May/2023:13:09:00 +0000] "GET /api/v1/users/me? HTTP/1.0" 401 283 "-" "Sedu/1 CFNetwork/1408.0.4 Darwin/22.5.0"
::ffff:127.0.0.1 - - [28/May/2023:13:09:19 +0000] "POST /api/v1/users/register HTTP/1.0" 200 466 "-" "Sedu/1 CFNetwork/1408.0.4 Darwin/22.5.0"
::1 - - [28/May/2023:13:09:19 +0000] "GET /api/v1/users/me? HTTP/1.0" 200 192 "-" "Sedu/1 CFNetwork/1408.0.4 Darwin/22.5.0"
::ffff:127.0.0.1 - - [28/May/2023:13:09:25 +0000] "GET /api/v1/users/me? HTTP/1.0" 304 - "-" "Sedu/1 CFNetwork/1408.0.4 Darwin/22.5.0"
::1 - - [28/May/2023:13:09:26 +0000] "GET /api/v1/users/me? HTTP/1.0" 304 - "-" "Sedu/1 CFNetwork/1406.0.4 Darwin/22.4.0"
::1 - - [28/May/2023:13:09:26 +0000] "GET /api/v1/ads? HTTP/1.0" 304 - "-" "Sedu/1 CFNetwork/1406.0.4 Darwin/22.4.0"
::ffff:127.0.0.1 - - [28/May/2023:13:09:26 +0000] "GET /api/v1/articles? HTTP/1.0" 200 387210 "-" "Sedu/1 CFNetwork/1406.0.4 Darwin/22.4.0"
::1 - - [28/May/2023:13:09:34 +0000] "POST /api/v1/users/invoice/6473527fa32e8316d8248e24 HTTP/1.0" 200 50 "-" "Sedu/1 CFNetwork/1408.0.4 Darwin/22.5.0"
::ffff:127.0.0.1 - - [28/May/2023:13:09:34 +0000] "GET /api/v1/wallets/6473528ea32e8316d8248e2e? HTTP/1.0" 200 15726 "-" "Sedu/1 CFNetwork/1408.0.4 Darwin/22.5.0"
::1 - - [28/May/2023:13:10:15 +0000] "GET /api/v1/users/callbacks/6473527fa32e8316d8248e24/20000?qpay_payment_id=679174446772599 HTTP/1.0" 200 231 "-" "node-fetch/1.0 (+https://github.com/bitinn/node-fetch)"
::1 - - [28/May/2023:13:10:24 +0000] "GET /api/v1/users/me? HTTP/1.0" 200 231 "-" "Sedu/1 CFNetwork/1408.0.4 Darwin/22.5.0"
::ffff:127.0.0.1 - - [28/May/2023:13:10:24 +0000] "GET /api/v1/wallets/6473528ea32e8316d8248e2e? HTTP/1.0" 304 - "-" "Sedu/1 CFNetwork/1408.0.4 Darwin/22.5.0"
::ffff:127.0.0.1 - - [28/May/2023:13:10:29 +0000] "POST /api/v1/users/invoice/6473527fa32e8316d8248e24 HTTP/1.0" 200 50 "-" "Sedu/1 CFNetwork/1408.0.4 Darwin/22.5.0"
::1 - - [28/May/2023:13:10:30 +0000] "GET /api/v1/wallets/647352c5a32e8316d8248e44? HTTP/1.0" 200 16378 "-" "Sedu/1 CFNetwork/1408.0.4 Darwin/22.5.0"
::1 - - [28/May/2023:13:10:37 +0000] "GET /api/v1/users/me? HTTP/1.0" 200 231 "-" "Sedu/1 CFNetwork/1408.0.4 Darwin/22.5.0"
::ffff:127.0.0.1 - - [28/May/2023:13:11:01 +0000] "GET /api/v1/users/me? HTTP/1.0" 304 - "-" "Sedu/1 CFNetwork/1408.0.4 Darwin/22.5.0"
::1 - - [28/May/2023:13:11:02 +0000] "GET /api/v1/users/logout? HTTP/1.0" 200 39 "-" "Sedu/1 CFNetwork/1408.0.4 Darwin/22.5.0"
::ffff:127.0.0.1 - - [28/May/2023:13:11:03 +0000] "GET /api/v1/users/me? HTTP/1.0" 401 283 "-" "Sedu/1 CFNetwork/1408.0.4 Darwin/22.5.0"
::1 - - [28/May/2023:13:11:07 +0000] "GET /api/v1/users/me? HTTP/1.0" 304 - "-" "Sedu/1 CFNetwork/1220.1 Darwin/20.3.0"
::1 - - [28/May/2023:13:11:07 +0000] "GET /api/v1/ads? HTTP/1.0" 304 - "-" "Sedu/1 CFNetwork/1220.1 Darwin/20.3.0"
::ffff:127.0.0.1 - - [28/May/2023:13:11:07 +0000] "GET /api/v1/articles? HTTP/1.0" 304 - "-" "Sedu/1 CFNetwork/1220.1 Darwin/20.3.0"
::1 - - [28/May/2023:13:11:14 +0000] "POST /api/v1/users/login HTTP/1.0" 200 505 "-" "Sedu/1 CFNetwork/1408.0.4 Darwin/22.5.0"
::ffff:127.0.0.1 - - [28/May/2023:13:11:15 +0000] "GET /api/v1/users/me? HTTP/1.0" 304 - "-" "Sedu/1 CFNetwork/1408.0.4 Darwin/22.5.0"
::1 - - [28/May/2023:13:11:15 +0000] "GET /api/v1/articles? HTTP/1.0" 200 387210 "-" "Sedu/1 CFNetwork/1408.0.4 Darwin/22.5.0"
::ffff:127.0.0.1 - - [28/May/2023:13:11:15 +0000] "GET /api/v1/ads? HTTP/1.0" 200 633 "-" "Sedu/1 CFNetwork/1408.0.4 Darwin/22.5.0"
::ffff:127.0.0.1 - - [28/May/2023:13:11:18 +0000] "GET /api/v1/users/me? HTTP/1.0" 304 - "-" "Sedu/1 CFNetwork/1399 Darwin/22.1.0"
::1 - - [28/May/2023:13:11:18 +0000] "GET /api/v1/ads? HTTP/1.0" 304 - "-" "Sedu/1 CFNetwork/1399 Darwin/22.1.0"
::ffff:127.0.0.1 - - [28/May/2023:13:11:18 +0000] "GET /api/v1/articles? HTTP/1.0" 200 387210 "-" "Sedu/1 CFNetwork/1399 Darwin/22.1.0"
::1 - - [28/May/2023:13:11:23 +0000] "GET /api/v1/articles/642d4c587c1330814fb76297? HTTP/1.0" 200 22271 "-" "Sedu/1 CFNetwork/1399 Darwin/22.1.0"
::ffff:127.0.0.1 - - [28/May/2023:13:11:26 +0000] "GET /api/v1/articles/642d4c587c1330814fb76297? HTTP/1.0" 200 22271 "-" "Sedu/1 CFNetwork/1408.0.4 Darwin/22.5.0"
::1 - - [28/May/2023:13:11:32 +0000] "GET /api/v1/users/me? HTTP/1.0" 304 - "-" "Sedu/1 CFNetwork/1408.0.4 Darwin/22.5.0"
::ffff:127.0.0.1 - - [28/May/2023:13:11:36 +0000] "GET /api/v1/users/logout? HTTP/1.0" 304 - "-" "Sedu/1 CFNetwork/1408.0.4 Darwin/22.5.0"
::ffff:127.0.0.1 - - [28/May/2023:13:11:37 +0000] "GET /api/v1/users/me? HTTP/1.0" 401 283 "-" "Sedu/1 CFNetwork/1408.0.4 Darwin/22.5.0"
::1 - - [28/May/2023:13:11:37 +0000] "GET /api/v1/articles? HTTP/1.0" 401 283 "-" "Sedu/1 CFNetwork/1408.0.4 Darwin/22.5.0"
::1 - - [28/May/2023:13:11:37 +0000] "GET /api/v1/ads? HTTP/1.0" 304 - "-" "Sedu/1 CFNetwork/1408.0.4 Darwin/22.5.0"
::ffff:127.0.0.1 - - [28/May/2023:13:12:31 +0000] "GET /api/v1/users/me? HTTP/1.0" 304 - "-" "okhttp/4.9.2"
::1 - - [28/May/2023:13:12:31 +0000] "GET /api/v1/articles? HTTP/1.0" 304 - "-" "okhttp/4.9.2"
::ffff:127.0.0.1 - - [28/May/2023:13:12:31 +0000] "GET /api/v1/ads? HTTP/1.0" 304 - "-" "okhttp/4.9.2"
::1 - - [28/May/2023:13:13:19 +0000] "GET /api/v1/users/me? HTTP/1.0" 401 283 "-" "Sedu/1 CFNetwork/1399 Darwin/22.1.0"
::1 - - [28/May/2023:13:13:22 +0000] "GET /api/v1/users/me? HTTP/1.0" 304 - "-" "Sedu/1 CFNetwork/1220.1 Darwin/20.3.0"
::ffff:127.0.0.1 - - [28/May/2023:13:13:22 +0000] "GET /api/v1/ads? HTTP/1.0" 304 - "-" "Sedu/1 CFNetwork/1220.1 Darwin/20.3.0"
::ffff:127.0.0.1 - - [28/May/2023:13:13:22 +0000] "GET /api/v1/articles? HTTP/1.0" 304 - "-" "Sedu/1 CFNetwork/1220.1 Darwin/20.3.0"
::1 - - [28/May/2023:13:13:25 +0000] "GET /api/v1/users/me? HTTP/1.0" 401 283 "-" "Sedu/1 CFNetwork/1399 Darwin/22.1.0"
::ffff:127.0.0.1 - - [28/May/2023:13:13:36 +0000] "GET /api/v1/users/me? HTTP/1.0" 304 - "-" "Sedu/1 CFNetwork/1220.1 Darwin/20.3.0"
::ffff:127.0.0.1 - - [28/May/2023:13:13:36 +0000] "GET /api/v1/ads? HTTP/1.0" 304 - "-" "Sedu/1 CFNetwork/1220.1 Darwin/20.3.0"
::1 - - [28/May/2023:13:13:36 +0000] "GET /api/v1/articles? HTTP/1.0" 304 - "-" "Sedu/1 CFNetwork/1220.1 Darwin/20.3.0"
::ffff:127.0.0.1 - - [28/May/2023:13:13:59 +0000] "GET /api/v1/articles/642d4c587c1330814fb76297? HTTP/1.0" 200 22271 "-" "Sedu/1 CFNetwork/1220.1 Darwin/20.3.0"
::1 - - [28/May/2023:13:15:52 +0000] "GET /api/v1/users/me? HTTP/1.0" 304 - "-" "Sedu/1 CFNetwork/1220.1 Darwin/20.3.0"
::ffff:127.0.0.1 - - [28/May/2023:13:16:25 +0000] "GET /api/v1/users/me? HTTP/1.0" 401 283 "-" "Sedu/1 CFNetwork/1404.0.5 Darwin/22.3.0"
::1 - - [28/May/2023:13:16:29 +0000] "GET /index.php?s=/Index/\think\app/invokefunction&function=call_user_func_array&vars[0]=md5&vars[1][]=HelloThinkPHP21 HTTP/1.0" 404 148 "-" "Mozilla/5.0 (Windows NT 10.0; Win64; x64) AppleWebKit/537.36 (KHTML, like Gecko) Chrome/78.0.3904.108 Safari/537.36"
::ffff:127.0.0.1 - - [28/May/2023:13:17:00 +0000] "GET /api/v1/users/me? HTTP/1.0" 401 283 "-" "Sedu/1 CFNetwork/1404.0.5 Darwin/22.3.0"
::1 - - [28/May/2023:13:17:05 +0000] "POST /api/v1/users/login HTTP/1.0" 200 500 "-" "Sedu/1 CFNetwork/1404.0.5 Darwin/22.3.0"
::ffff:127.0.0.1 - - [28/May/2023:13:17:05 +0000] "GET /api/v1/users/me? HTTP/1.0" 200 226 "-" "Sedu/1 CFNetwork/1404.0.5 Darwin/22.3.0"
::ffff:127.0.0.1 - - [28/May/2023:13:17:05 +0000] "GET /api/v1/ads? HTTP/1.0" 200 633 "-" "Sedu/1 CFNetwork/1404.0.5 Darwin/22.3.0"
::1 - - [28/May/2023:13:17:05 +0000] "GET /api/v1/articles? HTTP/1.0" 200 387210 "-" "Sedu/1 CFNetwork/1404.0.5 Darwin/22.3.0"
::1 - - [28/May/2023:13:17:12 +0000] "GET /api/v1/users/me? HTTP/1.0" 304 - "-" "Sedu/1 CFNetwork/1406.0.4 Darwin/22.4.0"
::1 - - [28/May/2023:13:18:06 +0000] "GET /api/v1/articles/642e38d27c1330814fb764c0? HTTP/1.0" 200 2965 "-" "Sedu/1 CFNetwork/1404.0.5 Darwin/22.3.0"
::ffff:127.0.0.1 - - [28/May/2023:13:18:29 +0000] "GET /api/v1/articles/642e44a97c1330814fb764fe? HTTP/1.0" 200 8047 "-" "Sedu/1 CFNetwork/1404.0.5 Darwin/22.3.0"
::1 - - [28/May/2023:13:18:58 +0000] "GET /api/v1/articles/64532c84a4c26797f426b3e2? HTTP/1.0" 200 2825 "-" "Sedu/1 CFNetwork/1404.0.5 Darwin/22.3.0"
::ffff:127.0.0.1 - - [28/May/2023:13:21:28 +0000] "GET /api/v1/users/me? HTTP/1.0" 304 - "-" "Sedu/1 CFNetwork/1406.0.4 Darwin/22.4.0"
::ffff:127.0.0.1 - - [28/May/2023:13:21:29 +0000] "GET /api/v1/ads? HTTP/1.0" 304 - "-" "Sedu/1 CFNetwork/1406.0.4 Darwin/22.4.0"
::1 - - [28/May/2023:13:21:29 +0000] "GET /api/v1/articles? HTTP/1.0" 304 - "-" "Sedu/1 CFNetwork/1406.0.4 Darwin/22.4.0"
::ffff:127.0.0.1 - - [28/May/2023:13:23:54 +0000] "GET /api/v1/users/me? HTTP/1.0" 401 283 "-" "Sedu/1 CFNetwork/1406.0.4 Darwin/22.4.0"
::1 - - [28/May/2023:13:24:04 +0000] "POST /api/v1/users/login HTTP/1.0" 200 498 "-" "Sedu/1 CFNetwork/1406.0.4 Darwin/22.4.0"
::ffff:127.0.0.1 - - [28/May/2023:13:24:05 +0000] "GET /api/v1/users/me? HTTP/1.0" 200 224 "-" "Sedu/1 CFNetwork/1406.0.4 Darwin/22.4.0"
::ffff:127.0.0.1 - - [28/May/2023:13:24:05 +0000] "GET /api/v1/ads? HTTP/1.0" 200 633 "-" "Sedu/1 CFNetwork/1406.0.4 Darwin/22.4.0"
::1 - - [28/May/2023:13:24:05 +0000] "GET /api/v1/articles? HTTP/1.0" 200 387210 "-" "Sedu/1 CFNetwork/1406.0.4 Darwin/22.4.0"
::1 - - [28/May/2023:13:24:25 +0000] "GET /api/v1/users/me? HTTP/1.0" 401 283 "-" "okhttp/4.9.2"
::ffff:127.0.0.1 - - [28/May/2023:13:24:37 +0000] "GET /api/v1/users/me? HTTP/1.0" 304 - "-" "Sedu/1 CFNetwork/1399 Darwin/22.1.0"
::ffff:127.0.0.1 - - [28/May/2023:13:24:37 +0000] "GET /api/v1/ads? HTTP/1.0" 304 - "-" "Sedu/1 CFNetwork/1399 Darwin/22.1.0"
::1 - - [28/May/2023:13:24:37 +0000] "GET /api/v1/articles? HTTP/1.0" 304 - "-" "Sedu/1 CFNetwork/1399 Darwin/22.1.0"
::1 - - [28/May/2023:13:24:42 +0000] "POST /api/v1/users/login HTTP/1.0" 401 123 "-" "okhttp/4.9.2"
::ffff:127.0.0.1 - - [28/May/2023:13:24:58 +0000] "POST /api/v1/users/login HTTP/1.0" 401 123 "-" "okhttp/4.9.2"
::1 - - [28/May/2023:13:25:08 +0000] "POST /api/v1/users/login HTTP/1.0" 401 123 "-" "okhttp/4.9.2"
::ffff:127.0.0.1 - - [28/May/2023:13:25:10 +0000] "GET /api/v1/users/me? HTTP/1.0" 304 - "-" "Sedu/1 CFNetwork/1406.0.4 Darwin/22.4.0"
::ffff:127.0.0.1 - - [28/May/2023:13:25:10 +0000] "GET /api/v1/ads? HTTP/1.0" 304 - "-" "Sedu/1 CFNetwork/1406.0.4 Darwin/22.4.0"
::1 - - [28/May/2023:13:25:10 +0000] "GET /api/v1/articles? HTTP/1.0" 304 - "-" "Sedu/1 CFNetwork/1406.0.4 Darwin/22.4.0"
::1 - - [28/May/2023:13:25:12 +0000] "GET /api/v1/users/me? HTTP/1.0" 304 - "-" "Sedu/1 CFNetwork/1406.0.4 Darwin/22.4.0"
::ffff:127.0.0.1 - - [28/May/2023:13:25:21 +0000] "POST /api/v1/users/register HTTP/1.0" 500 250 "-" "okhttp/4.9.2"
::1 - - [28/May/2023:13:25:32 +0000] "POST /api/v1/users/register HTTP/1.0" 500 247 "-" "okhttp/4.9.2"
::ffff:127.0.0.1 - - [28/May/2023:13:26:35 +0000] "GET /api/v1/users/me? HTTP/1.0" 401 283 "-" "Sedu/1 CFNetwork/1406.0.4 Darwin/22.4.0"
::1 - - [28/May/2023:13:26:56 +0000] "GET /.env HTTP/1.0" 404 143 "-" "Mozilla/5.0 (Linux; U; Android 4.4.2; en-US; HM NOTE 1W Build/KOT49H) AppleWebKit/534.30 (KHTML, like Gecko) Version/4.0 UCBrowser/11.0.5.850 U3/0.8.0 Mobile Safari/534.30"
::ffff:127.0.0.1 - - [28/May/2023:13:26:56 +0000] "POST / HTTP/1.0" 404 140 "-" "Mozilla/5.0 (Linux; U; Android 4.4.2; en-US; HM NOTE 1W Build/KOT49H) AppleWebKit/534.30 (KHTML, like Gecko) Version/4.0 UCBrowser/11.0.5.850 U3/0.8.0 Mobile Safari/534.30"
::1 - - [28/May/2023:13:26:58 +0000] "POST /api/v1/users/register HTTP/1.0" 500 249 "-" "Sedu/1 CFNetwork/1406.0.4 Darwin/22.4.0"
::ffff:127.0.0.1 - - [28/May/2023:13:27:08 +0000] "GET /api/v1/users/me? HTTP/1.0" 401 283 "-" "Sedu/1 CFNetwork/1404.0.5 Darwin/22.3.0"
::1 - - [28/May/2023:13:27:13 +0000] "POST /api/v1/users/register HTTP/1.0" 200 465 "-" "Sedu/1 CFNetwork/1406.0.4 Darwin/22.4.0"
::ffff:127.0.0.1 - - [28/May/2023:13:27:14 +0000] "GET /api/v1/users/me? HTTP/1.0" 200 191 "-" "Sedu/1 CFNetwork/1406.0.4 Darwin/22.4.0"
::1 - - [28/May/2023:13:27:22 +0000] "GET /api/v1/users/me? HTTP/1.0" 304 - "-" "Sedu/1 CFNetwork/1406.0.4 Darwin/22.4.0"
::ffff:127.0.0.1 - - [28/May/2023:13:27:24 +0000] "POST /api/v1/users/register HTTP/1.0" 200 461 "-" "Sedu/1 CFNetwork/1404.0.5 Darwin/22.3.0"
::1 - - [28/May/2023:13:27:24 +0000] "GET /api/v1/users/me? HTTP/1.0" 200 187 "-" "Sedu/1 CFNetwork/1404.0.5 Darwin/22.3.0"
::ffff:127.0.0.1 - - [28/May/2023:13:27:32 +0000] "POST /api/v1/users/invoice/647356b1a32e8316d8248ea6 HTTP/1.0" 200 50 "-" "Sedu/1 CFNetwork/1406.0.4 Darwin/22.4.0"
::1 - - [28/May/2023:13:27:32 +0000] "GET /api/v1/wallets/647356c4a32e8316d8248eae? HTTP/1.0" 200 16241 "-" "Sedu/1 CFNetwork/1406.0.4 Darwin/22.4.0"
::1 - - [28/May/2023:13:27:41 +0000] "GET /api/v1/users/me? HTTP/1.0" 304 - "-" "Sedu/1 CFNetwork/1404.0.5 Darwin/22.3.0"
::ffff:127.0.0.1 - - [28/May/2023:13:27:41 +0000] "GET /api/v1/users/me? HTTP/1.0" 304 - "-" "Sedu/1 CFNetwork/1404.0.5 Darwin/22.3.0"
::1 - - [28/May/2023:13:27:41 +0000] "GET /api/v1/ads? HTTP/1.0" 304 - "-" "Sedu/1 CFNetwork/1404.0.5 Darwin/22.3.0"
::ffff:127.0.0.1 - - [28/May/2023:13:27:42 +0000] "GET /api/v1/articles? HTTP/1.0" 304 - "-" "Sedu/1 CFNetwork/1404.0.5 Darwin/22.3.0"
::ffff:127.0.0.1 - - [28/May/2023:13:27:47 +0000] "GET /api/v1/articles/642d55bf7c1330814fb76345? HTTP/1.0" 200 17955 "-" "Sedu/1 CFNetwork/1404.0.5 Darwin/22.3.0"
::1 - - [28/May/2023:13:27:56 +0000] "GET /api/v1/users/me? HTTP/1.0" 200 230 "-" "Sedu/1 CFNetwork/1406.0.4 Darwin/22.4.0"
::ffff:127.0.0.1 - - [28/May/2023:13:27:56 +0000] "GET /api/v1/wallets/647356c4a32e8316d8248eae? HTTP/1.0" 304 - "-" "Sedu/1 CFNetwork/1406.0.4 Darwin/22.4.0"
::1 - - [28/May/2023:13:27:59 +0000] "GET /api/v1/users/logout? HTTP/1.0" 200 39 "-" "Sedu/1 CFNetwork/1406.0.4 Darwin/22.4.0"
::ffff:127.0.0.1 - - [28/May/2023:13:27:59 +0000] "GET /api/v1/users/me? HTTP/1.0" 401 283 "-" "Sedu/1 CFNetwork/1406.0.4 Darwin/22.4.0"
::1 - - [28/May/2023:13:28:29 +0000] "GET /api/v1/users/me? HTTP/1.0" 401 283 "-" "Sedu/1 CFNetwork/1335.0.3 Darwin/21.6.0"
::ffff:127.0.0.1 - - [28/May/2023:13:28:37 +0000] "GET /api/v1/users/me? HTTP/1.0" 401 283 "-" "Sedu/1 CFNetwork/1335.0.3 Darwin/21.6.0"
::1 - - [28/May/2023:13:28:52 +0000] "POST /api/v1/users/login HTTP/1.0" 200 502 "-" "Sedu/1 CFNetwork/1335.0.3 Darwin/21.6.0"
::ffff:127.0.0.1 - - [28/May/2023:13:28:53 +0000] "GET /api/v1/users/me? HTTP/1.0" 304 - "-" "Sedu/1 CFNetwork/1335.0.3 Darwin/21.6.0"
::1 - - [28/May/2023:13:28:53 +0000] "GET /api/v1/articles? HTTP/1.0" 304 - "-" "Sedu/1 CFNetwork/1335.0.3 Darwin/21.6.0"
::ffff:127.0.0.1 - - [28/May/2023:13:28:53 +0000] "GET /api/v1/ads? HTTP/1.0" 304 - "-" "Sedu/1 CFNetwork/1335.0.3 Darwin/21.6.0"
::ffff:127.0.0.1 - - [28/May/2023:13:29:04 +0000] "GET /api/v1/articles/642d55f77c1330814fb7634f? HTTP/1.0" 200 7052 "-" "Sedu/1 CFNetwork/1404.0.5 Darwin/22.3.0"
::1 - - [28/May/2023:13:29:05 +0000] "GET /api/v1/users/me? HTTP/1.0" 304 - "-" "Sedu/1 CFNetwork/1335.0.3 Darwin/21.6.0"
::ffff:127.0.0.1 - - [28/May/2023:13:29:35 +0000] "GET /api/v1/articles/642e35cf7c1330814fb7649d? HTTP/1.0" 200 6713 "-" "Sedu/1 CFNetwork/1404.0.5 Darwin/22.3.0"
::1 - - [28/May/2023:13:29:53 +0000] "GET /api/v1/articles/64608634a32e8316d822e5bd? HTTP/1.0" 304 - "-" "Sedu/1 CFNetwork/1404.0.5 Darwin/22.3.0"
::ffff:127.0.0.1 - - [28/May/2023:13:30:03 +0000] "GET /api/v1/users/me? HTTP/1.0" 304 - "-" "Sedu/1 CFNetwork/1390 Darwin/22.0.0"
::ffff:127.0.0.1 - - [28/May/2023:13:30:03 +0000] "GET /api/v1/ads? HTTP/1.0" 304 - "-" "Sedu/1 CFNetwork/1390 Darwin/22.0.0"
::1 - - [28/May/2023:13:30:03 +0000] "GET /api/v1/articles? HTTP/1.0" 304 - "-" "Sedu/1 CFNetwork/1390 Darwin/22.0.0"
::ffff:127.0.0.1 - - [28/May/2023:13:30:15 +0000] "GET /api/v1/users/me? HTTP/1.0" 304 - "-" "Sedu/1 CFNetwork/1390 Darwin/22.0.0"
::1 - - [28/May/2023:13:30:19 +0000] "GET /api/v1/articles/642e3f507c1330814fb764ef? HTTP/1.0" 200 1467 "-" "Sedu/1 CFNetwork/1390 Darwin/22.0.0"
::ffff:127.0.0.1 - - [28/May/2023:13:30:36 +0000] "GET /api/v1/users/me? HTTP/1.0" 304 - "-" "Sedu/1 CFNetwork/1335.0.3 Darwin/21.6.0"
::1 - - [28/May/2023:13:30:36 +0000] "GET /api/v1/users/me? HTTP/1.0" 304 - "-" "Sedu/1 CFNetwork/1335.0.3 Darwin/21.6.0"
::ffff:127.0.0.1 - - [28/May/2023:13:30:36 +0000] "GET /api/v1/ads? HTTP/1.0" 304 - "-" "Sedu/1 CFNetwork/1335.0.3 Darwin/21.6.0"
::ffff:127.0.0.1 - - [28/May/2023:13:30:36 +0000] "GET /api/v1/articles? HTTP/1.0" 304 - "-" "Sedu/1 CFNetwork/1335.0.3 Darwin/21.6.0"
::1 - - [28/May/2023:13:30:37 +0000] "GET /api/v1/articles/642e44a97c1330814fb764fe? HTTP/1.0" 200 8047 "-" "Sedu/1 CFNetwork/1390 Darwin/22.0.0"
::ffff:127.0.0.1 - - [28/May/2023:13:30:52 +0000] "GET /api/v1/articles/642d55bf7c1330814fb76345? HTTP/1.0" 304 - "-" "Sedu/1 CFNetwork/1335.0.3 Darwin/21.6.0"
::1 - - [28/May/2023:13:31:51 +0000] "GET /api/v1/articles/642d581c7c1330814fb76387? HTTP/1.0" 200 7596 "-" "Sedu/1 CFNetwork/1335.0.3 Darwin/21.6.0"
::ffff:127.0.0.1 - - [28/May/2023:13:32:14 +0000] "GET /api/v1/articles/642d59727c1330814fb76396? HTTP/1.0" 200 10524 "-" "Sedu/1 CFNetwork/1335.0.3 Darwin/21.6.0"
::1 - - [28/May/2023:13:32:42 +0000] "GET /api/v1/users/me? HTTP/1.0" 401 283 "-" "Sedu/1 CFNetwork/1406.0.4 Darwin/22.4.0"
::ffff:127.0.0.1 - - [28/May/2023:13:33:54 +0000] "GET /api/v1/users/me? HTTP/1.0" 200 233 "-" "Sedu/1 CFNetwork/1399 Darwin/22.1.0"
::1 - - [28/May/2023:13:33:57 +0000] "GET /api/v1/users/me? HTTP/1.0" 304 - "-" "Sedu/1 CFNetwork/1399 Darwin/22.1.0"
::ffff:127.0.0.1 - - [28/May/2023:13:34:01 +0000] "POST /api/v1/users/invoice/644f0e3ca4c26797f4252256 HTTP/1.0" 200 50 "-" "Sedu/1 CFNetwork/1399 Darwin/22.1.0"
::1 - - [28/May/2023:13:34:01 +0000] "GET /api/v1/wallets/64735848a32e8316d8248ee6? HTTP/1.0" 200 16452 "-" "Sedu/1 CFNetwork/1399 Darwin/22.1.0"
::ffff:127.0.0.1 - - [28/May/2023:13:34:29 +0000] "GET /api/v1/users/callbacks/644f0e3ca4c26797f4252256/20000?qpay_payment_id=328561150790949 HTTP/1.0" 200 233 "-" "node-fetch/1.0 (+https://github.com/bitinn/node-fetch)"
::1 - - [28/May/2023:13:34:43 +0000] "GET /api/v1/users/me? HTTP/1.0" 200 233 "-" "Sedu/1 CFNetwork/1399 Darwin/22.1.0"
::ffff:127.0.0.1 - - [28/May/2023:13:34:43 +0000] "GET /api/v1/wallets/64735848a32e8316d8248ee6? HTTP/1.0" 304 - "-" "Sedu/1 CFNetwork/1399 Darwin/22.1.0"
::ffff:127.0.0.1 - - [28/May/2023:13:34:46 +0000] "GET /api/v1/users/logout? HTTP/1.0" 304 - "-" "Sedu/1 CFNetwork/1399 Darwin/22.1.0"
::1 - - [28/May/2023:13:34:46 +0000] "GET /api/v1/users/me? HTTP/1.0" 401 283 "-" "Sedu/1 CFNetwork/1399 Darwin/22.1.0"
::ffff:127.0.0.1 - - [28/May/2023:13:35:01 +0000] "POST /api/v1/users/register HTTP/1.0" 200 464 "-" "Sedu/1 CFNetwork/1399 Darwin/22.1.0"
::1 - - [28/May/2023:13:35:01 +0000] "GET /api/v1/users/me? HTTP/1.0" 200 190 "-" "Sedu/1 CFNetwork/1399 Darwin/22.1.0"
::ffff:127.0.0.1 - - [28/May/2023:13:35:05 +0000] "GET /api/v1/users/logout? HTTP/1.0" 304 - "-" "Sedu/1 CFNetwork/1399 Darwin/22.1.0"
::1 - - [28/May/2023:13:35:05 +0000] "GET /api/v1/users/me? HTTP/1.0" 401 283 "-" "Sedu/1 CFNetwork/1399 Darwin/22.1.0"
::1 - - [28/May/2023:13:35:38 +0000] "GET /api/v1/users/me? HTTP/1.0" 401 283 "-" "Sedu/1 CFNetwork/1399 Darwin/22.1.0"
::ffff:127.0.0.1 - - [28/May/2023:13:36:06 +0000] "GET /api/v1/users/me? HTTP/1.0" 401 283 "-" "Sedu/1 CFNetwork/1399 Darwin/22.1.0"
::1 - - [28/May/2023:13:36:13 +0000] "GET /api/v1/users/me? HTTP/1.0" 401 283 "-" "Sedu/1 CFNetwork/1402.0.8 Darwin/22.2.0"
::ffff:127.0.0.1 - - [28/May/2023:13:36:19 +0000] "POST /api/v1/users/login HTTP/1.0" 200 464 "-" "Sedu/1 CFNetwork/1399 Darwin/22.1.0"
::1 - - [28/May/2023:13:36:20 +0000] "GET /api/v1/users/me? HTTP/1.0" 304 - "-" "Sedu/1 CFNetwork/1399 Darwin/22.1.0"
::ffff:127.0.0.1 - - [28/May/2023:13:36:21 +0000] "POST /api/v1/users/login HTTP/1.0" 200 464 "-" "Sedu/1 CFNetwork/1399 Darwin/22.1.0"
::1 - - [28/May/2023:13:36:21 +0000] "GET /api/v1/users/me? HTTP/1.0" 304 - "-" "Sedu/1 CFNetwork/1399 Darwin/22.1.0"
::ffff:127.0.0.1 - - [28/May/2023:13:36:24 +0000] "GET /api/v1/users/me? HTTP/1.0" 304 - "-" "Sedu/1 CFNetwork/1399 Darwin/22.1.0"
::1 - - [28/May/2023:13:36:28 +0000] "POST /api/v1/users/invoice/64735885a32e8316d8248efb HTTP/1.0" 200 50 "-" "Sedu/1 CFNetwork/1399 Darwin/22.1.0"
::ffff:127.0.0.1 - - [28/May/2023:13:36:29 +0000] "GET /api/v1/wallets/647358dca32e8316d8248f04? HTTP/1.0" 200 16140 "-" "Sedu/1 CFNetwork/1399 Darwin/22.1.0"
::1 - - [28/May/2023:13:36:32 +0000] "GET /api/v1/users/logout? HTTP/1.0" 304 - "-" "Sedu/1 CFNetwork/1399 Darwin/22.1.0"
::ffff:127.0.0.1 - - [28/May/2023:13:36:33 +0000] "GET /api/v1/users/me? HTTP/1.0" 401 283 "-" "Sedu/1 CFNetwork/1399 Darwin/22.1.0"
::1 - - [28/May/2023:13:36:33 +0000] "GET /api/v1/users/logout? HTTP/1.0" 304 - "-" "Sedu/1 CFNetwork/1399 Darwin/22.1.0"
::ffff:127.0.0.1 - - [28/May/2023:13:36:46 +0000] "POST /api/v1/users/register HTTP/1.0" 200 462 "-" "Sedu/1 CFNetwork/1402.0.8 Darwin/22.2.0"
::1 - - [28/May/2023:13:36:46 +0000] "GET /api/v1/users/me? HTTP/1.0" 200 188 "-" "Sedu/1 CFNetwork/1402.0.8 Darwin/22.2.0"
::ffff:127.0.0.1 - - [28/May/2023:13:37:04 +0000] "GET /api/v1/users/me? HTTP/1.0" 304 - "-" "Sedu/1 CFNetwork/1402.0.8 Darwin/22.2.0"
::1 - - [28/May/2023:13:37:28 +0000] "POST /api/v1/users/invoice/647358eea32e8316d8248f15 HTTP/1.0" 200 50 "-" "Sedu/1 CFNetwork/1402.0.8 Darwin/22.2.0"
::ffff:127.0.0.1 - - [28/May/2023:13:37:28 +0000] "GET /api/v1/wallets/64735918a32e8316d8248f1a? HTTP/1.0" 200 16294 "-" "Sedu/1 CFNetwork/1402.0.8 Darwin/22.2.0"
::1 - - [28/May/2023:13:37:40 +0000] "POST /api/v1/users/invoice/647358eea32e8316d8248f15 HTTP/1.0" 200 50 "-" "Sedu/1 CFNetwork/1402.0.8 Darwin/22.2.0"
::ffff:127.0.0.1 - - [28/May/2023:13:37:40 +0000] "GET /api/v1/wallets/64735924a32e8316d8248f2c? HTTP/1.0" 200 16218 "-" "Sedu/1 CFNetwork/1402.0.8 Darwin/22.2.0"
::1 - - [28/May/2023:13:38:04 +0000] "GET /api/v1/users/callbacks/647358eea32e8316d8248f15/20000?qpay_payment_id=443510962197647 HTTP/1.0" 200 227 "-" "node-fetch/1.0 (+https://github.com/bitinn/node-fetch)"
::ffff:127.0.0.1 - - [28/May/2023:13:38:06 +0000] "GET /api/v1/users/me? HTTP/1.0" 401 283 "-" "Sedu/1 CFNetwork/1406.0.4 Darwin/22.4.0"
::ffff:127.0.0.1 - - [28/May/2023:13:38:13 +0000] "GET /api/v1/users/me? HTTP/1.0" 200 227 "-" "Sedu/1 CFNetwork/1402.0.8 Darwin/22.2.0"
::1 - - [28/May/2023:13:38:13 +0000] "GET /api/v1/wallets/64735924a32e8316d8248f2c? HTTP/1.0" 304 - "-" "Sedu/1 CFNetwork/1402.0.8 Darwin/22.2.0"
::1 - - [28/May/2023:13:38:22 +0000] "GET /api/v1/users/logout? HTTP/1.0" 200 39 "-" "Sedu/1 CFNetwork/1402.0.8 Darwin/22.2.0"
::ffff:127.0.0.1 - - [28/May/2023:13:38:23 +0000] "GET /api/v1/users/me? HTTP/1.0" 401 283 "-" "Sedu/1 CFNetwork/1402.0.8 Darwin/22.2.0"
::1 - - [28/May/2023:13:38:26 +0000] "POST /api/v1/users/register HTTP/1.0" 500 245 "-" "Sedu/1 CFNetwork/1406.0.4 Darwin/22.4.0"
::ffff:127.0.0.1 - - [28/May/2023:13:38:26 +0000] "POST /api/v1/users/register HTTP/1.0" 500 245 "-" "Sedu/1 CFNetwork/1406.0.4 Darwin/22.4.0"
::1 - - [28/May/2023:13:38:32 +0000] "GET /api/v1/users/me? HTTP/1.0" 401 283 "-" "Sedu/1 CFNetwork/1240.0.4 Darwin/20.5.0"
::ffff:127.0.0.1 - - [28/May/2023:13:38:37 +0000] "POST /api/v1/users/login HTTP/1.0" 200 501 "-" "Sedu/1 CFNetwork/1402.0.8 Darwin/22.2.0"
::1 - - [28/May/2023:13:38:37 +0000] "GET /api/v1/users/me? HTTP/1.0" 304 - "-" "Sedu/1 CFNetwork/1402.0.8 Darwin/22.2.0"
::ffff:127.0.0.1 - - [28/May/2023:13:38:37 +0000] "GET /api/v1/ads? HTTP/1.0" 200 633 "-" "Sedu/1 CFNetwork/1402.0.8 Darwin/22.2.0"
::1 - - [28/May/2023:13:38:37 +0000] "GET /api/v1/articles? HTTP/1.0" 200 387210 "-" "Sedu/1 CFNetwork/1402.0.8 Darwin/22.2.0"
::1 - - [28/May/2023:13:38:38 +0000] "POST /api/v1/users/register HTTP/1.0" 500 245 "-" "Sedu/1 CFNetwork/1406.0.4 Darwin/22.4.0"
::1 - - [28/May/2023:13:38:42 +0000] "POST /api/v1/users/register HTTP/1.0" 500 249 "-" "Sedu/1 CFNetwork/1240.0.4 Darwin/20.5.0"
::ffff:127.0.0.1 - - [28/May/2023:13:38:44 +0000] "POST /api/v1/users/register HTTP/1.0" 500 249 "-" "Sedu/1 CFNetwork/1240.0.4 Darwin/20.5.0"
::ffff:127.0.0.1 - - [28/May/2023:13:38:53 +0000] "POST /api/v1/users/register HTTP/1.0" 500 245 "-" "Sedu/1 CFNetwork/1406.0.4 Darwin/22.4.0"
::1 - - [28/May/2023:13:38:53 +0000] "POST /api/v1/users/register HTTP/1.0" 500 245 "-" "Sedu/1 CFNetwork/1406.0.4 Darwin/22.4.0"
::ffff:127.0.0.1 - - [28/May/2023:13:39:01 +0000] "GET /api/v1/articles/642d789c7c1330814fb763e7? HTTP/1.0" 200 6163 "-" "Sedu/1 CFNetwork/1402.0.8 Darwin/22.2.0"
::1 - - [28/May/2023:13:39:07 +0000] "POST /api/v1/users/register HTTP/1.0" 500 245 "-" "Sedu/1 CFNetwork/1406.0.4 Darwin/22.4.0"
::ffff:127.0.0.1 - - [28/May/2023:13:39:25 +0000] "POST /api/v1/users/register HTTP/1.0" 500 245 "-" "Sedu/1 CFNetwork/1406.0.4 Darwin/22.4.0"
::1 - - [28/May/2023:13:39:25 +0000] "POST /api/v1/users/register HTTP/1.0" 500 245 "-" "Sedu/1 CFNetwork/1406.0.4 Darwin/22.4.0"
::ffff:127.0.0.1 - - [28/May/2023:13:39:28 +0000] "GET /api/v1/users/me? HTTP/1.0" 304 - "-" "Sedu/1 CFNetwork/1335.0.3 Darwin/21.6.0"
::ffff:127.0.0.1 - - [28/May/2023:13:39:28 +0000] "GET /api/v1/ads? HTTP/1.0" 304 - "-" "Sedu/1 CFNetwork/1335.0.3 Darwin/21.6.0"
::1 - - [28/May/2023:13:39:28 +0000] "GET /api/v1/articles? HTTP/1.0" 304 - "-" "Sedu/1 CFNetwork/1335.0.3 Darwin/21.6.0"
::ffff:127.0.0.1 - - [28/May/2023:13:39:31 +0000] "GET /api/v1/users/me? HTTP/1.0" 401 283 "-" "Sedu/1 CFNetwork/1406.0.4 Darwin/22.4.0"
::1 - - [28/May/2023:13:39:33 +0000] "GET /api/v1/articles/642d4c587c1330814fb76297? HTTP/1.0" 304 - "-" "Sedu/1 CFNetwork/1335.0.3 Darwin/21.6.0"
::ffff:127.0.0.1 - - [28/May/2023:13:39:41 +0000] "POST /api/v1/users/register HTTP/1.0" 500 245 "-" "Sedu/1 CFNetwork/1406.0.4 Darwin/22.4.0"
::1 - - [28/May/2023:13:39:46 +0000] "POST /api/v1/users/register HTTP/1.0" 500 247 "-" "Sedu/1 CFNetwork/1406.0.4 Darwin/22.4.0"
::ffff:127.0.0.1 - - [28/May/2023:13:39:50 +0000] "GET /api/v1/users/me? HTTP/1.0" 304 - "-" "Sedu/1 CFNetwork/1402.0.8 Darwin/22.2.0"
::1 - - [28/May/2023:13:39:53 +0000] "GET /api/v1/users/me? HTTP/1.0" 304 - "-" "okhttp/4.9.2"
::ffff:127.0.0.1 - - [28/May/2023:13:39:54 +0000] "GET /api/v1/users/me? HTTP/1.0" 401 283 "-" "Sedu/1 CFNetwork/1399 Darwin/22.1.0"
::ffff:127.0.0.1 - - [28/May/2023:13:39:54 +0000] "GET /api/v1/ads? HTTP/1.0" 304 - "-" "okhttp/4.9.2"
::1 - - [28/May/2023:13:39:54 +0000] "GET /api/v1/articles? HTTP/1.0" 200 387210 "-" "okhttp/4.9.2"
::1 - - [28/May/2023:13:39:58 +0000] "POST /api/v1/users/register HTTP/1.0" 500 247 "-" "Sedu/1 CFNetwork/1406.0.4 Darwin/22.4.0"
::ffff:127.0.0.1 - - [28/May/2023:13:40:02 +0000] "POST /api/v1/users/register HTTP/1.0" 500 245 "-" "Sedu/1 CFNetwork/1406.0.4 Darwin/22.4.0"
::1 - - [28/May/2023:13:40:02 +0000] "POST /api/v1/users/register HTTP/1.0" 500 246 "-" "Sedu/1 CFNetwork/1406.0.4 Darwin/22.4.0"
::ffff:127.0.0.1 - - [28/May/2023:13:40:05 +0000] "GET /api/v1/articles/642d4c587c1330814fb76297? HTTP/1.0" 200 22271 "-" "Sedu/1 CFNetwork/1402.0.8 Darwin/22.2.0"
::1 - - [28/May/2023:13:40:13 +0000] "POST /api/v1/users/register HTTP/1.0" 200 460 "-" "Sedu/1 CFNetwork/1406.0.4 Darwin/22.4.0"
::ffff:127.0.0.1 - - [28/May/2023:13:40:13 +0000] "GET /api/v1/users/me? HTTP/1.0" 200 186 "-" "Sedu/1 CFNetwork/1406.0.4 Darwin/22.4.0"
::1 - - [28/May/2023:13:40:14 +0000] "GET /api/v1/articles/642d581c7c1330814fb76387? HTTP/1.0" 200 7596 "-" "okhttp/4.9.2"
::ffff:127.0.0.1 - - [28/May/2023:13:40:15 +0000] "POST /api/v1/users/register HTTP/1.0" 500 248 "-" "Sedu/1 CFNetwork/1399 Darwin/22.1.0"
::1 - - [28/May/2023:13:40:21 +0000] "POST /api/v1/users/register HTTP/1.0" 500 245 "-" "Sedu/1 CFNetwork/1406.0.4 Darwin/22.4.0"
::ffff:127.0.0.1 - - [28/May/2023:13:40:22 +0000] "GET /api/v1/users/me? HTTP/1.0" 304 - "-" "Sedu/1 CFNetwork/1406.0.4 Darwin/22.4.0"
::1 - - [28/May/2023:13:40:26 +0000] "GET /api/v1/users/logout? HTTP/1.0" 200 39 "-" "Sedu/1 CFNetwork/1406.0.4 Darwin/22.4.0"
::ffff:127.0.0.1 - - [28/May/2023:13:40:26 +0000] "GET /api/v1/users/me? HTTP/1.0" 401 283 "-" "Sedu/1 CFNetwork/1406.0.4 Darwin/22.4.0"
::1 - - [28/May/2023:13:40:35 +0000] "POST /api/v1/users/register HTTP/1.0" 500 248 "-" "Sedu/1 CFNetwork/1399 Darwin/22.1.0"
::ffff:127.0.0.1 - - [28/May/2023:13:40:39 +0000] "GET /api/v1/articles/642d7b217c1330814fb76434? HTTP/1.0" 200 4133 "-" "Sedu/1 CFNetwork/1402.0.8 Darwin/22.2.0"
::1 - - [28/May/2023:13:40:40 +0000] "POST /api/v1/users/register HTTP/1.0" 200 462 "-" "Sedu/1 CFNetwork/1406.0.4 Darwin/22.4.0"
::ffff:127.0.0.1 - - [28/May/2023:13:40:40 +0000] "POST /api/v1/users/register HTTP/1.0" 500 248 "-" "Sedu/1 CFNetwork/1406.0.4 Darwin/22.4.0"
::1 - - [28/May/2023:13:40:40 +0000] "GET /api/v1/users/me? HTTP/1.0" 200 188 "-" "Sedu/1 CFNetwork/1406.0.4 Darwin/22.4.0"
::ffff:127.0.0.1 - - [28/May/2023:13:40:41 +0000] "POST /api/v1/users/login HTTP/1.0" 200 460 "-" "Sedu/1 CFNetwork/1406.0.4 Darwin/22.4.0"
::1 - - [28/May/2023:13:40:42 +0000] "GET /api/v1/users/me? HTTP/1.0" 304 - "-" "Sedu/1 CFNetwork/1406.0.4 Darwin/22.4.0"
::ffff:127.0.0.1 - - [28/May/2023:13:40:44 +0000] "GET /api/v1/users/me? HTTP/1.0" 304 - "-" "Sedu/1 CFNetwork/1406.0.4 Darwin/22.4.0"
::1 - - [28/May/2023:13:40:44 +0000] "GET /api/v1/users/me? HTTP/1.0" 304 - "-" "Sedu/1 CFNetwork/1406.0.4 Darwin/22.4.0"
::ffff:127.0.0.1 - - [28/May/2023:13:40:48 +0000] "POST /api/v1/users/invoice/647359bda32e8316d8248f73 HTTP/1.0" 200 50 "-" "Sedu/1 CFNetwork/1406.0.4 Darwin/22.4.0"
::1 - - [28/May/2023:13:40:48 +0000] "GET /api/v1/wallets/647359e0a32e8316d8248f89? HTTP/1.0" 200 16020 "-" "Sedu/1 CFNetwork/1406.0.4 Darwin/22.4.0"
