::ffff:127.0.0.1 - - [27/May/2023:06:58:04 +0000] "GET /api/v1/users/me? HTTP/1.0" 200 242 "-" "Sedu/1 CFNetwork/1406.0.4 Darwin/22.4.0"
::ffff:127.0.0.1 - - [27/May/2023:06:58:04 +0000] "GET /api/v1/wallets/6471a99aa32e8316d8245ed2? HTTP/1.0" 304 - "-" "Sedu/1 CFNetwork/1406.0.4 Darwin/22.4.0"
::1 - - [27/May/2023:07:02:18 +0000] "GET /api/v1/users/me? HTTP/1.0" 304 - "-" "Sedu/1 CFNetwork/1406.0.4 Darwin/22.4.0"
::1 - - [27/May/2023:07:02:18 +0000] "GET /api/v1/ads? HTTP/1.0" 200 633 "-" "Sedu/1 CFNetwork/1406.0.4 Darwin/22.4.0"
::ffff:127.0.0.1 - - [27/May/2023:07:02:18 +0000] "GET /api/v1/articles? HTTP/1.0" 200 387210 "-" "Sedu/1 CFNetwork/1406.0.4 Darwin/22.4.0"
::ffff:127.0.0.1 - - [27/May/2023:07:02:50 +0000] "GET /api/v1/articles/642d581c7c1330814fb76387? HTTP/1.0" 200 7596 "-" "Sedu/1 CFNetwork/1406.0.4 Darwin/22.4.0"
::1 - - [27/May/2023:07:03:48 +0000] "GET /api/v1/users/me? HTTP/1.0" 401 283 "-" "Sedu/1 CFNetwork/1406.0.4 Darwin/22.4.0"
::ffff:127.0.0.1 - - [27/May/2023:07:05:34 +0000] "GET /api/v1/users/me? HTTP/1.0" 401 283 "-" "Sedu/1 CFNetwork/1335.0.3 Darwin/21.6.0"
::1 - - [27/May/2023:07:06:08 +0000] "POST /api/v1/users/login HTTP/1.0" 401 123 "-" "Sedu/1 CFNetwork/1335.0.3 Darwin/21.6.0"
::ffff:127.0.0.1 - - [27/May/2023:07:06:31 +0000] "GET /api/v1/users/me? HTTP/1.0" 401 283 "-" "Sedu/1 CFNetwork/1399 Darwin/22.1.0"
::1 - - [27/May/2023:07:08:54 +0000] "GET /api/v1/users/me? HTTP/1.0" 304 - "-" "okhttp/4.9.2"
::1 - - [27/May/2023:07:08:54 +0000] "GET /api/v1/ads? HTTP/1.0" 304 - "-" "okhttp/4.9.2"
::ffff:127.0.0.1 - - [27/May/2023:07:08:54 +0000] "GET /api/v1/articles? HTTP/1.0" 304 - "-" "okhttp/4.9.2"
::ffff:127.0.0.1 - - [27/May/2023:07:09:21 +0000] "GET /api/v1/users/me? HTTP/1.0" 401 283 "-" "okhttp/4.9.2"
::ffff:127.0.0.1 - - [27/May/2023:07:14:59 +0000] "POST / HTTP/1.0" 404 140 "-" "Mozilla/5.0 (X11; Linux x86_64) AppleWebKit/537.36 (KHTML, like Gecko) Chrome/81.0.4044.129 Safari/537.36"
::1 - - [27/May/2023:07:14:59 +0000] "GET /.env HTTP/1.0" 404 143 "-" "Mozilla/5.0 (X11; Linux x86_64) AppleWebKit/537.36 (KHTML, like Gecko) Chrome/81.0.4044.129 Safari/537.36"
::ffff:127.0.0.1 - - [27/May/2023:07:18:11 +0000] "GET /index.php HTTP/1.0" 404 148 "-" "Mozilla/5.0 zgrab/0.x"
::1 - - [27/May/2023:07:18:13 +0000] "GET /api/v1/users/me? HTTP/1.0" 401 283 "-" "Sedu/1 CFNetwork/1399 Darwin/22.1.0"
::ffff:127.0.0.1 - - [27/May/2023:07:18:15 +0000] "GET /api/v1/users/me? HTTP/1.0" 401 283 "-" "Sedu/1 CFNetwork/1406.0.4 Darwin/22.4.0"
::1 - - [27/May/2023:07:18:23 +0000] "GET /api/v1/users/me? HTTP/1.0" 401 283 "-" "Sedu/1 CFNetwork/1406.0.4 Darwin/22.4.0"
::ffff:127.0.0.1 - - [27/May/2023:07:18:34 +0000] "POST /api/v1/users/register HTTP/1.0" 200 464 "-" "Sedu/1 CFNetwork/1406.0.4 Darwin/22.4.0"
::1 - - [27/May/2023:07:18:34 +0000] "GET /api/v1/users/me? HTTP/1.0" 200 190 "-" "Sedu/1 CFNetwork/1406.0.4 Darwin/22.4.0"
::ffff:127.0.0.1 - - [27/May/2023:07:18:46 +0000] "GET /api/v1/users/me? HTTP/1.0" 304 - "-" "Sedu/1 CFNetwork/1406.0.4 Darwin/22.4.0"
::1 - - [27/May/2023:07:18:50 +0000] "POST /api/v1/users/invoice/6471aecaa32e8316d8245ef5 HTTP/1.0" 200 50 "-" "Sedu/1 CFNetwork/1406.0.4 Darwin/22.4.0"
::ffff:127.0.0.1 - - [27/May/2023:07:18:50 +0000] "GET /api/v1/wallets/6471aedaa32e8316d8245efa? HTTP/1.0" 200 16316 "-" "Sedu/1 CFNetwork/1406.0.4 Darwin/22.4.0"
::1 - - [27/May/2023:07:20:51 +0000] "GET /api/v1/users/me? HTTP/1.0" 304 - "-" "Sedu/1 CFNetwork/1406.0.4 Darwin/22.4.0"
::ffff:127.0.0.1 - - [27/May/2023:07:20:51 +0000] "GET /api/v1/articles? HTTP/1.0" 200 387210 "-" "Sedu/1 CFNetwork/1406.0.4 Darwin/22.4.0"
::1 - - [27/May/2023:07:20:51 +0000] "GET /api/v1/ads? HTTP/1.0" 304 - "-" "Sedu/1 CFNetwork/1406.0.4 Darwin/22.4.0"
::1 - - [27/May/2023:07:21:05 +0000] "GET /api/v1/ads? HTTP/1.0" 304 - "-" "Sedu/1 CFNetwork/1406.0.4 Darwin/22.4.0"
::ffff:127.0.0.1 - - [27/May/2023:07:22:34 +0000] "GET /api/v1/users/me? HTTP/1.0" 401 283 "-" "Sedu/1 CFNetwork/1406.0.4 Darwin/22.4.0"
::1 - - [27/May/2023:07:22:58 +0000] "POST /api/v1/users/register HTTP/1.0" 500 252 "-" "Sedu/1 CFNetwork/1406.0.4 Darwin/22.4.0"
::ffff:127.0.0.1 - - [27/May/2023:07:23:10 +0000] "POST /api/v1/users/register HTTP/1.0" 500 252 "-" "Sedu/1 CFNetwork/1406.0.4 Darwin/22.4.0"
::1 - - [27/May/2023:07:23:18 +0000] "POST /api/v1/users/register HTTP/1.0" 200 466 "-" "Sedu/1 CFNetwork/1406.0.4 Darwin/22.4.0"
::ffff:127.0.0.1 - - [27/May/2023:07:23:18 +0000] "GET /api/v1/users/me? HTTP/1.0" 200 192 "-" "Sedu/1 CFNetwork/1406.0.4 Darwin/22.4.0"
::1 - - [27/May/2023:07:23:24 +0000] "GET /api/v1/users/logout? HTTP/1.0" 200 39 "-" "Sedu/1 CFNetwork/1406.0.4 Darwin/22.4.0"
::ffff:127.0.0.1 - - [27/May/2023:07:23:24 +0000] "GET /api/v1/users/me? HTTP/1.0" 401 283 "-" "Sedu/1 CFNetwork/1406.0.4 Darwin/22.4.0"
::1 - - [27/May/2023:07:23:36 +0000] "POST /api/v1/users/login HTTP/1.0" 401 123 "-" "Sedu/1 CFNetwork/1406.0.4 Darwin/22.4.0"
::ffff:127.0.0.1 - - [27/May/2023:07:29:56 +0000] "GET /api/v1/users/me? HTTP/1.0" 304 - "-" "Sedu/1 CFNetwork/1406.0.4 Darwin/22.4.0"
::1 - - [27/May/2023:07:29:56 +0000] "GET /api/v1/articles? HTTP/1.0" 304 - "-" "Sedu/1 CFNetwork/1406.0.4 Darwin/22.4.0"
::ffff:127.0.0.1 - - [27/May/2023:07:29:56 +0000] "GET /api/v1/ads? HTTP/1.0" 304 - "-" "Sedu/1 CFNetwork/1406.0.4 Darwin/22.4.0"
::1 - - [27/May/2023:07:30:13 +0000] "GET /api/v1/users/me? HTTP/1.0" 304 - "-" "Sedu/1 CFNetwork/1406.0.4 Darwin/22.4.0"
::ffff:127.0.0.1 - - [27/May/2023:07:30:35 +0000] "GET /api/v1/articles/642d59727c1330814fb76396? HTTP/1.0" 200 10524 "-" "Sedu/1 CFNetwork/1406.0.4 Darwin/22.4.0"
::1 - - [27/May/2023:07:31:03 +0000] "GET /api/v1/users/me? HTTP/1.0" 401 283 "-" "Sedu/1 CFNetwork/1335.0.3.1 Darwin/21.6.0"
::ffff:127.0.0.1 - - [27/May/2023:07:31:16 +0000] "POST /api/v1/users/register HTTP/1.0" 500 249 "-" "Sedu/1 CFNetwork/1335.0.3.1 Darwin/21.6.0"
::1 - - [27/May/2023:07:31:35 +0000] "POST /api/v1/users/register HTTP/1.0" 200 463 "-" "Sedu/1 CFNetwork/1335.0.3.1 Darwin/21.6.0"
::ffff:127.0.0.1 - - [27/May/2023:07:31:35 +0000] "GET /api/v1/users/me? HTTP/1.0" 200 189 "-" "Sedu/1 CFNetwork/1335.0.3.1 Darwin/21.6.0"
::1 - - [27/May/2023:07:31:43 +0000] "GET /api/v1/users/logout? HTTP/1.0" 200 39 "-" "Sedu/1 CFNetwork/1335.0.3.1 Darwin/21.6.0"
::ffff:127.0.0.1 - - [27/May/2023:07:31:43 +0000] "GET /api/v1/users/me? HTTP/1.0" 401 283 "-" "Sedu/1 CFNetwork/1335.0.3.1 Darwin/21.6.0"
::1 - - [27/May/2023:07:34:16 +0000] "GET /api/v1/users/me? HTTP/1.0" 401 283 "-" "Sedu/1 CFNetwork/1404.0.5 Darwin/22.3.0"
::ffff:127.0.0.1 - - [27/May/2023:07:34:37 +0000] "POST /api/v1/users/register HTTP/1.0" 200 461 "-" "Sedu/1 CFNetwork/1404.0.5 Darwin/22.3.0"
::1 - - [27/May/2023:07:34:37 +0000] "GET /api/v1/users/me? HTTP/1.0" 200 187 "-" "Sedu/1 CFNetwork/1404.0.5 Darwin/22.3.0"
::ffff:127.0.0.1 - - [27/May/2023:07:34:49 +0000] "GET /api/v1/users/logout? HTTP/1.0" 200 39 "-" "Sedu/1 CFNetwork/1404.0.5 Darwin/22.3.0"
::1 - - [27/May/2023:07:34:50 +0000] "GET /api/v1/users/me? HTTP/1.0" 401 283 "-" "Sedu/1 CFNetwork/1404.0.5 Darwin/22.3.0"
::ffff:127.0.0.1 - - [27/May/2023:07:35:07 +0000] "POST /api/v1/users/login HTTP/1.0" 200 461 "-" "Sedu/1 CFNetwork/1404.0.5 Darwin/22.3.0"
::1 - - [27/May/2023:07:35:07 +0000] "GET /api/v1/users/me? HTTP/1.0" 304 - "-" "Sedu/1 CFNetwork/1404.0.5 Darwin/22.3.0"
::ffff:127.0.0.1 - - [27/May/2023:07:35:10 +0000] "GET /api/v1/users/me? HTTP/1.0" 304 - "-" "Sedu/1 CFNetwork/1404.0.5 Darwin/22.3.0"
::1 - - [27/May/2023:07:35:24 +0000] "POST /api/v1/users/invoice/6471b28da32e8316d8245f26 HTTP/1.0" 200 50 "-" "Sedu/1 CFNetwork/1404.0.5 Darwin/22.3.0"
::ffff:127.0.0.1 - - [27/May/2023:07:35:24 +0000] "GET /api/v1/wallets/6471b2bca32e8316d8245f2d? HTTP/1.0" 200 16153 "-" "Sedu/1 CFNetwork/1404.0.5 Darwin/22.3.0"
::1 - - [27/May/2023:07:37:38 +0000] "GET /api/v1/users/me? HTTP/1.0" 401 283 "-" "Sedu/1 CFNetwork/1404.0.5 Darwin/22.3.0"
::ffff:127.0.0.1 - - [27/May/2023:07:37:52 +0000] "POST /api/v1/users/register HTTP/1.0" 500 247 "-" "Sedu/1 CFNetwork/1404.0.5 Darwin/22.3.0"
::1 - - [27/May/2023:07:38:02 +0000] "POST /api/v1/users/register HTTP/1.0" 200 464 "-" "Sedu/1 CFNetwork/1404.0.5 Darwin/22.3.0"
::ffff:127.0.0.1 - - [27/May/2023:07:38:02 +0000] "GET /api/v1/users/me? HTTP/1.0" 200 190 "-" "Sedu/1 CFNetwork/1404.0.5 Darwin/22.3.0"
::1 - - [27/May/2023:07:38:10 +0000] "GET /api/v1/users/me? HTTP/1.0" 304 - "-" "Sedu/1 CFNetwork/1404.0.5 Darwin/22.3.0"
::ffff:127.0.0.1 - - [27/May/2023:07:38:14 +0000] "POST /api/v1/users/invoice/6471b35aa32e8316d8245f40 HTTP/1.0" 200 50 "-" "Sedu/1 CFNetwork/1404.0.5 Darwin/22.3.0"
::1 - - [27/May/2023:07:38:15 +0000] "GET /api/v1/wallets/6471b366a32e8316d8245f45? HTTP/1.0" 200 16384 "-" "Sedu/1 CFNetwork/1404.0.5 Darwin/22.3.0"
::ffff:127.0.0.1 - - [27/May/2023:07:38:20 +0000] "GET /api/v1/users/me? HTTP/1.0" 200 229 "-" "Sedu/1 CFNetwork/1404.0.5 Darwin/22.3.0"
::1 - - [27/May/2023:07:38:20 +0000] "GET /api/v1/users/logout? HTTP/1.0" 200 39 "-" "Sedu/1 CFNetwork/1404.0.5 Darwin/22.3.0"
::ffff:127.0.0.1 - - [27/May/2023:07:38:21 +0000] "GET /api/v1/users/me? HTTP/1.0" 401 283 "-" "Sedu/1 CFNetwork/1404.0.5 Darwin/22.3.0"
::1 - - [27/May/2023:07:38:23 +0000] "GET /api/v1/users/me? HTTP/1.0" 401 283 "-" "Sedu/1 CFNetwork/1404.0.5 Darwin/22.3.0"
::ffff:127.0.0.1 - - [27/May/2023:07:40:46 +0000] "GET /api/v1/users/me? HTTP/1.0" 304 - "-" "okhttp/4.9.2"
::1 - - [27/May/2023:07:45:50 +0000] "GET /api/v1/users/me? HTTP/1.0" 401 283 "-" "Sedu/1 CFNetwork/1406.0.4 Darwin/22.4.0"
::ffff:127.0.0.1 - - [27/May/2023:07:46:08 +0000] "POST /api/v1/users/register HTTP/1.0" 500 252 "-" "Sedu/1 CFNetwork/1406.0.4 Darwin/22.4.0"
::1 - - [27/May/2023:07:46:23 +0000] "POST /api/v1/users/register HTTP/1.0" 200 467 "-" "Sedu/1 CFNetwork/1406.0.4 Darwin/22.4.0"
::ffff:127.0.0.1 - - [27/May/2023:07:46:23 +0000] "GET /api/v1/users/me? HTTP/1.0" 200 193 "-" "Sedu/1 CFNetwork/1406.0.4 Darwin/22.4.0"
::1 - - [27/May/2023:07:46:44 +0000] "GET /api/v1/users/logout? HTTP/1.0" 200 39 "-" "Sedu/1 CFNetwork/1406.0.4 Darwin/22.4.0"
::ffff:127.0.0.1 - - [27/May/2023:07:46:44 +0000] "GET /api/v1/users/me? HTTP/1.0" 401 283 "-" "Sedu/1 CFNetwork/1406.0.4 Darwin/22.4.0"
::1 - - [27/May/2023:07:47:57 +0000] "GET /api/v1/users/me? HTTP/1.0" 401 283 "-" "Sedu/1 CFNetwork/1404.0.5 Darwin/22.3.0"
::1 - - [27/May/2023:07:48:21 +0000] "POST /api/v1/users/register HTTP/1.0" 200 467 "-" "Sedu/1 CFNetwork/1404.0.5 Darwin/22.3.0"
::ffff:127.0.0.1 - - [27/May/2023:07:48:21 +0000] "GET /api/v1/users/me? HTTP/1.0" 200 193 "-" "Sedu/1 CFNetwork/1404.0.5 Darwin/22.3.0"
::1 - - [27/May/2023:07:48:40 +0000] "GET /api/v1/users/me? HTTP/1.0" 304 - "-" "Sedu/1 CFNetwork/1404.0.5 Darwin/22.3.0"
::ffff:127.0.0.1 - - [27/May/2023:07:48:52 +0000] "POST /api/v1/users/invoice/6471b5c5a32e8316d8245f5d HTTP/1.0" 200 50 "-" "Sedu/1 CFNetwork/1404.0.5 Darwin/22.3.0"
::1 - - [27/May/2023:07:48:52 +0000] "GET /api/v1/wallets/6471b5e3a32e8316d8245f62? HTTP/1.0" 200 16407 "-" "Sedu/1 CFNetwork/1404.0.5 Darwin/22.3.0"
::1 - - [27/May/2023:07:49:25 +0000] "GET /api/v1/users/callbacks/6471b5c5a32e8316d8245f5d/20000?qpay_payment_id=758382622232155 HTTP/1.0" 200 232 "-" "node-fetch/1.0 (+https://github.com/bitinn/node-fetch)"
::ffff:127.0.0.1 - - [27/May/2023:07:49:32 +0000] "GET /api/v1/users/me? HTTP/1.0" 200 232 "-" "Sedu/1 CFNetwork/1404.0.5 Darwin/22.3.0"
::1 - - [27/May/2023:07:49:33 +0000] "GET /api/v1/wallets/6471b5e3a32e8316d8245f62? HTTP/1.0" 304 - "-" "Sedu/1 CFNetwork/1404.0.5 Darwin/22.3.0"
::ffff:127.0.0.1 - - [27/May/2023:07:49:41 +0000] "POST /api/v1/users/invoice/6471b5c5a32e8316d8245f5d HTTP/1.0" 200 50 "-" "Sedu/1 CFNetwork/1404.0.5 Darwin/22.3.0"
::1 - - [27/May/2023:07:49:42 +0000] "GET /api/v1/wallets/6471b615a32e8316d8245f78? HTTP/1.0" 200 15963 "-" "Sedu/1 CFNetwork/1404.0.5 Darwin/22.3.0"
::ffff:127.0.0.1 - - [27/May/2023:07:49:48 +0000] "GET /api/v1/users/logout? HTTP/1.0" 200 39 "-" "Sedu/1 CFNetwork/1404.0.5 Darwin/22.3.0"
::1 - - [27/May/2023:07:49:48 +0000] "GET /api/v1/users/me? HTTP/1.0" 401 283 "-" "Sedu/1 CFNetwork/1404.0.5 Darwin/22.3.0"
::ffff:127.0.0.1 - - [27/May/2023:07:50:03 +0000] "POST /api/v1/users/login HTTP/1.0" 200 506 "-" "Sedu/1 CFNetwork/1404.0.5 Darwin/22.3.0"
::1 - - [27/May/2023:07:50:03 +0000] "GET /api/v1/users/me? HTTP/1.0" 200 232 "-" "Sedu/1 CFNetwork/1404.0.5 Darwin/22.3.0"
::1 - - [27/May/2023:07:50:03 +0000] "GET /api/v1/ads? HTTP/1.0" 200 633 "-" "Sedu/1 CFNetwork/1404.0.5 Darwin/22.3.0"
::ffff:127.0.0.1 - - [27/May/2023:07:50:03 +0000] "GET /api/v1/articles? HTTP/1.0" 200 387210 "-" "Sedu/1 CFNetwork/1404.0.5 Darwin/22.3.0"
::ffff:127.0.0.1 - - [27/May/2023:07:50:16 +0000] "GET /api/v1/articles/642d55f77c1330814fb7634f? HTTP/1.0" 200 7052 "-" "Sedu/1 CFNetwork/1404.0.5 Darwin/22.3.0"
::1 - - [27/May/2023:07:50:35 +0000] "GET /api/v1/articles/642d789c7c1330814fb763e7? HTTP/1.0" 200 6163 "-" "Sedu/1 CFNetwork/1404.0.5 Darwin/22.3.0"
::ffff:127.0.0.1 - - [27/May/2023:07:51:21 +0000] "GET /api/v1/users/me? HTTP/1.0" 401 283 "-" "Sedu/1 CFNetwork/1406.0.4 Darwin/22.4.0"
::1 - - [27/May/2023:07:51:36 +0000] "POST /api/v1/users/login HTTP/1.0" 200 467 "-" "Sedu/1 CFNetwork/1406.0.4 Darwin/22.4.0"
::ffff:127.0.0.1 - - [27/May/2023:07:51:36 +0000] "GET /api/v1/users/me? HTTP/1.0" 304 - "-" "Sedu/1 CFNetwork/1406.0.4 Darwin/22.4.0"
::1 - - [27/May/2023:07:51:41 +0000] "GET /api/v1/users/me? HTTP/1.0" 304 - "-" "Sedu/1 CFNetwork/1406.0.4 Darwin/22.4.0"
::ffff:127.0.0.1 - - [27/May/2023:07:51:47 +0000] "POST /api/v1/users/invoice/6471b54ea32e8316d8245f5a HTTP/1.0" 200 50 "-" "Sedu/1 CFNetwork/1406.0.4 Darwin/22.4.0"
::1 - - [27/May/2023:07:51:47 +0000] "GET /api/v1/wallets/6471b693a32e8316d8245f95? HTTP/1.0" 200 16394 "-" "Sedu/1 CFNetwork/1406.0.4 Darwin/22.4.0"
::ffff:127.0.0.1 - - [27/May/2023:07:53:05 +0000] "GET /api/v1/articles/642d79f07c1330814fb76404? HTTP/1.0" 200 11855 "-" "Sedu/1 CFNetwork/1404.0.5 Darwin/22.3.0"
::1 - - [27/May/2023:07:53:29 +0000] "GET /api/v1/articles/642d7be67c1330814fb7643d? HTTP/1.0" 200 5356 "-" "Sedu/1 CFNetwork/1404.0.5 Darwin/22.3.0"
::ffff:127.0.0.1 - - [27/May/2023:07:54:59 +0000] "GET /api/v1/articles/645328aba4c26797f426b363? HTTP/1.0" 200 5768 "-" "Sedu/1 CFNetwork/1404.0.5 Darwin/22.3.0"
::1 - - [27/May/2023:07:55:43 +0000] "GET /api/v1/users/me? HTTP/1.0" 401 283 "-" "Sedu/1 CFNetwork/1406.0.4 Darwin/22.4.0"
::ffff:127.0.0.1 - - [27/May/2023:07:56:04 +0000] "POST /api/v1/users/register HTTP/1.0" 200 468 "-" "Sedu/1 CFNetwork/1406.0.4 Darwin/22.4.0"
::1 - - [27/May/2023:07:56:04 +0000] "GET /api/v1/users/me? HTTP/1.0" 200 194 "-" "Sedu/1 CFNetwork/1406.0.4 Darwin/22.4.0"
::ffff:127.0.0.1 - - [27/May/2023:07:56:14 +0000] "GET /api/v1/users/logout? HTTP/1.0" 200 39 "-" "Sedu/1 CFNetwork/1406.0.4 Darwin/22.4.0"
::1 - - [27/May/2023:07:56:14 +0000] "GET /api/v1/users/me? HTTP/1.0" 401 283 "-" "Sedu/1 CFNetwork/1406.0.4 Darwin/22.4.0"
::ffff:127.0.0.1 - - [27/May/2023:07:56:19 +0000] "GET /api/v1/users/me? HTTP/1.0" 401 283 "-" "Sedu/1 CFNetwork/1406.0.4 Darwin/22.4.0"
::1 - - [27/May/2023:07:57:03 +0000] "GET /api/v1/users/me? HTTP/1.0" 401 283 "-" "Sedu/1 CFNetwork/1404.0.5 Darwin/22.3.0"
::ffff:127.0.0.1 - - [27/May/2023:07:57:31 +0000] "POST /api/v1/users/register HTTP/1.0" 500 251 "-" "Sedu/1 CFNetwork/1404.0.5 Darwin/22.3.0"
::1 - - [27/May/2023:07:57:42 +0000] "POST /api/v1/users/register HTTP/1.0" 200 467 "-" "Sedu/1 CFNetwork/1404.0.5 Darwin/22.3.0"
::ffff:127.0.0.1 - - [27/May/2023:07:57:43 +0000] "GET /api/v1/users/me? HTTP/1.0" 200 193 "-" "Sedu/1 CFNetwork/1404.0.5 Darwin/22.3.0"
::1 - - [27/May/2023:07:57:50 +0000] "GET /api/v1/users/logout? HTTP/1.0" 200 39 "-" "Sedu/1 CFNetwork/1404.0.5 Darwin/22.3.0"
::ffff:127.0.0.1 - - [27/May/2023:07:57:51 +0000] "GET /api/v1/users/me? HTTP/1.0" 401 283 "-" "Sedu/1 CFNetwork/1404.0.5 Darwin/22.3.0"
::1 - - [27/May/2023:07:59:58 +0000] "GET /api/v1/users/me? HTTP/1.0" 401 283 "-" "Sedu/1 CFNetwork/1404.0.5 Darwin/22.3.0"
::ffff:127.0.0.1 - - [27/May/2023:08:00:15 +0000] "POST /api/v1/users/register HTTP/1.0" 200 465 "-" "Sedu/1 CFNetwork/1404.0.5 Darwin/22.3.0"
::1 - - [27/May/2023:08:00:15 +0000] "GET /api/v1/users/me? HTTP/1.0" 200 191 "-" "Sedu/1 CFNetwork/1404.0.5 Darwin/22.3.0"
::ffff:127.0.0.1 - - [27/May/2023:08:00:21 +0000] "GET /api/v1/users/me? HTTP/1.0" 304 - "-" "Sedu/1 CFNetwork/1404.0.5 Darwin/22.3.0"
::1 - - [27/May/2023:08:00:21 +0000] "POST / HTTP/1.0" 404 140 "-" "Mozilla/5.0 (X11; Linux x86_64) AppleWebKit/537.36 (KHTML, like Gecko) Chrome/81.0.4044.129 Safari/537.36"
::ffff:127.0.0.1 - - [27/May/2023:08:00:22 +0000] "GET /.env HTTP/1.0" 404 143 "-" "Mozilla/5.0 (X11; Linux x86_64) AppleWebKit/537.36 (KHTML, like Gecko) Chrome/81.0.4044.129 Safari/537.36"
::1 - - [27/May/2023:08:03:25 +0000] "GET /api/v1/users/me? HTTP/1.0" 304 - "-" "Sedu/1 CFNetwork/1406.0.4 Darwin/22.4.0"
::ffff:127.0.0.1 - - [27/May/2023:08:03:25 +0000] "GET /api/v1/articles? HTTP/1.0" 304 - "-" "Sedu/1 CFNetwork/1406.0.4 Darwin/22.4.0"
::1 - - [27/May/2023:08:03:25 +0000] "GET /api/v1/ads? HTTP/1.0" 304 - "-" "Sedu/1 CFNetwork/1406.0.4 Darwin/22.4.0"
::ffff:127.0.0.1 - - [27/May/2023:08:08:12 +0000] "GET /api/v1/users/me? HTTP/1.0" 304 - "-" "Sedu/1 CFNetwork/1406.0.4 Darwin/22.4.0"
::ffff:127.0.0.1 - - [27/May/2023:08:08:12 +0000] "GET /api/v1/ads? HTTP/1.0" 304 - "-" "Sedu/1 CFNetwork/1406.0.4 Darwin/22.4.0"
::1 - - [27/May/2023:08:08:12 +0000] "GET /api/v1/articles? HTTP/1.0" 304 - "-" "Sedu/1 CFNetwork/1406.0.4 Darwin/22.4.0"
::ffff:127.0.0.1 - - [27/May/2023:08:12:43 +0000] "GET /api/v1/articles/642d581c7c1330814fb76387? HTTP/1.0" 304 - "-" "Sedu/1 CFNetwork/1406.0.4 Darwin/22.4.0"
::1 - - [27/May/2023:08:12:43 +0000] "GET /api/v1/users/me? HTTP/1.0" 304 - "-" "Sedu/1 CFNetwork/1406.0.4 Darwin/22.4.0"
::ffff:127.0.0.1 - - [27/May/2023:08:12:43 +0000] "GET /api/v1/ads? HTTP/1.0" 304 - "-" "Sedu/1 CFNetwork/1406.0.4 Darwin/22.4.0"
::1 - - [27/May/2023:08:12:43 +0000] "GET /api/v1/articles? HTTP/1.0" 304 - "-" "Sedu/1 CFNetwork/1406.0.4 Darwin/22.4.0"
::ffff:127.0.0.1 - - [27/May/2023:08:14:51 +0000] "GET /api/v1/users/me? HTTP/1.0" 401 283 "-" "Sedu/1 CFNetwork/1406.0.4 Darwin/22.4.0"
::1 - - [27/May/2023:08:14:55 +0000] "GET /api/v1/users/me? HTTP/1.0" 304 - "-" "Sedu/1 CFNetwork/1406.0.4 Darwin/22.4.0"
::1 - - [27/May/2023:08:14:56 +0000] "GET /api/v1/ads? HTTP/1.0" 304 - "-" "Sedu/1 CFNetwork/1406.0.4 Darwin/22.4.0"
::ffff:127.0.0.1 - - [27/May/2023:08:14:56 +0000] "GET /api/v1/articles? HTTP/1.0" 200 387210 "-" "Sedu/1 CFNetwork/1406.0.4 Darwin/22.4.0"
::ffff:127.0.0.1 - - [27/May/2023:08:15:00 +0000] "GET /api/v1/articles/642d4c587c1330814fb76297? HTTP/1.0" 304 - "-" "Sedu/1 CFNetwork/1406.0.4 Darwin/22.4.0"
::ffff:127.0.0.1 - - [27/May/2023:08:15:15 +0000] "GET /api/v1/articles/642d4c587c1330814fb76297? HTTP/1.0" 304 - "-" "Sedu/1 CFNetwork/1406.0.4 Darwin/22.4.0"
::1 - - [27/May/2023:08:15:32 +0000] "POST /api/v1/users/register HTTP/1.0" 200 466 "-" "Sedu/1 CFNetwork/1406.0.4 Darwin/22.4.0"
::ffff:127.0.0.1 - - [27/May/2023:08:15:32 +0000] "GET /api/v1/users/me? HTTP/1.0" 200 192 "-" "Sedu/1 CFNetwork/1406.0.4 Darwin/22.4.0"
::1 - - [27/May/2023:08:15:46 +0000] "GET /api/v1/users/me? HTTP/1.0" 304 - "-" "Sedu/1 CFNetwork/1406.0.4 Darwin/22.4.0"
::1 - - [27/May/2023:08:15:57 +0000] "POST /api/v1/users/invoice/6471bc24a32e8316d8245fcc HTTP/1.0" 200 50 "-" "Sedu/1 CFNetwork/1406.0.4 Darwin/22.4.0"
::ffff:127.0.0.1 - - [27/May/2023:08:15:57 +0000] "GET /api/v1/wallets/6471bc3da32e8316d8245fd1? HTTP/1.0" 200 16089 "-" "Sedu/1 CFNetwork/1406.0.4 Darwin/22.4.0"
::1 - - [27/May/2023:08:16:06 +0000] "GET /api/v1/articles/642e3f507c1330814fb764ef? HTTP/1.0" 200 1467 "-" "Sedu/1 CFNetwork/1406.0.4 Darwin/22.4.0"
::ffff:127.0.0.1 - - [27/May/2023:08:16:23 +0000] "GET /api/v1/articles/642e44a97c1330814fb764fe? HTTP/1.0" 200 8047 "-" "Sedu/1 CFNetwork/1406.0.4 Darwin/22.4.0"
::1 - - [27/May/2023:08:16:44 +0000] "GET /api/v1/articles/6460657ba32e8316d822e39d? HTTP/1.0" 200 5291 "-" "Sedu/1 CFNetwork/1406.0.4 Darwin/22.4.0"
::ffff:127.0.0.1 - - [27/May/2023:08:16:48 +0000] "GET /api/v1/users/me? HTTP/1.0" 304 - "-" "Sedu/1 CFNetwork/1406.0.4 Darwin/22.4.0"
::1 - - [27/May/2023:08:17:12 +0000] "GET /api/v1/users/me? HTTP/1.0" 401 283 "-" "Sedu/1 CFNetwork/1404.0.5 Darwin/22.3.0"
::ffff:127.0.0.1 - - [27/May/2023:08:17:23 +0000] "GET /api/v1/users/me? HTTP/1.0" 401 283 "-" "Sedu/1 CFNetwork/1406.0.4 Darwin/22.4.0"
::1 - - [27/May/2023:08:17:35 +0000] "POST /api/v1/users/register HTTP/1.0" 500 248 "-" "Sedu/1 CFNetwork/1406.0.4 Darwin/22.4.0"
::ffff:127.0.0.1 - - [27/May/2023:08:17:48 +0000] "GET /api/v1/users/me? HTTP/1.0" 401 283 "-" "Sedu/1 CFNetwork/1404.0.5 Darwin/22.3.0"
::1 - - [27/May/2023:08:18:00 +0000] "POST /api/v1/users/register HTTP/1.0" 200 465 "-" "Sedu/1 CFNetwork/1406.0.4 Darwin/22.4.0"
::ffff:127.0.0.1 - - [27/May/2023:08:18:01 +0000] "GET /api/v1/users/me? HTTP/1.0" 200 191 "-" "Sedu/1 CFNetwork/1406.0.4 Darwin/22.4.0"
::ffff:127.0.0.1 - - [27/May/2023:08:18:12 +0000] "GET /api/v1/users/logout? HTTP/1.0" 200 39 "-" "Sedu/1 CFNetwork/1406.0.4 Darwin/22.4.0"
::1 - - [27/May/2023:08:18:12 +0000] "GET /api/v1/users/me? HTTP/1.0" 401 283 "-" "Sedu/1 CFNetwork/1406.0.4 Darwin/22.4.0"
::1 - - [27/May/2023:08:18:23 +0000] "POST /api/v1/users/register HTTP/1.0" 200 469 "-" "Sedu/1 CFNetwork/1404.0.5 Darwin/22.3.0"
::ffff:127.0.0.1 - - [27/May/2023:08:18:23 +0000] "GET /api/v1/users/me? HTTP/1.0" 200 195 "-" "Sedu/1 CFNetwork/1404.0.5 Darwin/22.3.0"
::1 - - [27/May/2023:08:18:34 +0000] "GET /api/v1/users/me? HTTP/1.0" 304 - "-" "Sedu/1 CFNetwork/1404.0.5 Darwin/22.3.0"
::ffff:127.0.0.1 - - [27/May/2023:08:18:47 +0000] "POST /api/v1/users/invoice/6471bccfa32e8316d8245feb HTTP/1.0" 200 50 "-" "Sedu/1 CFNetwork/1404.0.5 Darwin/22.3.0"
::1 - - [27/May/2023:08:18:47 +0000] "GET /api/v1/wallets/6471bce7a32e8316d8245ff0? HTTP/1.0" 200 16316 "-" "Sedu/1 CFNetwork/1404.0.5 Darwin/22.3.0"
::ffff:127.0.0.1 - - [27/May/2023:08:19:25 +0000] "GET /api/v1/users/callbacks/6471bccfa32e8316d8245feb/20000?qpay_payment_id=381297556676571 HTTP/1.0" 200 234 "-" "node-fetch/1.0 (+https://github.com/bitinn/node-fetch)"
::1 - - [27/May/2023:08:19:33 +0000] "GET /api/v1/users/me? HTTP/1.0" 200 234 "-" "Sedu/1 CFNetwork/1404.0.5 Darwin/22.3.0"
::ffff:127.0.0.1 - - [27/May/2023:08:19:34 +0000] "GET /api/v1/wallets/6471bce7a32e8316d8245ff0? HTTP/1.0" 304 - "-" "Sedu/1 CFNetwork/1404.0.5 Darwin/22.3.0"
::1 - - [27/May/2023:08:19:41 +0000] "GET /api/v1/users/logout? HTTP/1.0" 200 39 "-" "Sedu/1 CFNetwork/1404.0.5 Darwin/22.3.0"
::ffff:127.0.0.1 - - [27/May/2023:08:19:41 +0000] "GET /api/v1/users/me? HTTP/1.0" 401 283 "-" "Sedu/1 CFNetwork/1404.0.5 Darwin/22.3.0"
::1 - - [27/May/2023:08:19:44 +0000] "GET /api/v1/users/me? HTTP/1.0" 401 283 "-" "Sedu/1 CFNetwork/1404.0.5 Darwin/22.3.0"
::ffff:127.0.0.1 - - [27/May/2023:08:19:51 +0000] "GET /api/v1/users/me? HTTP/1.0" 401 283 "-" "Sedu/1 CFNetwork/1404.0.5 Darwin/22.3.0"
::1 - - [27/May/2023:08:20:07 +0000] "POST /api/v1/users/login HTTP/1.0" 200 508 "-" "Sedu/1 CFNetwork/1404.0.5 Darwin/22.3.0"
::ffff:127.0.0.1 - - [27/May/2023:08:20:07 +0000] "GET /api/v1/users/me? HTTP/1.0" 304 - "-" "Sedu/1 CFNetwork/1404.0.5 Darwin/22.3.0"
::ffff:127.0.0.1 - - [27/May/2023:08:20:08 +0000] "GET /api/v1/ads? HTTP/1.0" 200 633 "-" "Sedu/1 CFNetwork/1404.0.5 Darwin/22.3.0"
::1 - - [27/May/2023:08:20:08 +0000] "GET /api/v1/articles? HTTP/1.0" 200 387210 "-" "Sedu/1 CFNetwork/1404.0.5 Darwin/22.3.0"
::1 - - [27/May/2023:08:20:13 +0000] "GET /api/v1/users/me? HTTP/1.0" 304 - "-" "Sedu/1 CFNetwork/1406.0.4 Darwin/22.4.0"
::1 - - [27/May/2023:08:20:33 +0000] "GET /api/v1/articles/642e321a7c1330814fb7648b? HTTP/1.0" 200 2221 "-" "Sedu/1 CFNetwork/1406.0.4 Darwin/22.4.0"
::1 - - [27/May/2023:08:21:11 +0000] "GET /api/v1/users/me? HTTP/1.0" 401 283 "-" "Sedu/1 CFNetwork/1333.0.4 Darwin/21.5.0"
::ffff:127.0.0.1 - - [27/May/2023:08:21:20 +0000] "GET /api/v1/articles/64532c84a4c26797f426b3e2? HTTP/1.0" 200 2825 "-" "Sedu/1 CFNetwork/1404.0.5 Darwin/22.3.0"
::1 - - [27/May/2023:08:21:31 +0000] "POST /api/v1/users/register HTTP/1.0" 500 247 "-" "Sedu/1 CFNetwork/1333.0.4 Darwin/21.5.0"
::ffff:127.0.0.1 - - [27/May/2023:08:21:46 +0000] "POST /api/v1/users/register HTTP/1.0" 200 464 "-" "Sedu/1 CFNetwork/1333.0.4 Darwin/21.5.0"
::1 - - [27/May/2023:08:21:46 +0000] "GET /api/v1/users/me? HTTP/1.0" 200 190 "-" "Sedu/1 CFNetwork/1333.0.4 Darwin/21.5.0"
::ffff:127.0.0.1 - - [27/May/2023:08:21:57 +0000] "GET /api/v1/users/me? HTTP/1.0" 304 - "-" "Sedu/1 CFNetwork/1333.0.4 Darwin/21.5.0"
::1 - - [27/May/2023:08:22:02 +0000] "POST /api/v1/users/invoice/6471bd9aa32e8316d8246010 HTTP/1.0" 200 50 "-" "Sedu/1 CFNetwork/1333.0.4 Darwin/21.5.0"
::ffff:127.0.0.1 - - [27/May/2023:08:22:02 +0000] "GET /api/v1/wallets/6471bdaaa32e8316d8246015? HTTP/1.0" 200 15915 "-" "Sedu/1 CFNetwork/1333.0.4 Darwin/21.5.0"
::1 - - [27/May/2023:08:22:40 +0000] "POST / HTTP/1.0" 404 140 "-" "Mozilla/5.0 (X11; Linux x86_64) AppleWebKit/537.36 (KHTML, like Gecko) Chrome/81.0.4044.129 Safari/537.36"
::ffff:127.0.0.1 - - [27/May/2023:08:22:40 +0000] "GET /.env HTTP/1.0" 404 143 "-" "Mozilla/5.0 (X11; Linux x86_64) AppleWebKit/537.36 (KHTML, like Gecko) Chrome/81.0.4044.129 Safari/537.36"
::1 - - [27/May/2023:08:24:16 +0000] "GET /api/v1/articles/642e321a7c1330814fb7648b? HTTP/1.0" 304 - "-" "Sedu/1 CFNetwork/1406.0.4 Darwin/22.4.0"
::1 - - [27/May/2023:08:24:16 +0000] "GET /api/v1/users/me? HTTP/1.0" 304 - "-" "Sedu/1 CFNetwork/1406.0.4 Darwin/22.4.0"
::ffff:127.0.0.1 - - [27/May/2023:08:24:16 +0000] "GET /api/v1/users/me? HTTP/1.0" 304 - "-" "Sedu/1 CFNetwork/1406.0.4 Darwin/22.4.0"
::ffff:127.0.0.1 - - [27/May/2023:08:24:16 +0000] "GET /api/v1/ads? HTTP/1.0" 304 - "-" "Sedu/1 CFNetwork/1406.0.4 Darwin/22.4.0"
::1 - - [27/May/2023:08:24:16 +0000] "GET /api/v1/articles? HTTP/1.0" 304 - "-" "Sedu/1 CFNetwork/1406.0.4 Darwin/22.4.0"
::1 - - [27/May/2023:08:24:38 +0000] "GET /api/v1/articles/642d7ac57c1330814fb76424? HTTP/1.0" 200 9288 "-" "Sedu/1 CFNetwork/1406.0.4 Darwin/22.4.0"
::ffff:127.0.0.1 - - [27/May/2023:08:24:44 +0000] "GET /api/v1/users/me? HTTP/1.0" 304 - "-" "Sedu/1 CFNetwork/1408.0.4 Darwin/22.5.0"
::1 - - [27/May/2023:08:24:44 +0000] "GET /api/v1/users/me? HTTP/1.0" 200 242 "-" "okhttp/4.9.2"
::ffff:127.0.0.1 - - [27/May/2023:08:24:45 +0000] "GET /api/v1/articles? HTTP/1.0" 304 - "-" "Sedu/1 CFNetwork/1408.0.4 Darwin/22.5.0"
::1 - - [27/May/2023:08:24:45 +0000] "GET /api/v1/ads? HTTP/1.0" 304 - "-" "Sedu/1 CFNetwork/1408.0.4 Darwin/22.5.0"
::ffff:127.0.0.1 - - [27/May/2023:08:24:45 +0000] "GET /api/v1/ads? HTTP/1.0" 200 633 "-" "okhttp/4.9.2"
::ffff:127.0.0.1 - - [27/May/2023:08:24:45 +0000] "GET /api/v1/articles? HTTP/1.0" 200 387210 "-" "okhttp/4.9.2"
::ffff:127.0.0.1 - - [27/May/2023:08:24:54 +0000] "GET /api/v1/users/me? HTTP/1.0" 304 - "-" "Sedu/1 CFNetwork/1408.0.4 Darwin/22.5.0"
::ffff:127.0.0.1 - - [27/May/2023:08:24:54 +0000] "GET /api/v1/ads? HTTP/1.0" 304 - "-" "Sedu/1 CFNetwork/1408.0.4 Darwin/22.5.0"
::1 - - [27/May/2023:08:24:54 +0000] "GET /api/v1/articles? HTTP/1.0" 304 - "-" "Sedu/1 CFNetwork/1408.0.4 Darwin/22.5.0"
::ffff:127.0.0.1 - - [27/May/2023:08:25:09 +0000] "GET /api/v1/users/me? HTTP/1.0" 304 - "-" "Sedu/1 CFNetwork/1408.0.4 Darwin/22.5.0"
::ffff:127.0.0.1 - - [27/May/2023:08:25:10 +0000] "GET /api/v1/users/me? HTTP/1.0" 401 283 "-" "Sedu/1 CFNetwork/1406.0.4 Darwin/22.4.0"
::ffff:127.0.0.1 - - [27/May/2023:08:25:16 +0000] "GET /api/v1/articles/642d59727c1330814fb76396? HTTP/1.0" 304 - "-" "Sedu/1 CFNetwork/1408.0.4 Darwin/22.5.0"
::ffff:127.0.0.1 - - [27/May/2023:08:25:23 +0000] "GET /api/v1/users/me? HTTP/1.0" 304 - "-" "okhttp/4.9.2"
::1 - - [27/May/2023:08:25:24 +0000] "GET /api/v1/users/me? HTTP/1.0" 304 - "-" "Sedu/1 CFNetwork/1406.0.4 Darwin/22.4.0"
::1 - - [27/May/2023:08:25:24 +0000] "GET /api/v1/ads? HTTP/1.0" 304 - "-" "Sedu/1 CFNetwork/1406.0.4 Darwin/22.4.0"
::ffff:127.0.0.1 - - [27/May/2023:08:25:24 +0000] "GET /api/v1/articles? HTTP/1.0" 200 387210 "-" "Sedu/1 CFNetwork/1406.0.4 Darwin/22.4.0"
::ffff:127.0.0.1 - - [27/May/2023:08:25:26 +0000] "GET /api/v1/articles/642e395e7c1330814fb764cf? HTTP/1.0" 200 3839 "-" "Sedu/1 CFNetwork/1408.0.4 Darwin/22.5.0"
::1 - - [27/May/2023:08:25:27 +0000] "POST /api/v1/users/register HTTP/1.0" 200 461 "-" "Sedu/1 CFNetwork/1406.0.4 Darwin/22.4.0"
::ffff:127.0.0.1 - - [27/May/2023:08:25:27 +0000] "GET /api/v1/users/me? HTTP/1.0" 200 187 "-" "Sedu/1 CFNetwork/1406.0.4 Darwin/22.4.0"
::ffff:127.0.0.1 - - [27/May/2023:08:25:32 +0000] "GET /api/v1/users/me? HTTP/1.0" 304 - "-" "Sedu/1 CFNetwork/1406.0.4 Darwin/22.4.0"
::1 - - [27/May/2023:08:25:35 +0000] "GET /api/v1/articles/642e3a4a7c1330814fb764db? HTTP/1.0" 304 - "-" "Sedu/1 CFNetwork/1408.0.4 Darwin/22.5.0"
::ffff:127.0.0.1 - - [27/May/2023:08:25:43 +0000] "GET /api/v1/users/logout? HTTP/1.0" 200 39 "-" "Sedu/1 CFNetwork/1406.0.4 Darwin/22.4.0"
::1 - - [27/May/2023:08:25:43 +0000] "GET /api/v1/users/me? HTTP/1.0" 401 283 "-" "Sedu/1 CFNetwork/1406.0.4 Darwin/22.4.0"
::ffff:127.0.0.1 - - [27/May/2023:08:25:48 +0000] "GET /api/v1/articles/642d4c587c1330814fb76297? HTTP/1.0" 200 22271 "-" "Sedu/1 CFNetwork/1408.0.4 Darwin/22.5.0"
::1 - - [27/May/2023:08:25:49 +0000] "GET /api/v1/articles/642d55bf7c1330814fb76345? HTTP/1.0" 200 17955 "-" "okhttp/4.9.2"
::ffff:127.0.0.1 - - [27/May/2023:08:25:56 +0000] "POST /api/v1/users/login HTTP/1.0" 200 461 "-" "Sedu/1 CFNetwork/1406.0.4 Darwin/22.4.0"
::1 - - [27/May/2023:08:25:57 +0000] "GET /api/v1/users/me? HTTP/1.0" 304 - "-" "Sedu/1 CFNetwork/1406.0.4 Darwin/22.4.0"
::ffff:127.0.0.1 - - [27/May/2023:08:25:58 +0000] "GET /api/v1/articles/642d55bf7c1330814fb76345? HTTP/1.0" 200 17955 "-" "Sedu/1 CFNetwork/1408.0.4 Darwin/22.5.0"
::1 - - [27/May/2023:08:26:05 +0000] "POST /api/v1/users/invoice/6471be77a32e8316d8246046 HTTP/1.0" 200 50 "-" "Sedu/1 CFNetwork/1406.0.4 Darwin/22.4.0"
::ffff:127.0.0.1 - - [27/May/2023:08:26:06 +0000] "GET /api/v1/wallets/6471be9da32e8316d8246051? HTTP/1.0" 200 16149 "-" "Sedu/1 CFNetwork/1406.0.4 Darwin/22.4.0"
::1 - - [27/May/2023:08:26:07 +0000] "GET /api/v1/articles/642e3a0a7c1330814fb764d8? HTTP/1.0" 200 2171 "-" "Sedu/1 CFNetwork/1408.0.4 Darwin/22.5.0"
::ffff:127.0.0.1 - - [27/May/2023:08:28:08 +0000] "GET /api/v1/users/me? HTTP/1.0" 401 283 "-" "Sedu/1 CFNetwork/1406.0.4 Darwin/22.4.0"
::1 - - [27/May/2023:08:28:14 +0000] "GET /api/v1/articles/642d55507c1330814fb76325 HTTP/1.0" 200 3410 "-" "Mozilla/5.0 (Windows NT 6.1; Win64; x64) AppleWebKit/537.36 (KHTML, like Gecko) Chrome/60.0.3112.90 Safari/537.36"
::ffff:127.0.0.1 - - [27/May/2023:08:28:14 +0000] "GET /api/v1/articles/642e3f507c1330814fb764ef HTTP/1.0" 200 1467 "-" "Mozilla/5.0 (Windows NT 6.1; Win64; x64) AppleWebKit/537.36 (KHTML, like Gecko) Chrome/60.0.3112.90 Safari/537.36"
::1 - - [27/May/2023:08:28:14 +0000] "GET /api/v1/articles/642e395e7c1330814fb764cf HTTP/1.0" 200 3839 "-" "Mozilla/5.0 (Windows NT 6.1; Win64; x64) AppleWebKit/537.36 (KHTML, like Gecko) Chrome/60.0.3112.90 Safari/537.36"
::ffff:127.0.0.1 - - [27/May/2023:08:28:14 +0000] "GET /api/v1/articles HTTP/1.0" 401 283 "-" "Mozilla/5.0 (Windows NT 6.1; Win64; x64) AppleWebKit/537.36 (KHTML, like Gecko) Chrome/60.0.3112.90 Safari/537.36"
::1 - - [27/May/2023:08:28:14 +0000] "GET /api/v1/articles/642d79f07c1330814fb76404 HTTP/1.0" 200 11855 "-" "Mozilla/5.0 (Windows NT 6.1; Win64; x64) AppleWebKit/537.36 (KHTML, like Gecko) Chrome/60.0.3112.90 Safari/537.36"
::ffff:127.0.0.1 - - [27/May/2023:08:28:14 +0000] "GET /api/v1/articles/642d7ac57c1330814fb76424 HTTP/1.0" 200 9288 "-" "Mozilla/5.0 (Windows NT 6.1; Win64; x64) AppleWebKit/537.36 (KHTML, like Gecko) Chrome/60.0.3112.90 Safari/537.36"
::1 - - [27/May/2023:08:28:14 +0000] "GET /api/v1/articles/642e321a7c1330814fb7648b HTTP/1.0" 200 2221 "-" "Mozilla/5.0 (Windows NT 6.1; Win64; x64) AppleWebKit/537.36 (KHTML, like Gecko) Chrome/60.0.3112.90 Safari/537.36"
::ffff:127.0.0.1 - - [27/May/2023:08:28:14 +0000] "GET /api/v1/articles/642d55bf7c1330814fb76345 HTTP/1.0" 200 17955 "-" "Mozilla/5.0 (Windows NT 6.1; Win64; x64) AppleWebKit/537.36 (KHTML, like Gecko) Chrome/60.0.3112.90 Safari/537.36"
::ffff:127.0.0.1 - - [27/May/2023:08:28:14 +0000] "GET /api/v1/articles/645328aba4c26797f426b363 HTTP/1.0" 200 5768 "-" "Mozilla/5.0 (Windows NT 6.1; Win64; x64) AppleWebKit/537.36 (KHTML, like Gecko) Chrome/60.0.3112.90 Safari/537.36"
::1 - - [27/May/2023:08:28:14 +0000] "GET /api/v1/ads HTTP/1.0" 200 633 "-" "Mozilla/5.0 (Windows NT 6.1; Win64; x64) AppleWebKit/537.36 (KHTML, like Gecko) Chrome/60.0.3112.90 Safari/537.36"
::1 - - [27/May/2023:08:28:14 +0000] "GET /api/v1/articles/642d5b327c1330814fb763a4 HTTP/1.0" 200 9617 "-" "Mozilla/5.0 (Windows NT 6.1; Win64; x64) AppleWebKit/537.36 (KHTML, like Gecko) Chrome/60.0.3112.90 Safari/537.36"
::ffff:127.0.0.1 - - [27/May/2023:08:28:14 +0000] "GET /api/v1/users/me HTTP/1.0" 401 283 "-" "Mozilla/5.0 (Windows NT 6.1; Win64; x64) AppleWebKit/537.36 (KHTML, like Gecko) Chrome/60.0.3112.90 Safari/537.36"
::1 - - [27/May/2023:08:28:14 +0000] "GET /api/v1/articles/642d771f7c1330814fb763cd HTTP/1.0" 200 3044 "-" "Mozilla/5.0 (Windows NT 6.1; Win64; x64) AppleWebKit/537.36 (KHTML, like Gecko) Chrome/60.0.3112.90 Safari/537.36"
::ffff:127.0.0.1 - - [27/May/2023:08:28:14 +0000] "GET /api/v1/articles/642d75b97c1330814fb763bb HTTP/1.0" 200 12199 "-" "Mozilla/5.0 (Windows NT 6.1; Win64; x64) AppleWebKit/537.36 (KHTML, like Gecko) Chrome/60.0.3112.90 Safari/537.36"
::1 - - [27/May/2023:08:28:14 +0000] "GET /api/v1/articles/64607a73a32e8316d822e51b HTTP/1.0" 200 8468 "-" "Mozilla/5.0 (Windows NT 6.1; Win64; x64) AppleWebKit/537.36 (KHTML, like Gecko) Chrome/60.0.3112.90 Safari/537.36"
::ffff:127.0.0.1 - - [27/May/2023:08:28:14 +0000] "GET /api/v1/articles/646082bca32e8316d822e594 HTTP/1.0" 200 6579 "-" "Mozilla/5.0 (Windows NT 6.1; Win64; x64) AppleWebKit/537.36 (KHTML, like Gecko) Chrome/60.0.3112.90 Safari/537.36"
::1 - - [27/May/2023:08:28:15 +0000] "GET /api/v1/articles/642d55f77c1330814fb7634f HTTP/1.0" 200 7052 "-" "Mozilla/5.0 (Windows NT 6.1; Win64; x64) AppleWebKit/537.36 (KHTML, like Gecko) Chrome/60.0.3112.90 Safari/537.36"
::ffff:127.0.0.1 - - [27/May/2023:08:28:15 +0000] "GET /api/v1/articles/645fbd68a32e8316d822dd25 HTTP/1.0" 200 3940 "-" "Mozilla/5.0 (Windows NT 6.1; Win64; x64) AppleWebKit/537.36 (KHTML, like Gecko) Chrome/60.0.3112.90 Safari/537.36"
::1 - - [27/May/2023:08:28:15 +0000] "GET /api/v1/articles/64532c84a4c26797f426b3e2 HTTP/1.0" 200 2825 "-" "Mozilla/5.0 (Windows NT 6.1; Win64; x64) AppleWebKit/537.36 (KHTML, like Gecko) Chrome/60.0.3112.90 Safari/537.36"
::ffff:127.0.0.1 - - [27/May/2023:08:28:17 +0000] "GET /api/v1/articles/642e3f507c1330814fb764ef HTTP/1.0" 200 1467 "-" "-"
::1 - - [27/May/2023:08:28:17 +0000] "GET /api/v1/articles/642e395e7c1330814fb764cf HTTP/1.0" 200 3839 "-" "-"
::1 - - [27/May/2023:08:28:17 +0000] "GET /api/v1/articles/642d5b327c1330814fb763a4 HTTP/1.0" 200 9617 "-" "-"
::ffff:127.0.0.1 - - [27/May/2023:08:28:17 +0000] "GET /api/v1/ads HTTP/1.0" 200 633 "-" "-"
::ffff:127.0.0.1 - - [27/May/2023:08:28:17 +0000] "GET /api/v1/articles/642d771f7c1330814fb763cd HTTP/1.0" 200 3044 "-" "-"
::1 - - [27/May/2023:08:28:17 +0000] "GET /api/v1/articles/642d7ac57c1330814fb76424 HTTP/1.0" 200 9288 "-" "-"
::ffff:127.0.0.1 - - [27/May/2023:08:28:17 +0000] "GET /api/v1/articles/64607a73a32e8316d822e51b HTTP/1.0" 200 8468 "-" "-"
::1 - - [27/May/2023:08:28:17 +0000] "GET /api/v1/articles/646082bca32e8316d822e594 HTTP/1.0" 200 6579 "-" "-"
::1 - - [27/May/2023:08:28:17 +0000] "GET /api/v1/articles/642d55f77c1330814fb7634f HTTP/1.0" 200 7052 "-" "-"
::ffff:127.0.0.1 - - [27/May/2023:08:28:17 +0000] "GET /api/v1/articles/642d55507c1330814fb76325 HTTP/1.0" 200 3410 "-" "-"
::ffff:127.0.0.1 - - [27/May/2023:08:28:17 +0000] "GET /api/v1/articles/642d79f07c1330814fb76404 HTTP/1.0" 200 11855 "-" "-"
::1 - - [27/May/2023:08:28:17 +0000] "GET /api/v1/articles/645fbd68a32e8316d822dd25 HTTP/1.0" 200 3940 "-" "-"
::ffff:127.0.0.1 - - [27/May/2023:08:28:17 +0000] "GET /api/v1/articles/642e321a7c1330814fb7648b HTTP/1.0" 200 2221 "-" "-"
::1 - - [27/May/2023:08:28:18 +0000] "GET /api/v1/articles/64532c84a4c26797f426b3e2 HTTP/1.0" 200 2825 "-" "-"
::1 - - [27/May/2023:08:28:18 +0000] "GET /api/v1/articles/642d75b97c1330814fb763bb HTTP/1.0" 200 12199 "-" "-"
::ffff:127.0.0.1 - - [27/May/2023:08:28:18 +0000] "GET /api/v1/articles/642d55bf7c1330814fb76345 HTTP/1.0" 200 17955 "-" "-"
::ffff:127.0.0.1 - - [27/May/2023:08:28:24 +0000] "GET /api/v1/articles/645328aba4c26797f426b363 HTTP/1.0" 200 5768 "-" "-"
::1 - - [27/May/2023:08:28:26 +0000] "POST /api/v1/users/register HTTP/1.0" 200 467 "-" "Sedu/1 CFNetwork/1406.0.4 Darwin/22.4.0"
::ffff:127.0.0.1 - - [27/May/2023:08:28:26 +0000] "GET /api/v1/users/me? HTTP/1.0" 200 193 "-" "Sedu/1 CFNetwork/1406.0.4 Darwin/22.4.0"
::1 - - [27/May/2023:08:28:27 +0000] "POST /api/v1/users/register HTTP/1.0" 500 253 "-" "Sedu/1 CFNetwork/1406.0.4 Darwin/22.4.0"
::ffff:127.0.0.1 - - [27/May/2023:08:28:38 +0000] "GET /api/v1/users/me? HTTP/1.0" 304 - "-" "Sedu/1 CFNetwork/1406.0.4 Darwin/22.4.0"
::1 - - [27/May/2023:08:28:43 +0000] "POST /api/v1/users/invoice/6471bf2aa32e8316d8246087 HTTP/1.0" 200 50 "-" "Sedu/1 CFNetwork/1406.0.4 Darwin/22.4.0"
::ffff:127.0.0.1 - - [27/May/2023:08:28:43 +0000] "GET /api/v1/wallets/6471bf3ba32e8316d824608e? HTTP/1.0" 200 16234 "-" "Sedu/1 CFNetwork/1406.0.4 Darwin/22.4.0"
::1 - - [27/May/2023:08:29:23 +0000] "GET /api/v1/users/callbacks/6471bf2aa32e8316d8246087/20000?qpay_payment_id=598500671064541 HTTP/1.0" 200 232 "-" "node-fetch/1.0 (+https://github.com/bitinn/node-fetch)"
::ffff:127.0.0.1 - - [27/May/2023:08:29:30 +0000] "GET /api/v1/users/me? HTTP/1.0" 200 232 "-" "Sedu/1 CFNetwork/1406.0.4 Darwin/22.4.0"
::1 - - [27/May/2023:08:29:30 +0000] "GET /api/v1/wallets/6471bf3ba32e8316d824608e? HTTP/1.0" 304 - "-" "Sedu/1 CFNetwork/1406.0.4 Darwin/22.4.0"
::ffff:127.0.0.1 - - [27/May/2023:08:29:35 +0000] "POST /api/v1/users/invoice/6471bf2aa32e8316d8246087 HTTP/1.0" 200 50 "-" "Sedu/1 CFNetwork/1406.0.4 Darwin/22.4.0"
::1 - - [27/May/2023:08:29:36 +0000] "GET /api/v1/wallets/6471bf6fa32e8316d82460a4? HTTP/1.0" 200 16318 "-" "Sedu/1 CFNetwork/1406.0.4 Darwin/22.4.0"
::ffff:127.0.0.1 - - [27/May/2023:08:29:48 +0000] "GET /api/v1/users/me? HTTP/1.0" 200 232 "-" "Sedu/1 CFNetwork/1406.0.4 Darwin/22.4.0"
::1 - - [27/May/2023:08:29:50 +0000] "GET /api/v1/users/logout? HTTP/1.0" 200 39 "-" "Sedu/1 CFNetwork/1406.0.4 Darwin/22.4.0"
::ffff:127.0.0.1 - - [27/May/2023:08:29:50 +0000] "GET /api/v1/users/me? HTTP/1.0" 401 283 "-" "Sedu/1 CFNetwork/1406.0.4 Darwin/22.4.0"
::1 - - [27/May/2023:08:30:02 +0000] "POST /api/v1/users/login HTTP/1.0" 200 506 "-" "Sedu/1 CFNetwork/1406.0.4 Darwin/22.4.0"
::ffff:127.0.0.1 - - [27/May/2023:08:30:03 +0000] "GET /api/v1/users/me? HTTP/1.0" 304 - "-" "Sedu/1 CFNetwork/1406.0.4 Darwin/22.4.0"
::1 - - [27/May/2023:08:30:03 +0000] "POST /api/v1/users/login HTTP/1.0" 200 506 "-" "Sedu/1 CFNetwork/1406.0.4 Darwin/22.4.0"
::ffff:127.0.0.1 - - [27/May/2023:08:30:04 +0000] "GET /api/v1/articles? HTTP/1.0" 200 387210 "-" "Sedu/1 CFNetwork/1406.0.4 Darwin/22.4.0"
::1 - - [27/May/2023:08:30:04 +0000] "GET /api/v1/ads? HTTP/1.0" 200 633 "-" "Sedu/1 CFNetwork/1406.0.4 Darwin/22.4.0"
::ffff:127.0.0.1 - - [27/May/2023:08:30:04 +0000] "GET /api/v1/articles? HTTP/1.0" 200 387210 "-" "Sedu/1 CFNetwork/1406.0.4 Darwin/22.4.0"
::ffff:127.0.0.1 - - [27/May/2023:08:30:04 +0000] "GET /api/v1/users/me? HTTP/1.0" 304 - "-" "Sedu/1 CFNetwork/1406.0.4 Darwin/22.4.0"
::1 - - [27/May/2023:08:30:04 +0000] "GET /api/v1/ads? HTTP/1.0" 200 633 "-" "Sedu/1 CFNetwork/1406.0.4 Darwin/22.4.0"
::1 - - [27/May/2023:08:30:41 +0000] "GET /api/v1/articles/642d59727c1330814fb76396? HTTP/1.0" 200 10524 "-" "Sedu/1 CFNetwork/1406.0.4 Darwin/22.4.0"
::ffff:127.0.0.1 - - [27/May/2023:08:32:08 +0000] "GET /api/v1/users/me? HTTP/1.0" 304 - "-" "Sedu/1 CFNetwork/1406.0.4 Darwin/22.4.0"
::1 - - [27/May/2023:08:32:08 +0000] "GET /api/v1/users/me? HTTP/1.0" 304 - "-" "Sedu/1 CFNetwork/1406.0.4 Darwin/22.4.0"
::1 - - [27/May/2023:08:32:08 +0000] "GET /api/v1/ads? HTTP/1.0" 304 - "-" "Sedu/1 CFNetwork/1406.0.4 Darwin/22.4.0"
::ffff:127.0.0.1 - - [27/May/2023:08:32:08 +0000] "GET /api/v1/articles? HTTP/1.0" 304 - "-" "Sedu/1 CFNetwork/1406.0.4 Darwin/22.4.0"
::ffff:127.0.0.1 - - [27/May/2023:08:33:08 +0000] "GET /api/v1/users/me? HTTP/1.0" 304 - "-" "Sedu/1 CFNetwork/1406.0.4 Darwin/22.4.0"
::1 - - [27/May/2023:08:33:08 +0000] "GET /api/v1/ads? HTTP/1.0" 304 - "-" "Sedu/1 CFNetwork/1406.0.4 Darwin/22.4.0"
::1 - - [27/May/2023:08:33:08 +0000] "GET /api/v1/articles? HTTP/1.0" 304 - "-" "Sedu/1 CFNetwork/1406.0.4 Darwin/22.4.0"
::1 - - [27/May/2023:08:33:28 +0000] "GET /api/v1/articles/642e36c67c1330814fb764a6? HTTP/1.0" 200 6465 "-" "Sedu/1 CFNetwork/1406.0.4 Darwin/22.4.0"
::ffff:127.0.0.1 - - [27/May/2023:08:34:57 +0000] "GET /api/v1/articles/642d4c587c1330814fb76297? HTTP/1.0" 200 22271 "-" "Sedu/1 CFNetwork/1406.0.4 Darwin/22.4.0"
::1 - - [27/May/2023:08:36:58 +0000] "GET /api/v1/users/me? HTTP/1.0" 304 - "-" "Sedu/1 CFNetwork/1406.0.4 Darwin/22.4.0"
::ffff:127.0.0.1 - - [27/May/2023:08:36:59 +0000] "GET /api/v1/ads? HTTP/1.0" 304 - "-" "Sedu/1 CFNetwork/1406.0.4 Darwin/22.4.0"
::1 - - [27/May/2023:08:36:59 +0000] "GET /api/v1/articles? HTTP/1.0" 304 - "-" "Sedu/1 CFNetwork/1406.0.4 Darwin/22.4.0"
::1 - - [27/May/2023:08:37:28 +0000] "GET /api/v1/articles/6460657ba32e8316d822e39d? HTTP/1.0" 200 5291 "-" "Sedu/1 CFNetwork/1406.0.4 Darwin/22.4.0"
::ffff:127.0.0.1 - - [27/May/2023:08:37:32 +0000] "GET /api/v1/users/me? HTTP/1.0" 304 - "-" "Sedu/1 CFNetwork/1406.0.4 Darwin/22.4.0"
::ffff:127.0.0.1 - - [27/May/2023:08:37:32 +0000] "GET /api/v1/ads? HTTP/1.0" 304 - "-" "Sedu/1 CFNetwork/1406.0.4 Darwin/22.4.0"
::1 - - [27/May/2023:08:37:33 +0000] "GET /api/v1/articles? HTTP/1.0" 200 387210 "-" "Sedu/1 CFNetwork/1406.0.4 Darwin/22.4.0"
::1 - - [27/May/2023:08:37:43 +0000] "GET /api/v1/articles/642d789c7c1330814fb763e7? HTTP/1.0" 200 6163 "-" "Sedu/1 CFNetwork/1406.0.4 Darwin/22.4.0"
::ffff:127.0.0.1 - - [27/May/2023:08:37:51 +0000] "GET /api/v1/articles/642e31187c1330814fb76474? HTTP/1.0" 200 3038 "-" "Sedu/1 CFNetwork/1406.0.4 Darwin/22.4.0"
::1 - - [27/May/2023:08:38:00 +0000] "GET /api/v1/users/me? HTTP/1.0" 401 283 "-" "Sedu/1 CFNetwork/1404.0.5 Darwin/22.3.0"
::ffff:127.0.0.1 - - [27/May/2023:08:38:14 +0000] "POST /api/v1/users/register HTTP/1.0" 500 248 "-" "Sedu/1 CFNetwork/1404.0.5 Darwin/22.3.0"
::1 - - [27/May/2023:08:38:17 +0000] "POST /api/v1/users/register HTTP/1.0" 500 248 "-" "Sedu/1 CFNetwork/1404.0.5 Darwin/22.3.0"
::ffff:127.0.0.1 - - [27/May/2023:08:38:34 +0000] "POST /api/v1/users/register HTTP/1.0" 500 250 "-" "Sedu/1 CFNetwork/1404.0.5 Darwin/22.3.0"
::1 - - [27/May/2023:08:39:04 +0000] "POST /api/v1/users/register HTTP/1.0" 200 465 "-" "Sedu/1 CFNetwork/1404.0.5 Darwin/22.3.0"
::ffff:127.0.0.1 - - [27/May/2023:08:39:04 +0000] "GET /api/v1/users/me? HTTP/1.0" 200 191 "-" "Sedu/1 CFNetwork/1404.0.5 Darwin/22.3.0"
::1 - - [27/May/2023:08:39:11 +0000] "GET /api/v1/users/logout? HTTP/1.0" 200 39 "-" "Sedu/1 CFNetwork/1404.0.5 Darwin/22.3.0"
::ffff:127.0.0.1 - - [27/May/2023:08:39:11 +0000] "GET /api/v1/users/me? HTTP/1.0" 401 283 "-" "Sedu/1 CFNetwork/1404.0.5 Darwin/22.3.0"
::1 - - [27/May/2023:08:39:59 +0000] "GET /api/v1/users/me? HTTP/1.0" 304 - "-" "Sedu/1 CFNetwork/1406.0.4 Darwin/22.4.0"
::1 - - [27/May/2023:08:40:00 +0000] "GET /api/v1/ads? HTTP/1.0" 304 - "-" "Sedu/1 CFNetwork/1406.0.4 Darwin/22.4.0"
::ffff:127.0.0.1 - - [27/May/2023:08:40:00 +0000] "GET /api/v1/articles? HTTP/1.0" 200 387210 "-" "Sedu/1 CFNetwork/1406.0.4 Darwin/22.4.0"
::1 - - [27/May/2023:08:40:01 +0000] "GET /api/v1/users/me? HTTP/1.0" 304 - "-" "Sedu/1 CFNetwork/1406.0.4 Darwin/22.4.0"
::1 - - [27/May/2023:08:40:01 +0000] "GET /api/v1/ads? HTTP/1.0" 304 - "-" "Sedu/1 CFNetwork/1406.0.4 Darwin/22.4.0"
::ffff:127.0.0.1 - - [27/May/2023:08:40:01 +0000] "GET /api/v1/articles? HTTP/1.0" 304 - "-" "Sedu/1 CFNetwork/1406.0.4 Darwin/22.4.0"
::ffff:127.0.0.1 - - [27/May/2023:08:40:08 +0000] "GET /api/v1/articles/642d56517c1330814fb7635e? HTTP/1.0" 304 - "-" "Sedu/1 CFNetwork/1406.0.4 Darwin/22.4.0"
::ffff:127.0.0.1 - - [27/May/2023:08:40:22 +0000] "GET /api/v1/users/me? HTTP/1.0" 304 - "-" "Sedu/1 CFNetwork/1406.0.4 Darwin/22.4.0"
::1 - - [27/May/2023:08:40:22 +0000] "GET /api/v1/articles/642d56517c1330814fb7635e? HTTP/1.0" 304 - "-" "Sedu/1 CFNetwork/1406.0.4 Darwin/22.4.0"
::1 - - [27/May/2023:08:40:22 +0000] "GET /api/v1/ads? HTTP/1.0" 304 - "-" "Sedu/1 CFNetwork/1406.0.4 Darwin/22.4.0"
::ffff:127.0.0.1 - - [27/May/2023:08:40:22 +0000] "GET /api/v1/articles? HTTP/1.0" 304 - "-" "Sedu/1 CFNetwork/1406.0.4 Darwin/22.4.0"
::ffff:127.0.0.1 - - [27/May/2023:08:40:23 +0000] "GET /api/v1/articles/64607a73a32e8316d822e51b? HTTP/1.0" 200 8468 "-" "Sedu/1 CFNetwork/1406.0.4 Darwin/22.4.0"
::1 - - [27/May/2023:08:40:41 +0000] "GET /api/v1/users/me? HTTP/1.0" 304 - "-" "Sedu/1 CFNetwork/1406.0.4 Darwin/22.4.0"
::ffff:127.0.0.1 - - [27/May/2023:08:40:41 +0000] "GET /api/v1/articles/642d56517c1330814fb7635e? HTTP/1.0" 304 - "-" "Sedu/1 CFNetwork/1406.0.4 Darwin/22.4.0"
::1 - - [27/May/2023:08:40:41 +0000] "GET /api/v1/ads? HTTP/1.0" 304 - "-" "Sedu/1 CFNetwork/1406.0.4 Darwin/22.4.0"
::ffff:127.0.0.1 - - [27/May/2023:08:40:41 +0000] "GET /api/v1/articles? HTTP/1.0" 304 - "-" "Sedu/1 CFNetwork/1406.0.4 Darwin/22.4.0"
::1 - - [27/May/2023:08:42:00 +0000] "GET /api/v1/users/me? HTTP/1.0" 304 - "-" "Sedu/1 CFNetwork/1406.0.4 Darwin/22.4.0"
::1 - - [27/May/2023:08:42:00 +0000] "GET /api/v1/ads? HTTP/1.0" 304 - "-" "Sedu/1 CFNetwork/1406.0.4 Darwin/22.4.0"
::ffff:127.0.0.1 - - [27/May/2023:08:42:00 +0000] "GET /api/v1/articles? HTTP/1.0" 304 - "-" "Sedu/1 CFNetwork/1406.0.4 Darwin/22.4.0"
::ffff:127.0.0.1 - - [27/May/2023:08:42:19 +0000] "GET /api/v1/articles/6460657ba32e8316d822e39d? HTTP/1.0" 200 5291 "-" "Sedu/1 CFNetwork/1406.0.4 Darwin/22.4.0"
::ffff:127.0.0.1 - - [27/May/2023:08:42:26 +0000] "GET /api/v1/users/me? HTTP/1.0" 401 283 "-" "Sedu/1 CFNetwork/1399 Darwin/22.1.0"
::1 - - [27/May/2023:08:42:26 +0000] "GET /api/v1/users/me? HTTP/1.0" 304 - "-" "Sedu/1 CFNetwork/1406.0.4 Darwin/22.4.0"
::ffff:127.0.0.1 - - [27/May/2023:08:45:24 +0000] "GET /api/v1/articles/6459d34ca32e8316d8228b17? HTTP/1.0" 200 9114 "-" "Sedu/1 CFNetwork/1406.0.4 Darwin/22.4.0"
::1 - - [27/May/2023:08:47:09 +0000] "GET /api/v1/users/me? HTTP/1.0" 304 - "-" "okhttp/4.9.2"
::ffff:127.0.0.1 - - [27/May/2023:08:47:09 +0000] "GET /api/v1/ads? HTTP/1.0" 304 - "-" "okhttp/4.9.2"
::1 - - [27/May/2023:08:47:09 +0000] "GET /api/v1/articles? HTTP/1.0" 304 - "-" "okhttp/4.9.2"
::ffff:127.0.0.1 - - [27/May/2023:08:47:33 +0000] "GET /api/v1/articles/642d55bf7c1330814fb76345? HTTP/1.0" 304 - "-" "okhttp/4.9.2"
::1 - - [27/May/2023:08:47:42 +0000] "GET /api/v1/users/me? HTTP/1.0" 304 - "-" "Sedu/1 CFNetwork/1406.0.4 Darwin/22.4.0"
::ffff:127.0.0.1 - - [27/May/2023:08:48:04 +0000] "GET /api/v1/articles/642e38807c1330814fb764b7? HTTP/1.0" 200 2547 "-" "Sedu/1 CFNetwork/1406.0.4 Darwin/22.4.0"
::1 - - [27/May/2023:08:48:09 +0000] "GET /api/v1/articles/642e38d27c1330814fb764c0? HTTP/1.0" 200 2965 "-" "Sedu/1 CFNetwork/1406.0.4 Darwin/22.4.0"
::ffff:127.0.0.1 - - [27/May/2023:08:48:44 +0000] "GET /api/v1/articles/642e31187c1330814fb76474? HTTP/1.0" 200 3038 "-" "Sedu/1 CFNetwork/1406.0.4 Darwin/22.4.0"
::1 - - [27/May/2023:08:50:10 +0000] "GET /api/v1/users/me? HTTP/1.0" 304 - "-" "Sedu/1 CFNetwork/1406.0.4 Darwin/22.4.0"
::1 - - [27/May/2023:08:50:10 +0000] "GET /api/v1/ads? HTTP/1.0" 304 - "-" "Sedu/1 CFNetwork/1406.0.4 Darwin/22.4.0"
::ffff:127.0.0.1 - - [27/May/2023:08:50:10 +0000] "GET /api/v1/articles? HTTP/1.0" 304 - "-" "Sedu/1 CFNetwork/1406.0.4 Darwin/22.4.0"
::ffff:127.0.0.1 - - [27/May/2023:08:50:20 +0000] "GET /api/v1/articles/642d77bf7c1330814fb763d0? HTTP/1.0" 200 8628 "-" "Sedu/1 CFNetwork/1406.0.4 Darwin/22.4.0"
::1 - - [27/May/2023:08:51:09 +0000] "GET /api/v1/users/me? HTTP/1.0" 304 - "-" "Sedu/1 CFNetwork/1406.0.4 Darwin/22.4.0"
::ffff:127.0.0.1 - - [27/May/2023:08:51:10 +0000] "GET /api/v1/articles? HTTP/1.0" 304 - "-" "Sedu/1 CFNetwork/1406.0.4 Darwin/22.4.0"
::1 - - [27/May/2023:08:51:10 +0000] "GET /api/v1/ads? HTTP/1.0" 304 - "-" "Sedu/1 CFNetwork/1406.0.4 Darwin/22.4.0"
::1 - - [27/May/2023:08:52:41 +0000] "GET /api/v1/users/me? HTTP/1.0" 304 - "-" "Sedu/1 CFNetwork/1406.0.4 Darwin/22.4.0"
::1 - - [27/May/2023:08:52:41 +0000] "GET /api/v1/ads? HTTP/1.0" 304 - "-" "Sedu/1 CFNetwork/1406.0.4 Darwin/22.4.0"
::ffff:127.0.0.1 - - [27/May/2023:08:52:42 +0000] "GET /api/v1/articles? HTTP/1.0" 304 - "-" "Sedu/1 CFNetwork/1406.0.4 Darwin/22.4.0"
::1 - - [27/May/2023:08:57:09 +0000] "GET /nacos/ HTTP/1.0" 404 145 "-" "Fuzz Faster U Fool v2.0.0"
::ffff:127.0.0.1 - - [27/May/2023:08:57:14 +0000] "GET /api/v1/users/me? HTTP/1.0" 304 - "-" "Sedu/1 CFNetwork/1390 Darwin/22.0.0"
::ffff:127.0.0.1 - - [27/May/2023:08:57:14 +0000] "GET /api/v1/ads? HTTP/1.0" 304 - "-" "Sedu/1 CFNetwork/1390 Darwin/22.0.0"
::1 - - [27/May/2023:08:57:15 +0000] "GET /api/v1/articles? HTTP/1.0" 304 - "-" "Sedu/1 CFNetwork/1390 Darwin/22.0.0"
::1 - - [27/May/2023:08:57:44 +0000] "GET /api/v1/articles/64607a73a32e8316d822e51b? HTTP/1.0" 200 8468 "-" "Sedu/1 CFNetwork/1390 Darwin/22.0.0"
::ffff:127.0.0.1 - - [27/May/2023:08:58:35 +0000] "GET /api/v1/articles/6460657ba32e8316d822e39d? HTTP/1.0" 200 5291 "-" "Sedu/1 CFNetwork/1390 Darwin/22.0.0"
::1 - - [27/May/2023:08:59:17 +0000] "GET /api/v1/users/me? HTTP/1.0" 304 - "-" "Sedu/1 CFNetwork/1406.0.4 Darwin/22.4.0"
::1 - - [27/May/2023:08:59:18 +0000] "GET /api/v1/ads? HTTP/1.0" 304 - "-" "Sedu/1 CFNetwork/1406.0.4 Darwin/22.4.0"
::ffff:127.0.0.1 - - [27/May/2023:08:59:18 +0000] "GET /api/v1/articles? HTTP/1.0" 304 - "-" "Sedu/1 CFNetwork/1406.0.4 Darwin/22.4.0"
