::1 - - [14/May/2023:07:37:01 +0000] "GET /api/v1/users/logout? HTTP/1.0" 200 39 "-" "Sedu/1 CFNetwork/1406.0.4 Darwin/22.4.0"
::ffff:127.0.0.1 - - [14/May/2023:07:37:01 +0000] "GET /api/v1/users/me? HTTP/1.0" 401 283 "-" "Sedu/1 CFNetwork/1406.0.4 Darwin/22.4.0"
::1 - - [14/May/2023:07:37:10 +0000] "GET /api/v1/users/me? HTTP/1.0" 304 - "-" "Sedu/1 CFNetwork/1406.0.4 Darwin/22.4.0"
::ffff:127.0.0.1 - - [14/May/2023:07:37:17 +0000] "POST /api/v1/users/register HTTP/1.0" 500 248 "-" "Sedu/1 CFNetwork/1335.0.3 Darwin/21.6.0"
::1 - - [14/May/2023:07:37:18 +0000] "POST /api/v1/users/register HTTP/1.0" 500 248 "-" "Sedu/1 CFNetwork/1335.0.3 Darwin/21.6.0"
::ffff:127.0.0.1 - - [14/May/2023:07:37:20 +0000] "POST /api/v1/users/register HTTP/1.0" 200 461 "-" "Sedu/1 CFNetwork/1406.0.4 Darwin/22.4.0"
::1 - - [14/May/2023:07:37:20 +0000] "GET /api/v1/users/me? HTTP/1.0" 200 187 "-" "Sedu/1 CFNetwork/1406.0.4 Darwin/22.4.0"
::ffff:127.0.0.1 - - [14/May/2023:07:37:27 +0000] "GET /api/v1/users/me? HTTP/1.0" 304 - "-" "Sedu/1 CFNetwork/1406.0.4 Darwin/22.4.0"
::ffff:127.0.0.1 - - [14/May/2023:07:37:36 +0000] "POST /api/v1/users/register HTTP/1.0" 200 469 "-" "Sedu/1 CFNetwork/1335.0.3 Darwin/21.6.0"
::1 - - [14/May/2023:07:37:36 +0000] "GET /api/v1/users/me? HTTP/1.0" 200 195 "-" "Sedu/1 CFNetwork/1335.0.3 Darwin/21.6.0"
::1 - - [14/May/2023:07:37:37 +0000] "POST /api/v1/users/invoice/64608fb0a32e8316d822e741 HTTP/1.0" 200 50 "-" "Sedu/1 CFNetwork/1406.0.4 Darwin/22.4.0"
::ffff:127.0.0.1 - - [14/May/2023:07:37:37 +0000] "GET /api/v1/wallets/64608fc1a32e8316d822e749? HTTP/1.0" 200 16149 "-" "Sedu/1 CFNetwork/1406.0.4 Darwin/22.4.0"
::ffff:127.0.0.1 - - [14/May/2023:07:39:29 +0000] "GET /api/v1/users/me? HTTP/1.0" 401 283 "-" "Sedu/1 CFNetwork/1406.0.4 Darwin/22.4.0"
::1 - - [14/May/2023:07:39:41 +0000] "POST /api/v1/users/register HTTP/1.0" 200 461 "-" "Sedu/1 CFNetwork/1406.0.4 Darwin/22.4.0"
::ffff:127.0.0.1 - - [14/May/2023:07:39:41 +0000] "GET /api/v1/users/me? HTTP/1.0" 200 187 "-" "Sedu/1 CFNetwork/1406.0.4 Darwin/22.4.0"
::1 - - [14/May/2023:07:39:46 +0000] "GET /api/v1/users/me? HTTP/1.0" 304 - "-" "Sedu/1 CFNetwork/1406.0.4 Darwin/22.4.0"
::ffff:127.0.0.1 - - [14/May/2023:07:39:56 +0000] "POST /api/v1/users/invoice/6460903da32e8316d822e75a HTTP/1.0" 200 50 "-" "Sedu/1 CFNetwork/1406.0.4 Darwin/22.4.0"
::1 - - [14/May/2023:07:39:56 +0000] "GET /api/v1/wallets/6460904ca32e8316d822e75f? HTTP/1.0" 200 15957 "-" "Sedu/1 CFNetwork/1406.0.4 Darwin/22.4.0"
::ffff:127.0.0.1 - - [14/May/2023:07:39:59 +0000] "GET /api/v1/users/me? HTTP/1.0" 304 - "-" "Sedu/1 CFNetwork/1335.0.3 Darwin/21.6.0"
::1 - - [14/May/2023:07:40:00 +0000] "GET /api/v1/users/logout? HTTP/1.0" 200 39 "-" "Sedu/1 CFNetwork/1406.0.4 Darwin/22.4.0"
::ffff:127.0.0.1 - - [14/May/2023:07:40:00 +0000] "GET /api/v1/users/me? HTTP/1.0" 401 283 "-" "Sedu/1 CFNetwork/1406.0.4 Darwin/22.4.0"
::1 - - [14/May/2023:07:40:09 +0000] "GET /api/v1/users/me? HTTP/1.0" 304 - "-" "Sedu/1 CFNetwork/1335.0.3 Darwin/21.6.0"
::ffff:127.0.0.1 - - [14/May/2023:07:40:35 +0000] "GET /api/v1/users/me? HTTP/1.0" 304 - "-" "Sedu/1 CFNetwork/1335.0.3 Darwin/21.6.0"
::1 - - [14/May/2023:07:40:42 +0000] "GET /api/v1/users/logout? HTTP/1.0" 200 39 "-" "Sedu/1 CFNetwork/1335.0.3 Darwin/21.6.0"
::ffff:127.0.0.1 - - [14/May/2023:07:40:42 +0000] "GET /api/v1/users/me? HTTP/1.0" 401 283 "-" "Sedu/1 CFNetwork/1335.0.3 Darwin/21.6.0"
::1 - - [14/May/2023:07:40:42 +0000] "GET /api/v1/users/logout? HTTP/1.0" 200 39 "-" "Sedu/1 CFNetwork/1335.0.3 Darwin/21.6.0"
::ffff:127.0.0.1 - - [14/May/2023:07:41:57 +0000] "GET /api/v1/users/me? HTTP/1.0" 304 - "-" "Sedu/1 CFNetwork/1404.0.5 Darwin/22.3.0"
::ffff:127.0.0.1 - - [14/May/2023:07:41:58 +0000] "GET /api/v1/ads? HTTP/1.0" 304 - "-" "Sedu/1 CFNetwork/1404.0.5 Darwin/22.3.0"
::1 - - [14/May/2023:07:41:58 +0000] "GET /api/v1/articles? HTTP/1.0" 200 387033 "-" "Sedu/1 CFNetwork/1404.0.5 Darwin/22.3.0"
::ffff:127.0.0.1 - - [14/May/2023:07:42:09 +0000] "GET /api/v1/users/me? HTTP/1.0" 401 283 "-" "Sedu/1 CFNetwork/1402.0.8 Darwin/22.2.0"
::1 - - [14/May/2023:07:42:23 +0000] "POST /api/v1/users/register HTTP/1.0" 200 463 "-" "Sedu/1 CFNetwork/1402.0.8 Darwin/22.2.0"
::ffff:127.0.0.1 - - [14/May/2023:07:42:23 +0000] "GET /api/v1/users/me? HTTP/1.0" 200 189 "-" "Sedu/1 CFNetwork/1402.0.8 Darwin/22.2.0"
::1 - - [14/May/2023:07:42:36 +0000] "GET /api/v1/users/me? HTTP/1.0" 304 - "-" "Sedu/1 CFNetwork/1402.0.8 Darwin/22.2.0"
::ffff:127.0.0.1 - - [14/May/2023:07:42:41 +0000] "POST /api/v1/users/invoice/646090dfa32e8316d822e778 HTTP/1.0" 200 50 "-" "Sedu/1 CFNetwork/1402.0.8 Darwin/22.2.0"
::1 - - [14/May/2023:07:42:41 +0000] "GET /api/v1/wallets/646090f1a32e8316d822e77d? HTTP/1.0" 200 16015 "-" "Sedu/1 CFNetwork/1402.0.8 Darwin/22.2.0"
::ffff:127.0.0.1 - - [14/May/2023:07:43:16 +0000] "GET /api/v1/users/callbacks/646090dfa32e8316d822e778/20000?qpay_payment_id=581071965777564 HTTP/1.0" 200 228 "-" "node-fetch/1.0 (+https://github.com/bitinn/node-fetch)"
::ffff:127.0.0.1 - - [14/May/2023:07:43:20 +0000] "GET /api/v1/users/me? HTTP/1.0" 200 228 "-" "Sedu/1 CFNetwork/1402.0.8 Darwin/22.2.0"
::1 - - [14/May/2023:07:43:20 +0000] "GET /api/v1/wallets/646090f1a32e8316d822e77d? HTTP/1.0" 304 - "-" "Sedu/1 CFNetwork/1402.0.8 Darwin/22.2.0"
::1 - - [14/May/2023:07:43:24 +0000] "POST /api/v1/users/invoice/646090dfa32e8316d822e778 HTTP/1.0" 200 50 "-" "Sedu/1 CFNetwork/1402.0.8 Darwin/22.2.0"
::ffff:127.0.0.1 - - [14/May/2023:07:43:25 +0000] "GET /api/v1/wallets/6460911ca32e8316d822e793? HTTP/1.0" 200 16175 "-" "Sedu/1 CFNetwork/1402.0.8 Darwin/22.2.0"
::1 - - [14/May/2023:07:43:32 +0000] "GET /api/v1/users/me? HTTP/1.0" 401 283 "-" "Sedu/1 CFNetwork/1406.0.4 Darwin/22.4.0"
::ffff:127.0.0.1 - - [14/May/2023:07:43:33 +0000] "GET /api/v1/users/logout? HTTP/1.0" 200 39 "-" "Sedu/1 CFNetwork/1402.0.8 Darwin/22.2.0"
::1 - - [14/May/2023:07:43:33 +0000] "GET /api/v1/users/me? HTTP/1.0" 401 283 "-" "Sedu/1 CFNetwork/1402.0.8 Darwin/22.2.0"
::ffff:127.0.0.1 - - [14/May/2023:07:43:39 +0000] "POST /api/v1/users/login HTTP/1.0" 200 502 "-" "Sedu/1 CFNetwork/1402.0.8 Darwin/22.2.0"
::1 - - [14/May/2023:07:43:40 +0000] "GET /api/v1/users/me? HTTP/1.0" 200 228 "-" "Sedu/1 CFNetwork/1402.0.8 Darwin/22.2.0"
::ffff:127.0.0.1 - - [14/May/2023:07:43:40 +0000] "GET /api/v1/articles? HTTP/1.0" 200 387033 "-" "Sedu/1 CFNetwork/1402.0.8 Darwin/22.2.0"
::1 - - [14/May/2023:07:43:40 +0000] "GET /api/v1/ads? HTTP/1.0" 200 633 "-" "Sedu/1 CFNetwork/1402.0.8 Darwin/22.2.0"
::1 - - [14/May/2023:07:43:48 +0000] "POST /api/v1/users/register HTTP/1.0" 200 463 "-" "Sedu/1 CFNetwork/1406.0.4 Darwin/22.4.0"
::ffff:127.0.0.1 - - [14/May/2023:07:43:48 +0000] "GET /api/v1/users/me? HTTP/1.0" 200 189 "-" "Sedu/1 CFNetwork/1406.0.4 Darwin/22.4.0"
::ffff:127.0.0.1 - - [14/May/2023:07:44:00 +0000] "GET /api/v1/users/me? HTTP/1.0" 304 - "-" "Sedu/1 CFNetwork/1406.0.4 Darwin/22.4.0"
::1 - - [14/May/2023:07:44:04 +0000] "POST /api/v1/users/invoice/64609134a32e8316d822e7aa HTTP/1.0" 200 50 "-" "Sedu/1 CFNetwork/1406.0.4 Darwin/22.4.0"
::ffff:127.0.0.1 - - [14/May/2023:07:44:04 +0000] "GET /api/v1/wallets/64609144a32e8316d822e7af? HTTP/1.0" 200 16407 "-" "Sedu/1 CFNetwork/1406.0.4 Darwin/22.4.0"
::1 - - [14/May/2023:07:44:11 +0000] "GET /api/v1/users/me? HTTP/1.0" 304 - "-" "Sedu/1 CFNetwork/1399 Darwin/22.1.0"
::1 - - [14/May/2023:07:44:11 +0000] "GET /api/v1/ads? HTTP/1.0" 304 - "-" "Sedu/1 CFNetwork/1399 Darwin/22.1.0"
::ffff:127.0.0.1 - - [14/May/2023:07:44:11 +0000] "GET /api/v1/articles? HTTP/1.0" 200 387033 "-" "Sedu/1 CFNetwork/1399 Darwin/22.1.0"
::ffff:127.0.0.1 - - [14/May/2023:07:44:15 +0000] "GET /api/v1/articles/642e31907c1330814fb7647d? HTTP/1.0" 200 3070 "-" "Sedu/1 CFNetwork/1402.0.8 Darwin/22.2.0"
::ffff:127.0.0.1 - - [14/May/2023:07:44:27 +0000] "GET /api/v1/articles/642e36c67c1330814fb764a6? HTTP/1.0" 200 6465 "-" "Sedu/1 CFNetwork/1402.0.8 Darwin/22.2.0"
::1 - - [14/May/2023:07:44:51 +0000] "GET /api/v1/articles/642e58ad7c1330814fb76521? HTTP/1.0" 200 5224 "-" "Sedu/1 CFNetwork/1402.0.8 Darwin/22.2.0"
::ffff:127.0.0.1 - - [14/May/2023:07:45:04 +0000] "GET /api/v1/articles/64532c84a4c26797f426b3e2? HTTP/1.0" 200 2825 "-" "Sedu/1 CFNetwork/1402.0.8 Darwin/22.2.0"
::ffff:127.0.0.1 - - [14/May/2023:07:45:09 +0000] "GET /api/v1/users/me? HTTP/1.0" 304 - "-" "Sedu/1 CFNetwork/1399 Darwin/22.1.0"
::1 - - [14/May/2023:07:45:09 +0000] "GET /api/v1/ads? HTTP/1.0" 304 - "-" "Sedu/1 CFNetwork/1399 Darwin/22.1.0"
::1 - - [14/May/2023:07:45:09 +0000] "GET /api/v1/articles? HTTP/1.0" 304 - "-" "Sedu/1 CFNetwork/1399 Darwin/22.1.0"
::ffff:127.0.0.1 - - [14/May/2023:07:45:22 +0000] "GET /api/v1/articles/64608634a32e8316d822e5bd? HTTP/1.0" 200 3708 "-" "Sedu/1 CFNetwork/1402.0.8 Darwin/22.2.0"
::1 - - [14/May/2023:07:45:29 +0000] "GET /api/v1/users/me? HTTP/1.0" 304 - "-" "Sedu/1 CFNetwork/1404.0.5 Darwin/22.3.0"
::1 - - [14/May/2023:07:45:30 +0000] "GET /api/v1/ads? HTTP/1.0" 304 - "-" "Sedu/1 CFNetwork/1404.0.5 Darwin/22.3.0"
::ffff:127.0.0.1 - - [14/May/2023:07:45:30 +0000] "GET /api/v1/articles? HTTP/1.0" 200 387033 "-" "Sedu/1 CFNetwork/1404.0.5 Darwin/22.3.0"
::1 - - [14/May/2023:07:46:37 +0000] "GET /api/v1/articles/64608634a32e8316d822e5bd? HTTP/1.0" 304 - "-" "Sedu/1 CFNetwork/1402.0.8 Darwin/22.2.0"
::ffff:127.0.0.1 - - [14/May/2023:07:46:37 +0000] "GET /api/v1/users/me? HTTP/1.0" 304 - "-" "Sedu/1 CFNetwork/1402.0.8 Darwin/22.2.0"
::1 - - [14/May/2023:07:46:37 +0000] "GET /api/v1/ads? HTTP/1.0" 304 - "-" "Sedu/1 CFNetwork/1402.0.8 Darwin/22.2.0"
::ffff:127.0.0.1 - - [14/May/2023:07:46:37 +0000] "GET /api/v1/articles? HTTP/1.0" 304 - "-" "Sedu/1 CFNetwork/1402.0.8 Darwin/22.2.0"
::1 - - [14/May/2023:07:49:13 +0000] "GET /api/v1/users/me? HTTP/1.0" 401 283 "-" "Sedu/1 CFNetwork/1404.0.5 Darwin/22.3.0"
::ffff:127.0.0.1 - - [14/May/2023:07:49:24 +0000] "POST /api/v1/users/login HTTP/1.0" 200 498 "-" "Sedu/1 CFNetwork/1404.0.5 Darwin/22.3.0"
::1 - - [14/May/2023:07:49:24 +0000] "GET /api/v1/users/me? HTTP/1.0" 304 - "-" "Sedu/1 CFNetwork/1404.0.5 Darwin/22.3.0"
::1 - - [14/May/2023:07:49:25 +0000] "GET /api/v1/ads? HTTP/1.0" 304 - "-" "Sedu/1 CFNetwork/1404.0.5 Darwin/22.3.0"
::ffff:127.0.0.1 - - [14/May/2023:07:49:25 +0000] "GET /api/v1/articles? HTTP/1.0" 200 387033 "-" "Sedu/1 CFNetwork/1404.0.5 Darwin/22.3.0"
::1 - - [14/May/2023:07:49:36 +0000] "GET /api/v1/users/me? HTTP/1.0" 401 283 "-" "Sedu/1 CFNetwork/1406.0.4 Darwin/22.4.0"
::ffff:127.0.0.1 - - [14/May/2023:07:50:01 +0000] "POST /api/v1/users/register HTTP/1.0" 200 467 "-" "Sedu/1 CFNetwork/1406.0.4 Darwin/22.4.0"
::1 - - [14/May/2023:07:50:01 +0000] "GET /api/v1/users/me? HTTP/1.0" 200 193 "-" "Sedu/1 CFNetwork/1406.0.4 Darwin/22.4.0"
::ffff:127.0.0.1 - - [14/May/2023:07:50:08 +0000] "GET /api/v1/users/me? HTTP/1.0" 304 - "-" "Sedu/1 CFNetwork/1406.0.4 Darwin/22.4.0"
::1 - - [14/May/2023:07:50:11 +0000] "GET /api/v1/users/logout? HTTP/1.0" 200 39 "-" "Sedu/1 CFNetwork/1406.0.4 Darwin/22.4.0"
::ffff:127.0.0.1 - - [14/May/2023:07:50:12 +0000] "GET /api/v1/users/me? HTTP/1.0" 401 283 "-" "Sedu/1 CFNetwork/1406.0.4 Darwin/22.4.0"
::1 - - [14/May/2023:07:50:12 +0000] "GET /api/v1/articles/6459d34ca32e8316d8228b17? HTTP/1.0" 200 9114 "-" "Sedu/1 CFNetwork/1404.0.5 Darwin/22.3.0"
::ffff:127.0.0.1 - - [14/May/2023:07:50:22 +0000] "POST /api/v1/users/login HTTP/1.0" 200 467 "-" "Sedu/1 CFNetwork/1406.0.4 Darwin/22.4.0"
::1 - - [14/May/2023:07:50:23 +0000] "GET /api/v1/users/me? HTTP/1.0" 304 - "-" "Sedu/1 CFNetwork/1406.0.4 Darwin/22.4.0"
::ffff:127.0.0.1 - - [14/May/2023:07:50:24 +0000] "GET /api/v1/articles/645fbd68a32e8316d822dd25? HTTP/1.0" 200 3940 "-" "Sedu/1 CFNetwork/1404.0.5 Darwin/22.3.0"
::1 - - [14/May/2023:07:50:30 +0000] "GET /api/v1/users/me? HTTP/1.0" 401 283 "-" "Sedu/1 CFNetwork/1406.0.4 Darwin/22.4.0"
::ffff:127.0.0.1 - - [14/May/2023:07:51:28 +0000] "POST /api/v1/users/register HTTP/1.0" 200 461 "-" "Sedu/1 CFNetwork/1406.0.4 Darwin/22.4.0"
::1 - - [14/May/2023:07:51:29 +0000] "GET /api/v1/users/me? HTTP/1.0" 200 187 "-" "Sedu/1 CFNetwork/1406.0.4 Darwin/22.4.0"
::ffff:127.0.0.1 - - [14/May/2023:07:51:39 +0000] "GET /api/v1/users/me? HTTP/1.0" 304 - "-" "Sedu/1 CFNetwork/1406.0.4 Darwin/22.4.0"
::1 - - [14/May/2023:07:51:51 +0000] "GET /api/v1/users/logout? HTTP/1.0" 200 39 "-" "Sedu/1 CFNetwork/1406.0.4 Darwin/22.4.0"
::ffff:127.0.0.1 - - [14/May/2023:07:51:51 +0000] "GET /api/v1/users/me? HTTP/1.0" 401 283 "-" "Sedu/1 CFNetwork/1406.0.4 Darwin/22.4.0"
::1 - - [14/May/2023:07:52:49 +0000] "GET /api/v1/articles/6460657ba32e8316d822e39d? HTTP/1.0" 200 5291 "-" "Sedu/1 CFNetwork/1404.0.5 Darwin/22.3.0"
::ffff:127.0.0.1 - - [14/May/2023:07:53:02 +0000] "GET /api/v1/articles/64608634a32e8316d822e5bd? HTTP/1.0" 200 3708 "-" "Sedu/1 CFNetwork/1404.0.5 Darwin/22.3.0"
::1 - - [14/May/2023:07:55:03 +0000] "GET /api/v1/users/me? HTTP/1.0" 401 283 "-" "Sedu/1 CFNetwork/1404.0.5 Darwin/22.3.0"
::ffff:127.0.0.1 - - [14/May/2023:07:55:11 +0000] "GET /api/v1/articles/646082bca32e8316d822e594? HTTP/1.0" 200 6579 "-" "Sedu/1 CFNetwork/1404.0.5 Darwin/22.3.0"
::1 - - [14/May/2023:07:55:21 +0000] "POST /api/v1/users/register HTTP/1.0" 200 467 "-" "Sedu/1 CFNetwork/1404.0.5 Darwin/22.3.0"
::ffff:127.0.0.1 - - [14/May/2023:07:55:21 +0000] "GET /api/v1/users/me? HTTP/1.0" 200 193 "-" "Sedu/1 CFNetwork/1404.0.5 Darwin/22.3.0"
::1 - - [14/May/2023:07:55:29 +0000] "GET /api/v1/users/me? HTTP/1.0" 304 - "-" "Sedu/1 CFNetwork/1404.0.5 Darwin/22.3.0"
::ffff:127.0.0.1 - - [14/May/2023:07:55:50 +0000] "POST /api/v1/users/invoice/646093e9a32e8316d822e7ef HTTP/1.0" 200 50 "-" "Sedu/1 CFNetwork/1404.0.5 Darwin/22.3.0"
::1 - - [14/May/2023:07:55:51 +0000] "GET /api/v1/wallets/64609406a32e8316d822e7f4? HTTP/1.0" 200 16303 "-" "Sedu/1 CFNetwork/1404.0.5 Darwin/22.3.0"
::ffff:127.0.0.1 - - [14/May/2023:07:58:46 +0000] "GET /api/v1/users/me? HTTP/1.0" 304 - "-" "Sedu/1 CFNetwork/1404.0.5 Darwin/22.3.0"
::1 - - [14/May/2023:07:58:46 +0000] "GET /api/v1/articles/646082bca32e8316d822e594? HTTP/1.0" 304 - "-" "Sedu/1 CFNetwork/1404.0.5 Darwin/22.3.0"
::ffff:127.0.0.1 - - [14/May/2023:07:58:46 +0000] "GET /api/v1/ads? HTTP/1.0" 304 - "-" "Sedu/1 CFNetwork/1404.0.5 Darwin/22.3.0"
::1 - - [14/May/2023:07:58:46 +0000] "GET /api/v1/articles? HTTP/1.0" 304 - "-" "Sedu/1 CFNetwork/1404.0.5 Darwin/22.3.0"
::ffff:127.0.0.1 - - [14/May/2023:07:59:07 +0000] "GET /api/v1/users/me? HTTP/1.0" 304 - "-" "Sedu/1 CFNetwork/1406.0.4 Darwin/22.4.0"
::ffff:127.0.0.1 - - [14/May/2023:07:59:08 +0000] "GET /api/v1/ads? HTTP/1.0" 304 - "-" "Sedu/1 CFNetwork/1406.0.4 Darwin/22.4.0"
::1 - - [14/May/2023:07:59:08 +0000] "GET /api/v1/articles? HTTP/1.0" 200 387033 "-" "Sedu/1 CFNetwork/1406.0.4 Darwin/22.4.0"
::1 - - [14/May/2023:08:00:23 +0000] "GET /api/v1/users/me? HTTP/1.0" 304 - "-" "Sedu/1 CFNetwork/1404.0.5 Darwin/22.3.0"
::1 - - [14/May/2023:08:01:01 +0000] "GET /api/v1/users/me? HTTP/1.0" 304 - "-" "Sedu/1 CFNetwork/1404.0.5 Darwin/22.3.0"
::ffff:127.0.0.1 - - [14/May/2023:08:01:01 +0000] "GET /api/v1/users/me? HTTP/1.0" 304 - "-" "Sedu/1 CFNetwork/1404.0.5 Darwin/22.3.0"
::ffff:127.0.0.1 - - [14/May/2023:08:01:01 +0000] "GET /api/v1/ads? HTTP/1.0" 304 - "-" "Sedu/1 CFNetwork/1404.0.5 Darwin/22.3.0"
::1 - - [14/May/2023:08:01:01 +0000] "GET /api/v1/articles? HTTP/1.0" 304 - "-" "Sedu/1 CFNetwork/1404.0.5 Darwin/22.3.0"
::ffff:127.0.0.1 - - [14/May/2023:08:01:09 +0000] "GET /api/v1/users/logout? HTTP/1.0" 304 - "-" "Sedu/1 CFNetwork/1404.0.5 Darwin/22.3.0"
::1 - - [14/May/2023:08:01:09 +0000] "GET /api/v1/articles? HTTP/1.0" 401 283 "-" "Sedu/1 CFNetwork/1404.0.5 Darwin/22.3.0"
::ffff:127.0.0.1 - - [14/May/2023:08:01:10 +0000] "GET /api/v1/users/me? HTTP/1.0" 401 283 "-" "Sedu/1 CFNetwork/1404.0.5 Darwin/22.3.0"
::ffff:127.0.0.1 - - [14/May/2023:08:01:10 +0000] "GET /api/v1/users/me? HTTP/1.0" 401 283 "-" "Sedu/1 CFNetwork/1404.0.5 Darwin/22.3.0"
::1 - - [14/May/2023:08:01:10 +0000] "GET /api/v1/ads? HTTP/1.0" 304 - "-" "Sedu/1 CFNetwork/1404.0.5 Darwin/22.3.0"
::1 - - [14/May/2023:08:01:14 +0000] "GET /api/v1/users/me? HTTP/1.0" 401 283 "-" "Sedu/1 CFNetwork/1404.0.5 Darwin/22.3.0"
::ffff:127.0.0.1 - - [14/May/2023:08:01:55 +0000] "GET /api/v1/users/me? HTTP/1.0" 401 283 "-" "Sedu/1 CFNetwork/1406.0.4 Darwin/22.4.0"
::1 - - [14/May/2023:08:02:00 +0000] "GET /api/v1/users/me? HTTP/1.0" 304 - "-" "okhttp/4.9.2"
::ffff:127.0.0.1 - - [14/May/2023:08:02:00 +0000] "GET /api/v1/ads? HTTP/1.0" 304 - "-" "okhttp/4.9.2"
::1 - - [14/May/2023:08:02:01 +0000] "GET /api/v1/articles? HTTP/1.0" 200 387033 "-" "okhttp/4.9.2"
::1 - - [14/May/2023:08:03:54 +0000] "GET /api/v1/users/me? HTTP/1.0" 401 283 "-" "okhttp/4.9.2"
::ffff:127.0.0.1 - - [14/May/2023:08:04:02 +0000] "GET /api/v1/users/me? HTTP/1.0" 401 283 "-" "Sedu/1 CFNetwork/1404.0.5 Darwin/22.3.0"
::1 - - [14/May/2023:08:04:14 +0000] "POST /api/v1/users/register HTTP/1.0" 500 247 "-" "okhttp/4.9.2"
::ffff:127.0.0.1 - - [14/May/2023:08:04:32 +0000] "POST /api/v1/users/login HTTP/1.0" 200 500 "-" "okhttp/4.9.2"
::1 - - [14/May/2023:08:04:33 +0000] "GET /api/v1/users/me? HTTP/1.0" 304 - "-" "okhttp/4.9.2"
::ffff:127.0.0.1 - - [14/May/2023:08:07:08 +0000] "GET /api/v1/users/me? HTTP/1.0" 401 283 "-" "Sedu/1 CFNetwork/1335.0.3 Darwin/21.6.0"
::1 - - [14/May/2023:08:07:41 +0000] "POST /api/v1/users/register HTTP/1.0" 200 464 "-" "Sedu/1 CFNetwork/1335.0.3 Darwin/21.6.0"
::ffff:127.0.0.1 - - [14/May/2023:08:07:42 +0000] "GET /api/v1/users/me? HTTP/1.0" 200 190 "-" "Sedu/1 CFNetwork/1335.0.3 Darwin/21.6.0"
::1 - - [14/May/2023:08:07:45 +0000] "GET /api/v1/users/me? HTTP/1.0" 304 - "-" "Sedu/1 CFNetwork/1335.0.3 Darwin/21.6.0"
::1 - - [14/May/2023:08:07:49 +0000] "POST /api/v1/users/invoice/646096cda32e8316d822e822 HTTP/1.0" 200 50 "-" "Sedu/1 CFNetwork/1335.0.3 Darwin/21.6.0"
::ffff:127.0.0.1 - - [14/May/2023:08:07:49 +0000] "GET /api/v1/wallets/646096d5a32e8316d822e827? HTTP/1.0" 200 16048 "-" "Sedu/1 CFNetwork/1335.0.3 Darwin/21.6.0"
::1 - - [14/May/2023:08:08:28 +0000] "GET /api/v1/users/callbacks/646096cda32e8316d822e822/20000?qpay_payment_id=859055312932396 HTTP/1.0" 200 229 "-" "node-fetch/1.0 (+https://github.com/bitinn/node-fetch)"
::ffff:127.0.0.1 - - [14/May/2023:08:08:35 +0000] "GET /api/v1/users/me? HTTP/1.0" 200 229 "-" "Sedu/1 CFNetwork/1335.0.3 Darwin/21.6.0"
::1 - - [14/May/2023:08:08:35 +0000] "GET /api/v1/wallets/646096d5a32e8316d822e827? HTTP/1.0" 304 - "-" "Sedu/1 CFNetwork/1335.0.3 Darwin/21.6.0"
::ffff:127.0.0.1 - - [14/May/2023:08:08:38 +0000] "POST /api/v1/users/invoice/646096cda32e8316d822e822 HTTP/1.0" 200 50 "-" "Sedu/1 CFNetwork/1335.0.3 Darwin/21.6.0"
::1 - - [14/May/2023:08:08:38 +0000] "GET /api/v1/wallets/64609706a32e8316d822e83d? HTTP/1.0" 200 16120 "-" "Sedu/1 CFNetwork/1335.0.3 Darwin/21.6.0"
::ffff:127.0.0.1 - - [14/May/2023:08:08:44 +0000] "POST /api/v1/users/invoice/646096cda32e8316d822e822 HTTP/1.0" 200 50 "-" "Sedu/1 CFNetwork/1335.0.3 Darwin/21.6.0"
::1 - - [14/May/2023:08:08:44 +0000] "GET /api/v1/users/me? HTTP/1.0" 401 283 "-" "Sedu/1 CFNetwork/1404.0.5 Darwin/22.3.0"
::ffff:127.0.0.1 - - [14/May/2023:08:08:44 +0000] "GET /api/v1/wallets/6460970ca32e8316d822e84f? HTTP/1.0" 200 16120 "-" "Sedu/1 CFNetwork/1335.0.3 Darwin/21.6.0"
::1 - - [14/May/2023:08:08:57 +0000] "POST /api/v1/users/register HTTP/1.0" 500 249 "-" "Sedu/1 CFNetwork/1404.0.5 Darwin/22.3.0"
::ffff:127.0.0.1 - - [14/May/2023:08:09:02 +0000] "GET /api/v1/users/me? HTTP/1.0" 200 229 "-" "Sedu/1 CFNetwork/1335.0.3 Darwin/21.6.0"
::1 - - [14/May/2023:08:09:02 +0000] "GET /api/v1/articles? HTTP/1.0" 200 387033 "-" "Sedu/1 CFNetwork/1335.0.3 Darwin/21.6.0"
::ffff:127.0.0.1 - - [14/May/2023:08:09:02 +0000] "GET /api/v1/ads? HTTP/1.0" 200 633 "-" "Sedu/1 CFNetwork/1335.0.3 Darwin/21.6.0"
::ffff:127.0.0.1 - - [14/May/2023:08:09:06 +0000] "POST /api/v1/users/register HTTP/1.0" 200 464 "-" "Sedu/1 CFNetwork/1404.0.5 Darwin/22.3.0"
::1 - - [14/May/2023:08:09:07 +0000] "GET /api/v1/users/me? HTTP/1.0" 200 190 "-" "Sedu/1 CFNetwork/1404.0.5 Darwin/22.3.0"
::1 - - [14/May/2023:08:09:16 +0000] "GET /api/v1/users/logout? HTTP/1.0" 200 39 "-" "Sedu/1 CFNetwork/1404.0.5 Darwin/22.3.0"
::ffff:127.0.0.1 - - [14/May/2023:08:09:16 +0000] "GET /api/v1/users/me? HTTP/1.0" 401 283 "-" "Sedu/1 CFNetwork/1404.0.5 Darwin/22.3.0"
::1 - - [14/May/2023:08:09:18 +0000] "GET /api/v1/users/me? HTTP/1.0" 304 - "-" "Sedu/1 CFNetwork/1335.0.3 Darwin/21.6.0"
::ffff:127.0.0.1 - - [14/May/2023:08:09:28 +0000] "POST /api/v1/users/login HTTP/1.0" 200 464 "-" "Sedu/1 CFNetwork/1404.0.5 Darwin/22.3.0"
::1 - - [14/May/2023:08:09:28 +0000] "GET /api/v1/users/me? HTTP/1.0" 304 - "-" "Sedu/1 CFNetwork/1404.0.5 Darwin/22.3.0"
::ffff:127.0.0.1 - - [14/May/2023:08:09:32 +0000] "GET /api/v1/users/me? HTTP/1.0" 304 - "-" "Sedu/1 CFNetwork/1404.0.5 Darwin/22.3.0"
::1 - - [14/May/2023:08:09:36 +0000] "POST /api/v1/users/invoice/64609722a32e8316d822e867 HTTP/1.0" 200 50 "-" "Sedu/1 CFNetwork/1404.0.5 Darwin/22.3.0"
::ffff:127.0.0.1 - - [14/May/2023:08:09:36 +0000] "GET /api/v1/articles/642d59727c1330814fb76396? HTTP/1.0" 200 10524 "-" "Sedu/1 CFNetwork/1335.0.3 Darwin/21.6.0"
::1 - - [14/May/2023:08:09:36 +0000] "GET /api/v1/wallets/64609740a32e8316d822e86f? HTTP/1.0" 200 16160 "-" "Sedu/1 CFNetwork/1404.0.5 Darwin/22.3.0"
::ffff:127.0.0.1 - - [14/May/2023:08:10:39 +0000] "GET /api/v1/users/me? HTTP/1.0" 304 - "-" "Sedu/1 CFNetwork/1406.0.4 Darwin/22.4.0"
::ffff:127.0.0.1 - - [14/May/2023:08:10:39 +0000] "GET /api/v1/ads? HTTP/1.0" 304 - "-" "Sedu/1 CFNetwork/1406.0.4 Darwin/22.4.0"
::1 - - [14/May/2023:08:10:39 +0000] "GET /api/v1/articles? HTTP/1.0" 200 387033 "-" "Sedu/1 CFNetwork/1406.0.4 Darwin/22.4.0"
::1 - - [14/May/2023:08:11:12 +0000] "GET /api/v1/articles/645fcb61a32e8316d822ddc6? HTTP/1.0" 200 9167 "-" "Sedu/1 CFNetwork/1406.0.4 Darwin/22.4.0"
::ffff:127.0.0.1 - - [14/May/2023:08:12:55 +0000] "GET /api/v1/articles/6460657ba32e8316d822e39d? HTTP/1.0" 200 5291 "-" "Sedu/1 CFNetwork/1406.0.4 Darwin/22.4.0"
::1 - - [14/May/2023:08:14:00 +0000] "GET /api/v1/articles/646082bca32e8316d822e594? HTTP/1.0" 200 6579 "-" "Sedu/1 CFNetwork/1406.0.4 Darwin/22.4.0"
::ffff:127.0.0.1 - - [14/May/2023:08:15:21 +0000] "GET /api/v1/articles/64608634a32e8316d822e5bd? HTTP/1.0" 200 3708 "-" "Sedu/1 CFNetwork/1406.0.4 Darwin/22.4.0"
::1 - - [14/May/2023:08:17:34 +0000] "GET /api/v1/users/me? HTTP/1.0" 401 283 "-" "Sedu/1 CFNetwork/1390 Darwin/22.0.0"
::ffff:127.0.0.1 - - [14/May/2023:08:17:59 +0000] "GET /api/v1/articles/642d59727c1330814fb76396? HTTP/1.0" 304 - "-" "Sedu/1 CFNetwork/1335.0.3 Darwin/21.6.0"
::1 - - [14/May/2023:08:17:59 +0000] "GET /api/v1/users/me? HTTP/1.0" 304 - "-" "Sedu/1 CFNetwork/1335.0.3 Darwin/21.6.0"
::ffff:127.0.0.1 - - [14/May/2023:08:17:59 +0000] "GET /api/v1/users/me? HTTP/1.0" 304 - "-" "Sedu/1 CFNetwork/1335.0.3 Darwin/21.6.0"
::1 - - [14/May/2023:08:17:59 +0000] "GET /api/v1/ads? HTTP/1.0" 304 - "-" "Sedu/1 CFNetwork/1335.0.3 Darwin/21.6.0"
::ffff:127.0.0.1 - - [14/May/2023:08:17:59 +0000] "POST /api/v1/users/register HTTP/1.0" 200 461 "-" "Sedu/1 CFNetwork/1390 Darwin/22.0.0"
::ffff:127.0.0.1 - - [14/May/2023:08:17:59 +0000] "GET /api/v1/articles? HTTP/1.0" 304 - "-" "Sedu/1 CFNetwork/1335.0.3 Darwin/21.6.0"
::1 - - [14/May/2023:08:17:59 +0000] "GET /api/v1/users/me? HTTP/1.0" 200 187 "-" "Sedu/1 CFNetwork/1390 Darwin/22.0.0"
::1 - - [14/May/2023:08:18:10 +0000] "GET /api/v1/users/me? HTTP/1.0" 304 - "-" "okhttp/4.9.2"
::ffff:127.0.0.1 - - [14/May/2023:08:18:11 +0000] "GET /api/v1/users/me? HTTP/1.0" 304 - "-" "Sedu/1 CFNetwork/1390 Darwin/22.0.0"
::1 - - [14/May/2023:08:18:16 +0000] "GET /api/v1/articles/642e2e6d7c1330814fb7646b? HTTP/1.0" 200 1619 "-" "Sedu/1 CFNetwork/1335.0.3 Darwin/21.6.0"
::1 - - [14/May/2023:08:18:21 +0000] "GET /api/v1/users/me? HTTP/1.0" 401 283 "-" "Sedu/1 CFNetwork/1390 Darwin/22.0.0"
::ffff:127.0.0.1 - - [14/May/2023:08:18:21 +0000] "POST /api/v1/users/invoice/64609937a32e8316d822e88f HTTP/1.0" 200 50 "-" "Sedu/1 CFNetwork/1390 Darwin/22.0.0"
::ffff:127.0.0.1 - - [14/May/2023:08:18:21 +0000] "GET /api/v1/wallets/6460994da32e8316d822e898? HTTP/1.0" 200 16121 "-" "Sedu/1 CFNetwork/1390 Darwin/22.0.0"
::1 - - [14/May/2023:08:19:21 +0000] "GET /api/v1/articles/642e38d27c1330814fb764c0? HTTP/1.0" 200 2965 "-" "Sedu/1 CFNetwork/1335.0.3 Darwin/21.6.0"
::ffff:127.0.0.1 - - [14/May/2023:08:19:44 +0000] "GET /api/v1/articles/6460657ba32e8316d822e39d? HTTP/1.0" 200 5291 "-" "Sedu/1 CFNetwork/1335.0.3 Darwin/21.6.0"
::1 - - [14/May/2023:08:19:47 +0000] "GET /api/v1/users/me? HTTP/1.0" 304 - "-" "Sedu/1 CFNetwork/1331.0.7 Darwin/21.4.0"
::ffff:127.0.0.1 - - [14/May/2023:08:19:47 +0000] "GET /api/v1/articles? HTTP/1.0" 200 387033 "-" "Sedu/1 CFNetwork/1331.0.7 Darwin/21.4.0"
::1 - - [14/May/2023:08:19:47 +0000] "GET /api/v1/ads? HTTP/1.0" 304 - "-" "Sedu/1 CFNetwork/1331.0.7 Darwin/21.4.0"
::1 - - [14/May/2023:08:19:55 +0000] "GET /api/v1/users/me? HTTP/1.0" 200 226 "-" "Sedu/1 CFNetwork/1390 Darwin/22.0.0"
::ffff:127.0.0.1 - - [14/May/2023:08:19:55 +0000] "GET /api/v1/wallets/6460994da32e8316d822e898? HTTP/1.0" 304 - "-" "Sedu/1 CFNetwork/1390 Darwin/22.0.0"
::ffff:127.0.0.1 - - [14/May/2023:08:19:58 +0000] "GET /api/v1/users/logout? HTTP/1.0" 200 39 "-" "Sedu/1 CFNetwork/1390 Darwin/22.0.0"
::1 - - [14/May/2023:08:19:58 +0000] "GET /api/v1/users/me? HTTP/1.0" 401 283 "-" "Sedu/1 CFNetwork/1390 Darwin/22.0.0"
::ffff:127.0.0.1 - - [14/May/2023:08:20:12 +0000] "POST /api/v1/users/login HTTP/1.0" 401 123 "-" "Sedu/1 CFNetwork/1390 Darwin/22.0.0"
::ffff:127.0.0.1 - - [14/May/2023:08:20:21 +0000] "POST /api/v1/users/login HTTP/1.0" 401 123 "-" "Sedu/1 CFNetwork/1390 Darwin/22.0.0"
::1 - - [14/May/2023:08:20:22 +0000] "POST /api/v1/users/login HTTP/1.0" 401 123 "-" "Sedu/1 CFNetwork/1390 Darwin/22.0.0"
::ffff:127.0.0.1 - - [14/May/2023:08:20:39 +0000] "POST /api/v1/users/register HTTP/1.0" 200 461 "-" "Sedu/1 CFNetwork/1390 Darwin/22.0.0"
::1 - - [14/May/2023:08:20:39 +0000] "GET /api/v1/users/me? HTTP/1.0" 200 187 "-" "Sedu/1 CFNetwork/1390 Darwin/22.0.0"
::ffff:127.0.0.1 - - [14/May/2023:08:20:42 +0000] "GET /api/v1/users/logout? HTTP/1.0" 304 - "-" "Sedu/1 CFNetwork/1390 Darwin/22.0.0"
::1 - - [14/May/2023:08:20:42 +0000] "GET /api/v1/users/me? HTTP/1.0" 401 283 "-" "Sedu/1 CFNetwork/1390 Darwin/22.0.0"
::ffff:127.0.0.1 - - [14/May/2023:08:20:51 +0000] "POST /api/v1/users/login HTTP/1.0" 200 461 "-" "Sedu/1 CFNetwork/1390 Darwin/22.0.0"
::1 - - [14/May/2023:08:20:51 +0000] "GET /api/v1/users/me? HTTP/1.0" 304 - "-" "Sedu/1 CFNetwork/1390 Darwin/22.0.0"
::ffff:127.0.0.1 - - [14/May/2023:08:20:57 +0000] "GET /api/v1/users/logout? HTTP/1.0" 304 - "-" "Sedu/1 CFNetwork/1390 Darwin/22.0.0"
::1 - - [14/May/2023:08:20:57 +0000] "GET /api/v1/users/me? HTTP/1.0" 401 283 "-" "Sedu/1 CFNetwork/1390 Darwin/22.0.0"
::1 - - [14/May/2023:08:20:58 +0000] "GET /api/v1/users/me? HTTP/1.0" 304 - "-" "Sedu/1 CFNetwork/1331.0.7 Darwin/21.4.0"
::ffff:127.0.0.1 - - [14/May/2023:08:20:58 +0000] "GET /api/v1/ads? HTTP/1.0" 304 - "-" "Sedu/1 CFNetwork/1331.0.7 Darwin/21.4.0"
::1 - - [14/May/2023:08:20:59 +0000] "GET /api/v1/articles? HTTP/1.0" 304 - "-" "Sedu/1 CFNetwork/1331.0.7 Darwin/21.4.0"
::1 - - [14/May/2023:08:21:02 +0000] "GET /api/v1/users/me? HTTP/1.0" 401 283 "-" "Sedu/1 CFNetwork/1390 Darwin/22.0.0"
::ffff:127.0.0.1 - - [14/May/2023:08:21:07 +0000] "GET /api/v1/articles/642d4efb7c1330814fb762cf? HTTP/1.0" 200 10100 "-" "Sedu/1 CFNetwork/1331.0.7 Darwin/21.4.0"
::1 - - [14/May/2023:08:21:19 +0000] "POST /api/v1/users/register HTTP/1.0" 500 247 "-" "Sedu/1 CFNetwork/1390 Darwin/22.0.0"
::ffff:127.0.0.1 - - [14/May/2023:08:21:32 +0000] "POST /api/v1/users/login HTTP/1.0" 200 461 "-" "Sedu/1 CFNetwork/1390 Darwin/22.0.0"
::1 - - [14/May/2023:08:21:32 +0000] "GET /api/v1/users/me? HTTP/1.0" 304 - "-" "Sedu/1 CFNetwork/1390 Darwin/22.0.0"
::ffff:127.0.0.1 - - [14/May/2023:08:21:34 +0000] "GET /api/v1/users/logout? HTTP/1.0" 304 - "-" "Sedu/1 CFNetwork/1390 Darwin/22.0.0"
::1 - - [14/May/2023:08:21:34 +0000] "GET /api/v1/users/me? HTTP/1.0" 304 - "-" "okhttp/4.9.2"
::ffff:127.0.0.1 - - [14/May/2023:08:21:34 +0000] "GET /api/v1/users/me? HTTP/1.0" 401 283 "-" "Sedu/1 CFNetwork/1390 Darwin/22.0.0"
::ffff:127.0.0.1 - - [14/May/2023:08:21:34 +0000] "GET /api/v1/ads? HTTP/1.0" 304 - "-" "okhttp/4.9.2"
::1 - - [14/May/2023:08:21:34 +0000] "GET /api/v1/articles? HTTP/1.0" 200 387033 "-" "okhttp/4.9.2"
::ffff:127.0.0.1 - - [14/May/2023:08:21:38 +0000] "GET /api/v1/users/me? HTTP/1.0" 304 - "-" "okhttp/4.9.2"
::ffff:127.0.0.1 - - [14/May/2023:08:21:47 +0000] "POST /api/v1/users/login HTTP/1.0" 200 461 "-" "Sedu/1 CFNetwork/1390 Darwin/22.0.0"
::1 - - [14/May/2023:08:21:47 +0000] "GET /api/v1/users/me? HTTP/1.0" 304 - "-" "Sedu/1 CFNetwork/1390 Darwin/22.0.0"
::ffff:127.0.0.1 - - [14/May/2023:08:22:04 +0000] "GET /api/v1/users/me? HTTP/1.0" 304 - "-" "Sedu/1 CFNetwork/1390 Darwin/22.0.0"
::1 - - [14/May/2023:08:22:04 +0000] "GET /api/v1/articles/645fbd68a32e8316d822dd25? HTTP/1.0" 200 3940 "-" "okhttp/4.9.2"
::ffff:127.0.0.1 - - [14/May/2023:08:22:06 +0000] "POST /api/v1/users/invoice/646099d7a32e8316d822e8b5 HTTP/1.0" 200 50 "-" "Sedu/1 CFNetwork/1390 Darwin/22.0.0"
::1 - - [14/May/2023:08:22:06 +0000] "GET /api/v1/wallets/64609a2ea32e8316d822e8cf? HTTP/1.0" 200 16237 "-" "Sedu/1 CFNetwork/1390 Darwin/22.0.0"
::ffff:127.0.0.1 - - [14/May/2023:08:22:24 +0000] "GET /api/v1/users/callbacks/646099d7a32e8316d822e8b5/20000?qpay_payment_id=890519136285011 HTTP/1.0" 200 226 "-" "node-fetch/1.0 (+https://github.com/bitinn/node-fetch)"
::1 - - [14/May/2023:08:22:27 +0000] "GET /api/v1/users/me? HTTP/1.0" 200 226 "-" "Sedu/1 CFNetwork/1390 Darwin/22.0.0"
::ffff:127.0.0.1 - - [14/May/2023:08:22:27 +0000] "GET /api/v1/wallets/64609a2ea32e8316d822e8cf? HTTP/1.0" 304 - "-" "Sedu/1 CFNetwork/1390 Darwin/22.0.0"
::1 - - [14/May/2023:08:22:31 +0000] "POST /api/v1/users/invoice/646099d7a32e8316d822e8b5 HTTP/1.0" 200 50 "-" "Sedu/1 CFNetwork/1390 Darwin/22.0.0"
::ffff:127.0.0.1 - - [14/May/2023:08:22:31 +0000] "GET /api/v1/wallets/64609a46a32e8316d822e8e5? HTTP/1.0" 200 16132 "-" "Sedu/1 CFNetwork/1390 Darwin/22.0.0"
::1 - - [14/May/2023:08:22:36 +0000] "GET /api/v1/users/logout? HTTP/1.0" 304 - "-" "Sedu/1 CFNetwork/1390 Darwin/22.0.0"
::ffff:127.0.0.1 - - [14/May/2023:08:22:37 +0000] "GET /api/v1/users/me? HTTP/1.0" 401 283 "-" "Sedu/1 CFNetwork/1390 Darwin/22.0.0"
::1 - - [14/May/2023:08:22:38 +0000] "GET /api/v1/users/me? HTTP/1.0" 304 - "-" "okhttp/4.9.2"
::ffff:127.0.0.1 - - [14/May/2023:08:22:38 +0000] "GET /api/v1/ads? HTTP/1.0" 304 - "-" "okhttp/4.9.2"
::1 - - [14/May/2023:08:22:38 +0000] "GET /api/v1/users/me? HTTP/1.0" 304 - "-" "okhttp/4.9.2"
::ffff:127.0.0.1 - - [14/May/2023:08:22:38 +0000] "GET /api/v1/articles/645fbd68a32e8316d822dd25? HTTP/1.0" 304 - "-" "okhttp/4.9.2"
::1 - - [14/May/2023:08:22:38 +0000] "GET /api/v1/articles? HTTP/1.0" 304 - "-" "okhttp/4.9.2"
::ffff:127.0.0.1 - - [14/May/2023:08:22:45 +0000] "POST /api/v1/users/login HTTP/1.0" 200 500 "-" "Sedu/1 CFNetwork/1390 Darwin/22.0.0"
::1 - - [14/May/2023:08:22:45 +0000] "GET /api/v1/users/me? HTTP/1.0" 200 226 "-" "Sedu/1 CFNetwork/1390 Darwin/22.0.0"
::1 - - [14/May/2023:08:22:45 +0000] "GET /api/v1/ads? HTTP/1.0" 200 633 "-" "Sedu/1 CFNetwork/1390 Darwin/22.0.0"
::ffff:127.0.0.1 - - [14/May/2023:08:22:46 +0000] "GET /api/v1/articles? HTTP/1.0" 200 387033 "-" "Sedu/1 CFNetwork/1390 Darwin/22.0.0"
::1 - - [14/May/2023:08:22:48 +0000] "GET /api/v1/users/me? HTTP/1.0" 304 - "-" "Sedu/1 CFNetwork/1331.0.7 Darwin/21.4.0"
::ffff:127.0.0.1 - - [14/May/2023:08:22:48 +0000] "GET /api/v1/ads? HTTP/1.0" 304 - "-" "Sedu/1 CFNetwork/1331.0.7 Darwin/21.4.0"
::ffff:127.0.0.1 - - [14/May/2023:08:22:48 +0000] "GET /api/v1/articles? HTTP/1.0" 304 - "-" "Sedu/1 CFNetwork/1331.0.7 Darwin/21.4.0"
::ffff:127.0.0.1 - - [14/May/2023:08:22:58 +0000] "GET /api/v1/articles/642d55bf7c1330814fb76345? HTTP/1.0" 200 17955 "-" "Sedu/1 CFNetwork/1390 Darwin/22.0.0"
::1 - - [14/May/2023:08:24:00 +0000] "GET /api/v1/users/me? HTTP/1.0" 304 - "-" "Sedu/1 CFNetwork/1331.0.7 Darwin/21.4.0"
::ffff:127.0.0.1 - - [14/May/2023:08:24:00 +0000] "GET /api/v1/ads? HTTP/1.0" 304 - "-" "Sedu/1 CFNetwork/1331.0.7 Darwin/21.4.0"
::1 - - [14/May/2023:08:24:00 +0000] "GET /api/v1/articles? HTTP/1.0" 304 - "-" "Sedu/1 CFNetwork/1331.0.7 Darwin/21.4.0"
::ffff:127.0.0.1 - - [14/May/2023:08:24:38 +0000] "GET /.well-known/acme-challenge/Y1QAK_30MOGJ1S8FUMBBSCF71HEBG7T7 HTTP/1.0" 404 198 "-" "Cpanel-HTTP-Client/1.0"
::1 - - [14/May/2023:08:25:54 +0000] "GET /api/v1/users/me? HTTP/1.0" 401 283 "-" "Sedu/1 CFNetwork/1406.0.4 Darwin/22.4.0"
::ffff:127.0.0.1 - - [14/May/2023:08:26:01 +0000] "GET /api/v1/users/me? HTTP/1.0" 401 283 "-" "Sedu/1 CFNetwork/1406.0.4 Darwin/22.4.0"
::1 - - [14/May/2023:08:26:24 +0000] "POST /api/v1/users/register HTTP/1.0" 200 467 "-" "Sedu/1 CFNetwork/1406.0.4 Darwin/22.4.0"
::ffff:127.0.0.1 - - [14/May/2023:08:26:24 +0000] "GET /api/v1/users/me? HTTP/1.0" 200 193 "-" "Sedu/1 CFNetwork/1406.0.4 Darwin/22.4.0"
::1 - - [14/May/2023:08:26:28 +0000] "GET /api/v1/users/me? HTTP/1.0" 401 283 "-" "Sedu/1 CFNetwork/1406.0.4 Darwin/22.4.0"
::ffff:127.0.0.1 - - [14/May/2023:08:26:33 +0000] "GET /api/v1/users/me? HTTP/1.0" 304 - "-" "Sedu/1 CFNetwork/1406.0.4 Darwin/22.4.0"
::1 - - [14/May/2023:08:26:42 +0000] "POST /api/v1/users/invoice/64609b30a32e8316d822e90f HTTP/1.0" 200 50 "-" "Sedu/1 CFNetwork/1406.0.4 Darwin/22.4.0"
::ffff:127.0.0.1 - - [14/May/2023:08:26:42 +0000] "GET /api/v1/wallets/64609b42a32e8316d822e914? HTTP/1.0" 200 16318 "-" "Sedu/1 CFNetwork/1406.0.4 Darwin/22.4.0"
::ffff:127.0.0.1 - - [14/May/2023:08:27:02 +0000] "GET /api/v1/users/me? HTTP/1.0" 304 - "-" "Sedu/1 CFNetwork/1331.0.7 Darwin/21.4.0"
::1 - - [14/May/2023:08:27:02 +0000] "GET /api/v1/ads? HTTP/1.0" 304 - "-" "Sedu/1 CFNetwork/1331.0.7 Darwin/21.4.0"
::ffff:127.0.0.1 - - [14/May/2023:08:27:02 +0000] "GET /api/v1/articles? HTTP/1.0" 304 - "-" "Sedu/1 CFNetwork/1331.0.7 Darwin/21.4.0"
::1 - - [14/May/2023:08:27:09 +0000] "GET /api/v1/articles/642e321a7c1330814fb7648b? HTTP/1.0" 304 - "-" "Sedu/1 CFNetwork/1331.0.7 Darwin/21.4.0"
::ffff:127.0.0.1 - - [14/May/2023:08:27:25 +0000] "GET /api/v1/articles/642e35cf7c1330814fb7649d? HTTP/1.0" 200 6713 "-" "Sedu/1 CFNetwork/1331.0.7 Darwin/21.4.0"
::ffff:127.0.0.1 - - [14/May/2023:08:28:11 +0000] "GET /api/v1/articles/642d55507c1330814fb76325? HTTP/1.0" 200 3410 "-" "Sedu/1 CFNetwork/1390 Darwin/22.0.0"
::ffff:127.0.0.1 - - [14/May/2023:08:28:30 +0000] "GET /api/v1/articles/642d76ab7c1330814fb763c4? HTTP/1.0" 304 - "-" "Sedu/1 CFNetwork/1331.0.7 Darwin/21.4.0"
::ffff:127.0.0.1 - - [14/May/2023:08:28:30 +0000] "GET /api/v1/users/me? HTTP/1.0" 304 - "-" "Sedu/1 CFNetwork/1331.0.7 Darwin/21.4.0"
::1 - - [14/May/2023:08:28:30 +0000] "GET /api/v1/ads? HTTP/1.0" 304 - "-" "Sedu/1 CFNetwork/1331.0.7 Darwin/21.4.0"
::1 - - [14/May/2023:08:28:30 +0000] "GET /api/v1/articles? HTTP/1.0" 304 - "-" "Sedu/1 CFNetwork/1331.0.7 Darwin/21.4.0"
::ffff:127.0.0.1 - - [14/May/2023:08:29:40 +0000] "GET /api/v1/articles? HTTP/1.0" 304 - "-" "Sedu/1 CFNetwork/1331.0.7 Darwin/21.4.0"
::1 - - [14/May/2023:08:29:40 +0000] "GET /api/v1/ads? HTTP/1.0" 304 - "-" "Sedu/1 CFNetwork/1331.0.7 Darwin/21.4.0"
::ffff:127.0.0.1 - - [14/May/2023:08:29:40 +0000] "GET /api/v1/users/me? HTTP/1.0" 304 - "-" "Sedu/1 CFNetwork/1331.0.7 Darwin/21.4.0"
::ffff:127.0.0.1 - - [14/May/2023:08:30:04 +0000] "GET /api/v1/articles/642d7b217c1330814fb76434? HTTP/1.0" 200 4133 "-" "Sedu/1 CFNetwork/1390 Darwin/22.0.0"
::ffff:127.0.0.1 - - [14/May/2023:08:30:39 +0000] "GET /api/v1/users/me? HTTP/1.0" 304 - "-" "Sedu/1 CFNetwork/1331.0.7 Darwin/21.4.0"
::1 - - [14/May/2023:08:30:39 +0000] "GET /api/v1/ads? HTTP/1.0" 304 - "-" "Sedu/1 CFNetwork/1331.0.7 Darwin/21.4.0"
::1 - - [14/May/2023:08:30:39 +0000] "GET /api/v1/articles? HTTP/1.0" 304 - "-" "Sedu/1 CFNetwork/1331.0.7 Darwin/21.4.0"
::1 - - [14/May/2023:08:31:00 +0000] "GET /api/v1/articles/6460657ba32e8316d822e39d? HTTP/1.0" 200 5291 "-" "Sedu/1 CFNetwork/1331.0.7 Darwin/21.4.0"
::1 - - [14/May/2023:08:31:20 +0000] "GET /api/v1/users/me? HTTP/1.0" 304 - "-" "Sedu/1 CFNetwork/1390 Darwin/22.0.0"
::ffff:127.0.0.1 - - [14/May/2023:08:31:20 +0000] "GET /api/v1/articles/642d7b217c1330814fb76434? HTTP/1.0" 304 - "-" "Sedu/1 CFNetwork/1390 Darwin/22.0.0"
::ffff:127.0.0.1 - - [14/May/2023:08:31:20 +0000] "GET /api/v1/ads? HTTP/1.0" 304 - "-" "Sedu/1 CFNetwork/1390 Darwin/22.0.0"
::ffff:127.0.0.1 - - [14/May/2023:08:31:20 +0000] "GET /api/v1/articles? HTTP/1.0" 304 - "-" "Sedu/1 CFNetwork/1390 Darwin/22.0.0"
::ffff:127.0.0.1 - - [14/May/2023:08:31:37 +0000] "GET /api/v1/articles/642e31907c1330814fb7647d? HTTP/1.0" 200 3070 "-" "Sedu/1 CFNetwork/1390 Darwin/22.0.0"
::1 - - [14/May/2023:08:32:44 +0000] "GET /api/v1/users/me? HTTP/1.0" 304 - "-" "Sedu/1 CFNetwork/1331.0.7 Darwin/21.4.0"
::ffff:127.0.0.1 - - [14/May/2023:08:32:44 +0000] "GET /api/v1/articles/6460657ba32e8316d822e39d? HTTP/1.0" 304 - "-" "Sedu/1 CFNetwork/1331.0.7 Darwin/21.4.0"
::ffff:127.0.0.1 - - [14/May/2023:08:32:44 +0000] "GET /api/v1/ads? HTTP/1.0" 304 - "-" "Sedu/1 CFNetwork/1331.0.7 Darwin/21.4.0"
::1 - - [14/May/2023:08:32:44 +0000] "GET /api/v1/articles? HTTP/1.0" 304 - "-" "Sedu/1 CFNetwork/1331.0.7 Darwin/21.4.0"
::1 - - [14/May/2023:08:33:32 +0000] "GET /api/v1/users/me? HTTP/1.0" 304 - "-" "Sedu/1 CFNetwork/1390 Darwin/22.0.0"
::ffff:127.0.0.1 - - [14/May/2023:08:33:32 +0000] "GET /api/v1/articles/642e31907c1330814fb7647d? HTTP/1.0" 304 - "-" "Sedu/1 CFNetwork/1390 Darwin/22.0.0"
::ffff:127.0.0.1 - - [14/May/2023:08:33:32 +0000] "GET /api/v1/ads? HTTP/1.0" 304 - "-" "Sedu/1 CFNetwork/1390 Darwin/22.0.0"
::1 - - [14/May/2023:08:33:32 +0000] "GET /api/v1/articles? HTTP/1.0" 304 - "-" "Sedu/1 CFNetwork/1390 Darwin/22.0.0"
::1 - - [14/May/2023:08:34:07 +0000] "POST / HTTP/1.0" 404 140 "-" "Mozilla/5.0 (X11; Linux x86_64) AppleWebKit/537.36 (KHTML, like Gecko) Chrome/81.0.4044.129 Safari/537.36"
::ffff:127.0.0.1 - - [14/May/2023:08:34:07 +0000] "GET /.env HTTP/1.0" 404 143 "-" "Mozilla/5.0 (X11; Linux x86_64) AppleWebKit/537.36 (KHTML, like Gecko) Chrome/81.0.4044.129 Safari/537.36"
::ffff:127.0.0.1 - - [14/May/2023:08:34:29 +0000] "GET /api/v1/users/me? HTTP/1.0" 304 - "-" "Sedu/1 CFNetwork/1331.0.7 Darwin/21.4.0"
::1 - - [14/May/2023:08:34:29 +0000] "GET /api/v1/articles/6460657ba32e8316d822e39d? HTTP/1.0" 304 - "-" "Sedu/1 CFNetwork/1331.0.7 Darwin/21.4.0"
::1 - - [14/May/2023:08:34:29 +0000] "GET /api/v1/ads? HTTP/1.0" 304 - "-" "Sedu/1 CFNetwork/1331.0.7 Darwin/21.4.0"
::ffff:127.0.0.1 - - [14/May/2023:08:34:29 +0000] "GET /api/v1/articles? HTTP/1.0" 304 - "-" "Sedu/1 CFNetwork/1331.0.7 Darwin/21.4.0"
::ffff:127.0.0.1 - - [14/May/2023:08:34:38 +0000] "GET /api/v1/users/me? HTTP/1.0" 304 - "-" "Sedu/1 CFNetwork/1331.0.7 Darwin/21.4.0"
::1 - - [14/May/2023:08:34:51 +0000] "GET /api/v1/articles/645fcb61a32e8316d822ddc6? HTTP/1.0" 200 9167 "-" "Sedu/1 CFNetwork/1331.0.7 Darwin/21.4.0"
::ffff:127.0.0.1 - - [14/May/2023:08:34:55 +0000] "GET /api/v1/users/me? HTTP/1.0" 304 - "-" "Sedu/1 CFNetwork/1331.0.7 Darwin/21.4.0"
::ffff:127.0.0.1 - - [14/May/2023:08:34:55 +0000] "GET /api/v1/users/me? HTTP/1.0" 304 - "-" "Sedu/1 CFNetwork/1331.0.7 Darwin/21.4.0"
::1 - - [14/May/2023:08:34:55 +0000] "GET /api/v1/articles/645fcb61a32e8316d822ddc6? HTTP/1.0" 304 - "-" "Sedu/1 CFNetwork/1331.0.7 Darwin/21.4.0"
::1 - - [14/May/2023:08:34:55 +0000] "GET /api/v1/ads? HTTP/1.0" 304 - "-" "Sedu/1 CFNetwork/1331.0.7 Darwin/21.4.0"
::1 - - [14/May/2023:08:34:55 +0000] "GET /api/v1/articles? HTTP/1.0" 304 - "-" "Sedu/1 CFNetwork/1331.0.7 Darwin/21.4.0"
::ffff:127.0.0.1 - - [14/May/2023:08:35:33 +0000] "GET /api/v1/users/me? HTTP/1.0" 304 - "-" "Sedu/1 CFNetwork/1331.0.7 Darwin/21.4.0"
::1 - - [14/May/2023:08:35:33 +0000] "GET /api/v1/articles/645fcb61a32e8316d822ddc6? HTTP/1.0" 304 - "-" "Sedu/1 CFNetwork/1331.0.7 Darwin/21.4.0"
::ffff:127.0.0.1 - - [14/May/2023:08:35:33 +0000] "GET /api/v1/users/me? HTTP/1.0" 304 - "-" "Sedu/1 CFNetwork/1331.0.7 Darwin/21.4.0"
::1 - - [14/May/2023:08:35:33 +0000] "GET /api/v1/ads? HTTP/1.0" 304 - "-" "Sedu/1 CFNetwork/1331.0.7 Darwin/21.4.0"
::ffff:127.0.0.1 - - [14/May/2023:08:35:33 +0000] "GET /api/v1/articles? HTTP/1.0" 304 - "-" "Sedu/1 CFNetwork/1331.0.7 Darwin/21.4.0"
::ffff:127.0.0.1 - - [14/May/2023:08:36:23 +0000] "GET /api/v1/users/me? HTTP/1.0" 304 - "-" "Sedu/1 CFNetwork/1331.0.7 Darwin/21.4.0"
::1 - - [14/May/2023:08:36:23 +0000] "GET /api/v1/users/me? HTTP/1.0" 304 - "-" "Sedu/1 CFNetwork/1331.0.7 Darwin/21.4.0"
::1 - - [14/May/2023:08:36:23 +0000] "GET /api/v1/ads? HTTP/1.0" 304 - "-" "Sedu/1 CFNetwork/1331.0.7 Darwin/21.4.0"
::1 - - [14/May/2023:08:36:23 +0000] "GET /api/v1/articles/645fcb61a32e8316d822ddc6? HTTP/1.0" 304 - "-" "Sedu/1 CFNetwork/1331.0.7 Darwin/21.4.0"
::ffff:127.0.0.1 - - [14/May/2023:08:36:23 +0000] "GET /api/v1/articles? HTTP/1.0" 304 - "-" "Sedu/1 CFNetwork/1331.0.7 Darwin/21.4.0"
::ffff:127.0.0.1 - - [14/May/2023:08:38:34 +0000] "GET /api/v1/users/me? HTTP/1.0" 304 - "-" "Sedu/1 CFNetwork/1331.0.7 Darwin/21.4.0"
::1 - - [14/May/2023:08:38:34 +0000] "GET /api/v1/users/me? HTTP/1.0" 304 - "-" "Sedu/1 CFNetwork/1331.0.7 Darwin/21.4.0"
::1 - - [14/May/2023:08:38:34 +0000] "GET /api/v1/ads? HTTP/1.0" 304 - "-" "Sedu/1 CFNetwork/1331.0.7 Darwin/21.4.0"
::ffff:127.0.0.1 - - [14/May/2023:08:38:34 +0000] "GET /api/v1/articles? HTTP/1.0" 304 - "-" "Sedu/1 CFNetwork/1331.0.7 Darwin/21.4.0"
::1 - - [14/May/2023:08:38:39 +0000] "GET /api/v1/articles/6459d34ca32e8316d8228b17? HTTP/1.0" 200 9114 "-" "Sedu/1 CFNetwork/1331.0.7 Darwin/21.4.0"
::ffff:127.0.0.1 - - [14/May/2023:08:39:11 +0000] "GET /api/v1/articles/6459d34ca32e8316d8228b17? HTTP/1.0" 304 - "-" "Sedu/1 CFNetwork/1331.0.7 Darwin/21.4.0"
::1 - - [14/May/2023:08:39:11 +0000] "GET /api/v1/users/me? HTTP/1.0" 304 - "-" "Sedu/1 CFNetwork/1331.0.7 Darwin/21.4.0"
::ffff:127.0.0.1 - - [14/May/2023:08:39:11 +0000] "GET /api/v1/users/me? HTTP/1.0" 304 - "-" "Sedu/1 CFNetwork/1331.0.7 Darwin/21.4.0"
::1 - - [14/May/2023:08:39:11 +0000] "GET /api/v1/ads? HTTP/1.0" 304 - "-" "Sedu/1 CFNetwork/1331.0.7 Darwin/21.4.0"
::ffff:127.0.0.1 - - [14/May/2023:08:39:12 +0000] "GET /api/v1/articles? HTTP/1.0" 304 - "-" "Sedu/1 CFNetwork/1331.0.7 Darwin/21.4.0"
::1 - - [14/May/2023:08:39:59 +0000] "GET /api/v1/users/me? HTTP/1.0" 304 - "-" "Sedu/1 CFNetwork/1331.0.7 Darwin/21.4.0"
::ffff:127.0.0.1 - - [14/May/2023:08:39:59 +0000] "GET /api/v1/articles/64532f9ea4c26797f426b446? HTTP/1.0" 200 5671 "-" "Sedu/1 CFNetwork/1331.0.7 Darwin/21.4.0"
::ffff:127.0.0.1 - - [14/May/2023:08:39:59 +0000] "GET /api/v1/users/me? HTTP/1.0" 304 - "-" "Sedu/1 CFNetwork/1331.0.7 Darwin/21.4.0"
::1 - - [14/May/2023:08:39:59 +0000] "GET /api/v1/ads? HTTP/1.0" 304 - "-" "Sedu/1 CFNetwork/1331.0.7 Darwin/21.4.0"
::ffff:127.0.0.1 - - [14/May/2023:08:39:59 +0000] "GET /api/v1/articles? HTTP/1.0" 304 - "-" "Sedu/1 CFNetwork/1331.0.7 Darwin/21.4.0"
::1 - - [14/May/2023:08:41:50 +0000] "GET /api/v1/articles/64532c84a4c26797f426b3e2? HTTP/1.0" 200 2825 "-" "Sedu/1 CFNetwork/1331.0.7 Darwin/21.4.0"
::1 - - [14/May/2023:08:42:27 +0000] "GET /api/v1/articles/642e44a97c1330814fb764fe? HTTP/1.0" 200 8047 "-" "Sedu/1 CFNetwork/1331.0.7 Darwin/21.4.0"
::ffff:127.0.0.1 - - [14/May/2023:08:42:28 +0000] "GET /api/v1/users/me? HTTP/1.0" 304 - "-" "Sedu/1 CFNetwork/1331.0.7 Darwin/21.4.0"
::1 - - [14/May/2023:08:42:28 +0000] "GET /api/v1/users/me? HTTP/1.0" 304 - "-" "Sedu/1 CFNetwork/1331.0.7 Darwin/21.4.0"
::1 - - [14/May/2023:08:42:28 +0000] "GET /api/v1/ads? HTTP/1.0" 304 - "-" "Sedu/1 CFNetwork/1331.0.7 Darwin/21.4.0"
::ffff:127.0.0.1 - - [14/May/2023:08:42:28 +0000] "GET /api/v1/articles? HTTP/1.0" 304 - "-" "Sedu/1 CFNetwork/1331.0.7 Darwin/21.4.0"
::ffff:127.0.0.1 - - [14/May/2023:08:43:18 +0000] "GET /api/v1/articles/642e38807c1330814fb764b7? HTTP/1.0" 200 2547 "-" "Sedu/1 CFNetwork/1331.0.7 Darwin/21.4.0"
::ffff:127.0.0.1 - - [14/May/2023:08:43:55 +0000] "GET /api/v1/articles/642e36c67c1330814fb764a6? HTTP/1.0" 200 6465 "-" "Sedu/1 CFNetwork/1331.0.7 Darwin/21.4.0"
::ffff:127.0.0.1 - - [14/May/2023:08:44:28 +0000] "GET /api/v1/articles/642e34977c1330814fb76494? HTTP/1.0" 200 24416 "-" "Sedu/1 CFNetwork/1331.0.7 Darwin/21.4.0"
::1 - - [14/May/2023:08:44:57 +0000] "GET /api/v1/users/me? HTTP/1.0" 304 - "-" "Sedu/1 CFNetwork/1331.0.7 Darwin/21.4.0"
::1 - - [14/May/2023:08:44:57 +0000] "GET /api/v1/users/me? HTTP/1.0" 304 - "-" "Sedu/1 CFNetwork/1331.0.7 Darwin/21.4.0"
::ffff:127.0.0.1 - - [14/May/2023:08:44:57 +0000] "GET /api/v1/articles/642e34977c1330814fb76494? HTTP/1.0" 200 24416 "-" "Sedu/1 CFNetwork/1331.0.7 Darwin/21.4.0"
::1 - - [14/May/2023:08:44:57 +0000] "GET /api/v1/ads? HTTP/1.0" 304 - "-" "Sedu/1 CFNetwork/1331.0.7 Darwin/21.4.0"
::ffff:127.0.0.1 - - [14/May/2023:08:44:57 +0000] "GET /api/v1/articles? HTTP/1.0" 304 - "-" "Sedu/1 CFNetwork/1331.0.7 Darwin/21.4.0"
::ffff:127.0.0.1 - - [14/May/2023:08:45:18 +0000] "GET /api/v1/articles/642e321a7c1330814fb7648b? HTTP/1.0" 304 - "-" "Sedu/1 CFNetwork/1331.0.7 Darwin/21.4.0"
::ffff:127.0.0.1 - - [14/May/2023:08:46:25 +0000] "GET /api/v1/articles/642e321a7c1330814fb7648b? HTTP/1.0" 304 - "-" "Sedu/1 CFNetwork/1331.0.7 Darwin/21.4.0"
::1 - - [14/May/2023:08:46:25 +0000] "GET /api/v1/users/me? HTTP/1.0" 304 - "-" "Sedu/1 CFNetwork/1331.0.7 Darwin/21.4.0"
::ffff:127.0.0.1 - - [14/May/2023:08:46:25 +0000] "GET /api/v1/users/me? HTTP/1.0" 304 - "-" "Sedu/1 CFNetwork/1331.0.7 Darwin/21.4.0"
::ffff:127.0.0.1 - - [14/May/2023:08:46:25 +0000] "GET /api/v1/ads? HTTP/1.0" 304 - "-" "Sedu/1 CFNetwork/1331.0.7 Darwin/21.4.0"
::1 - - [14/May/2023:08:46:26 +0000] "GET /api/v1/articles? HTTP/1.0" 304 - "-" "Sedu/1 CFNetwork/1331.0.7 Darwin/21.4.0"
::1 - - [14/May/2023:08:46:52 +0000] "GET /api/v1/users/me? HTTP/1.0" 304 - "-" "Sedu/1 CFNetwork/1404.0.5 Darwin/22.3.0"
::1 - - [14/May/2023:08:47:30 +0000] "GET /api/v1/users/me? HTTP/1.0" 401 283 "-" "Sedu/1 CFNetwork/1406.0.4 Darwin/22.4.0"
::ffff:127.0.0.1 - - [14/May/2023:08:47:55 +0000] "POST /api/v1/users/register HTTP/1.0" 200 461 "-" "Sedu/1 CFNetwork/1406.0.4 Darwin/22.4.0"
::1 - - [14/May/2023:08:47:55 +0000] "GET /api/v1/users/me? HTTP/1.0" 200 187 "-" "Sedu/1 CFNetwork/1406.0.4 Darwin/22.4.0"
::ffff:127.0.0.1 - - [14/May/2023:08:48:06 +0000] "GET /api/v1/users/logout? HTTP/1.0" 200 39 "-" "Sedu/1 CFNetwork/1406.0.4 Darwin/22.4.0"
::1 - - [14/May/2023:08:48:06 +0000] "GET /api/v1/users/me? HTTP/1.0" 401 283 "-" "Sedu/1 CFNetwork/1406.0.4 Darwin/22.4.0"
::ffff:127.0.0.1 - - [14/May/2023:08:50:24 +0000] "GET /api/v1/users/me? HTTP/1.0" 401 283 "-" "Sedu/1 CFNetwork/1406.0.4 Darwin/22.4.0"
::1 - - [14/May/2023:08:51:07 +0000] "POST /api/v1/users/register HTTP/1.0" 500 250 "-" "Sedu/1 CFNetwork/1406.0.4 Darwin/22.4.0"
::ffff:127.0.0.1 - - [14/May/2023:08:51:52 +0000] "POST /api/v1/users/register HTTP/1.0" 200 463 "-" "Sedu/1 CFNetwork/1406.0.4 Darwin/22.4.0"
::1 - - [14/May/2023:08:51:52 +0000] "GET /api/v1/users/me? HTTP/1.0" 200 189 "-" "Sedu/1 CFNetwork/1406.0.4 Darwin/22.4.0"
::ffff:127.0.0.1 - - [14/May/2023:08:52:06 +0000] "GET /api/v1/users/me? HTTP/1.0" 401 283 "-" "Sedu/1 CFNetwork/1404.0.5 Darwin/22.3.0"
::1 - - [14/May/2023:08:52:06 +0000] "GET /api/v1/users/me? HTTP/1.0" 304 - "-" "Sedu/1 CFNetwork/1406.0.4 Darwin/22.4.0"
::ffff:127.0.0.1 - - [14/May/2023:08:52:11 +0000] "POST /api/v1/users/invoice/6460a128a32e8316d822e9a4 HTTP/1.0" 200 50 "-" "Sedu/1 CFNetwork/1406.0.4 Darwin/22.4.0"
::1 - - [14/May/2023:08:52:11 +0000] "GET /api/v1/wallets/6460a13ba32e8316d822e9a9? HTTP/1.0" 200 16063 "-" "Sedu/1 CFNetwork/1406.0.4 Darwin/22.4.0"
::ffff:127.0.0.1 - - [14/May/2023:08:52:18 +0000] "GET /api/v1/users/me? HTTP/1.0" 401 283 "-" "Sedu/1 CFNetwork/1404.0.5 Darwin/22.3.0"
::1 - - [14/May/2023:08:52:50 +0000] "POST /api/v1/users/register HTTP/1.0" 500 250 "-" "Sedu/1 CFNetwork/1404.0.5 Darwin/22.3.0"
::ffff:127.0.0.1 - - [14/May/2023:08:52:59 +0000] "POST /api/v1/users/register HTTP/1.0" 500 250 "-" "Sedu/1 CFNetwork/1404.0.5 Darwin/22.3.0"
::1 - - [14/May/2023:08:53:11 +0000] "POST /api/v1/users/register HTTP/1.0" 500 254 "-" "Sedu/1 CFNetwork/1404.0.5 Darwin/22.3.0"
::ffff:127.0.0.1 - - [14/May/2023:08:53:17 +0000] "POST /api/v1/users/register HTTP/1.0" 200 469 "-" "Sedu/1 CFNetwork/1404.0.5 Darwin/22.3.0"
::1 - - [14/May/2023:08:53:17 +0000] "GET /api/v1/users/me? HTTP/1.0" 200 195 "-" "Sedu/1 CFNetwork/1404.0.5 Darwin/22.3.0"
::ffff:127.0.0.1 - - [14/May/2023:08:53:20 +0000] "GET /api/v1/users/logout? HTTP/1.0" 200 39 "-" "Sedu/1 CFNetwork/1404.0.5 Darwin/22.3.0"
::1 - - [14/May/2023:08:53:20 +0000] "GET /api/v1/users/me? HTTP/1.0" 401 283 "-" "Sedu/1 CFNetwork/1404.0.5 Darwin/22.3.0"
::ffff:127.0.0.1 - - [14/May/2023:08:53:42 +0000] "GET /api/v1/users/me? HTTP/1.0" 401 283 "-" "Sedu/1 CFNetwork/1406.0.4 Darwin/22.4.0"
::1 - - [14/May/2023:08:53:44 +0000] "GET /api/v1/users/me? HTTP/1.0" 401 283 "-" "Sedu/1 CFNetwork/1406.0.4 Darwin/22.4.0"
::ffff:127.0.0.1 - - [14/May/2023:08:53:57 +0000] "POST /api/v1/users/register HTTP/1.0" 200 461 "-" "Sedu/1 CFNetwork/1406.0.4 Darwin/22.4.0"
::1 - - [14/May/2023:08:53:57 +0000] "GET /api/v1/users/me? HTTP/1.0" 200 187 "-" "Sedu/1 CFNetwork/1406.0.4 Darwin/22.4.0"
::ffff:127.0.0.1 - - [14/May/2023:08:54:00 +0000] "GET /api/v1/users/logout? HTTP/1.0" 200 39 "-" "Sedu/1 CFNetwork/1406.0.4 Darwin/22.4.0"
::1 - - [14/May/2023:08:54:00 +0000] "GET /api/v1/users/me? HTTP/1.0" 401 283 "-" "Sedu/1 CFNetwork/1406.0.4 Darwin/22.4.0"
::ffff:127.0.0.1 - - [14/May/2023:08:54:18 +0000] "GET /api/v1/users/me? HTTP/1.0" 401 283 "-" "Sedu/1 CFNetwork/1406.0.4 Darwin/22.4.0"
::1 - - [14/May/2023:08:54:28 +0000] "POST /api/v1/users/register HTTP/1.0" 500 251 "-" "Sedu/1 CFNetwork/1406.0.4 Darwin/22.4.0"
::ffff:127.0.0.1 - - [14/May/2023:08:54:35 +0000] "POST /api/v1/users/register HTTP/1.0" 500 248 "-" "Sedu/1 CFNetwork/1406.0.4 Darwin/22.4.0"
::1 - - [14/May/2023:08:54:36 +0000] "POST /api/v1/users/register HTTP/1.0" 500 248 "-" "Sedu/1 CFNetwork/1406.0.4 Darwin/22.4.0"
