::ffff:127.0.0.1 - - [10/May/2023:15:59:17 +0000] "GET /api/v1/articles/642d4fba7c1330814fb762d8? HTTP/1.0" 304 - "-" "Sedu/1 CFNetwork/1240.0.4 Darwin/20.6.0"
::ffff:127.0.0.1 - - [10/May/2023:15:59:17 +0000] "GET /api/v1/articles? HTTP/1.0" 304 - "-" "Sedu/1 CFNetwork/1240.0.4 Darwin/20.6.0"
::1 - - [10/May/2023:15:59:22 +0000] "GET /api/v1/users/me? HTTP/1.0" 401 283 "-" "Sedu/1 CFNetwork/1404.0.5 Darwin/22.3.0"
::1 - - [10/May/2023:16:02:10 +0000] "GET /api/v1/users/me? HTTP/1.0" 304 - "-" "Sedu/1 CFNetwork/1399 Darwin/22.1.0"
::ffff:127.0.0.1 - - [10/May/2023:16:02:10 +0000] "GET /api/v1/articles/642d4ce07c1330814fb762a6? HTTP/1.0" 304 - "-" "Sedu/1 CFNetwork/1399 Darwin/22.1.0"
::1 - - [10/May/2023:16:02:10 +0000] "GET /api/v1/users/me? HTTP/1.0" 304 - "-" "Sedu/1 CFNetwork/1399 Darwin/22.1.0"
::1 - - [10/May/2023:16:02:10 +0000] "GET /api/v1/ads? HTTP/1.0" 304 - "-" "Sedu/1 CFNetwork/1399 Darwin/22.1.0"
::ffff:127.0.0.1 - - [10/May/2023:16:02:10 +0000] "GET /api/v1/articles? HTTP/1.0" 304 - "-" "Sedu/1 CFNetwork/1399 Darwin/22.1.0"
::1 - - [10/May/2023:16:02:57 +0000] "GET /api/v1/articles/642d55bf7c1330814fb76345? HTTP/1.0" 200 17955 "-" "Sedu/1 CFNetwork/1240.0.4 Darwin/20.6.0"
::ffff:127.0.0.1 - - [10/May/2023:16:03:07 +0000] "GET /api/v1/users/me? HTTP/1.0" 304 - "-" "Sedu/1 CFNetwork/1399 Darwin/22.1.0"
::ffff:127.0.0.1 - - [10/May/2023:16:03:07 +0000] "GET /api/v1/ads? HTTP/1.0" 304 - "-" "Sedu/1 CFNetwork/1399 Darwin/22.1.0"
::1 - - [10/May/2023:16:03:07 +0000] "GET /api/v1/articles? HTTP/1.0" 200 344855 "-" "Sedu/1 CFNetwork/1399 Darwin/22.1.0"
::1 - - [10/May/2023:16:03:09 +0000] "GET /api/v1/users/me? HTTP/1.0" 401 283 "-" "okhttp/4.9.2"
::1 - - [10/May/2023:16:03:19 +0000] "GET /api/v1/users/me? HTTP/1.0" 304 - "-" "Sedu/1 CFNetwork/1399 Darwin/22.1.0"
::1 - - [10/May/2023:16:03:19 +0000] "GET /api/v1/articles/642d4ce07c1330814fb762a6? HTTP/1.0" 304 - "-" "Sedu/1 CFNetwork/1399 Darwin/22.1.0"
::ffff:127.0.0.1 - - [10/May/2023:16:03:19 +0000] "GET /api/v1/users/me? HTTP/1.0" 304 - "-" "Sedu/1 CFNetwork/1399 Darwin/22.1.0"
::ffff:127.0.0.1 - - [10/May/2023:16:03:20 +0000] "GET /api/v1/ads? HTTP/1.0" 304 - "-" "Sedu/1 CFNetwork/1399 Darwin/22.1.0"
::1 - - [10/May/2023:16:03:20 +0000] "GET /api/v1/users/me? HTTP/1.0" 200 229 "-" "okhttp/4.9.2"
::ffff:127.0.0.1 - - [10/May/2023:16:03:20 +0000] "GET /api/v1/articles? HTTP/1.0" 304 - "-" "Sedu/1 CFNetwork/1399 Darwin/22.1.0"
::1 - - [10/May/2023:16:03:24 +0000] "GET /api/v1/articles/642d5b327c1330814fb763a4? HTTP/1.0" 200 9617 "-" "Sedu/1 CFNetwork/1399 Darwin/22.1.0"
::1 - - [10/May/2023:16:03:28 +0000] "POST /api/v1/users/register HTTP/1.0" 500 249 "-" "okhttp/4.9.2"
::ffff:127.0.0.1 - - [10/May/2023:16:03:36 +0000] "POST /api/v1/users/register HTTP/1.0" 200 468 "-" "okhttp/4.9.2"
::1 - - [10/May/2023:16:03:37 +0000] "GET /api/v1/users/me? HTTP/1.0" 200 194 "-" "okhttp/4.9.2"
::ffff:127.0.0.1 - - [10/May/2023:16:03:43 +0000] "GET /api/v1/users/me? HTTP/1.0" 304 - "-" "okhttp/4.9.2"
::1 - - [10/May/2023:16:03:48 +0000] "POST /api/v1/users/invoice/644fd475a4c26797f42595ed HTTP/1.0" 200 50 "-" "okhttp/4.9.2"
::ffff:127.0.0.1 - - [10/May/2023:16:03:48 +0000] "GET /api/v1/wallets/645bc064a32e8316d822aa39? HTTP/1.0" 200 16220 "-" "okhttp/4.9.2"
::1 - - [10/May/2023:16:03:51 +0000] "GET /api/v1/users/logout? HTTP/1.0" 200 39 "-" "okhttp/4.9.2"
::ffff:127.0.0.1 - - [10/May/2023:16:03:51 +0000] "GET /api/v1/users/me? HTTP/1.0" 401 283 "-" "okhttp/4.9.2"
::1 - - [10/May/2023:16:05:10 +0000] "GET /api/v1/users/callbacks/644fd475a4c26797f42595ed/20000?qpay_payment_id=667823224243769 HTTP/1.0" 200 229 "-" "node-fetch/1.0 (+https://github.com/bitinn/node-fetch)"
::ffff:127.0.0.1 - - [10/May/2023:16:05:28 +0000] "GET /api/v1/users/me? HTTP/1.0" 200 229 "-" "okhttp/4.9.2"
::1 - - [10/May/2023:16:05:29 +0000] "GET /api/v1/articles? HTTP/1.0" 200 344855 "-" "okhttp/4.9.2"
::ffff:127.0.0.1 - - [10/May/2023:16:05:29 +0000] "GET /api/v1/ads? HTTP/1.0" 200 633 "-" "okhttp/4.9.2"
::ffff:127.0.0.1 - - [10/May/2023:16:05:42 +0000] "GET /api/v1/articles/642d4efb7c1330814fb762cf? HTTP/1.0" 200 10100 "-" "Sedu/1 CFNetwork/1399 Darwin/22.1.0"
::ffff:127.0.0.1 - - [10/May/2023:16:06:13 +0000] "GET /api/v1/articles/642d4c587c1330814fb76297? HTTP/1.0" 200 22242 "-" "okhttp/4.9.2"
::ffff:127.0.0.1 - - [10/May/2023:16:06:44 +0000] "GET /api/v1/articles/642d56517c1330814fb7635e? HTTP/1.0" 200 16235 "-" "okhttp/4.9.2"
::1 - - [10/May/2023:16:07:01 +0000] "GET /api/v1/articles/642d789c7c1330814fb763e7? HTTP/1.0" 200 6163 "-" "okhttp/4.9.2"
::ffff:127.0.0.1 - - [10/May/2023:16:07:10 +0000] "GET /api/v1/articles/642d789c7c1330814fb763e7? HTTP/1.0" 304 - "-" "okhttp/4.9.2"
::ffff:127.0.0.1 - - [10/May/2023:16:07:40 +0000] "GET /api/v1/users/me? HTTP/1.0" 304 - "-" "okhttp/4.9.2"
::1 - - [10/May/2023:16:07:54 +0000] "GET /api/v1/users/me? HTTP/1.0" 304 - "-" "okhttp/4.9.2"
::1 - - [10/May/2023:16:07:55 +0000] "GET /api/v1/ads? HTTP/1.0" 304 - "-" "okhttp/4.9.2"
::ffff:127.0.0.1 - - [10/May/2023:16:07:55 +0000] "GET /api/v1/articles? HTTP/1.0" 304 - "-" "okhttp/4.9.2"
::1 - - [10/May/2023:16:08:52 +0000] "GET /api/v1/articles/642d7ac57c1330814fb76424? HTTP/1.0" 200 9288 "-" "okhttp/4.9.2"
::1 - - [10/May/2023:16:09:55 +0000] "GET /api/v1/articles/6459d34ca32e8316d8228b17? HTTP/1.0" 200 9143 "-" "okhttp/4.9.2"
::ffff:127.0.0.1 - - [10/May/2023:16:09:57 +0000] "GET /api/v1/articles/642d55507c1330814fb76325? HTTP/1.0" 200 3410 "-" "Sedu/1 CFNetwork/1399 Darwin/22.1.0"
::1 - - [10/May/2023:16:10:46 +0000] "GET /api/v1/articles/642e53037c1330814fb7651c? HTTP/1.0" 200 8911 "-" "okhttp/4.9.2"
::ffff:127.0.0.1 - - [10/May/2023:16:11:06 +0000] "GET /api/v1/articles/642e38197c1330814fb764af? HTTP/1.0" 200 5982 "-" "okhttp/4.9.2"
::1 - - [10/May/2023:16:11:26 +0000] "GET /api/v1/articles/642e36c67c1330814fb764a6? HTTP/1.0" 200 6493 "-" "okhttp/4.9.2"
::ffff:127.0.0.1 - - [10/May/2023:16:11:58 +0000] "GET /api/v1/articles/642e321a7c1330814fb7648b? HTTP/1.0" 200 2221 "-" "okhttp/4.9.2"
::1 - - [10/May/2023:16:12:20 +0000] "GET /api/v1/users/me? HTTP/1.0" 304 - "-" "okhttp/4.9.2"
::ffff:127.0.0.1 - - [10/May/2023:16:12:45 +0000] "GET /api/v1/articles/642d4ce07c1330814fb762a6? HTTP/1.0" 200 10683 "-" "okhttp/4.9.2"
::1 - - [10/May/2023:16:12:59 +0000] "GET /api/v1/users/me? HTTP/1.0" 401 283 "-" "okhttp/4.9.2"
::ffff:127.0.0.1 - - [10/May/2023:16:13:18 +0000] "GET /api/v1/users/logout? HTTP/1.0" 304 - "-" "okhttp/4.9.2"
::1 - - [10/May/2023:16:13:19 +0000] "GET /api/v1/articles? HTTP/1.0" 401 283 "-" "okhttp/4.9.2"
::ffff:127.0.0.1 - - [10/May/2023:16:13:19 +0000] "GET /api/v1/users/me? HTTP/1.0" 401 283 "-" "okhttp/4.9.2"
::ffff:127.0.0.1 - - [10/May/2023:16:13:19 +0000] "GET /api/v1/users/me? HTTP/1.0" 401 283 "-" "okhttp/4.9.2"
::1 - - [10/May/2023:16:13:19 +0000] "GET /api/v1/ads? HTTP/1.0" 304 - "-" "okhttp/4.9.2"
::1 - - [10/May/2023:16:13:35 +0000] "POST /api/v1/users/login HTTP/1.0" 200 503 "-" "okhttp/4.9.2"
::ffff:127.0.0.1 - - [10/May/2023:16:13:35 +0000] "GET /api/v1/users/me? HTTP/1.0" 304 - "-" "okhttp/4.9.2"
::ffff:127.0.0.1 - - [10/May/2023:16:13:36 +0000] "GET /api/v1/ads? HTTP/1.0" 304 - "-" "okhttp/4.9.2"
::1 - - [10/May/2023:16:13:36 +0000] "GET /api/v1/articles? HTTP/1.0" 304 - "-" "okhttp/4.9.2"
::1 - - [10/May/2023:16:13:42 +0000] "GET /api/v1/articles/642d4c587c1330814fb76297? HTTP/1.0" 304 - "-" "okhttp/4.9.2"
::ffff:127.0.0.1 - - [10/May/2023:16:17:55 +0000] "GET /api/v1/users/me? HTTP/1.0" 304 - "-" "okhttp/4.9.2"
::1 - - [10/May/2023:16:17:55 +0000] "GET /api/v1/articles? HTTP/1.0" 200 344855 "-" "okhttp/4.9.2"
::ffff:127.0.0.1 - - [10/May/2023:16:17:56 +0000] "GET /api/v1/ads? HTTP/1.0" 304 - "-" "okhttp/4.9.2"
::1 - - [10/May/2023:16:18:08 +0000] "GET /api/v1/users/me? HTTP/1.0" 304 - "-" "okhttp/4.9.2"
::ffff:127.0.0.1 - - [10/May/2023:16:18:08 +0000] "GET /api/v1/ads? HTTP/1.0" 304 - "-" "okhttp/4.9.2"
::1 - - [10/May/2023:16:18:14 +0000] "GET /api/v1/users/me? HTTP/1.0" 304 - "-" "okhttp/4.9.2"
::ffff:127.0.0.1 - - [10/May/2023:16:18:14 +0000] "GET /api/v1/ads? HTTP/1.0" 304 - "-" "okhttp/4.9.2"
::1 - - [10/May/2023:16:23:27 +0000] "GET /api/v1/users/me? HTTP/1.0" 401 283 "-" "Sedu/1 CFNetwork/1406.0.4 Darwin/22.4.0"
::ffff:127.0.0.1 - - [10/May/2023:16:23:53 +0000] "POST /api/v1/users/register HTTP/1.0" 200 463 "-" "Sedu/1 CFNetwork/1406.0.4 Darwin/22.4.0"
::1 - - [10/May/2023:16:23:53 +0000] "GET /api/v1/users/me? HTTP/1.0" 200 189 "-" "Sedu/1 CFNetwork/1406.0.4 Darwin/22.4.0"
::ffff:127.0.0.1 - - [10/May/2023:16:25:06 +0000] "GET /api/v1/users/me? HTTP/1.0" 401 283 "-" "okhttp/4.9.2"
::1 - - [10/May/2023:16:25:26 +0000] "POST /api/v1/users/login HTTP/1.0" 401 123 "-" "okhttp/4.9.2"
::ffff:127.0.0.1 - - [10/May/2023:16:25:31 +0000] "GET /api/v1/users/me? HTTP/1.0" 401 283 "-" "Sedu/1 CFNetwork/1390 Darwin/22.0.0"
::1 - - [10/May/2023:16:25:44 +0000] "POST /api/v1/users/register HTTP/1.0" 200 469 "-" "okhttp/4.9.2"
::ffff:127.0.0.1 - - [10/May/2023:16:25:45 +0000] "GET /api/v1/users/me? HTTP/1.0" 200 195 "-" "okhttp/4.9.2"
::1 - - [10/May/2023:16:25:47 +0000] "POST /api/v1/users/register HTTP/1.0" 200 463 "-" "Sedu/1 CFNetwork/1390 Darwin/22.0.0"
::ffff:127.0.0.1 - - [10/May/2023:16:25:48 +0000] "GET /api/v1/users/me? HTTP/1.0" 200 189 "-" "Sedu/1 CFNetwork/1390 Darwin/22.0.0"
::1 - - [10/May/2023:16:25:51 +0000] "GET /api/v1/users/me? HTTP/1.0" 304 - "-" "okhttp/4.9.2"
::ffff:127.0.0.1 - - [10/May/2023:16:25:56 +0000] "POST /api/v1/users/invoice/645bc588a32e8316d822aa7d HTTP/1.0" 200 50 "-" "okhttp/4.9.2"
::1 - - [10/May/2023:16:25:57 +0000] "GET /api/v1/wallets/645bc594a32e8316d822aa85? HTTP/1.0" 200 16265 "-" "okhttp/4.9.2"
::ffff:127.0.0.1 - - [10/May/2023:16:25:58 +0000] "GET /api/v1/users/me? HTTP/1.0" 304 - "-" "Sedu/1 CFNetwork/1390 Darwin/22.0.0"
::1 - - [10/May/2023:16:26:03 +0000] "POST /api/v1/users/invoice/645bc58ba32e8316d822aa80 HTTP/1.0" 200 50 "-" "Sedu/1 CFNetwork/1390 Darwin/22.0.0"
::ffff:127.0.0.1 - - [10/May/2023:16:26:03 +0000] "GET /api/v1/wallets/645bc59aa32e8316d822aa98? HTTP/1.0" 200 16043 "-" "Sedu/1 CFNetwork/1390 Darwin/22.0.0"
::1 - - [10/May/2023:16:27:14 +0000] "GET /api/v1/users/me? HTTP/1.0" 200 228 "-" "Sedu/1 CFNetwork/1390 Darwin/22.0.0"
::ffff:127.0.0.1 - - [10/May/2023:16:27:14 +0000] "GET /api/v1/wallets/645bc59aa32e8316d822aa98? HTTP/1.0" 304 - "-" "Sedu/1 CFNetwork/1390 Darwin/22.0.0"
::1 - - [10/May/2023:16:27:42 +0000] "GET /api/v1/users/callbacks/645bc58ba32e8316d822aa80/20000?qpay_payment_id=093555609533620 HTTP/1.0" 200 228 "-" "node-fetch/1.0 (+https://github.com/bitinn/node-fetch)"
::1 - - [10/May/2023:16:27:43 +0000] "GET /api/v1/users/me? HTTP/1.0" 200 228 "-" "Sedu/1 CFNetwork/1390 Darwin/22.0.0"
::ffff:127.0.0.1 - - [10/May/2023:16:27:43 +0000] "GET /api/v1/wallets/645bc59aa32e8316d822aa98? HTTP/1.0" 304 - "-" "Sedu/1 CFNetwork/1390 Darwin/22.0.0"
::ffff:127.0.0.1 - - [10/May/2023:16:27:48 +0000] "GET /api/v1/users/me? HTTP/1.0" 304 - "-" "Sedu/1 CFNetwork/1390 Darwin/22.0.0"
::1 - - [10/May/2023:16:27:48 +0000] "GET /api/v1/wallets/645bc59aa32e8316d822aa98? HTTP/1.0" 304 - "-" "Sedu/1 CFNetwork/1390 Darwin/22.0.0"
::ffff:127.0.0.1 - - [10/May/2023:16:27:56 +0000] "POST /api/v1/users/invoice/645bc58ba32e8316d822aa80 HTTP/1.0" 200 50 "-" "Sedu/1 CFNetwork/1390 Darwin/22.0.0"
::1 - - [10/May/2023:16:27:56 +0000] "GET /api/v1/wallets/645bc60ca32e8316d822aab2? HTTP/1.0" 200 16323 "-" "Sedu/1 CFNetwork/1390 Darwin/22.0.0"
::ffff:127.0.0.1 - - [10/May/2023:16:28:05 +0000] "GET /api/v1/users/logout? HTTP/1.0" 200 39 "-" "Sedu/1 CFNetwork/1390 Darwin/22.0.0"
::1 - - [10/May/2023:16:28:06 +0000] "GET /api/v1/users/me? HTTP/1.0" 401 283 "-" "Sedu/1 CFNetwork/1390 Darwin/22.0.0"
::ffff:127.0.0.1 - - [10/May/2023:16:28:15 +0000] "POST /api/v1/users/login HTTP/1.0" 200 502 "-" "Sedu/1 CFNetwork/1390 Darwin/22.0.0"
::1 - - [10/May/2023:16:28:16 +0000] "GET /api/v1/users/me? HTTP/1.0" 200 228 "-" "Sedu/1 CFNetwork/1390 Darwin/22.0.0"
::1 - - [10/May/2023:16:28:16 +0000] "GET /api/v1/ads? HTTP/1.0" 200 633 "-" "Sedu/1 CFNetwork/1390 Darwin/22.0.0"
::ffff:127.0.0.1 - - [10/May/2023:16:28:16 +0000] "GET /api/v1/articles? HTTP/1.0" 200 344855 "-" "Sedu/1 CFNetwork/1390 Darwin/22.0.0"
::1 - - [10/May/2023:16:28:23 +0000] "GET /api/v1/users/me? HTTP/1.0" 304 - "-" "Sedu/1 CFNetwork/1390 Darwin/22.0.0"
::ffff:127.0.0.1 - - [10/May/2023:16:28:23 +0000] "GET /api/v1/ads? HTTP/1.0" 304 - "-" "Sedu/1 CFNetwork/1390 Darwin/22.0.0"
::ffff:127.0.0.1 - - [10/May/2023:16:28:23 +0000] "GET /api/v1/articles? HTTP/1.0" 304 - "-" "Sedu/1 CFNetwork/1390 Darwin/22.0.0"
::1 - - [10/May/2023:16:28:24 +0000] "GET /api/v1/articles/642d4c587c1330814fb76297? HTTP/1.0" 200 22242 "-" "Sedu/1 CFNetwork/1390 Darwin/22.0.0"
::1 - - [10/May/2023:16:28:55 +0000] "GET /api/v1/articles/642d4fba7c1330814fb762d8? HTTP/1.0" 200 8050 "-" "Sedu/1 CFNetwork/1390 Darwin/22.0.0"
::1 - - [10/May/2023:16:28:58 +0000] "GET /api/v1/articles/642d4fba7c1330814fb762d8? HTTP/1.0" 304 - "-" "Sedu/1 CFNetwork/1390 Darwin/22.0.0"
::ffff:127.0.0.1 - - [10/May/2023:16:28:58 +0000] "GET /api/v1/users/me? HTTP/1.0" 304 - "-" "Sedu/1 CFNetwork/1390 Darwin/22.0.0"
::ffff:127.0.0.1 - - [10/May/2023:16:28:58 +0000] "GET /api/v1/ads? HTTP/1.0" 304 - "-" "Sedu/1 CFNetwork/1390 Darwin/22.0.0"
::1 - - [10/May/2023:16:28:58 +0000] "GET /api/v1/articles? HTTP/1.0" 304 - "-" "Sedu/1 CFNetwork/1390 Darwin/22.0.0"
::ffff:127.0.0.1 - - [10/May/2023:16:30:12 +0000] "GET /api/v1/users/me? HTTP/1.0" 304 - "-" "Sedu/1 CFNetwork/1406.0.4 Darwin/22.4.0"
::ffff:127.0.0.1 - - [10/May/2023:16:30:12 +0000] "GET /api/v1/ads? HTTP/1.0" 304 - "-" "Sedu/1 CFNetwork/1406.0.4 Darwin/22.4.0"
::1 - - [10/May/2023:16:30:12 +0000] "GET /api/v1/articles? HTTP/1.0" 200 344855 "-" "Sedu/1 CFNetwork/1406.0.4 Darwin/22.4.0"
::1 - - [10/May/2023:16:30:27 +0000] "GET /api/v1/users/me? HTTP/1.0" 304 - "-" "Sedu/1 CFNetwork/1399 Darwin/22.1.0"
::ffff:127.0.0.1 - - [10/May/2023:16:30:27 +0000] "GET /api/v1/users/me? HTTP/1.0" 304 - "-" "Sedu/1 CFNetwork/1399 Darwin/22.1.0"
::ffff:127.0.0.1 - - [10/May/2023:16:30:27 +0000] "GET /api/v1/articles/642d55507c1330814fb76325? HTTP/1.0" 304 - "-" "Sedu/1 CFNetwork/1399 Darwin/22.1.0"
::ffff:127.0.0.1 - - [10/May/2023:16:30:27 +0000] "GET /api/v1/ads? HTTP/1.0" 304 - "-" "Sedu/1 CFNetwork/1399 Darwin/22.1.0"
::1 - - [10/May/2023:16:30:27 +0000] "GET /api/v1/articles? HTTP/1.0" 304 - "-" "Sedu/1 CFNetwork/1399 Darwin/22.1.0"
::1 - - [10/May/2023:16:30:31 +0000] "GET /api/v1/articles/642d56517c1330814fb7635e? HTTP/1.0" 304 - "-" "Sedu/1 CFNetwork/1406.0.4 Darwin/22.4.0"
::1 - - [10/May/2023:16:31:28 +0000] "GET /api/v1/articles/642d581c7c1330814fb76387? HTTP/1.0" 200 7596 "-" "Sedu/1 CFNetwork/1406.0.4 Darwin/22.4.0"
::1 - - [10/May/2023:16:32:02 +0000] "GET /api/v1/users/me? HTTP/1.0" 401 283 "-" "okhttp/4.9.2"
::ffff:127.0.0.1 - - [10/May/2023:16:32:21 +0000] "GET /api/v1/articles/642d59727c1330814fb76396? HTTP/1.0" 200 10524 "-" "Sedu/1 CFNetwork/1406.0.4 Darwin/22.4.0"
::ffff:127.0.0.1 - - [10/May/2023:16:32:34 +0000] "POST /api/v1/users/register HTTP/1.0" 500 248 "-" "okhttp/4.9.2"
::1 - - [10/May/2023:16:32:37 +0000] "GET /api/v1/articles/642d57947c1330814fb76374? HTTP/1.0" 200 11505 "-" "Sedu/1 CFNetwork/1399 Darwin/22.1.0"
::1 - - [10/May/2023:16:32:41 +0000] "POST /api/v1/users/register HTTP/1.0" 200 468 "-" "okhttp/4.9.2"
::1 - - [10/May/2023:16:32:41 +0000] "GET /api/v1/users/me? HTTP/1.0" 200 194 "-" "okhttp/4.9.2"
::ffff:127.0.0.1 - - [10/May/2023:16:32:46 +0000] "GET /api/v1/users/me? HTTP/1.0" 401 283 "-" "Sedu/1 CFNetwork/1406.0.4 Darwin/22.4.0"
::1 - - [10/May/2023:16:32:48 +0000] "GET /api/v1/users/me? HTTP/1.0" 304 - "-" "okhttp/4.9.2"
::ffff:127.0.0.1 - - [10/May/2023:16:32:56 +0000] "POST /api/v1/users/invoice/645bc729a32e8316d822aae8 HTTP/1.0" 200 50 "-" "okhttp/4.9.2"
::1 - - [10/May/2023:16:32:57 +0000] "GET /api/v1/wallets/645bc738a32e8316d822aaed? HTTP/1.0" 200 16340 "-" "okhttp/4.9.2"
::ffff:127.0.0.1 - - [10/May/2023:16:32:58 +0000] "GET /api/v1/articles/642d581c7c1330814fb76387? HTTP/1.0" 200 7596 "-" "Sedu/1 CFNetwork/1390 Darwin/22.0.0"
::1 - - [10/May/2023:16:33:01 +0000] "GET /api/v1/users/logout? HTTP/1.0" 200 39 "-" "okhttp/4.9.2"
::ffff:127.0.0.1 - - [10/May/2023:16:33:01 +0000] "GET /api/v1/users/me? HTTP/1.0" 401 283 "-" "okhttp/4.9.2"
::1 - - [10/May/2023:16:33:14 +0000] "POST /api/v1/users/login HTTP/1.0" 200 507 "-" "okhttp/4.9.2"
::ffff:127.0.0.1 - - [10/May/2023:16:33:14 +0000] "GET /api/v1/users/me? HTTP/1.0" 200 233 "-" "okhttp/4.9.2"
::1 - - [10/May/2023:16:33:24 +0000] "GET /api/v1/users/me? HTTP/1.0" 304 - "-" "okhttp/4.9.2"
::ffff:127.0.0.1 - - [10/May/2023:16:33:34 +0000] "GET /api/v1/articles/64532f9ea4c26797f426b446? HTTP/1.0" 200 5699 "-" "Sedu/1 CFNetwork/1390 Darwin/22.0.0"
::1 - - [10/May/2023:16:33:58 +0000] "GET /api/v1/articles/64532c84a4c26797f426b3e2? HTTP/1.0" 200 2853 "-" "Sedu/1 CFNetwork/1390 Darwin/22.0.0"
::ffff:127.0.0.1 - - [10/May/2023:16:34:21 +0000] "GET /api/v1/articles/642e3a4a7c1330814fb764db? HTTP/1.0" 200 1995 "-" "Sedu/1 CFNetwork/1390 Darwin/22.0.0"
::1 - - [10/May/2023:16:35:06 +0000] "GET /api/v1/articles/642e35cf7c1330814fb7649d? HTTP/1.0" 200 6741 "-" "Sedu/1 CFNetwork/1390 Darwin/22.0.0"
::ffff:127.0.0.1 - - [10/May/2023:16:35:25 +0000] "GET /api/v1/articles/642d59727c1330814fb76396? HTTP/1.0" 200 10524 "-" "Sedu/1 CFNetwork/1399 Darwin/22.1.0"
::1 - - [10/May/2023:16:36:23 +0000] "GET /api/v1/articles/642d4fba7c1330814fb762d8? HTTP/1.0" 304 - "-" "Sedu/1 CFNetwork/1390 Darwin/22.0.0"
::ffff:127.0.0.1 - - [10/May/2023:16:36:50 +0000] "GET /api/v1/articles/642d771f7c1330814fb763cd? HTTP/1.0" 200 3044 "-" "Sedu/1 CFNetwork/1390 Darwin/22.0.0"
::1 - - [10/May/2023:16:38:50 +0000] "GET /api/v1/articles/642d789c7c1330814fb763e7? HTTP/1.0" 200 6163 "-" "Sedu/1 CFNetwork/1390 Darwin/22.0.0"
::1 - - [10/May/2023:16:39:54 +0000] "GET /api/v1/users/me? HTTP/1.0" 304 - "-" "Sedu/1 CFNetwork/1390 Darwin/22.0.0"
::ffff:127.0.0.1 - - [10/May/2023:16:39:54 +0000] "GET /api/v1/ads? HTTP/1.0" 304 - "-" "Sedu/1 CFNetwork/1390 Darwin/22.0.0"
::ffff:127.0.0.1 - - [10/May/2023:16:39:54 +0000] "GET /api/v1/articles? HTTP/1.0" 304 - "-" "Sedu/1 CFNetwork/1390 Darwin/22.0.0"
::ffff:127.0.0.1 - - [10/May/2023:16:40:20 +0000] "GET /api/v1/articles/642d5b327c1330814fb763a4? HTTP/1.0" 200 9617 "-" "Sedu/1 CFNetwork/1399 Darwin/22.1.0"
::1 - - [10/May/2023:16:41:04 +0000] "GET /api/v1/users/me? HTTP/1.0" 304 - "-" "Sedu/1 CFNetwork/1390 Darwin/22.0.0"
::ffff:127.0.0.1 - - [10/May/2023:16:41:04 +0000] "GET /api/v1/ads? HTTP/1.0" 304 - "-" "Sedu/1 CFNetwork/1390 Darwin/22.0.0"
::1 - - [10/May/2023:16:41:04 +0000] "GET /api/v1/articles? HTTP/1.0" 304 - "-" "Sedu/1 CFNetwork/1390 Darwin/22.0.0"
::ffff:127.0.0.1 - - [10/May/2023:16:41:28 +0000] "GET /api/v1/users/me? HTTP/1.0" 401 283 "-" "Sedu/1 CFNetwork/1404.0.5 Darwin/22.3.0"
::1 - - [10/May/2023:16:41:51 +0000] "POST /api/v1/users/register HTTP/1.0" 500 246 "-" "Sedu/1 CFNetwork/1404.0.5 Darwin/22.3.0"
::ffff:127.0.0.1 - - [10/May/2023:16:41:54 +0000] "GET /api/v1/users/me? HTTP/1.0" 304 - "-" "Sedu/1 CFNetwork/1390 Darwin/22.0.0"
::1 - - [10/May/2023:16:42:05 +0000] "POST /api/v1/users/register HTTP/1.0" 200 460 "-" "Sedu/1 CFNetwork/1404.0.5 Darwin/22.3.0"
::ffff:127.0.0.1 - - [10/May/2023:16:42:05 +0000] "GET /api/v1/users/me? HTTP/1.0" 200 186 "-" "Sedu/1 CFNetwork/1404.0.5 Darwin/22.3.0"
::1 - - [10/May/2023:16:42:13 +0000] "GET /api/v1/users/logout? HTTP/1.0" 200 39 "-" "Sedu/1 CFNetwork/1404.0.5 Darwin/22.3.0"
::ffff:127.0.0.1 - - [10/May/2023:16:42:13 +0000] "GET /api/v1/users/me? HTTP/1.0" 401 283 "-" "Sedu/1 CFNetwork/1404.0.5 Darwin/22.3.0"
::1 - - [10/May/2023:16:42:23 +0000] "POST /api/v1/users/login HTTP/1.0" 200 460 "-" "Sedu/1 CFNetwork/1404.0.5 Darwin/22.3.0"
::ffff:127.0.0.1 - - [10/May/2023:16:42:23 +0000] "GET /api/v1/users/me? HTTP/1.0" 304 - "-" "Sedu/1 CFNetwork/1404.0.5 Darwin/22.3.0"
::1 - - [10/May/2023:16:42:26 +0000] "GET /api/v1/users/me? HTTP/1.0" 304 - "-" "Sedu/1 CFNetwork/1404.0.5 Darwin/22.3.0"
::ffff:127.0.0.1 - - [10/May/2023:16:42:36 +0000] "POST /api/v1/users/invoice/645bc95da32e8316d822ab18 HTTP/1.0" 200 50 "-" "Sedu/1 CFNetwork/1404.0.5 Darwin/22.3.0"
::1 - - [10/May/2023:16:42:37 +0000] "GET /api/v1/wallets/645bc97ca32e8316d822ab1f? HTTP/1.0" 200 15956 "-" "Sedu/1 CFNetwork/1404.0.5 Darwin/22.3.0"
::ffff:127.0.0.1 - - [10/May/2023:16:43:27 +0000] "GET /api/v1/users/me? HTTP/1.0" 401 283 "-" "okhttp/4.9.2"
::1 - - [10/May/2023:16:43:41 +0000] "POST /api/v1/users/register HTTP/1.0" 500 251 "-" "okhttp/4.9.2"
::ffff:127.0.0.1 - - [10/May/2023:16:43:54 +0000] "POST /api/v1/users/login HTTP/1.0" 401 123 "-" "okhttp/4.9.2"
::1 - - [10/May/2023:16:44:12 +0000] "POST /api/v1/users/register HTTP/1.0" 200 466 "-" "okhttp/4.9.2"
::ffff:127.0.0.1 - - [10/May/2023:16:44:12 +0000] "GET /api/v1/users/me? HTTP/1.0" 200 192 "-" "okhttp/4.9.2"
::1 - - [10/May/2023:16:44:23 +0000] "GET /api/v1/users/me? HTTP/1.0" 304 - "-" "okhttp/4.9.2"
::ffff:127.0.0.1 - - [10/May/2023:16:44:27 +0000] "POST /api/v1/users/invoice/645bc9dca32e8316d822ab33 HTTP/1.0" 200 50 "-" "okhttp/4.9.2"
::1 - - [10/May/2023:16:44:28 +0000] "GET /api/v1/wallets/645bc9eba32e8316d822ab38? HTTP/1.0" 200 16254 "-" "okhttp/4.9.2"
::ffff:127.0.0.1 - - [10/May/2023:16:46:25 +0000] "GET /api/v1/users/me? HTTP/1.0" 401 283 "-" "Sedu/1 CFNetwork/1406.0.4 Darwin/22.4.0"
::1 - - [10/May/2023:16:46:51 +0000] "POST /api/v1/users/register HTTP/1.0" 200 462 "-" "Sedu/1 CFNetwork/1406.0.4 Darwin/22.4.0"
::ffff:127.0.0.1 - - [10/May/2023:16:46:51 +0000] "GET /api/v1/users/me? HTTP/1.0" 200 188 "-" "Sedu/1 CFNetwork/1406.0.4 Darwin/22.4.0"
::1 - - [10/May/2023:16:47:03 +0000] "GET /api/v1/users/logout? HTTP/1.0" 200 39 "-" "Sedu/1 CFNetwork/1406.0.4 Darwin/22.4.0"
::ffff:127.0.0.1 - - [10/May/2023:16:47:03 +0000] "GET /api/v1/users/me? HTTP/1.0" 401 283 "-" "Sedu/1 CFNetwork/1406.0.4 Darwin/22.4.0"
::1 - - [10/May/2023:16:47:17 +0000] "GET /api/v1/users/me? HTTP/1.0" 401 283 "-" "Sedu/1 CFNetwork/1404.0.5 Darwin/22.3.0"
::ffff:127.0.0.1 - - [10/May/2023:16:47:24 +0000] "GET /api/v1/users/me? HTTP/1.0" 401 283 "-" "Sedu/1 CFNetwork/1399 Darwin/22.1.0"
::1 - - [10/May/2023:16:47:37 +0000] "POST /api/v1/users/register HTTP/1.0" 500 248 "-" "Sedu/1 CFNetwork/1399 Darwin/22.1.0"
::ffff:127.0.0.1 - - [10/May/2023:16:47:39 +0000] "POST /api/v1/users/register HTTP/1.0" 500 252 "-" "Sedu/1 CFNetwork/1404.0.5 Darwin/22.3.0"
::1 - - [10/May/2023:16:47:46 +0000] "POST /api/v1/users/register HTTP/1.0" 200 469 "-" "Sedu/1 CFNetwork/1399 Darwin/22.1.0"
::ffff:127.0.0.1 - - [10/May/2023:16:47:46 +0000] "GET /api/v1/users/me? HTTP/1.0" 200 195 "-" "Sedu/1 CFNetwork/1399 Darwin/22.1.0"
::1 - - [10/May/2023:16:47:50 +0000] "POST /api/v1/users/register HTTP/1.0" 200 468 "-" "Sedu/1 CFNetwork/1404.0.5 Darwin/22.3.0"
::ffff:127.0.0.1 - - [10/May/2023:16:47:50 +0000] "GET /api/v1/users/me? HTTP/1.0" 200 194 "-" "Sedu/1 CFNetwork/1404.0.5 Darwin/22.3.0"
::1 - - [10/May/2023:16:47:51 +0000] "GET /api/v1/users/me? HTTP/1.0" 304 - "-" "Sedu/1 CFNetwork/1399 Darwin/22.1.0"
::ffff:127.0.0.1 - - [10/May/2023:16:47:56 +0000] "POST /api/v1/users/invoice/645bcab2a32e8316d822ab50 HTTP/1.0" 200 50 "-" "Sedu/1 CFNetwork/1399 Darwin/22.1.0"
::1 - - [10/May/2023:16:47:56 +0000] "GET /api/v1/wallets/645bcabba32e8316d822ab58? HTTP/1.0" 200 16253 "-" "Sedu/1 CFNetwork/1399 Darwin/22.1.0"
::ffff:127.0.0.1 - - [10/May/2023:16:47:56 +0000] "GET /api/v1/users/me? HTTP/1.0" 304 - "-" "Sedu/1 CFNetwork/1404.0.5 Darwin/22.3.0"
::1 - - [10/May/2023:16:48:04 +0000] "POST /api/v1/users/invoice/645bcab6a32e8316d822ab53 HTTP/1.0" 200 50 "-" "Sedu/1 CFNetwork/1404.0.5 Darwin/22.3.0"
::ffff:127.0.0.1 - - [10/May/2023:16:48:04 +0000] "GET /api/v1/wallets/645bcac4a32e8316d822ab6b? HTTP/1.0" 200 16156 "-" "Sedu/1 CFNetwork/1404.0.5 Darwin/22.3.0"
::1 - - [10/May/2023:16:48:11 +0000] "GET /api/v1/users/me? HTTP/1.0" 304 - "-" "Sedu/1 CFNetwork/1406.0.4 Darwin/22.4.0"
::1 - - [10/May/2023:16:48:11 +0000] "GET /api/v1/users/callbacks/645bcab2a32e8316d822ab50/20000?qpay_payment_id=554727247547308 HTTP/1.0" 200 234 "-" "node-fetch/1.0 (+https://github.com/bitinn/node-fetch)"
::ffff:127.0.0.1 - - [10/May/2023:16:48:11 +0000] "GET /api/v1/ads? HTTP/1.0" 304 - "-" "Sedu/1 CFNetwork/1406.0.4 Darwin/22.4.0"
::ffff:127.0.0.1 - - [10/May/2023:16:48:11 +0000] "GET /api/v1/articles? HTTP/1.0" 200 344855 "-" "Sedu/1 CFNetwork/1406.0.4 Darwin/22.4.0"
::ffff:127.0.0.1 - - [10/May/2023:16:48:21 +0000] "GET /api/v1/users/me? HTTP/1.0" 200 234 "-" "Sedu/1 CFNetwork/1399 Darwin/22.1.0"
::1 - - [10/May/2023:16:48:21 +0000] "GET /api/v1/wallets/645bcabba32e8316d822ab58? HTTP/1.0" 304 - "-" "Sedu/1 CFNetwork/1399 Darwin/22.1.0"
::1 - - [10/May/2023:16:48:25 +0000] "POST /api/v1/users/invoice/645bcab2a32e8316d822ab50 HTTP/1.0" 200 50 "-" "Sedu/1 CFNetwork/1399 Darwin/22.1.0"
::ffff:127.0.0.1 - - [10/May/2023:16:48:26 +0000] "GET /api/v1/wallets/645bcad9a32e8316d822ab86? HTTP/1.0" 200 16381 "-" "Sedu/1 CFNetwork/1399 Darwin/22.1.0"
::1 - - [10/May/2023:16:48:32 +0000] "GET /api/v1/users/logout? HTTP/1.0" 200 39 "-" "Sedu/1 CFNetwork/1399 Darwin/22.1.0"
::ffff:127.0.0.1 - - [10/May/2023:16:48:32 +0000] "GET /api/v1/users/me? HTTP/1.0" 401 283 "-" "Sedu/1 CFNetwork/1399 Darwin/22.1.0"
::1 - - [10/May/2023:16:48:42 +0000] "POST /api/v1/users/login HTTP/1.0" 401 123 "-" "Sedu/1 CFNetwork/1399 Darwin/22.1.0"
::ffff:127.0.0.1 - - [10/May/2023:16:48:55 +0000] "GET /api/v1/users/me? HTTP/1.0" 401 283 "-" "Sedu/1 CFNetwork/1399 Darwin/22.1.0"
::1 - - [10/May/2023:16:49:07 +0000] "POST /api/v1/users/login HTTP/1.0" 200 508 "-" "Sedu/1 CFNetwork/1399 Darwin/22.1.0"
::ffff:127.0.0.1 - - [10/May/2023:16:49:08 +0000] "GET /api/v1/users/me? HTTP/1.0" 200 234 "-" "Sedu/1 CFNetwork/1399 Darwin/22.1.0"
::ffff:127.0.0.1 - - [10/May/2023:16:49:08 +0000] "GET /api/v1/ads? HTTP/1.0" 200 633 "-" "Sedu/1 CFNetwork/1399 Darwin/22.1.0"
::1 - - [10/May/2023:16:49:08 +0000] "GET /api/v1/articles? HTTP/1.0" 200 344855 "-" "Sedu/1 CFNetwork/1399 Darwin/22.1.0"
::ffff:127.0.0.1 - - [10/May/2023:16:49:22 +0000] "GET /api/v1/articles/642d56517c1330814fb7635e? HTTP/1.0" 200 16235 "-" "Sedu/1 CFNetwork/1399 Darwin/22.1.0"
::1 - - [10/May/2023:16:49:33 +0000] "GET /api/v1/articles/642d5b327c1330814fb763a4? HTTP/1.0" 200 9617 "-" "Sedu/1 CFNetwork/1399 Darwin/22.1.0"
::ffff:127.0.0.1 - - [10/May/2023:16:50:10 +0000] "GET /api/v1/articles/642d76ab7c1330814fb763c4? HTTP/1.0" 200 12395 "-" "Sedu/1 CFNetwork/1399 Darwin/22.1.0"
::1 - - [10/May/2023:16:50:23 +0000] "GET /api/v1/articles/642d789c7c1330814fb763e7? HTTP/1.0" 200 6163 "-" "Sedu/1 CFNetwork/1399 Darwin/22.1.0"
::ffff:127.0.0.1 - - [10/May/2023:16:50:44 +0000] "GET /api/v1/articles/642e2e6d7c1330814fb7646b? HTTP/1.0" 200 1619 "-" "Sedu/1 CFNetwork/1399 Darwin/22.1.0"
::1 - - [10/May/2023:16:51:32 +0000] "GET /api/v1/users/me? HTTP/1.0" 304 - "-" "Sedu/1 CFNetwork/1399 Darwin/22.1.0"
::ffff:127.0.0.1 - - [10/May/2023:16:51:54 +0000] "GET /api/v1/articles/642d4c587c1330814fb76297? HTTP/1.0" 200 22242 "-" "Sedu/1 CFNetwork/1399 Darwin/22.1.0"
::1 - - [10/May/2023:16:55:34 +0000] "POST / HTTP/1.0" 404 140 "-" "Mozilla/5.0 (X11; Linux x86_64) AppleWebKit/537.36 (KHTML, like Gecko) Chrome/81.0.4044.129 Safari/537.36"
::ffff:127.0.0.1 - - [10/May/2023:16:55:35 +0000] "GET /.env HTTP/1.0" 404 143 "-" "Mozilla/5.0 (X11; Linux x86_64) AppleWebKit/537.36 (KHTML, like Gecko) Chrome/81.0.4044.129 Safari/537.36"
::1 - - [10/May/2023:17:01:41 +0000] "GET /api/v1/users/me? HTTP/1.0" 304 - "-" "Sedu/1 CFNetwork/1220.1 Darwin/20.3.0"
::ffff:127.0.0.1 - - [10/May/2023:17:01:45 +0000] "GET /api/v1/users/me? HTTP/1.0" 304 - "-" "Sedu/1 CFNetwork/1220.1 Darwin/20.3.0"
::1 - - [10/May/2023:17:07:52 +0000] "GET /api/v1/users/me? HTTP/1.0" 401 283 "-" "Sedu/1 CFNetwork/1404.0.5 Darwin/22.3.0"
::ffff:127.0.0.1 - - [10/May/2023:17:08:13 +0000] "POST /api/v1/users/register HTTP/1.0" 500 248 "-" "Sedu/1 CFNetwork/1404.0.5 Darwin/22.3.0"
::1 - - [10/May/2023:17:08:32 +0000] "POST /api/v1/users/login HTTP/1.0" 401 123 "-" "Sedu/1 CFNetwork/1404.0.5 Darwin/22.3.0"
::ffff:127.0.0.1 - - [10/May/2023:17:08:51 +0000] "POST /api/v1/users/register HTTP/1.0" 500 249 "-" "Sedu/1 CFNetwork/1404.0.5 Darwin/22.3.0"
::1 - - [10/May/2023:17:08:54 +0000] "POST /api/v1/users/register HTTP/1.0" 500 249 "-" "Sedu/1 CFNetwork/1404.0.5 Darwin/22.3.0"
::ffff:127.0.0.1 - - [10/May/2023:17:09:20 +0000] "POST /api/v1/users/register HTTP/1.0" 500 249 "-" "Sedu/1 CFNetwork/1404.0.5 Darwin/22.3.0"
::1 - - [10/May/2023:17:09:25 +0000] "POST /api/v1/users/register HTTP/1.0" 500 249 "-" "Sedu/1 CFNetwork/1404.0.5 Darwin/22.3.0"
::ffff:127.0.0.1 - - [10/May/2023:17:09:32 +0000] "POST /api/v1/users/register HTTP/1.0" 500 249 "-" "Sedu/1 CFNetwork/1404.0.5 Darwin/22.3.0"
::1 - - [10/May/2023:17:10:20 +0000] "GET /api/v1/users/me? HTTP/1.0" 304 - "-" "okhttp/4.9.2"
::ffff:127.0.0.1 - - [10/May/2023:17:10:21 +0000] "GET /api/v1/articles? HTTP/1.0" 304 - "-" "okhttp/4.9.2"
::1 - - [10/May/2023:17:10:21 +0000] "GET /api/v1/ads? HTTP/1.0" 304 - "-" "okhttp/4.9.2"
::ffff:127.0.0.1 - - [10/May/2023:17:10:40 +0000] "GET /api/v1/articles/6459c932a32e8316d82289eb? HTTP/1.0" 200 10912 "-" "okhttp/4.9.2"
::1 - - [10/May/2023:17:11:55 +0000] "GET /api/v1/users/me? HTTP/1.0" 304 - "-" "Sedu/1 CFNetwork/1399 Darwin/22.1.0"
::ffff:127.0.0.1 - - [10/May/2023:17:11:55 +0000] "GET /api/v1/articles/642d5b327c1330814fb763a4? HTTP/1.0" 304 - "-" "Sedu/1 CFNetwork/1399 Darwin/22.1.0"
::1 - - [10/May/2023:17:11:55 +0000] "GET /api/v1/users/me? HTTP/1.0" 304 - "-" "Sedu/1 CFNetwork/1399 Darwin/22.1.0"
::ffff:127.0.0.1 - - [10/May/2023:17:11:55 +0000] "GET /api/v1/ads? HTTP/1.0" 304 - "-" "Sedu/1 CFNetwork/1399 Darwin/22.1.0"
::1 - - [10/May/2023:17:11:55 +0000] "GET /api/v1/articles? HTTP/1.0" 304 - "-" "Sedu/1 CFNetwork/1399 Darwin/22.1.0"
::ffff:127.0.0.1 - - [10/May/2023:17:16:09 +0000] "GET /api/v1/users/me? HTTP/1.0" 304 - "-" "Sedu/1 CFNetwork/1404.0.5 Darwin/22.3.0"
::ffff:127.0.0.1 - - [10/May/2023:17:16:09 +0000] "GET /api/v1/ads? HTTP/1.0" 304 - "-" "Sedu/1 CFNetwork/1404.0.5 Darwin/22.3.0"
::1 - - [10/May/2023:17:16:09 +0000] "GET /api/v1/articles? HTTP/1.0" 304 - "-" "Sedu/1 CFNetwork/1404.0.5 Darwin/22.3.0"
::ffff:127.0.0.1 - - [10/May/2023:17:16:22 +0000] "GET /api/v1/articles/642d56517c1330814fb7635e? HTTP/1.0" 200 16235 "-" "Sedu/1 CFNetwork/1404.0.5 Darwin/22.3.0"
::1 - - [10/May/2023:17:16:34 +0000] "GET /api/v1/users/me? HTTP/1.0" 304 - "-" "Sedu/1 CFNetwork/1399 Darwin/22.1.0"
::ffff:127.0.0.1 - - [10/May/2023:17:16:34 +0000] "GET /api/v1/articles/642d5b327c1330814fb763a4? HTTP/1.0" 304 - "-" "Sedu/1 CFNetwork/1399 Darwin/22.1.0"
::1 - - [10/May/2023:17:16:34 +0000] "GET /api/v1/users/me? HTTP/1.0" 304 - "-" "Sedu/1 CFNetwork/1399 Darwin/22.1.0"
::ffff:127.0.0.1 - - [10/May/2023:17:16:34 +0000] "GET /api/v1/ads? HTTP/1.0" 304 - "-" "Sedu/1 CFNetwork/1399 Darwin/22.1.0"
::1 - - [10/May/2023:17:16:35 +0000] "GET /api/v1/articles? HTTP/1.0" 304 - "-" "Sedu/1 CFNetwork/1399 Darwin/22.1.0"
::ffff:127.0.0.1 - - [10/May/2023:17:18:39 +0000] "GET /api/v1/articles/642d57947c1330814fb76374? HTTP/1.0" 200 11505 "-" "Sedu/1 CFNetwork/1404.0.5 Darwin/22.3.0"
::ffff:127.0.0.1 - - [10/May/2023:17:23:00 +0000] "GET /api/v1/articles/642d76ab7c1330814fb763c4? HTTP/1.0" 200 12395 "-" "Sedu/1 CFNetwork/1399 Darwin/22.1.0"
::1 - - [10/May/2023:17:24:11 +0000] "GET /api/v1/users/me? HTTP/1.0" 401 283 "-" "Sedu/1 CFNetwork/1402.0.8 Darwin/22.2.0"
::ffff:127.0.0.1 - - [10/May/2023:17:24:27 +0000] "GET /.well-known/acme-challenge/BKH8-M37IVJNBQDFG-BQJP1412MD9EXZ HTTP/1.0" 404 198 "-" "Cpanel-HTTP-Client/1.0"
::ffff:127.0.0.1 - - [10/May/2023:17:24:55 +0000] "GET /favicon.ico HTTP/1.0" 404 150 "http://143.198.90.131/" "Mozilla/5.0 (X11; Linux x86_64; rv:73.0) Gecko/20100101 Firefox/73.0"
::1 - - [10/May/2023:17:36:36 +0000] "GET /api/v1/users/me? HTTP/1.0" 401 283 "-" "Sedu/1 CFNetwork/1399 Darwin/22.1.0"
::ffff:127.0.0.1 - - [10/May/2023:17:37:18 +0000] "GET /api/v1/users/me? HTTP/1.0" 200 231 "-" "Sedu/1 CFNetwork/1406.0.4 Darwin/22.4.0"
::1 - - [10/May/2023:17:37:22 +0000] "POST /api/v1/users/register HTTP/1.0" 500 245 "-" "Sedu/1 CFNetwork/1399 Darwin/22.1.0"
::ffff:127.0.0.1 - - [10/May/2023:17:37:23 +0000] "GET /api/v1/users/me? HTTP/1.0" 304 - "-" "Sedu/1 CFNetwork/1406.0.4 Darwin/22.4.0"
::1 - - [10/May/2023:17:37:28 +0000] "POST /api/v1/users/invoice/645054aba4c26797f425b84f HTTP/1.0" 200 50 "-" "Sedu/1 CFNetwork/1406.0.4 Darwin/22.4.0"
::ffff:127.0.0.1 - - [10/May/2023:17:37:28 +0000] "GET /api/v1/wallets/645bd658a32e8316d822abd5? HTTP/1.0" 200 16454 "-" "Sedu/1 CFNetwork/1406.0.4 Darwin/22.4.0"
::1 - - [10/May/2023:17:37:39 +0000] "POST /api/v1/users/register HTTP/1.0" 500 245 "-" "Sedu/1 CFNetwork/1399 Darwin/22.1.0"
::ffff:127.0.0.1 - - [10/May/2023:17:37:49 +0000] "GET /api/v1/users/me? HTTP/1.0" 401 283 "-" "okhttp/4.9.2"
::1 - - [10/May/2023:17:37:52 +0000] "GET /api/v1/users/callbacks/645054aba4c26797f425b84f/20000?qpay_payment_id=271734538228253 HTTP/1.0" 200 231 "-" "node-fetch/1.0 (+https://github.com/bitinn/node-fetch)"
::ffff:127.0.0.1 - - [10/May/2023:17:37:52 +0000] "POST /api/v1/users/register HTTP/1.0" 500 245 "-" "Sedu/1 CFNetwork/1399 Darwin/22.1.0"
::1 - - [10/May/2023:17:37:53 +0000] "POST /api/v1/users/register HTTP/1.0" 500 245 "-" "Sedu/1 CFNetwork/1399 Darwin/22.1.0"
::ffff:127.0.0.1 - - [10/May/2023:17:37:54 +0000] "GET /api/v1/users/me? HTTP/1.0" 200 231 "-" "Sedu/1 CFNetwork/1406.0.4 Darwin/22.4.0"
::1 - - [10/May/2023:17:37:54 +0000] "GET /api/v1/wallets/645bd658a32e8316d822abd5? HTTP/1.0" 304 - "-" "Sedu/1 CFNetwork/1406.0.4 Darwin/22.4.0"
::ffff:127.0.0.1 - - [10/May/2023:17:38:03 +0000] "GET /api/v1/users/logout? HTTP/1.0" 200 39 "-" "Sedu/1 CFNetwork/1406.0.4 Darwin/22.4.0"
::1 - - [10/May/2023:17:38:04 +0000] "GET /api/v1/users/me? HTTP/1.0" 401 283 "-" "Sedu/1 CFNetwork/1406.0.4 Darwin/22.4.0"
::ffff:127.0.0.1 - - [10/May/2023:17:38:05 +0000] "POST /api/v1/users/register HTTP/1.0" 200 459 "-" "okhttp/4.9.2"
::1 - - [10/May/2023:17:38:05 +0000] "GET /api/v1/users/me? HTTP/1.0" 200 185 "-" "okhttp/4.9.2"
::ffff:127.0.0.1 - - [10/May/2023:17:38:06 +0000] "POST /api/v1/users/register HTTP/1.0" 500 245 "-" "Sedu/1 CFNetwork/1399 Darwin/22.1.0"
::1 - - [10/May/2023:17:38:07 +0000] "POST /api/v1/users/register HTTP/1.0" 500 245 "-" "Sedu/1 CFNetwork/1399 Darwin/22.1.0"
::ffff:127.0.0.1 - - [10/May/2023:17:38:15 +0000] "GET /api/v1/users/logout? HTTP/1.0" 304 - "-" "okhttp/4.9.2"
::1 - - [10/May/2023:17:38:15 +0000] "GET /api/v1/users/me? HTTP/1.0" 401 283 "-" "okhttp/4.9.2"
::ffff:127.0.0.1 - - [10/May/2023:17:38:19 +0000] "POST /api/v1/users/login HTTP/1.0" 401 123 "-" "Sedu/1 CFNetwork/1406.0.4 Darwin/22.4.0"
::1 - - [10/May/2023:17:38:26 +0000] "POST /api/v1/users/register HTTP/1.0" 500 245 "-" "Sedu/1 CFNetwork/1399 Darwin/22.1.0"
::ffff:127.0.0.1 - - [10/May/2023:17:38:35 +0000] "POST /api/v1/users/login HTTP/1.0" 401 123 "-" "Sedu/1 CFNetwork/1406.0.4 Darwin/22.4.0"
::1 - - [10/May/2023:17:38:38 +0000] "POST /api/v1/users/register HTTP/1.0" 200 462 "-" "Sedu/1 CFNetwork/1399 Darwin/22.1.0"
::ffff:127.0.0.1 - - [10/May/2023:17:38:39 +0000] "GET /api/v1/users/me? HTTP/1.0" 200 188 "-" "Sedu/1 CFNetwork/1399 Darwin/22.1.0"
::1 - - [10/May/2023:17:38:51 +0000] "POST /api/v1/users/register HTTP/1.0" 500 252 "-" "Sedu/1 CFNetwork/1406.0.4 Darwin/22.4.0"
::ffff:127.0.0.1 - - [10/May/2023:17:38:52 +0000] "GET /api/v1/users/me? HTTP/1.0" 304 - "-" "Sedu/1 CFNetwork/1399 Darwin/22.1.0"
::1 - - [10/May/2023:17:39:03 +0000] "POST /api/v1/users/invoice/645bd69ea32e8316d822abfb HTTP/1.0" 200 50 "-" "Sedu/1 CFNetwork/1399 Darwin/22.1.0"
::ffff:127.0.0.1 - - [10/May/2023:17:39:04 +0000] "GET /api/v1/wallets/645bd6b7a32e8316d822ac02? HTTP/1.0" 200 16166 "-" "Sedu/1 CFNetwork/1399 Darwin/22.1.0"
::1 - - [10/May/2023:17:39:05 +0000] "GET /api/v1/users/me? HTTP/1.0" 401 283 "-" "Sedu/1 CFNetwork/1406.0.4 Darwin/22.4.0"
::ffff:127.0.0.1 - - [10/May/2023:17:39:23 +0000] "POST /api/v1/users/login HTTP/1.0" 401 123 "-" "Sedu/1 CFNetwork/1406.0.4 Darwin/22.4.0"
::1 - - [10/May/2023:17:40:00 +0000] "GET /api/v1/users/me? HTTP/1.0" 401 283 "-" "Sedu/1 CFNetwork/1406.0.4 Darwin/22.4.0"
::ffff:127.0.0.1 - - [10/May/2023:17:41:35 +0000] "GET /api/v1/users/me? HTTP/1.0" 401 283 "-" "Sedu/1 CFNetwork/1406.0.4 Darwin/22.4.0"
::1 - - [10/May/2023:17:41:51 +0000] "POST /api/v1/users/login HTTP/1.0" 401 123 "-" "Sedu/1 CFNetwork/1406.0.4 Darwin/22.4.0"
::ffff:127.0.0.1 - - [10/May/2023:17:42:19 +0000] "POST /api/v1/users/login HTTP/1.0" 401 123 "-" "Sedu/1 CFNetwork/1406.0.4 Darwin/22.4.0"
::1 - - [10/May/2023:17:42:26 +0000] "POST /api/v1/users/login HTTP/1.0" 401 123 "-" "Sedu/1 CFNetwork/1406.0.4 Darwin/22.4.0"
::ffff:127.0.0.1 - - [10/May/2023:17:42:27 +0000] "POST /api/v1/users/login HTTP/1.0" 401 123 "-" "Sedu/1 CFNetwork/1406.0.4 Darwin/22.4.0"
::ffff:127.0.0.1 - - [10/May/2023:17:43:39 +0000] "GET /api/v1/users/me? HTTP/1.0" 304 - "-" "Sedu/1 CFNetwork/1399 Darwin/22.1.0"
::ffff:127.0.0.1 - - [10/May/2023:17:43:39 +0000] "GET /api/v1/users/me? HTTP/1.0" 304 - "-" "Sedu/1 CFNetwork/1399 Darwin/22.1.0"
::1 - - [10/May/2023:17:43:39 +0000] "GET /api/v1/ads? HTTP/1.0" 304 - "-" "Sedu/1 CFNetwork/1399 Darwin/22.1.0"
::1 - - [10/May/2023:17:43:39 +0000] "GET /api/v1/articles? HTTP/1.0" 304 - "-" "Sedu/1 CFNetwork/1399 Darwin/22.1.0"
::1 - - [10/May/2023:17:44:07 +0000] "GET /api/v1/users/me? HTTP/1.0" 401 283 "-" "Sedu/1 CFNetwork/1406.0.4 Darwin/22.4.0"
::ffff:127.0.0.1 - - [10/May/2023:17:44:19 +0000] "POST /api/v1/users/register HTTP/1.0" 500 252 "-" "Sedu/1 CFNetwork/1406.0.4 Darwin/22.4.0"
::1 - - [10/May/2023:17:44:32 +0000] "GET /api/v1/users/me? HTTP/1.0" 401 283 "-" "Sedu/1 CFNetwork/1406.0.4 Darwin/22.4.0"
::ffff:127.0.0.1 - - [10/May/2023:17:44:49 +0000] "POST /api/v1/users/login HTTP/1.0" 401 123 "-" "Sedu/1 CFNetwork/1406.0.4 Darwin/22.4.0"
::1 - - [10/May/2023:17:44:56 +0000] "POST /api/v1/users/login HTTP/1.0" 401 123 "-" "Sedu/1 CFNetwork/1406.0.4 Darwin/22.4.0"
::ffff:127.0.0.1 - - [10/May/2023:17:45:02 +0000] "POST /api/v1/users/login HTTP/1.0" 401 123 "-" "Sedu/1 CFNetwork/1406.0.4 Darwin/22.4.0"
::ffff:127.0.0.1 - - [10/May/2023:18:07:32 +0000] "GET /api/v1/users/me? HTTP/1.0" 401 283 "-" "okhttp/4.9.2"
::1 - - [10/May/2023:18:17:13 +0000] "GET /api/v1/users/me? HTTP/1.0" 401 283 "-" "Sedu/1 CFNetwork/1335.0.3 Darwin/21.6.0"
::1 - - [10/May/2023:18:43:46 +0000] "PROPFIND /data/ HTTP/1.0" 404 149 "-" "Mozilla/5.0 (compatible; Nmap Scripting Engine; https://nmap.org/book/nse.html)"
::ffff:127.0.0.1 - - [10/May/2023:18:46:49 +0000] "GET /api/v1/users/me? HTTP/1.0" 304 - "-" "Sedu/1 CFNetwork/1406.0.4 Darwin/22.4.0"
::ffff:127.0.0.1 - - [10/May/2023:18:46:49 +0000] "GET /api/v1/ads? HTTP/1.0" 304 - "-" "Sedu/1 CFNetwork/1406.0.4 Darwin/22.4.0"
::1 - - [10/May/2023:18:46:49 +0000] "GET /api/v1/articles? HTTP/1.0" 200 344855 "-" "Sedu/1 CFNetwork/1406.0.4 Darwin/22.4.0"
::ffff:127.0.0.1 - - [10/May/2023:18:47:00 +0000] "GET /api/v1/articles/642d4c587c1330814fb76297? HTTP/1.0" 200 22242 "-" "Sedu/1 CFNetwork/1406.0.4 Darwin/22.4.0"
::1 - - [10/May/2023:18:50:57 +0000] "GET /api/v1/articles/642d55bf7c1330814fb76345? HTTP/1.0" 200 17955 "-" "Sedu/1 CFNetwork/1406.0.4 Darwin/22.4.0"
::1 - - [10/May/2023:18:51:08 +0000] "GET /api/v1/articles/642d56517c1330814fb7635e? HTTP/1.0" 200 16235 "-" "Sedu/1 CFNetwork/1406.0.4 Darwin/22.4.0"
::1 - - [10/May/2023:19:00:28 +0000] "GET /api/v1/users/me? HTTP/1.0" 304 - "-" "Sedu/1 CFNetwork/1404.0.5 Darwin/22.3.0"
::1 - - [10/May/2023:19:00:28 +0000] "GET /api/v1/ads? HTTP/1.0" 304 - "-" "Sedu/1 CFNetwork/1404.0.5 Darwin/22.3.0"
::ffff:127.0.0.1 - - [10/May/2023:19:00:28 +0000] "GET /api/v1/articles? HTTP/1.0" 304 - "-" "Sedu/1 CFNetwork/1404.0.5 Darwin/22.3.0"
::1 - - [10/May/2023:19:06:53 +0000] "GET /api/v1/users/me? HTTP/1.0" 304 - "-" "Sedu/1 CFNetwork/1399 Darwin/22.1.0"
::1 - - [10/May/2023:19:20:50 +0000] "GET /api/v1/users/me? HTTP/1.0" 401 283 "-" "Sedu/1 CFNetwork/1406.0.4 Darwin/22.4.0"
::ffff:127.0.0.1 - - [10/May/2023:19:21:10 +0000] "POST /api/v1/users/register HTTP/1.0" 500 247 "-" "Sedu/1 CFNetwork/1406.0.4 Darwin/22.4.0"
::1 - - [10/May/2023:19:21:33 +0000] "POST /api/v1/users/register HTTP/1.0" 200 461 "-" "Sedu/1 CFNetwork/1406.0.4 Darwin/22.4.0"
::ffff:127.0.0.1 - - [10/May/2023:19:21:33 +0000] "GET /api/v1/users/me? HTTP/1.0" 200 187 "-" "Sedu/1 CFNetwork/1406.0.4 Darwin/22.4.0"
::1 - - [10/May/2023:19:21:35 +0000] "GET /api/v1/users/logout? HTTP/1.0" 304 - "-" "Sedu/1 CFNetwork/1406.0.4 Darwin/22.4.0"
::ffff:127.0.0.1 - - [10/May/2023:19:21:35 +0000] "GET /api/v1/users/me? HTTP/1.0" 401 283 "-" "Sedu/1 CFNetwork/1406.0.4 Darwin/22.4.0"
::1 - - [10/May/2023:19:21:48 +0000] "POST /api/v1/users/login HTTP/1.0" 200 461 "-" "Sedu/1 CFNetwork/1406.0.4 Darwin/22.4.0"
::ffff:127.0.0.1 - - [10/May/2023:19:21:48 +0000] "GET /api/v1/users/me? HTTP/1.0" 304 - "-" "Sedu/1 CFNetwork/1406.0.4 Darwin/22.4.0"
::1 - - [10/May/2023:19:21:50 +0000] "GET /api/v1/users/logout? HTTP/1.0" 304 - "-" "Sedu/1 CFNetwork/1406.0.4 Darwin/22.4.0"
::ffff:127.0.0.1 - - [10/May/2023:19:21:50 +0000] "GET /api/v1/users/me? HTTP/1.0" 401 283 "-" "Sedu/1 CFNetwork/1406.0.4 Darwin/22.4.0"
::1 - - [10/May/2023:19:22:00 +0000] "POST /api/v1/users/login HTTP/1.0" 200 461 "-" "Sedu/1 CFNetwork/1406.0.4 Darwin/22.4.0"
::ffff:127.0.0.1 - - [10/May/2023:19:22:00 +0000] "GET /api/v1/users/me? HTTP/1.0" 304 - "-" "Sedu/1 CFNetwork/1406.0.4 Darwin/22.4.0"
::1 - - [10/May/2023:19:22:05 +0000] "POST /api/v1/users/invoice/645beebda32e8316d822ac33 HTTP/1.0" 200 50 "-" "Sedu/1 CFNetwork/1406.0.4 Darwin/22.4.0"
::ffff:127.0.0.1 - - [10/May/2023:19:22:06 +0000] "GET /api/v1/wallets/645beedda32e8316d822ac3b? HTTP/1.0" 200 16169 "-" "Sedu/1 CFNetwork/1406.0.4 Darwin/22.4.0"
::1 - - [10/May/2023:19:23:20 +0000] "GET /api/v1/users/me? HTTP/1.0" 200 226 "-" "Sedu/1 CFNetwork/1406.0.4 Darwin/22.4.0"
::ffff:127.0.0.1 - - [10/May/2023:19:23:20 +0000] "GET /api/v1/wallets/645beedda32e8316d822ac3b? HTTP/1.0" 304 - "-" "Sedu/1 CFNetwork/1406.0.4 Darwin/22.4.0"
::1 - - [10/May/2023:19:23:40 +0000] "GET /api/v1/users/callbacks/645beebda32e8316d822ac33/20000?qpay_payment_id=074720387744677 HTTP/1.0" 200 226 "-" "node-fetch/1.0 (+https://github.com/bitinn/node-fetch)"
::1 - - [10/May/2023:19:23:43 +0000] "GET /api/v1/users/me? HTTP/1.0" 200 226 "-" "Sedu/1 CFNetwork/1406.0.4 Darwin/22.4.0"
::ffff:127.0.0.1 - - [10/May/2023:19:23:43 +0000] "GET /api/v1/wallets/645beedda32e8316d822ac3b? HTTP/1.0" 304 - "-" "Sedu/1 CFNetwork/1406.0.4 Darwin/22.4.0"
::ffff:127.0.0.1 - - [10/May/2023:19:23:50 +0000] "GET /api/v1/users/me? HTTP/1.0" 304 - "-" "Sedu/1 CFNetwork/1406.0.4 Darwin/22.4.0"
::1 - - [10/May/2023:19:23:53 +0000] "POST /api/v1/users/invoice/645beebda32e8316d822ac33 HTTP/1.0" 200 50 "-" "Sedu/1 CFNetwork/1406.0.4 Darwin/22.4.0"
::ffff:127.0.0.1 - - [10/May/2023:19:23:54 +0000] "GET /api/v1/wallets/645bef49a32e8316d822ac54? HTTP/1.0" 200 16285 "-" "Sedu/1 CFNetwork/1406.0.4 Darwin/22.4.0"
::ffff:127.0.0.1 - - [10/May/2023:19:24:07 +0000] "GET /api/v1/users/me? HTTP/1.0" 200 226 "-" "Sedu/1 CFNetwork/1406.0.4 Darwin/22.4.0"
::1 - - [10/May/2023:19:24:07 +0000] "GET /api/v1/wallets/645bef49a32e8316d822ac54? HTTP/1.0" 304 - "-" "Sedu/1 CFNetwork/1406.0.4 Darwin/22.4.0"
::1 - - [10/May/2023:19:24:12 +0000] "GET /api/v1/users/logout? HTTP/1.0" 304 - "-" "Sedu/1 CFNetwork/1406.0.4 Darwin/22.4.0"
::ffff:127.0.0.1 - - [10/May/2023:19:24:12 +0000] "GET /api/v1/users/me? HTTP/1.0" 401 283 "-" "Sedu/1 CFNetwork/1406.0.4 Darwin/22.4.0"
::1 - - [10/May/2023:19:24:21 +0000] "POST /api/v1/users/login HTTP/1.0" 200 500 "-" "Sedu/1 CFNetwork/1406.0.4 Darwin/22.4.0"
::ffff:127.0.0.1 - - [10/May/2023:19:24:21 +0000] "GET /api/v1/users/me? HTTP/1.0" 304 - "-" "Sedu/1 CFNetwork/1406.0.4 Darwin/22.4.0"
::ffff:127.0.0.1 - - [10/May/2023:19:24:21 +0000] "GET /api/v1/ads? HTTP/1.0" 200 633 "-" "Sedu/1 CFNetwork/1406.0.4 Darwin/22.4.0"
::1 - - [10/May/2023:19:24:21 +0000] "GET /api/v1/articles? HTTP/1.0" 200 344855 "-" "Sedu/1 CFNetwork/1406.0.4 Darwin/22.4.0"
::ffff:127.0.0.1 - - [10/May/2023:19:24:26 +0000] "GET /api/v1/articles/642d4c587c1330814fb76297? HTTP/1.0" 200 22242 "-" "Sedu/1 CFNetwork/1406.0.4 Darwin/22.4.0"
::1 - - [10/May/2023:19:25:07 +0000] "GET /api/v1/articles/642d4ce07c1330814fb762a6? HTTP/1.0" 200 10683 "-" "Sedu/1 CFNetwork/1406.0.4 Darwin/22.4.0"
::ffff:127.0.0.1 - - [10/May/2023:19:25:15 +0000] "GET /api/v1/articles/642d4fba7c1330814fb762d8? HTTP/1.0" 200 8050 "-" "Sedu/1 CFNetwork/1406.0.4 Darwin/22.4.0"
::ffff:127.0.0.1 - - [10/May/2023:19:25:25 +0000] "GET /api/v1/articles/642d55507c1330814fb76325? HTTP/1.0" 200 3410 "-" "Sedu/1 CFNetwork/1406.0.4 Darwin/22.4.0"
::1 - - [10/May/2023:19:25:30 +0000] "GET /api/v1/articles/642d55f77c1330814fb7634f? HTTP/1.0" 200 7023 "-" "Sedu/1 CFNetwork/1406.0.4 Darwin/22.4.0"
::1 - - [10/May/2023:19:26:02 +0000] "GET /api/v1/articles/642d57947c1330814fb76374? HTTP/1.0" 200 11505 "-" "Sedu/1 CFNetwork/1406.0.4 Darwin/22.4.0"
::1 - - [10/May/2023:19:26:32 +0000] "GET /api/v1/articles/642d5b327c1330814fb763a4? HTTP/1.0" 200 9617 "-" "Sedu/1 CFNetwork/1406.0.4 Darwin/22.4.0"
::1 - - [10/May/2023:19:26:44 +0000] "GET /api/v1/articles/642d75b97c1330814fb763bb? HTTP/1.0" 200 12199 "-" "Sedu/1 CFNetwork/1406.0.4 Darwin/22.4.0"
::ffff:127.0.0.1 - - [10/May/2023:19:27:28 +0000] "GET /api/v1/articles/642e2e6d7c1330814fb7646b? HTTP/1.0" 200 1619 "-" "Sedu/1 CFNetwork/1406.0.4 Darwin/22.4.0"
::ffff:127.0.0.1 - - [10/May/2023:19:28:25 +0000] "GET /api/v1/articles/642e36c67c1330814fb764a6? HTTP/1.0" 200 6493 "-" "Sedu/1 CFNetwork/1406.0.4 Darwin/22.4.0"
::1 - - [10/May/2023:19:28:41 +0000] "GET /api/v1/articles/642e3a4a7c1330814fb764db? HTTP/1.0" 200 1995 "-" "Sedu/1 CFNetwork/1406.0.4 Darwin/22.4.0"
::ffff:127.0.0.1 - - [10/May/2023:19:29:26 +0000] "GET /api/v1/users/me? HTTP/1.0" 304 - "-" "Sedu/1 CFNetwork/1406.0.4 Darwin/22.4.0"
::1 - - [10/May/2023:19:29:45 +0000] "GET /api/v1/articles/642d4c587c1330814fb76297? HTTP/1.0" 304 - "-" "Sedu/1 CFNetwork/1406.0.4 Darwin/22.4.0"
::ffff:127.0.0.1 - - [10/May/2023:19:30:04 +0000] "GET /api/v1/articles/642d55bf7c1330814fb76345? HTTP/1.0" 200 17955 "-" "Sedu/1 CFNetwork/1406.0.4 Darwin/22.4.0"
::ffff:127.0.0.1 - - [10/May/2023:19:32:38 +0000] "GET /api/v1/articles/64532f9ea4c26797f426b446? HTTP/1.0" 200 5699 "-" "Sedu/1 CFNetwork/1406.0.4 Darwin/22.4.0"
::1 - - [10/May/2023:19:35:32 +0000] "GET /api/v1/articles/645328aba4c26797f426b363? HTTP/1.0" 200 5796 "-" "Sedu/1 CFNetwork/1406.0.4 Darwin/22.4.0"
::ffff:127.0.0.1 - - [10/May/2023:19:37:10 +0000] "GET /api/v1/articles/642e58ad7c1330814fb76521? HTTP/1.0" 200 5252 "-" "Sedu/1 CFNetwork/1406.0.4 Darwin/22.4.0"
::1 - - [10/May/2023:19:37:20 +0000] "GET /api/v1/articles/642e44a97c1330814fb764fe? HTTP/1.0" 200 8075 "-" "Sedu/1 CFNetwork/1406.0.4 Darwin/22.4.0"
::ffff:127.0.0.1 - - [10/May/2023:19:37:28 +0000] "GET /api/v1/articles/642e3f507c1330814fb764ef? HTTP/1.0" 200 1496 "-" "Sedu/1 CFNetwork/1406.0.4 Darwin/22.4.0"
::1 - - [10/May/2023:19:37:42 +0000] "GET /api/v1/users/me? HTTP/1.0" 401 283 "-" "okhttp/4.9.2"
::ffff:127.0.0.1 - - [10/May/2023:19:38:02 +0000] "POST /api/v1/users/login HTTP/1.0" 401 123 "-" "okhttp/4.9.2"
::1 - - [10/May/2023:19:38:10 +0000] "GET /api/v1/articles/642e38197c1330814fb764af? HTTP/1.0" 200 5982 "-" "Sedu/1 CFNetwork/1406.0.4 Darwin/22.4.0"
::ffff:127.0.0.1 - - [10/May/2023:19:38:13 +0000] "POST /api/v1/users/login HTTP/1.0" 401 123 "-" "okhttp/4.9.2"
::1 - - [10/May/2023:19:38:27 +0000] "POST /api/v1/users/login HTTP/1.0" 401 123 "-" "okhttp/4.9.2"
::ffff:127.0.0.1 - - [10/May/2023:19:41:18 +0000] "GET /api/v1/articles/642e34977c1330814fb76494? HTTP/1.0" 200 24444 "-" "Sedu/1 CFNetwork/1406.0.4 Darwin/22.4.0"
::1 - - [10/May/2023:19:41:23 +0000] "GET /api/v1/articles/642e35cf7c1330814fb7649d? HTTP/1.0" 200 6741 "-" "Sedu/1 CFNetwork/1406.0.4 Darwin/22.4.0"
::ffff:127.0.0.1 - - [10/May/2023:19:42:42 +0000] "GET /api/v1/articles/642e321a7c1330814fb7648b? HTTP/1.0" 200 2221 "-" "Sedu/1 CFNetwork/1406.0.4 Darwin/22.4.0"
::1 - - [10/May/2023:19:43:27 +0000] "GET /api/v1/articles/642e31907c1330814fb7647d? HTTP/1.0" 200 3070 "-" "Sedu/1 CFNetwork/1406.0.4 Darwin/22.4.0"
::ffff:127.0.0.1 - - [10/May/2023:19:43:32 +0000] "GET /api/v1/users/me? HTTP/1.0" 304 - "-" "Sedu/1 CFNetwork/1406.0.4 Darwin/22.4.0"
::1 - - [10/May/2023:19:43:32 +0000] "GET /api/v1/users/me? HTTP/1.0" 304 - "-" "Sedu/1 CFNetwork/1406.0.4 Darwin/22.4.0"
::1 - - [10/May/2023:19:43:32 +0000] "GET /api/v1/articles/642e31907c1330814fb7647d? HTTP/1.0" 304 - "-" "Sedu/1 CFNetwork/1406.0.4 Darwin/22.4.0"
::ffff:127.0.0.1 - - [10/May/2023:19:43:32 +0000] "GET /api/v1/ads? HTTP/1.0" 304 - "-" "Sedu/1 CFNetwork/1406.0.4 Darwin/22.4.0"
::ffff:127.0.0.1 - - [10/May/2023:19:43:32 +0000] "GET /api/v1/articles? HTTP/1.0" 304 - "-" "Sedu/1 CFNetwork/1406.0.4 Darwin/22.4.0"
::1 - - [10/May/2023:19:44:35 +0000] "GET /api/v1/articles/642d4c587c1330814fb76297? HTTP/1.0" 304 - "-" "Sedu/1 CFNetwork/1406.0.4 Darwin/22.4.0"
::ffff:127.0.0.1 - - [10/May/2023:19:46:46 +0000] "GET /api/v1/users/me? HTTP/1.0" 401 283 "-" "Sedu/1 CFNetwork/1406.0.4 Darwin/22.4.0"
::1 - - [10/May/2023:19:46:53 +0000] "GET /api/v1/users/me? HTTP/1.0" 401 283 "-" "Sedu/1 CFNetwork/1406.0.4 Darwin/22.4.0"
::ffff:127.0.0.1 - - [10/May/2023:19:48:26 +0000] "GET /api/v1/articles/642d4fba7c1330814fb762d8? HTTP/1.0" 304 - "-" "Sedu/1 CFNetwork/1406.0.4 Darwin/22.4.0"
::1 - - [10/May/2023:19:50:32 +0000] "GET /api/v1/articles/642d55f77c1330814fb7634f? HTTP/1.0" 304 - "-" "Sedu/1 CFNetwork/1406.0.4 Darwin/22.4.0"
::ffff:127.0.0.1 - - [10/May/2023:20:09:02 +0000] "GET /api/v1/users/me? HTTP/1.0" 304 - "-" "okhttp/4.9.2"
::ffff:127.0.0.1 - - [10/May/2023:20:09:03 +0000] "GET /api/v1/ads? HTTP/1.0" 304 - "-" "okhttp/4.9.2"
::1 - - [10/May/2023:20:09:03 +0000] "GET /api/v1/articles? HTTP/1.0" 200 344855 "-" "okhttp/4.9.2"
