::1 - - [20/May/2023:14:02:39 +0000] "GET /api/v1/wallets/6468d2ffa32e8316d823ae05? HTTP/1.0" 200 16054 "-" "Sedu/1 CFNetwork/1406.0.4 Darwin/22.4.0"
::ffff:127.0.0.1 - - [20/May/2023:14:03:08 +0000] "GET /api/v1/articles/642e44a97c1330814fb764fe? HTTP/1.0" 304 - "-" "Sedu/1 CFNetwork/1406.0.4 Darwin/22.4.0"
::1 - - [20/May/2023:14:03:51 +0000] "GET /api/v1/users/me? HTTP/1.0" 304 - "-" "Sedu/1 CFNetwork/1406.0.4 Darwin/22.4.0"
::1 - - [20/May/2023:14:03:51 +0000] "GET /api/v1/ads? HTTP/1.0" 304 - "-" "Sedu/1 CFNetwork/1406.0.4 Darwin/22.4.0"
::ffff:127.0.0.1 - - [20/May/2023:14:03:51 +0000] "GET /api/v1/articles? HTTP/1.0" 304 - "-" "Sedu/1 CFNetwork/1406.0.4 Darwin/22.4.0"
::1 - - [20/May/2023:14:04:08 +0000] "GET /api/v1/articles/642d4efb7c1330814fb762cf? HTTP/1.0" 200 10100 "-" "Sedu/1 CFNetwork/1406.0.4 Darwin/22.4.0"
::1 - - [20/May/2023:14:04:36 +0000] "GET /api/v1/users/me? HTTP/1.0" 304 - "-" "Sedu/1 CFNetwork/1406.0.4 Darwin/22.4.0"
::ffff:127.0.0.1 - - [20/May/2023:14:04:36 +0000] "GET /api/v1/articles/642d789c7c1330814fb763e7? HTTP/1.0" 304 - "-" "Sedu/1 CFNetwork/1406.0.4 Darwin/22.4.0"
::1 - - [20/May/2023:14:04:36 +0000] "GET /api/v1/ads? HTTP/1.0" 304 - "-" "Sedu/1 CFNetwork/1406.0.4 Darwin/22.4.0"
::ffff:127.0.0.1 - - [20/May/2023:14:04:36 +0000] "GET /api/v1/articles? HTTP/1.0" 304 - "-" "Sedu/1 CFNetwork/1406.0.4 Darwin/22.4.0"
::1 - - [20/May/2023:14:04:53 +0000] "GET /api/v1/users/me? HTTP/1.0" 304 - "-" "Sedu/1 CFNetwork/1406.0.4 Darwin/22.4.0"
::1 - - [20/May/2023:14:04:53 +0000] "GET /api/v1/ads? HTTP/1.0" 304 - "-" "Sedu/1 CFNetwork/1406.0.4 Darwin/22.4.0"
::ffff:127.0.0.1 - - [20/May/2023:14:04:53 +0000] "GET /api/v1/articles? HTTP/1.0" 304 - "-" "Sedu/1 CFNetwork/1406.0.4 Darwin/22.4.0"
::ffff:127.0.0.1 - - [20/May/2023:14:04:57 +0000] "GET /api/v1/articles/642d4c587c1330814fb76297? HTTP/1.0" 304 - "-" "Sedu/1 CFNetwork/1406.0.4 Darwin/22.4.0"
::1 - - [20/May/2023:14:05:25 +0000] "GET /api/v1/users/me? HTTP/1.0" 304 - "-" "Sedu/1 CFNetwork/1406.0.4 Darwin/22.4.0"
::ffff:127.0.0.1 - - [20/May/2023:14:05:43 +0000] "GET /api/v1/users/me? HTTP/1.0" 401 283 "-" "Sedu/1 CFNetwork/1390 Darwin/22.0.0"
::1 - - [20/May/2023:14:13:30 +0000] "GET /api/v1/users/me? HTTP/1.0" 304 - "-" "okhttp/4.9.2"
::ffff:127.0.0.1 - - [20/May/2023:14:13:30 +0000] "GET /api/v1/ads? HTTP/1.0" 304 - "-" "okhttp/4.9.2"
::1 - - [20/May/2023:14:13:31 +0000] "GET /api/v1/articles? HTTP/1.0" 304 - "-" "okhttp/4.9.2"
::ffff:127.0.0.1 - - [20/May/2023:14:13:47 +0000] "GET /api/v1/articles/64608634a32e8316d822e5bd? HTTP/1.0" 200 3753 "-" "okhttp/4.9.2"
::1 - - [20/May/2023:14:15:01 +0000] "GET /api/v1/articles/646082bca32e8316d822e594? HTTP/1.0" 200 6579 "-" "okhttp/4.9.2"
::ffff:127.0.0.1 - - [20/May/2023:14:16:38 +0000] "GET /api/v1/users/me? HTTP/1.0" 200 227 "-" "Sedu/1 CFNetwork/1406.0.4 Darwin/22.4.0"
::1 - - [20/May/2023:14:17:41 +0000] "GET /api/v1/articles/64607e9ca32e8316d822e549? HTTP/1.0" 200 5808 "-" "okhttp/4.9.2"
::ffff:127.0.0.1 - - [20/May/2023:14:18:35 +0000] "GET /api/v1/articles/64607a73a32e8316d822e51b? HTTP/1.0" 200 8468 "-" "okhttp/4.9.2"
::1 - - [20/May/2023:14:20:50 +0000] "GET /api/v1/users/me? HTTP/1.0" 304 - "-" "Sedu/1 CFNetwork/1406.0.4 Darwin/22.4.0"
::1 - - [20/May/2023:14:20:51 +0000] "GET /api/v1/ads? HTTP/1.0" 304 - "-" "Sedu/1 CFNetwork/1406.0.4 Darwin/22.4.0"
::ffff:127.0.0.1 - - [20/May/2023:14:20:51 +0000] "GET /api/v1/articles? HTTP/1.0" 304 - "-" "Sedu/1 CFNetwork/1406.0.4 Darwin/22.4.0"
::1 - - [20/May/2023:14:21:24 +0000] "GET /api/v1/articles/6460657ba32e8316d822e39d? HTTP/1.0" 200 5291 "-" "okhttp/4.9.2"
::ffff:127.0.0.1 - - [20/May/2023:14:22:09 +0000] "POST / HTTP/1.0" 404 140 "-" "Mozilla/5.0 (X11; Linux x86_64) AppleWebKit/537.36 (KHTML, like Gecko) Chrome/81.0.4044.129 Safari/537.36"
::1 - - [20/May/2023:14:22:09 +0000] "GET /.env HTTP/1.0" 404 143 "-" "Mozilla/5.0 (X11; Linux x86_64) AppleWebKit/537.36 (KHTML, like Gecko) Chrome/81.0.4044.129 Safari/537.36"
::ffff:127.0.0.1 - - [20/May/2023:14:23:09 +0000] "GET /api/v1/articles/645fbd68a32e8316d822dd25? HTTP/1.0" 200 3940 "-" "okhttp/4.9.2"
::1 - - [20/May/2023:14:23:25 +0000] "GET /api/v1/users/me? HTTP/1.0" 304 - "-" "okhttp/4.9.2"
::1 - - [20/May/2023:14:23:27 +0000] "GET /api/v1/articles/645fbd68a32e8316d822dd25? HTTP/1.0" 304 - "-" "okhttp/4.9.2"
::ffff:127.0.0.1 - - [20/May/2023:14:23:27 +0000] "GET /api/v1/ads? HTTP/1.0" 304 - "-" "okhttp/4.9.2"
::ffff:127.0.0.1 - - [20/May/2023:14:23:28 +0000] "GET /api/v1/articles? HTTP/1.0" 304 - "-" "okhttp/4.9.2"
::ffff:127.0.0.1 - - [20/May/2023:14:24:18 +0000] "GET /.well-known/acme-challenge/SXS_ZF17O83VMP8INER5L8RYL431BI6L HTTP/1.0" 404 198 "-" "Cpanel-HTTP-Client/1.0"
::1 - - [20/May/2023:14:25:18 +0000] "GET /api/v1/articles/645fcb61a32e8316d822ddc6? HTTP/1.0" 200 9167 "-" "okhttp/4.9.2"
::ffff:127.0.0.1 - - [20/May/2023:14:25:49 +0000] "GET /api/v1/users/me? HTTP/1.0" 200 226 "-" "Sedu/1 CFNetwork/1404.0.5 Darwin/22.3.0"
::1 - - [20/May/2023:14:26:12 +0000] "GET /api/v1/users/me? HTTP/1.0" 304 - "-" "Sedu/1 CFNetwork/1406.0.4 Darwin/22.4.0"
::1 - - [20/May/2023:14:26:12 +0000] "GET /api/v1/ads? HTTP/1.0" 304 - "-" "Sedu/1 CFNetwork/1406.0.4 Darwin/22.4.0"
::ffff:127.0.0.1 - - [20/May/2023:14:26:12 +0000] "GET /api/v1/articles? HTTP/1.0" 200 387223 "-" "Sedu/1 CFNetwork/1406.0.4 Darwin/22.4.0"
::1 - - [20/May/2023:14:26:19 +0000] "GET /api/v1/articles/64532c84a4c26797f426b3e2? HTTP/1.0" 200 2825 "-" "okhttp/4.9.2"
::ffff:127.0.0.1 - - [20/May/2023:14:26:22 +0000] "GET /api/v1/articles/642d4efb7c1330814fb762cf? HTTP/1.0" 200 10100 "-" "Sedu/1 CFNetwork/1406.0.4 Darwin/22.4.0"
::1 - - [20/May/2023:14:27:17 +0000] "GET /api/v1/articles/645328aba4c26797f426b363? HTTP/1.0" 200 5768 "-" "okhttp/4.9.2"
::ffff:127.0.0.1 - - [20/May/2023:14:27:40 +0000] "GET /api/v1/articles/642e53037c1330814fb7651c? HTTP/1.0" 200 8883 "-" "okhttp/4.9.2"
::1 - - [20/May/2023:14:28:11 +0000] "GET /api/v1/articles/642e395e7c1330814fb764cf? HTTP/1.0" 200 3839 "-" "okhttp/4.9.2"
::ffff:127.0.0.1 - - [20/May/2023:14:29:09 +0000] "GET /api/v1/articles/642e38d27c1330814fb764c0? HTTP/1.0" 200 2965 "-" "okhttp/4.9.2"
::1 - - [20/May/2023:14:29:29 +0000] "GET /api/v1/articles/642e38807c1330814fb764b7? HTTP/1.0" 200 2547 "-" "okhttp/4.9.2"
::ffff:127.0.0.1 - - [20/May/2023:14:29:58 +0000] "GET /api/v1/articles/642e2e6d7c1330814fb7646b? HTTP/1.0" 200 1619 "-" "okhttp/4.9.2"
::1 - - [20/May/2023:14:30:28 +0000] "GET /api/v1/articles/642d76ab7c1330814fb763c4? HTTP/1.0" 304 - "-" "okhttp/4.9.2"
::ffff:127.0.0.1 - - [20/May/2023:14:30:36 +0000] "GET /api/v1/articles/642d5b327c1330814fb763a4? HTTP/1.0" 200 9617 "-" "okhttp/4.9.2"
::1 - - [20/May/2023:14:33:00 +0000] "GET /api/v1/users/me? HTTP/1.0" 200 238 "-" "Sedu/1 CFNetwork/1335.0.3 Darwin/21.6.0"
::ffff:127.0.0.1 - - [20/May/2023:14:33:08 +0000] "GET /api/v1/users/logout? HTTP/1.0" 200 39 "-" "Sedu/1 CFNetwork/1335.0.3 Darwin/21.6.0"
::1 - - [20/May/2023:14:33:08 +0000] "GET /api/v1/users/me? HTTP/1.0" 401 283 "-" "Sedu/1 CFNetwork/1335.0.3 Darwin/21.6.0"
::ffff:127.0.0.1 - - [20/May/2023:14:35:52 +0000] "GET /api/v1/users/me? HTTP/1.0" 401 283 "-" "Sedu/1 CFNetwork/1406.0.4 Darwin/22.4.0"
::1 - - [20/May/2023:14:36:21 +0000] "POST /api/v1/users/register HTTP/1.0" 200 465 "-" "Sedu/1 CFNetwork/1406.0.4 Darwin/22.4.0"
::ffff:127.0.0.1 - - [20/May/2023:14:36:22 +0000] "GET /api/v1/users/me? HTTP/1.0" 200 191 "-" "Sedu/1 CFNetwork/1406.0.4 Darwin/22.4.0"
::1 - - [20/May/2023:14:36:41 +0000] "GET /api/v1/users/me? HTTP/1.0" 304 - "-" "Sedu/1 CFNetwork/1406.0.4 Darwin/22.4.0"
::ffff:127.0.0.1 - - [20/May/2023:14:36:57 +0000] "POST /api/v1/users/invoice/6468dae5a32e8316d823ae53 HTTP/1.0" 200 50 "-" "Sedu/1 CFNetwork/1406.0.4 Darwin/22.4.0"
::1 - - [20/May/2023:14:36:57 +0000] "GET /api/v1/wallets/6468db09a32e8316d823ae58? HTTP/1.0" 200 16089 "-" "Sedu/1 CFNetwork/1406.0.4 Darwin/22.4.0"
::ffff:127.0.0.1 - - [20/May/2023:14:37:48 +0000] "GET /api/v1/users/callbacks/6468dae5a32e8316d823ae53/20000?qpay_payment_id=785472149542738 HTTP/1.0" 200 230 "-" "node-fetch/1.0 (+https://github.com/bitinn/node-fetch)"
::1 - - [20/May/2023:14:38:05 +0000] "GET /api/v1/users/me? HTTP/1.0" 200 230 "-" "Sedu/1 CFNetwork/1406.0.4 Darwin/22.4.0"
::ffff:127.0.0.1 - - [20/May/2023:14:38:05 +0000] "GET /api/v1/wallets/6468db09a32e8316d823ae58? HTTP/1.0" 304 - "-" "Sedu/1 CFNetwork/1406.0.4 Darwin/22.4.0"
::1 - - [20/May/2023:14:38:15 +0000] "GET /api/v1/users/logout? HTTP/1.0" 200 39 "-" "Sedu/1 CFNetwork/1406.0.4 Darwin/22.4.0"
::ffff:127.0.0.1 - - [20/May/2023:14:38:15 +0000] "GET /api/v1/users/me? HTTP/1.0" 401 283 "-" "Sedu/1 CFNetwork/1406.0.4 Darwin/22.4.0"
::1 - - [20/May/2023:14:38:31 +0000] "POST /api/v1/users/login HTTP/1.0" 200 504 "-" "Sedu/1 CFNetwork/1406.0.4 Darwin/22.4.0"
::ffff:127.0.0.1 - - [20/May/2023:14:38:31 +0000] "GET /api/v1/users/me? HTTP/1.0" 304 - "-" "Sedu/1 CFNetwork/1406.0.4 Darwin/22.4.0"
::1 - - [20/May/2023:14:38:31 +0000] "GET /api/v1/articles? HTTP/1.0" 200 387223 "-" "Sedu/1 CFNetwork/1406.0.4 Darwin/22.4.0"
::ffff:127.0.0.1 - - [20/May/2023:14:38:31 +0000] "GET /api/v1/ads? HTTP/1.0" 200 633 "-" "Sedu/1 CFNetwork/1406.0.4 Darwin/22.4.0"
::ffff:127.0.0.1 - - [20/May/2023:14:38:49 +0000] "GET /api/v1/users/me? HTTP/1.0" 304 - "-" "Sedu/1 CFNetwork/1406.0.4 Darwin/22.4.0"
::ffff:127.0.0.1 - - [20/May/2023:14:39:03 +0000] "POST / HTTP/1.0" 404 140 "-" "Mozilla/5.0 (X11; Linux x86_64) AppleWebKit/537.36 (KHTML, like Gecko) Chrome/81.0.4044.129 Safari/537.36"
::1 - - [20/May/2023:14:39:03 +0000] "GET /.env HTTP/1.0" 404 143 "-" "Mozilla/5.0 (X11; Linux x86_64) AppleWebKit/537.36 (KHTML, like Gecko) Chrome/81.0.4044.129 Safari/537.36"
::ffff:127.0.0.1 - - [20/May/2023:14:39:13 +0000] "GET /api/v1/users/logout? HTTP/1.0" 304 - "-" "Sedu/1 CFNetwork/1406.0.4 Darwin/22.4.0"
::1 - - [20/May/2023:14:39:13 +0000] "GET /api/v1/articles? HTTP/1.0" 401 283 "-" "Sedu/1 CFNetwork/1406.0.4 Darwin/22.4.0"
::1 - - [20/May/2023:14:39:13 +0000] "GET /api/v1/users/me? HTTP/1.0" 401 283 "-" "Sedu/1 CFNetwork/1406.0.4 Darwin/22.4.0"
::ffff:127.0.0.1 - - [20/May/2023:14:39:13 +0000] "GET /api/v1/users/me? HTTP/1.0" 401 283 "-" "Sedu/1 CFNetwork/1406.0.4 Darwin/22.4.0"
::ffff:127.0.0.1 - - [20/May/2023:14:39:13 +0000] "GET /api/v1/ads? HTTP/1.0" 304 - "-" "Sedu/1 CFNetwork/1406.0.4 Darwin/22.4.0"
::ffff:127.0.0.1 - - [20/May/2023:14:39:34 +0000] "POST /api/v1/users/login HTTP/1.0" 200 504 "-" "Sedu/1 CFNetwork/1406.0.4 Darwin/22.4.0"
::1 - - [20/May/2023:14:39:34 +0000] "GET /api/v1/users/me? HTTP/1.0" 304 - "-" "Sedu/1 CFNetwork/1406.0.4 Darwin/22.4.0"
::1 - - [20/May/2023:14:39:35 +0000] "GET /api/v1/ads? HTTP/1.0" 304 - "-" "Sedu/1 CFNetwork/1406.0.4 Darwin/22.4.0"
::ffff:127.0.0.1 - - [20/May/2023:14:39:35 +0000] "GET /api/v1/articles? HTTP/1.0" 304 - "-" "Sedu/1 CFNetwork/1406.0.4 Darwin/22.4.0"
::1 - - [20/May/2023:14:39:50 +0000] "GET /api/v1/articles/642d4c587c1330814fb76297? HTTP/1.0" 200 22271 "-" "Sedu/1 CFNetwork/1406.0.4 Darwin/22.4.0"
::ffff:127.0.0.1 - - [20/May/2023:14:39:53 +0000] "GET /api/v1/articles/642d4ce07c1330814fb762a6? HTTP/1.0" 200 10683 "-" "Sedu/1 CFNetwork/1406.0.4 Darwin/22.4.0"
::1 - - [20/May/2023:14:40:10 +0000] "GET /api/v1/articles/642d4fba7c1330814fb762d8? HTTP/1.0" 200 8050 "-" "Sedu/1 CFNetwork/1406.0.4 Darwin/22.4.0"
::ffff:127.0.0.1 - - [20/May/2023:14:40:22 +0000] "GET /api/v1/users/me? HTTP/1.0" 304 - "-" "Sedu/1 CFNetwork/1209 Darwin/20.2.0"
::1 - - [20/May/2023:14:40:22 +0000] "GET /api/v1/articles? HTTP/1.0" 304 - "-" "Sedu/1 CFNetwork/1209 Darwin/20.2.0"
::ffff:127.0.0.1 - - [20/May/2023:14:40:22 +0000] "GET /api/v1/ads? HTTP/1.0" 304 - "-" "Sedu/1 CFNetwork/1209 Darwin/20.2.0"
::1 - - [20/May/2023:14:40:30 +0000] "GET /api/v1/articles/642d4c587c1330814fb76297? HTTP/1.0" 200 22271 "-" "Sedu/1 CFNetwork/1209 Darwin/20.2.0"
::ffff:127.0.0.1 - - [20/May/2023:14:41:16 +0000] "GET /api/v1/users/me? HTTP/1.0" 304 - "-" "Sedu/1 CFNetwork/1404.0.5 Darwin/22.3.0"
::1 - - [20/May/2023:14:41:18 +0000] "GET /api/v1/articles/642d55507c1330814fb76325? HTTP/1.0" 200 3410 "-" "Sedu/1 CFNetwork/1406.0.4 Darwin/22.4.0"
::ffff:127.0.0.1 - - [20/May/2023:14:41:22 +0000] "GET /api/v1/users/me? HTTP/1.0" 304 - "-" "Sedu/1 CFNetwork/1404.0.5 Darwin/22.3.0"
::ffff:127.0.0.1 - - [20/May/2023:14:43:23 +0000] "GET /api/v1/users/me? HTTP/1.0" 304 - "-" "okhttp/4.9.2"
::ffff:127.0.0.1 - - [20/May/2023:14:43:24 +0000] "GET /api/v1/ads? HTTP/1.0" 304 - "-" "okhttp/4.9.2"
::1 - - [20/May/2023:14:43:24 +0000] "GET /api/v1/articles? HTTP/1.0" 200 387223 "-" "okhttp/4.9.2"
::1 - - [20/May/2023:14:43:53 +0000] "GET /api/v1/articles/64608634a32e8316d822e5bd? HTTP/1.0" 200 3753 "-" "okhttp/4.9.2"
::ffff:127.0.0.1 - - [20/May/2023:14:46:02 +0000] "GET /api/v1/users/me? HTTP/1.0" 304 - "-" "Sedu/1 CFNetwork/1406.0.4 Darwin/22.4.0"
::ffff:127.0.0.1 - - [20/May/2023:14:46:03 +0000] "GET /api/v1/ads? HTTP/1.0" 304 - "-" "Sedu/1 CFNetwork/1406.0.4 Darwin/22.4.0"
::1 - - [20/May/2023:14:46:03 +0000] "GET /api/v1/articles? HTTP/1.0" 304 - "-" "Sedu/1 CFNetwork/1406.0.4 Darwin/22.4.0"
::ffff:127.0.0.1 - - [20/May/2023:14:46:31 +0000] "GET /api/v1/users/me? HTTP/1.0" 401 283 "-" "Sedu/1 CFNetwork/1404.0.5 Darwin/22.3.0"
::1 - - [20/May/2023:14:46:48 +0000] "POST /api/v1/users/login HTTP/1.0" 200 501 "-" "Sedu/1 CFNetwork/1404.0.5 Darwin/22.3.0"
::ffff:127.0.0.1 - - [20/May/2023:14:46:48 +0000] "GET /api/v1/users/me? HTTP/1.0" 304 - "-" "Sedu/1 CFNetwork/1404.0.5 Darwin/22.3.0"
::ffff:127.0.0.1 - - [20/May/2023:14:46:48 +0000] "GET /api/v1/ads? HTTP/1.0" 304 - "-" "Sedu/1 CFNetwork/1404.0.5 Darwin/22.3.0"
::1 - - [20/May/2023:14:46:48 +0000] "GET /api/v1/articles? HTTP/1.0" 200 387223 "-" "Sedu/1 CFNetwork/1404.0.5 Darwin/22.3.0"
::ffff:127.0.0.1 - - [20/May/2023:14:46:49 +0000] "GET /api/v1/articles/642e2e6d7c1330814fb7646b? HTTP/1.0" 200 1619 "-" "Sedu/1 CFNetwork/1406.0.4 Darwin/22.4.0"
::1 - - [20/May/2023:14:46:53 +0000] "GET /api/v1/users/me? HTTP/1.0" 304 - "-" "Sedu/1 CFNetwork/1404.0.5 Darwin/22.3.0"
::ffff:127.0.0.1 - - [20/May/2023:14:50:54 +0000] "GET /api/v1/users/me? HTTP/1.0" 401 283 "-" "Sedu/1 CFNetwork/1406.0.4 Darwin/22.4.0"
::1 - - [20/May/2023:14:51:14 +0000] "POST /api/v1/users/register HTTP/1.0" 200 460 "-" "Sedu/1 CFNetwork/1406.0.4 Darwin/22.4.0"
::ffff:127.0.0.1 - - [20/May/2023:14:51:15 +0000] "GET /api/v1/users/me? HTTP/1.0" 200 186 "-" "Sedu/1 CFNetwork/1406.0.4 Darwin/22.4.0"
::1 - - [20/May/2023:14:51:23 +0000] "GET /api/v1/users/logout? HTTP/1.0" 200 39 "-" "Sedu/1 CFNetwork/1406.0.4 Darwin/22.4.0"
::ffff:127.0.0.1 - - [20/May/2023:14:51:23 +0000] "GET /api/v1/users/me? HTTP/1.0" 401 283 "-" "Sedu/1 CFNetwork/1406.0.4 Darwin/22.4.0"
::1 - - [20/May/2023:14:51:33 +0000] "POST /api/v1/users/login HTTP/1.0" 200 460 "-" "Sedu/1 CFNetwork/1406.0.4 Darwin/22.4.0"
::ffff:127.0.0.1 - - [20/May/2023:14:51:33 +0000] "GET /api/v1/users/me? HTTP/1.0" 304 - "-" "Sedu/1 CFNetwork/1406.0.4 Darwin/22.4.0"
::1 - - [20/May/2023:14:53:55 +0000] "GET /.env HTTP/1.0" 404 143 "-" "Mozilla/5.0 (Macintosh; Intel Mac OS X 10.15; rv:77.0) Gecko/20100101 Firefox/77.0"
::ffff:127.0.0.1 - - [20/May/2023:14:53:55 +0000] "GET /wp-content/ HTTP/1.0" 404 150 "-" "Mozilla/5.0 (Macintosh; Intel Mac OS X 10.15; rv:77.0) Gecko/20100101 Firefox/77.0"
::1 - - [20/May/2023:14:55:53 +0000] "GET /.env HTTP/1.0" 404 143 "-" "Mozilla/5.0 (Linux; U; Android 4.4.2; en-US; HM NOTE 1W Build/KOT49H) AppleWebKit/534.30 (KHTML, like Gecko) Version/4.0 UCBrowser/11.0.5.850 U3/0.8.0 Mobile Safari/534.30"
::ffff:127.0.0.1 - - [20/May/2023:14:55:53 +0000] "POST / HTTP/1.0" 404 140 "-" "Mozilla/5.0 (Linux; U; Android 4.4.2; en-US; HM NOTE 1W Build/KOT49H) AppleWebKit/534.30 (KHTML, like Gecko) Version/4.0 UCBrowser/11.0.5.850 U3/0.8.0 Mobile Safari/534.30"
::ffff:127.0.0.1 - - [20/May/2023:14:58:01 +0000] "GET /api/v1/users/me? HTTP/1.0" 304 - "-" "Sedu/1 CFNetwork/1408.0.4 Darwin/22.5.0"
::ffff:127.0.0.1 - - [20/May/2023:14:58:02 +0000] "GET /api/v1/ads? HTTP/1.0" 304 - "-" "Sedu/1 CFNetwork/1408.0.4 Darwin/22.5.0"
::1 - - [20/May/2023:14:58:02 +0000] "GET /api/v1/articles? HTTP/1.0" 304 - "-" "Sedu/1 CFNetwork/1408.0.4 Darwin/22.5.0"
::ffff:127.0.0.1 - - [20/May/2023:14:58:10 +0000] "GET /api/v1/articles/642d4c587c1330814fb76297? HTTP/1.0" 200 22271 "-" "Sedu/1 CFNetwork/1408.0.4 Darwin/22.5.0"
::1 - - [20/May/2023:14:58:35 +0000] "GET /api/v1/articles/642d55bf7c1330814fb76345? HTTP/1.0" 304 - "-" "Sedu/1 CFNetwork/1408.0.4 Darwin/22.5.0"
::ffff:127.0.0.1 - - [20/May/2023:14:59:18 +0000] "GET /api/v1/users/me? HTTP/1.0" 304 - "-" "Sedu/1 CFNetwork/1399 Darwin/22.1.0"
::ffff:127.0.0.1 - - [20/May/2023:14:59:18 +0000] "GET /api/v1/ads? HTTP/1.0" 304 - "-" "Sedu/1 CFNetwork/1399 Darwin/22.1.0"
::1 - - [20/May/2023:14:59:18 +0000] "GET /api/v1/articles? HTTP/1.0" 304 - "-" "Sedu/1 CFNetwork/1399 Darwin/22.1.0"
::ffff:127.0.0.1 - - [20/May/2023:14:59:38 +0000] "GET /api/v1/articles/642d5b917c1330814fb763ad? HTTP/1.0" 200 5031 "-" "Sedu/1 CFNetwork/1408.0.4 Darwin/22.5.0"
::1 - - [20/May/2023:15:01:32 +0000] "GET /api/v1/users/me? HTTP/1.0" 401 283 "-" "Sedu/1 CFNetwork/1240.0.4 Darwin/20.5.0"
::ffff:127.0.0.1 - - [20/May/2023:15:01:48 +0000] "POST /api/v1/users/register HTTP/1.0" 500 254 "-" "Sedu/1 CFNetwork/1240.0.4 Darwin/20.5.0"
::1 - - [20/May/2023:15:01:54 +0000] "GET /api/v1/users/me? HTTP/1.0" 304 - "-" "okhttp/4.9.2"
::ffff:127.0.0.1 - - [20/May/2023:15:01:58 +0000] "POST /api/v1/users/register HTTP/1.0" 200 461 "-" "Sedu/1 CFNetwork/1240.0.4 Darwin/20.5.0"
::1 - - [20/May/2023:15:01:58 +0000] "GET /api/v1/users/me? HTTP/1.0" 200 187 "-" "Sedu/1 CFNetwork/1240.0.4 Darwin/20.5.0"
::ffff:127.0.0.1 - - [20/May/2023:15:02:04 +0000] "GET /api/v1/users/me? HTTP/1.0" 304 - "-" "okhttp/4.9.2"
::1 - - [20/May/2023:15:02:07 +0000] "GET /api/v1/users/logout? HTTP/1.0" 200 39 "-" "Sedu/1 CFNetwork/1240.0.4 Darwin/20.5.0"
::ffff:127.0.0.1 - - [20/May/2023:15:02:07 +0000] "GET /api/v1/users/me? HTTP/1.0" 401 283 "-" "Sedu/1 CFNetwork/1240.0.4 Darwin/20.5.0"
::1 - - [20/May/2023:15:02:17 +0000] "GET /api/v1/articles/642d771f7c1330814fb763cd? HTTP/1.0" 200 3044 "-" "Sedu/1 CFNetwork/1408.0.4 Darwin/22.5.0"
::ffff:127.0.0.1 - - [20/May/2023:15:02:19 +0000] "POST /api/v1/users/invoice/64509948a4c26797f425ce83 HTTP/1.0" 200 50 "-" "okhttp/4.9.2"
::1 - - [20/May/2023:15:02:20 +0000] "GET /api/v1/wallets/6468e0fba32e8316d823aeb6? HTTP/1.0" 200 16102 "-" "okhttp/4.9.2"
::ffff:127.0.0.1 - - [20/May/2023:15:02:34 +0000] "GET /api/v1/users/me? HTTP/1.0" 200 231 "-" "okhttp/4.9.2"
::1 - - [20/May/2023:15:02:34 +0000] "GET /api/v1/wallets/6468e0fba32e8316d823aeb6? HTTP/1.0" 304 - "-" "okhttp/4.9.2"
::ffff:127.0.0.1 - - [20/May/2023:15:02:55 +0000] "GET /api/v1/articles/642d7ac57c1330814fb76424? HTTP/1.0" 200 9288 "-" "Sedu/1 CFNetwork/1408.0.4 Darwin/22.5.0"
::1 - - [20/May/2023:15:03:52 +0000] "GET /api/v1/articles/642e38d27c1330814fb764c0? HTTP/1.0" 200 2965 "-" "Sedu/1 CFNetwork/1408.0.4 Darwin/22.5.0"
::ffff:127.0.0.1 - - [20/May/2023:15:04:46 +0000] "GET /api/v1/users/me? HTTP/1.0" 304 - "-" "Sedu/1 CFNetwork/1406.0.4 Darwin/22.4.0"
::ffff:127.0.0.1 - - [20/May/2023:15:04:46 +0000] "GET /api/v1/users/me? HTTP/1.0" 304 - "-" "Sedu/1 CFNetwork/1406.0.4 Darwin/22.4.0"
::1 - - [20/May/2023:15:04:46 +0000] "GET /api/v1/ads? HTTP/1.0" 304 - "-" "Sedu/1 CFNetwork/1406.0.4 Darwin/22.4.0"
::1 - - [20/May/2023:15:04:46 +0000] "GET /api/v1/articles? HTTP/1.0" 304 - "-" "Sedu/1 CFNetwork/1406.0.4 Darwin/22.4.0"
::1 - - [20/May/2023:15:05:04 +0000] "GET /api/v1/articles/642d7ac57c1330814fb76424? HTTP/1.0" 200 9288 "-" "Sedu/1 CFNetwork/1406.0.4 Darwin/22.4.0"
::ffff:127.0.0.1 - - [20/May/2023:15:05:15 +0000] "GET /api/v1/users/me? HTTP/1.0" 401 283 "-" "Sedu/1 CFNetwork/1333.0.4 Darwin/21.5.0"
::1 - - [20/May/2023:15:05:41 +0000] "POST /api/v1/users/register HTTP/1.0" 500 263 "-" "Sedu/1 CFNetwork/1333.0.4 Darwin/21.5.0"
::ffff:127.0.0.1 - - [20/May/2023:15:05:44 +0000] "GET /api/v1/articles/642e395e7c1330814fb764cf? HTTP/1.0" 200 3839 "-" "Sedu/1 CFNetwork/1408.0.4 Darwin/22.5.0"
::1 - - [20/May/2023:15:05:54 +0000] "POST /api/v1/users/register HTTP/1.0" 200 479 "-" "Sedu/1 CFNetwork/1333.0.4 Darwin/21.5.0"
::ffff:127.0.0.1 - - [20/May/2023:15:05:54 +0000] "GET /api/v1/users/me? HTTP/1.0" 200 205 "-" "Sedu/1 CFNetwork/1333.0.4 Darwin/21.5.0"
::1 - - [20/May/2023:15:06:03 +0000] "GET /api/v1/users/me? HTTP/1.0" 304 - "-" "Sedu/1 CFNetwork/1333.0.4 Darwin/21.5.0"
::ffff:127.0.0.1 - - [20/May/2023:15:06:10 +0000] "POST /api/v1/users/invoice/6468e1d2a32e8316d823aed5 HTTP/1.0" 200 50 "-" "Sedu/1 CFNetwork/1333.0.4 Darwin/21.5.0"
::ffff:127.0.0.1 - - [20/May/2023:15:06:10 +0000] "GET /api/v1/users/me? HTTP/1.0" 304 - "-" "Sedu/1 CFNetwork/1406.0.4 Darwin/22.4.0"
::1 - - [20/May/2023:15:06:10 +0000] "GET /api/v1/articles/642d7ac57c1330814fb76424? HTTP/1.0" 304 - "-" "Sedu/1 CFNetwork/1406.0.4 Darwin/22.4.0"
::1 - - [20/May/2023:15:06:10 +0000] "GET /api/v1/users/me? HTTP/1.0" 304 - "-" "Sedu/1 CFNetwork/1406.0.4 Darwin/22.4.0"
::1 - - [20/May/2023:15:06:10 +0000] "GET /api/v1/ads? HTTP/1.0" 304 - "-" "Sedu/1 CFNetwork/1406.0.4 Darwin/22.4.0"
::ffff:127.0.0.1 - - [20/May/2023:15:06:10 +0000] "GET /api/v1/wallets/6468e1e2a32e8316d823aeda? HTTP/1.0" 200 16352 "-" "Sedu/1 CFNetwork/1333.0.4 Darwin/21.5.0"
::ffff:127.0.0.1 - - [20/May/2023:15:06:10 +0000] "GET /api/v1/articles? HTTP/1.0" 304 - "-" "Sedu/1 CFNetwork/1406.0.4 Darwin/22.4.0"
::1 - - [20/May/2023:15:07:01 +0000] "GET /api/v1/users/me? HTTP/1.0" 304 - "-" "Sedu/1 CFNetwork/1406.0.4 Darwin/22.4.0"
::1 - - [20/May/2023:15:07:02 +0000] "GET /api/v1/ads? HTTP/1.0" 304 - "-" "Sedu/1 CFNetwork/1406.0.4 Darwin/22.4.0"
::ffff:127.0.0.1 - - [20/May/2023:15:07:02 +0000] "GET /api/v1/articles? HTTP/1.0" 304 - "-" "Sedu/1 CFNetwork/1406.0.4 Darwin/22.4.0"
::ffff:127.0.0.1 - - [20/May/2023:15:07:12 +0000] "GET /api/v1/users/me? HTTP/1.0" 304 - "-" "Sedu/1 CFNetwork/1335.0.3.1 Darwin/21.6.0"
::ffff:127.0.0.1 - - [20/May/2023:15:07:12 +0000] "GET /api/v1/users/me? HTTP/1.0" 304 - "-" "Sedu/1 CFNetwork/1335.0.3.1 Darwin/21.6.0"
::1 - - [20/May/2023:15:07:12 +0000] "GET /api/v1/ads? HTTP/1.0" 304 - "-" "Sedu/1 CFNetwork/1335.0.3.1 Darwin/21.6.0"
::1 - - [20/May/2023:15:07:12 +0000] "GET /api/v1/articles? HTTP/1.0" 304 - "-" "Sedu/1 CFNetwork/1335.0.3.1 Darwin/21.6.0"
::ffff:127.0.0.1 - - [20/May/2023:15:07:48 +0000] "GET /api/v1/articles/642d55507c1330814fb76325? HTTP/1.0" 304 - "-" "Sedu/1 CFNetwork/1335.0.3.1 Darwin/21.6.0"
::1 - - [20/May/2023:15:07:55 +0000] "GET /api/v1/articles/642d59727c1330814fb76396? HTTP/1.0" 200 10524 "-" "Sedu/1 CFNetwork/1406.0.4 Darwin/22.4.0"
::ffff:127.0.0.1 - - [20/May/2023:15:07:56 +0000] "GET /api/v1/articles/642d55f77c1330814fb7634f? HTTP/1.0" 200 7052 "-" "Sedu/1 CFNetwork/1335.0.3.1 Darwin/21.6.0"
::1 - - [20/May/2023:15:08:41 +0000] "GET /api/v1/articles/642d56517c1330814fb7635e? HTTP/1.0" 304 - "-" "Sedu/1 CFNetwork/1335.0.3.1 Darwin/21.6.0"
::ffff:127.0.0.1 - - [20/May/2023:15:09:40 +0000] "GET /api/v1/articles/642d7ac57c1330814fb76424? HTTP/1.0" 304 - "-" "Sedu/1 CFNetwork/1406.0.4 Darwin/22.4.0"
::1 - - [20/May/2023:15:09:40 +0000] "GET /api/v1/users/me? HTTP/1.0" 304 - "-" "Sedu/1 CFNetwork/1406.0.4 Darwin/22.4.0"
::ffff:127.0.0.1 - - [20/May/2023:15:09:40 +0000] "GET /api/v1/users/me? HTTP/1.0" 304 - "-" "Sedu/1 CFNetwork/1406.0.4 Darwin/22.4.0"
::ffff:127.0.0.1 - - [20/May/2023:15:09:40 +0000] "GET /api/v1/ads? HTTP/1.0" 304 - "-" "Sedu/1 CFNetwork/1406.0.4 Darwin/22.4.0"
::1 - - [20/May/2023:15:09:40 +0000] "GET /api/v1/articles? HTTP/1.0" 304 - "-" "Sedu/1 CFNetwork/1406.0.4 Darwin/22.4.0"
::1 - - [20/May/2023:15:10:24 +0000] "GET /api/v1/users/me? HTTP/1.0" 304 - "-" "Sedu/1 CFNetwork/1404.0.5 Darwin/22.3.0"
::ffff:127.0.0.1 - - [20/May/2023:15:10:26 +0000] "GET /api/v1/users/logout? HTTP/1.0" 200 39 "-" "Sedu/1 CFNetwork/1404.0.5 Darwin/22.3.0"
::1 - - [20/May/2023:15:10:26 +0000] "GET /api/v1/users/me? HTTP/1.0" 401 283 "-" "Sedu/1 CFNetwork/1404.0.5 Darwin/22.3.0"
::ffff:127.0.0.1 - - [20/May/2023:15:12:32 +0000] "GET /api/v1/articles/642d5b327c1330814fb763a4? HTTP/1.0" 304 - "-" "Sedu/1 CFNetwork/1335.0.3.1 Darwin/21.6.0"
::1 - - [20/May/2023:15:13:09 +0000] "GET /api/v1/articles/642e31187c1330814fb76474? HTTP/1.0" 304 - "-" "Sedu/1 CFNetwork/1335.0.3.1 Darwin/21.6.0"
::1 - - [20/May/2023:15:13:12 +0000] "GET /api/v1/users/me? HTTP/1.0" 304 - "-" "Sedu/1 CFNetwork/1406.0.4 Darwin/22.4.0"
::1 - - [20/May/2023:15:13:13 +0000] "GET /api/v1/ads? HTTP/1.0" 304 - "-" "Sedu/1 CFNetwork/1406.0.4 Darwin/22.4.0"
::ffff:127.0.0.1 - - [20/May/2023:15:13:13 +0000] "GET /api/v1/articles? HTTP/1.0" 200 387223 "-" "Sedu/1 CFNetwork/1406.0.4 Darwin/22.4.0"
::1 - - [20/May/2023:15:13:20 +0000] "GET /api/v1/articles/642d7be67c1330814fb7643d? HTTP/1.0" 200 5356 "-" "Sedu/1 CFNetwork/1406.0.4 Darwin/22.4.0"
::1 - - [20/May/2023:15:13:31 +0000] "GET /api/v1/users/me? HTTP/1.0" 401 283 "-" "Sedu/1 CFNetwork/1121.2.2 Darwin/19.2.0"
::1 - - [20/May/2023:15:13:40 +0000] "GET /api/v1/users/me? HTTP/1.0" 304 - "-" "Sedu/1 CFNetwork/1406.0.4 Darwin/22.4.0"
::ffff:127.0.0.1 - - [20/May/2023:15:13:40 +0000] "GET /api/v1/ads? HTTP/1.0" 304 - "-" "Sedu/1 CFNetwork/1406.0.4 Darwin/22.4.0"
::ffff:127.0.0.1 - - [20/May/2023:15:13:40 +0000] "GET /api/v1/articles? HTTP/1.0" 304 - "-" "Sedu/1 CFNetwork/1406.0.4 Darwin/22.4.0"
::1 - - [20/May/2023:15:14:50 +0000] "GET /api/v1/articles/642e2e6d7c1330814fb7646b? HTTP/1.0" 200 1619 "-" "Sedu/1 CFNetwork/1406.0.4 Darwin/22.4.0"
::ffff:127.0.0.1 - - [20/May/2023:15:15:01 +0000] "GET /api/v1/users/me? HTTP/1.0" 401 283 "-" "Sedu/1 CFNetwork/1121.2.2 Darwin/19.2.0"
::ffff:127.0.0.1 - - [20/May/2023:15:15:19 +0000] "GET /api/v1/articles/64607e9ca32e8316d822e549? HTTP/1.0" 200 5808 "-" "Sedu/1 CFNetwork/1406.0.4 Darwin/22.4.0"
::1 - - [20/May/2023:15:17:26 +0000] "GET /api/v1/users/me? HTTP/1.0" 401 283 "-" "Sedu/1 CFNetwork/1404.0.5 Darwin/22.3.0"
::1 - - [20/May/2023:15:17:41 +0000] "GET /api/v1/articles/6460657ba32e8316d822e39d? HTTP/1.0" 200 5291 "-" "Sedu/1 CFNetwork/1406.0.4 Darwin/22.4.0"
::ffff:127.0.0.1 - - [20/May/2023:15:17:46 +0000] "POST /api/v1/users/register HTTP/1.0" 500 253 "-" "Sedu/1 CFNetwork/1404.0.5 Darwin/22.3.0"
::1 - - [20/May/2023:15:17:53 +0000] "POST /api/v1/users/register HTTP/1.0" 200 469 "-" "Sedu/1 CFNetwork/1404.0.5 Darwin/22.3.0"
::ffff:127.0.0.1 - - [20/May/2023:15:17:53 +0000] "GET /api/v1/users/me? HTTP/1.0" 200 195 "-" "Sedu/1 CFNetwork/1404.0.5 Darwin/22.3.0"
::1 - - [20/May/2023:15:17:54 +0000] "POST /api/v1/users/register HTTP/1.0" 500 255 "-" "Sedu/1 CFNetwork/1404.0.5 Darwin/22.3.0"
::ffff:127.0.0.1 - - [20/May/2023:15:18:01 +0000] "GET /api/v1/users/me? HTTP/1.0" 304 - "-" "Sedu/1 CFNetwork/1404.0.5 Darwin/22.3.0"
::1 - - [20/May/2023:15:18:07 +0000] "POST /api/v1/users/invoice/6468e4a1a32e8316d823af1b HTTP/1.0" 200 50 "-" "Sedu/1 CFNetwork/1404.0.5 Darwin/22.3.0"
::ffff:127.0.0.1 - - [20/May/2023:15:18:08 +0000] "GET /api/v1/wallets/6468e4afa32e8316d823af22? HTTP/1.0" 200 16159 "-" "Sedu/1 CFNetwork/1404.0.5 Darwin/22.3.0"
::1 - - [20/May/2023:15:18:43 +0000] "GET /api/v1/users/callbacks/6468e4a1a32e8316d823af1b/20000?qpay_payment_id=335278269809476 HTTP/1.0" 200 234 "-" "node-fetch/1.0 (+https://github.com/bitinn/node-fetch)"
::ffff:127.0.0.1 - - [20/May/2023:15:18:49 +0000] "GET /api/v1/users/me? HTTP/1.0" 200 234 "-" "Sedu/1 CFNetwork/1404.0.5 Darwin/22.3.0"
::1 - - [20/May/2023:15:18:49 +0000] "GET /api/v1/wallets/6468e4afa32e8316d823af22? HTTP/1.0" 304 - "-" "Sedu/1 CFNetwork/1404.0.5 Darwin/22.3.0"
::ffff:127.0.0.1 - - [20/May/2023:15:19:00 +0000] "GET /api/v1/users/logout? HTTP/1.0" 200 39 "-" "Sedu/1 CFNetwork/1404.0.5 Darwin/22.3.0"
::1 - - [20/May/2023:15:19:00 +0000] "GET /api/v1/users/me? HTTP/1.0" 401 283 "-" "Sedu/1 CFNetwork/1404.0.5 Darwin/22.3.0"
::ffff:127.0.0.1 - - [20/May/2023:15:19:19 +0000] "POST /api/v1/users/login HTTP/1.0" 200 508 "-" "Sedu/1 CFNetwork/1404.0.5 Darwin/22.3.0"
::1 - - [20/May/2023:15:19:20 +0000] "GET /api/v1/users/me? HTTP/1.0" 304 - "-" "Sedu/1 CFNetwork/1404.0.5 Darwin/22.3.0"
::ffff:127.0.0.1 - - [20/May/2023:15:19:20 +0000] "GET /api/v1/articles? HTTP/1.0" 200 387223 "-" "Sedu/1 CFNetwork/1404.0.5 Darwin/22.3.0"
::1 - - [20/May/2023:15:19:20 +0000] "POST /api/v1/users/login HTTP/1.0" 200 508 "-" "Sedu/1 CFNetwork/1404.0.5 Darwin/22.3.0"
::ffff:127.0.0.1 - - [20/May/2023:15:19:20 +0000] "GET /api/v1/ads? HTTP/1.0" 200 633 "-" "Sedu/1 CFNetwork/1404.0.5 Darwin/22.3.0"
::ffff:127.0.0.1 - - [20/May/2023:15:19:21 +0000] "GET /api/v1/ads? HTTP/1.0" 304 - "-" "Sedu/1 CFNetwork/1404.0.5 Darwin/22.3.0"
::1 - - [20/May/2023:15:19:21 +0000] "GET /api/v1/users/me? HTTP/1.0" 304 - "-" "Sedu/1 CFNetwork/1404.0.5 Darwin/22.3.0"
::1 - - [20/May/2023:15:19:21 +0000] "GET /api/v1/articles? HTTP/1.0" 200 387223 "-" "Sedu/1 CFNetwork/1404.0.5 Darwin/22.3.0"
::ffff:127.0.0.1 - - [20/May/2023:15:19:43 +0000] "GET /api/v1/users/me? HTTP/1.0" 304 - "-" "Sedu/1 CFNetwork/1404.0.5 Darwin/22.3.0"
::ffff:127.0.0.1 - - [20/May/2023:15:20:08 +0000] "GET /api/v1/users/me? HTTP/1.0" 304 - "-" "Sedu/1 CFNetwork/1404.0.5 Darwin/22.3.0"
::ffff:127.0.0.1 - - [20/May/2023:15:20:08 +0000] "GET /api/v1/users/me? HTTP/1.0" 304 - "-" "Sedu/1 CFNetwork/1404.0.5 Darwin/22.3.0"
::1 - - [20/May/2023:15:20:08 +0000] "GET /api/v1/ads? HTTP/1.0" 304 - "-" "Sedu/1 CFNetwork/1404.0.5 Darwin/22.3.0"
::1 - - [20/May/2023:15:20:08 +0000] "GET /api/v1/articles? HTTP/1.0" 304 - "-" "Sedu/1 CFNetwork/1404.0.5 Darwin/22.3.0"
::ffff:127.0.0.1 - - [20/May/2023:15:20:18 +0000] "GET /api/v1/articles/642e35cf7c1330814fb7649d? HTTP/1.0" 200 6713 "-" "Sedu/1 CFNetwork/1406.0.4 Darwin/22.4.0"
::ffff:127.0.0.1 - - [20/May/2023:15:20:29 +0000] "GET /api/v1/users/me? HTTP/1.0" 304 - "-" "Sedu/1 CFNetwork/1335.0.3 Darwin/21.6.0"
::1 - - [20/May/2023:15:20:29 +0000] "GET /api/v1/articles? HTTP/1.0" 304 - "-" "Sedu/1 CFNetwork/1335.0.3 Darwin/21.6.0"
::ffff:127.0.0.1 - - [20/May/2023:15:20:29 +0000] "GET /api/v1/ads? HTTP/1.0" 304 - "-" "Sedu/1 CFNetwork/1335.0.3 Darwin/21.6.0"
::ffff:127.0.0.1 - - [20/May/2023:15:21:21 +0000] "GET /api/v1/articles/642d55f77c1330814fb7634f? HTTP/1.0" 200 7052 "-" "Sedu/1 CFNetwork/1404.0.5 Darwin/22.3.0"
::1 - - [20/May/2023:15:22:47 +0000] "GET /api/v1/articles/642e321a7c1330814fb7648b? HTTP/1.0" 200 2221 "-" "Sedu/1 CFNetwork/1406.0.4 Darwin/22.4.0"
::ffff:127.0.0.1 - - [20/May/2023:15:23:58 +0000] "GET /api/v1/articles/642e2e6d7c1330814fb7646b? HTTP/1.0" 200 1619 "-" "Sedu/1 CFNetwork/1406.0.4 Darwin/22.4.0"
::1 - - [20/May/2023:15:24:37 +0000] "GET /api/v1/articles/642d7ac57c1330814fb76424? HTTP/1.0" 200 9288 "-" "Sedu/1 CFNetwork/1406.0.4 Darwin/22.4.0"
::ffff:127.0.0.1 - - [20/May/2023:15:26:50 +0000] "GET /api/v1/users/me? HTTP/1.0" 401 283 "-" "Sedu/1 CFNetwork/1406.0.4 Darwin/22.4.0"
::1 - - [20/May/2023:15:27:00 +0000] "GET /api/v1/users/me? HTTP/1.0" 304 - "-" "Sedu/1 CFNetwork/1406.0.4 Darwin/22.4.0"
::ffff:127.0.0.1 - - [20/May/2023:15:27:01 +0000] "GET /api/v1/articles? HTTP/1.0" 304 - "-" "Sedu/1 CFNetwork/1406.0.4 Darwin/22.4.0"
::1 - - [20/May/2023:15:27:01 +0000] "GET /api/v1/ads? HTTP/1.0" 304 - "-" "Sedu/1 CFNetwork/1406.0.4 Darwin/22.4.0"
::1 - - [20/May/2023:15:28:52 +0000] "GET /api/v1/articles/642d5b327c1330814fb763a4? HTTP/1.0" 200 9617 "-" "Sedu/1 CFNetwork/1406.0.4 Darwin/22.4.0"
::ffff:127.0.0.1 - - [20/May/2023:15:30:53 +0000] "GET /api/v1/users/me? HTTP/1.0" 304 - "-" "okhttp/4.9.2"
::ffff:127.0.0.1 - - [20/May/2023:15:30:53 +0000] "GET /api/v1/ads? HTTP/1.0" 304 - "-" "okhttp/4.9.2"
::1 - - [20/May/2023:15:30:53 +0000] "GET /api/v1/articles? HTTP/1.0" 304 - "-" "okhttp/4.9.2"
::1 - - [20/May/2023:15:31:15 +0000] "GET /api/v1/articles/642d55507c1330814fb76325? HTTP/1.0" 200 3410 "-" "okhttp/4.9.2"
::ffff:127.0.0.1 - - [20/May/2023:15:31:35 +0000] "GET /api/v1/users/me? HTTP/1.0" 401 283 "-" "Sedu/1 CFNetwork/1335.0.3 Darwin/21.6.0"
::ffff:127.0.0.1 - - [20/May/2023:15:31:36 +0000] "GET /api/v1/users/me? HTTP/1.0" 304 - "-" "Sedu/1 CFNetwork/1404.0.5 Darwin/22.3.0"
::1 - - [20/May/2023:15:31:36 +0000] "GET /api/v1/users/me? HTTP/1.0" 304 - "-" "Sedu/1 CFNetwork/1404.0.5 Darwin/22.3.0"
::ffff:127.0.0.1 - - [20/May/2023:15:31:36 +0000] "GET /api/v1/ads? HTTP/1.0" 304 - "-" "Sedu/1 CFNetwork/1404.0.5 Darwin/22.3.0"
::1 - - [20/May/2023:15:31:36 +0000] "GET /api/v1/articles? HTTP/1.0" 304 - "-" "Sedu/1 CFNetwork/1404.0.5 Darwin/22.3.0"
::ffff:127.0.0.1 - - [20/May/2023:15:31:41 +0000] "GET /api/v1/users/me? HTTP/1.0" 304 - "-" "okhttp/4.9.2"
::ffff:127.0.0.1 - - [20/May/2023:15:31:41 +0000] "GET /api/v1/articles/642d55507c1330814fb76325? HTTP/1.0" 304 - "-" "okhttp/4.9.2"
::1 - - [20/May/2023:15:31:41 +0000] "GET /api/v1/articles? HTTP/1.0" 304 - "-" "okhttp/4.9.2"
::1 - - [20/May/2023:15:31:41 +0000] "GET /api/v1/ads? HTTP/1.0" 304 - "-" "okhttp/4.9.2"
::1 - - [20/May/2023:15:31:49 +0000] "POST /api/v1/users/register HTTP/1.0" 200 463 "-" "Sedu/1 CFNetwork/1335.0.3 Darwin/21.6.0"
::ffff:127.0.0.1 - - [20/May/2023:15:31:49 +0000] "GET /api/v1/users/me? HTTP/1.0" 200 189 "-" "Sedu/1 CFNetwork/1335.0.3 Darwin/21.6.0"
::1 - - [20/May/2023:15:31:52 +0000] "GET /api/v1/articles/642d55bf7c1330814fb76345? HTTP/1.0" 200 17955 "-" "okhttp/4.9.2"
::ffff:127.0.0.1 - - [20/May/2023:15:31:53 +0000] "GET /api/v1/users/me? HTTP/1.0" 304 - "-" "Sedu/1 CFNetwork/1335.0.3 Darwin/21.6.0"
::1 - - [20/May/2023:15:31:57 +0000] "POST /api/v1/users/invoice/6468e7e5a32e8316d823af6c HTTP/1.0" 200 50 "-" "Sedu/1 CFNetwork/1335.0.3 Darwin/21.6.0"
::ffff:127.0.0.1 - - [20/May/2023:15:31:58 +0000] "GET /api/v1/wallets/6468e7eda32e8316d823af72? HTTP/1.0" 200 16175 "-" "Sedu/1 CFNetwork/1335.0.3 Darwin/21.6.0"
::1 - - [20/May/2023:15:32:04 +0000] "GET /api/v1/users/me? HTTP/1.0" 200 228 "-" "Sedu/1 CFNetwork/1335.0.3 Darwin/21.6.0"
::ffff:127.0.0.1 - - [20/May/2023:15:33:25 +0000] "GET /api/v1/articles/642d4efb7c1330814fb762cf? HTTP/1.0" 200 10100 "-" "Sedu/1 CFNetwork/1406.0.4 Darwin/22.4.0"
::1 - - [20/May/2023:15:34:07 +0000] "GET /api/v1/users/me? HTTP/1.0" 401 283 "-" "okhttp/4.9.2"
::ffff:127.0.0.1 - - [20/May/2023:15:34:16 +0000] "POST /api/v1/users/register HTTP/1.0" 500 247 "-" "okhttp/4.9.2"
::1 - - [20/May/2023:15:34:21 +0000] "GET /api/v1/users/me? HTTP/1.0" 401 283 "-" "Sedu/1 CFNetwork/1335.0.3.1 Darwin/21.6.0"
::ffff:127.0.0.1 - - [20/May/2023:15:34:25 +0000] "POST /api/v1/users/register HTTP/1.0" 200 464 "-" "okhttp/4.9.2"
::1 - - [20/May/2023:15:34:26 +0000] "GET /api/v1/users/me? HTTP/1.0" 200 190 "-" "okhttp/4.9.2"
::ffff:127.0.0.1 - - [20/May/2023:15:34:41 +0000] "POST /api/v1/users/register HTTP/1.0" 500 249 "-" "Sedu/1 CFNetwork/1335.0.3.1 Darwin/21.6.0"
::1 - - [20/May/2023:15:35:23 +0000] "GET /api/v1/users/me? HTTP/1.0" 304 - "-" "okhttp/4.9.2"
::1 - - [20/May/2023:15:35:23 +0000] "GET /api/v1/articles/642d55bf7c1330814fb76345? HTTP/1.0" 304 - "-" "okhttp/4.9.2"
::ffff:127.0.0.1 - - [20/May/2023:15:35:23 +0000] "GET /api/v1/ads? HTTP/1.0" 304 - "-" "okhttp/4.9.2"
::ffff:127.0.0.1 - - [20/May/2023:15:35:23 +0000] "GET /api/v1/articles? HTTP/1.0" 304 - "-" "okhttp/4.9.2"
::1 - - [20/May/2023:15:35:28 +0000] "GET /api/v1/ads? HTTP/1.0" 304 - "-" "okhttp/4.9.2"
::ffff:127.0.0.1 - - [20/May/2023:15:35:29 +0000] "GET /api/v1/articles? HTTP/1.0" 304 - "-" "okhttp/4.9.2"
::1 - - [20/May/2023:15:35:29 +0000] "GET /api/v1/articles/642d55bf7c1330814fb76345? HTTP/1.0" 304 - "-" "okhttp/4.9.2"
::ffff:127.0.0.1 - - [20/May/2023:15:35:29 +0000] "GET /api/v1/users/me? HTTP/1.0" 304 - "-" "okhttp/4.9.2"
::1 - - [20/May/2023:15:35:32 +0000] "GET /api/v1/users/me? HTTP/1.0" 401 283 "-" "Sedu/1 CFNetwork/1335.0.3.1 Darwin/21.6.0"
::ffff:127.0.0.1 - - [20/May/2023:15:35:43 +0000] "POST /api/v1/users/register HTTP/1.0" 200 467 "-" "Sedu/1 CFNetwork/1335.0.3.1 Darwin/21.6.0"
::1 - - [20/May/2023:15:35:43 +0000] "GET /api/v1/users/me? HTTP/1.0" 200 193 "-" "Sedu/1 CFNetwork/1335.0.3.1 Darwin/21.6.0"
::ffff:127.0.0.1 - - [20/May/2023:15:35:53 +0000] "GET /api/v1/users/me? HTTP/1.0" 304 - "-" "Sedu/1 CFNetwork/1335.0.3.1 Darwin/21.6.0"
::1 - - [20/May/2023:15:36:05 +0000] "POST /api/v1/users/invoice/6468e8cfa32e8316d823af98 HTTP/1.0" 200 50 "-" "Sedu/1 CFNetwork/1335.0.3.1 Darwin/21.6.0"
::ffff:127.0.0.1 - - [20/May/2023:15:36:05 +0000] "GET /api/v1/wallets/6468e8e5a32e8316d823af9d? HTTP/1.0" 200 16515 "-" "Sedu/1 CFNetwork/1335.0.3.1 Darwin/21.6.0"
::1 - - [20/May/2023:15:36:41 +0000] "GET /api/v1/users/callbacks/6468e8cfa32e8316d823af98/20000?qpay_payment_id=603771484737585 HTTP/1.0" 200 232 "-" "node-fetch/1.0 (+https://github.com/bitinn/node-fetch)"
::ffff:127.0.0.1 - - [20/May/2023:15:36:51 +0000] "GET /api/v1/users/me? HTTP/1.0" 200 232 "-" "Sedu/1 CFNetwork/1335.0.3.1 Darwin/21.6.0"
::ffff:127.0.0.1 - - [20/May/2023:15:36:51 +0000] "GET /api/v1/ads? HTTP/1.0" 200 633 "-" "Sedu/1 CFNetwork/1335.0.3.1 Darwin/21.6.0"
::1 - - [20/May/2023:15:36:51 +0000] "GET /api/v1/articles? HTTP/1.0" 200 387223 "-" "Sedu/1 CFNetwork/1335.0.3.1 Darwin/21.6.0"
::ffff:127.0.0.1 - - [20/May/2023:15:37:10 +0000] "GET /api/v1/articles/642d56517c1330814fb7635e? HTTP/1.0" 200 16235 "-" "Sedu/1 CFNetwork/1335.0.3.1 Darwin/21.6.0"
::1 - - [20/May/2023:15:37:14 +0000] "GET /api/v1/users/me? HTTP/1.0" 200 232 "-" "Sedu/1 CFNetwork/1399 Darwin/22.1.0"
::ffff:127.0.0.1 - - [20/May/2023:15:37:18 +0000] "GET /api/v1/users/logout? HTTP/1.0" 304 - "-" "Sedu/1 CFNetwork/1399 Darwin/22.1.0"
::1 - - [20/May/2023:15:37:18 +0000] "GET /api/v1/users/me? HTTP/1.0" 401 283 "-" "Sedu/1 CFNetwork/1399 Darwin/22.1.0"
::ffff:127.0.0.1 - - [20/May/2023:15:37:36 +0000] "GET /api/v1/users/me? HTTP/1.0" 304 - "-" "Sedu/1 CFNetwork/1406.0.4 Darwin/22.4.0"
::ffff:127.0.0.1 - - [20/May/2023:15:37:37 +0000] "GET /api/v1/ads? HTTP/1.0" 304 - "-" "Sedu/1 CFNetwork/1406.0.4 Darwin/22.4.0"
::1 - - [20/May/2023:15:37:37 +0000] "GET /api/v1/articles? HTTP/1.0" 200 387223 "-" "Sedu/1 CFNetwork/1406.0.4 Darwin/22.4.0"
::ffff:127.0.0.1 - - [20/May/2023:15:37:53 +0000] "GET /api/v1/users/me? HTTP/1.0" 304 - "-" "Sedu/1 CFNetwork/1335.0.3.1 Darwin/21.6.0"
::1 - - [20/May/2023:15:37:56 +0000] "GET /api/v1/articles/642d4efb7c1330814fb762cf? HTTP/1.0" 200 10100 "-" "Sedu/1 CFNetwork/1406.0.4 Darwin/22.4.0"
::ffff:127.0.0.1 - - [20/May/2023:15:38:05 +0000] "GET /api/v1/articles/642d4c587c1330814fb76297? HTTP/1.0" 200 22271 "-" "Sedu/1 CFNetwork/1335.0.3.1 Darwin/21.6.0"
::1 - - [20/May/2023:15:38:32 +0000] "GET /api/v1/users/me? HTTP/1.0" 401 283 "-" "Sedu/1 CFNetwork/1408.0.4 Darwin/22.5.0"
::ffff:127.0.0.1 - - [20/May/2023:15:38:50 +0000] "GET /api/v1/users/me? HTTP/1.0" 304 - "-" "Sedu/1 CFNetwork/1390 Darwin/22.0.0"
::ffff:127.0.0.1 - - [20/May/2023:15:38:50 +0000] "GET /api/v1/ads? HTTP/1.0" 304 - "-" "Sedu/1 CFNetwork/1390 Darwin/22.0.0"
::1 - - [20/May/2023:15:38:50 +0000] "GET /api/v1/articles? HTTP/1.0" 304 - "-" "Sedu/1 CFNetwork/1390 Darwin/22.0.0"
::ffff:127.0.0.1 - - [20/May/2023:15:38:53 +0000] "POST /api/v1/users/register HTTP/1.0" 500 247 "-" "Sedu/1 CFNetwork/1408.0.4 Darwin/22.5.0"
::1 - - [20/May/2023:15:39:04 +0000] "POST /api/v1/users/register HTTP/1.0" 500 249 "-" "Sedu/1 CFNetwork/1408.0.4 Darwin/22.5.0"
::1 - - [20/May/2023:15:39:10 +0000] "GET /api/v1/users/me? HTTP/1.0" 304 - "-" "Sedu/1 CFNetwork/1390 Darwin/22.0.0"
::ffff:127.0.0.1 - - [20/May/2023:15:39:10 +0000] "GET /api/v1/ads? HTTP/1.0" 304 - "-" "Sedu/1 CFNetwork/1390 Darwin/22.0.0"
::1 - - [20/May/2023:15:39:11 +0000] "GET /api/v1/articles? HTTP/1.0" 304 - "-" "Sedu/1 CFNetwork/1390 Darwin/22.0.0"
::ffff:127.0.0.1 - - [20/May/2023:15:39:14 +0000] "POST /api/v1/users/register HTTP/1.0" 500 249 "-" "Sedu/1 CFNetwork/1408.0.4 Darwin/22.5.0"
::1 - - [20/May/2023:15:39:35 +0000] "POST /api/v1/users/register HTTP/1.0" 200 469 "-" "Sedu/1 CFNetwork/1408.0.4 Darwin/22.5.0"
::ffff:127.0.0.1 - - [20/May/2023:15:39:36 +0000] "GET /api/v1/users/me? HTTP/1.0" 200 195 "-" "Sedu/1 CFNetwork/1408.0.4 Darwin/22.5.0"
::1 - - [20/May/2023:15:39:47 +0000] "GET /api/v1/users/me? HTTP/1.0" 304 - "-" "Sedu/1 CFNetwork/1408.0.4 Darwin/22.5.0"
::ffff:127.0.0.1 - - [20/May/2023:15:39:55 +0000] "POST /api/v1/users/invoice/6468e9b7a32e8316d823afcf HTTP/1.0" 200 50 "-" "Sedu/1 CFNetwork/1408.0.4 Darwin/22.5.0"
::1 - - [20/May/2023:15:39:55 +0000] "GET /api/v1/wallets/6468e9cba32e8316d823afd4? HTTP/1.0" 200 15865 "-" "Sedu/1 CFNetwork/1408.0.4 Darwin/22.5.0"
::ffff:127.0.0.1 - - [20/May/2023:15:40:13 +0000] "GET /api/v1/articles/642d55bf7c1330814fb76345? HTTP/1.0" 200 17955 "-" "Sedu/1 CFNetwork/1406.0.4 Darwin/22.4.0"
::1 - - [20/May/2023:15:41:15 +0000] "GET /api/v1/users/me? HTTP/1.0" 200 234 "-" "Sedu/1 CFNetwork/1408.0.4 Darwin/22.5.0"
::ffff:127.0.0.1 - - [20/May/2023:15:41:15 +0000] "GET /api/v1/wallets/6468e9cba32e8316d823afd4? HTTP/1.0" 304 - "-" "Sedu/1 CFNetwork/1408.0.4 Darwin/22.5.0"
::ffff:127.0.0.1 - - [20/May/2023:15:41:44 +0000] "GET /api/v1/users/logout? HTTP/1.0" 200 39 "-" "Sedu/1 CFNetwork/1335.0.3.1 Darwin/21.6.0"
::1 - - [20/May/2023:15:41:44 +0000] "GET /api/v1/articles? HTTP/1.0" 401 283 "-" "Sedu/1 CFNetwork/1335.0.3.1 Darwin/21.6.0"
::ffff:127.0.0.1 - - [20/May/2023:15:41:44 +0000] "GET /api/v1/users/me? HTTP/1.0" 401 283 "-" "Sedu/1 CFNetwork/1335.0.3.1 Darwin/21.6.0"
::1 - - [20/May/2023:15:41:44 +0000] "GET /api/v1/users/me? HTTP/1.0" 401 283 "-" "Sedu/1 CFNetwork/1335.0.3.1 Darwin/21.6.0"
::ffff:127.0.0.1 - - [20/May/2023:15:41:44 +0000] "GET /api/v1/ads? HTTP/1.0" 304 - "-" "Sedu/1 CFNetwork/1335.0.3.1 Darwin/21.6.0"
::ffff:127.0.0.1 - - [20/May/2023:15:41:59 +0000] "POST /api/v1/users/login HTTP/1.0" 200 506 "-" "Sedu/1 CFNetwork/1335.0.3.1 Darwin/21.6.0"
::1 - - [20/May/2023:15:41:59 +0000] "GET /api/v1/users/me? HTTP/1.0" 304 - "-" "Sedu/1 CFNetwork/1335.0.3.1 Darwin/21.6.0"
::ffff:127.0.0.1 - - [20/May/2023:15:41:59 +0000] "GET /api/v1/articles? HTTP/1.0" 304 - "-" "Sedu/1 CFNetwork/1335.0.3.1 Darwin/21.6.0"
::1 - - [20/May/2023:15:41:59 +0000] "GET /api/v1/ads? HTTP/1.0" 304 - "-" "Sedu/1 CFNetwork/1335.0.3.1 Darwin/21.6.0"
::1 - - [20/May/2023:15:42:29 +0000] "GET /api/v1/articles/642e36c67c1330814fb764a6? HTTP/1.0" 200 6465 "-" "Sedu/1 CFNetwork/1335.0.3.1 Darwin/21.6.0"
::ffff:127.0.0.1 - - [20/May/2023:15:44:15 +0000] "GET /api/v1/users/callbacks/6468e9b7a32e8316d823afcf/20000?qpay_payment_id=352488904793641 HTTP/1.0" 200 234 "-" "node-fetch/1.0 (+https://github.com/bitinn/node-fetch)"
::ffff:127.0.0.1 - - [20/May/2023:15:44:21 +0000] "GET /api/v1/users/me? HTTP/1.0" 200 234 "-" "Sedu/1 CFNetwork/1408.0.4 Darwin/22.5.0"
::1 - - [20/May/2023:15:44:22 +0000] "GET /api/v1/wallets/6468e9cba32e8316d823afd4? HTTP/1.0" 304 - "-" "Sedu/1 CFNetwork/1408.0.4 Darwin/22.5.0"
::1 - - [20/May/2023:15:44:26 +0000] "POST /api/v1/users/invoice/6468e9b7a32e8316d823afcf HTTP/1.0" 200 50 "-" "Sedu/1 CFNetwork/1408.0.4 Darwin/22.5.0"
::ffff:127.0.0.1 - - [20/May/2023:15:44:26 +0000] "GET /api/v1/wallets/6468eadaa32e8316d823aff6? HTTP/1.0" 200 16072 "-" "Sedu/1 CFNetwork/1408.0.4 Darwin/22.5.0"
::1 - - [20/May/2023:15:44:34 +0000] "GET /api/v1/users/me? HTTP/1.0" 200 234 "-" "Sedu/1 CFNetwork/1408.0.4 Darwin/22.5.0"
::ffff:127.0.0.1 - - [20/May/2023:15:44:46 +0000] "GET /api/v1/users/me? HTTP/1.0" 304 - "-" "Sedu/1 CFNetwork/1408.0.4 Darwin/22.5.0"
::1 - - [20/May/2023:15:44:49 +0000] "GET /api/v1/users/logout? HTTP/1.0" 200 39 "-" "Sedu/1 CFNetwork/1408.0.4 Darwin/22.5.0"
::ffff:127.0.0.1 - - [20/May/2023:15:44:49 +0000] "GET /api/v1/users/me? HTTP/1.0" 401 283 "-" "Sedu/1 CFNetwork/1408.0.4 Darwin/22.5.0"
::1 - - [20/May/2023:15:44:58 +0000] "POST /api/v1/users/login HTTP/1.0" 401 123 "-" "Sedu/1 CFNetwork/1408.0.4 Darwin/22.5.0"
::ffff:127.0.0.1 - - [20/May/2023:15:45:11 +0000] "GET /api/v1/articles/64608634a32e8316d822e5bd? HTTP/1.0" 200 3753 "-" "Sedu/1 CFNetwork/1335.0.3.1 Darwin/21.6.0"
::1 - - [20/May/2023:15:45:15 +0000] "GET /api/v1/users/me? HTTP/1.0" 304 - "-" "Sedu/1 CFNetwork/1335.0.3.1 Darwin/21.6.0"
::ffff:127.0.0.1 - - [20/May/2023:15:45:20 +0000] "POST /api/v1/users/login HTTP/1.0" 401 123 "-" "Sedu/1 CFNetwork/1408.0.4 Darwin/22.5.0"
::ffff:127.0.0.1 - - [20/May/2023:15:45:26 +0000] "GET /api/v1/users/logout? HTTP/1.0" 304 - "-" "Sedu/1 CFNetwork/1335.0.3.1 Darwin/21.6.0"
::1 - - [20/May/2023:15:45:26 +0000] "POST /api/v1/users/login HTTP/1.0" 200 508 "-" "Sedu/1 CFNetwork/1408.0.4 Darwin/22.5.0"
::ffff:127.0.0.1 - - [20/May/2023:15:45:27 +0000] "GET /api/v1/articles? HTTP/1.0" 401 283 "-" "Sedu/1 CFNetwork/1335.0.3.1 Darwin/21.6.0"
::1 - - [20/May/2023:15:45:27 +0000] "GET /api/v1/users/me? HTTP/1.0" 304 - "-" "Sedu/1 CFNetwork/1408.0.4 Darwin/22.5.0"
::ffff:127.0.0.1 - - [20/May/2023:15:45:27 +0000] "GET /api/v1/users/me? HTTP/1.0" 401 283 "-" "Sedu/1 CFNetwork/1335.0.3.1 Darwin/21.6.0"
::1 - - [20/May/2023:15:45:27 +0000] "GET /api/v1/users/me? HTTP/1.0" 401 283 "-" "Sedu/1 CFNetwork/1335.0.3.1 Darwin/21.6.0"
::1 - - [20/May/2023:15:45:27 +0000] "GET /api/v1/ads? HTTP/1.0" 304 - "-" "Sedu/1 CFNetwork/1335.0.3.1 Darwin/21.6.0"
::1 - - [20/May/2023:15:45:27 +0000] "GET /api/v1/ads? HTTP/1.0" 200 633 "-" "Sedu/1 CFNetwork/1408.0.4 Darwin/22.5.0"
::ffff:127.0.0.1 - - [20/May/2023:15:45:27 +0000] "GET /api/v1/articles? HTTP/1.0" 200 387223 "-" "Sedu/1 CFNetwork/1408.0.4 Darwin/22.5.0"
::ffff:127.0.0.1 - - [20/May/2023:15:45:46 +0000] "GET /api/v1/users/me? HTTP/1.0" 304 - "-" "Sedu/1 CFNetwork/1408.0.4 Darwin/22.5.0"
::1 - - [20/May/2023:15:46:05 +0000] "GET /api/v1/articles/642d7b217c1330814fb76434? HTTP/1.0" 200 4133 "-" "Sedu/1 CFNetwork/1408.0.4 Darwin/22.5.0"
::ffff:127.0.0.1 - - [20/May/2023:15:46:31 +0000] "GET /api/v1/articles/64608634a32e8316d822e5bd? HTTP/1.0" 200 3753 "-" "Sedu/1 CFNetwork/1408.0.4 Darwin/22.5.0"
::1 - - [20/May/2023:15:46:58 +0000] "GET /api/v1/articles/642d4efb7c1330814fb762cf? HTTP/1.0" 200 10100 "-" "Sedu/1 CFNetwork/1408.0.4 Darwin/22.5.0"
::ffff:127.0.0.1 - - [20/May/2023:15:49:10 +0000] "GET /api/v1/users/me? HTTP/1.0" 304 - "-" "Sedu/1 CFNetwork/1406.0.4 Darwin/22.4.0"
::ffff:127.0.0.1 - - [20/May/2023:15:49:10 +0000] "GET /api/v1/ads? HTTP/1.0" 304 - "-" "Sedu/1 CFNetwork/1406.0.4 Darwin/22.4.0"
::1 - - [20/May/2023:15:49:10 +0000] "GET /api/v1/articles? HTTP/1.0" 304 - "-" "Sedu/1 CFNetwork/1406.0.4 Darwin/22.4.0"
::ffff:127.0.0.1 - - [20/May/2023:15:49:18 +0000] "GET /api/v1/ads? HTTP/1.0" 304 - "-" "Sedu/1 CFNetwork/1406.0.4 Darwin/22.4.0"
::1 - - [20/May/2023:15:49:18 +0000] "GET /api/v1/users/me? HTTP/1.0" 304 - "-" "Sedu/1 CFNetwork/1406.0.4 Darwin/22.4.0"
::ffff:127.0.0.1 - - [20/May/2023:15:49:18 +0000] "GET /api/v1/articles? HTTP/1.0" 304 - "-" "Sedu/1 CFNetwork/1406.0.4 Darwin/22.4.0"
::1 - - [20/May/2023:15:49:31 +0000] "GET /api/v1/users/me? HTTP/1.0" 304 - "-" "okhttp/4.9.2"
::1 - - [20/May/2023:15:49:32 +0000] "GET /api/v1/ads? HTTP/1.0" 304 - "-" "okhttp/4.9.2"
::ffff:127.0.0.1 - - [20/May/2023:15:49:32 +0000] "GET /api/v1/articles? HTTP/1.0" 304 - "-" "okhttp/4.9.2"
::ffff:127.0.0.1 - - [20/May/2023:15:49:36 +0000] "GET /api/v1/articles/642d56517c1330814fb7635e? HTTP/1.0" 304 - "-" "Sedu/1 CFNetwork/1406.0.4 Darwin/22.4.0"
::1 - - [20/May/2023:15:50:49 +0000] "GET /api/v1/articles/642d7ac57c1330814fb76424? HTTP/1.0" 304 - "-" "Sedu/1 CFNetwork/1406.0.4 Darwin/22.4.0"
::ffff:127.0.0.1 - - [20/May/2023:15:51:05 +0000] "GET /api/v1/articles/642e2e6d7c1330814fb7646b? HTTP/1.0" 304 - "-" "Sedu/1 CFNetwork/1406.0.4 Darwin/22.4.0"
::1 - - [20/May/2023:15:51:26 +0000] "GET /api/v1/articles/642e321a7c1330814fb7648b? HTTP/1.0" 200 2221 "-" "Sedu/1 CFNetwork/1406.0.4 Darwin/22.4.0"
::ffff:127.0.0.1 - - [20/May/2023:15:52:39 +0000] "GET /api/v1/articles/642e38807c1330814fb764b7? HTTP/1.0" 200 2547 "-" "Sedu/1 CFNetwork/1406.0.4 Darwin/22.4.0"
::1 - - [20/May/2023:15:54:03 +0000] "GET /api/v1/users/me? HTTP/1.0" 304 - "-" "Sedu/1 CFNetwork/1406.0.4 Darwin/22.4.0"
::ffff:127.0.0.1 - - [20/May/2023:15:54:32 +0000] "GET /api/v1/articles/646082bca32e8316d822e594? HTTP/1.0" 200 6579 "-" "Sedu/1 CFNetwork/1406.0.4 Darwin/22.4.0"
::1 - - [20/May/2023:15:54:49 +0000] "GET /api/v1/articles/646082bca32e8316d822e594? HTTP/1.0" 304 - "-" "Sedu/1 CFNetwork/1406.0.4 Darwin/22.4.0"
::1 - - [20/May/2023:15:55:18 +0000] "GET /api/v1/articles/642d4c587c1330814fb76297? HTTP/1.0" 200 22271 "-" "Sedu/1 CFNetwork/1406.0.4 Darwin/22.4.0"
::ffff:127.0.0.1 - - [20/May/2023:15:59:58 +0000] "GET /api/v1/users/me? HTTP/1.0" 401 283 "-" "Sedu/1 CFNetwork/1404.0.5 Darwin/22.3.0"
::1 - - [20/May/2023:16:00:01 +0000] "POST /api/v1/users/login HTTP/1.0" 401 123 "-" "Sedu/1 CFNetwork/1404.0.5 Darwin/22.3.0"
::ffff:127.0.0.1 - - [20/May/2023:16:00:02 +0000] "POST /api/v1/users/login HTTP/1.0" 401 123 "-" "Sedu/1 CFNetwork/1404.0.5 Darwin/22.3.0"
::1 - - [20/May/2023:16:00:03 +0000] "POST /api/v1/users/login HTTP/1.0" 401 123 "-" "Sedu/1 CFNetwork/1404.0.5 Darwin/22.3.0"
::ffff:127.0.0.1 - - [20/May/2023:16:00:43 +0000] "GET /api/v1/users/me? HTTP/1.0" 304 - "-" "Sedu/1 CFNetwork/1406.0.4 Darwin/22.4.0"
::1 - - [20/May/2023:16:00:43 +0000] "GET /api/v1/users/me? HTTP/1.0" 304 - "-" "Sedu/1 CFNetwork/1406.0.4 Darwin/22.4.0"
::1 - - [20/May/2023:16:00:43 +0000] "GET /api/v1/ads? HTTP/1.0" 304 - "-" "Sedu/1 CFNetwork/1406.0.4 Darwin/22.4.0"
::ffff:127.0.0.1 - - [20/May/2023:16:00:43 +0000] "GET /api/v1/articles? HTTP/1.0" 304 - "-" "Sedu/1 CFNetwork/1406.0.4 Darwin/22.4.0"
::1 - - [20/May/2023:16:03:15 +0000] "GET /api/v1/users/me? HTTP/1.0" 304 - "-" "Sedu/1 CFNetwork/1399 Darwin/22.1.0"
::ffff:127.0.0.1 - - [20/May/2023:16:03:28 +0000] "GET /api/v1/users/logout? HTTP/1.0" 304 - "-" "Sedu/1 CFNetwork/1399 Darwin/22.1.0"
::1 - - [20/May/2023:16:03:28 +0000] "GET /api/v1/users/me? HTTP/1.0" 401 283 "-" "Sedu/1 CFNetwork/1399 Darwin/22.1.0"
::ffff:127.0.0.1 - - [20/May/2023:16:04:18 +0000] "GET /api/v1/users/me? HTTP/1.0" 401 283 "-" "Sedu/1 CFNetwork/1404.0.5 Darwin/22.3.0"
::1 - - [20/May/2023:16:04:28 +0000] "POST /api/v1/users/register HTTP/1.0" 200 466 "-" "Sedu/1 CFNetwork/1404.0.5 Darwin/22.3.0"
